S05_b300_r1_sweep6  57.19 tok/s  cores_busy 6.35  attention ms/token: av1=0.666  av2=0.774  av3=0.834  none=0.710  qk1=0.689  qk2=0.783  qk3=0.870  sm1=0.666  sm2=0.932  sm3=1.168
S05_b800_r1_sweep6  52.36 tok/s  cores_busy 6.24  attention ms/token: av1=1.768  av2=2.001  av3=2.178  none=1.806  qk1=1.756  qk2=2.028  qk3=2.260  sm1=1.795  sm2=2.480  sm3=3.172
T10_b300_r1_sweep6   3.19 tok/s  cores_busy 6.15  attention ms/token: av1=4.545  av2=5.281  av3=6.159  none=4.798  qk1=4.637  qk2=5.330  qk3=5.996  sm1=4.620  sm2=5.634  sm3=6.784
T10_b800_r1_sweep6   3.09 tok/s  cores_busy 6.23  attention ms/token: av1=13.697  av2=16.117  av3=18.504  none=13.951  qk1=13.939  qk2=16.192  qk3=18.454  sm1=13.787  sm2=16.748  sm3=19.629
S05_b300_r1_sweepd  56.03 tok/s  cores_busy 6.35  attention ms/token: none_edge=0.711  none_hot=0.717  none_iso=0.685  sm2_filler=0.966
S05_b800_r1_sweepd  52.92 tok/s  cores_busy 6.16  attention ms/token: none_edge=1.741  none_hot=1.738  none_iso=1.752  sm2_filler=2.516
T10_b300_r1_sweepd   3.20 tok/s  cores_busy 6.15  attention ms/token: none_edge=4.603  none_hot=4.606  none_iso=4.602  sm2_filler=5.810
T10_b800_r1_sweepd   3.10 tok/s  cores_busy 6.19  attention ms/token: none_edge=13.643  none_hot=13.633  none_iso=13.645  sm2_filler=16.739
RUN 1 DONE
S05_b300_r2_sweep6  57.69 tok/s  cores_busy 6.13  attention ms/token: av1=0.686  av2=0.776  av3=0.826  none=0.703  qk1=0.693  qk2=0.780  qk3=0.852  sm1=0.665  sm2=0.956  sm3=1.164
S05_b800_r2_sweep6  52.71 tok/s  cores_busy 6.19  attention ms/token: av1=1.738  av2=1.938  av3=2.135  none=1.765  qk1=1.741  qk2=2.010  qk3=2.254  sm1=1.771  sm2=2.516  sm3=3.190
T10_b300_r2_sweep6   3.20 tok/s  cores_busy 6.13  attention ms/token: av1=4.576  av2=5.348  av3=6.130  none=4.863  qk1=4.613  qk2=5.313  qk3=6.083  sm1=4.633  sm2=5.782  sm3=6.717
T10_b800_r2_sweep6   3.10 tok/s  cores_busy 6.20  attention ms/token: av1=13.180  av2=15.538  av3=17.764  none=13.628  qk1=13.351  qk2=15.517  qk3=17.931  sm1=13.354  sm2=16.308  sm3=19.146
S05_b300_r2_sweepd  57.42 tok/s  cores_busy 6.12  attention ms/token: none_edge=0.679  none_hot=0.666  none_iso=0.679  sm2_filler=0.951
S05_b800_r2_sweepd  52.87 tok/s  cores_busy 6.15  attention ms/token: none_edge=1.744  none_hot=1.757  none_iso=1.740  sm2_filler=2.517
T10_b300_r2_sweepd   3.20 tok/s  cores_busy 6.16  attention ms/token: none_edge=4.581  none_hot=4.599  none_iso=4.592  sm2_filler=5.743
T10_b800_r2_sweepd   3.10 tok/s  cores_busy 6.21  attention ms/token: none_edge=13.585  none_hot=13.597  none_iso=13.588  sm2_filler=16.722
RUN 2 DONE
S05_b300_r3_sweep6  56.38 tok/s  cores_busy 6.20  attention ms/token: av1=0.679  av2=0.764  av3=0.872  none=0.732  qk1=0.693  qk2=0.788  qk3=0.880  sm1=0.694  sm2=0.961  sm3=1.225
S05_b800_r3_sweep6  52.51 tok/s  cores_busy 6.17  attention ms/token: av1=1.754  av2=1.960  av3=2.168  none=1.772  qk1=1.770  qk2=2.017  qk3=2.254  sm1=1.795  sm2=2.528  sm3=3.263
T10_b300_r3_sweep6   3.20 tok/s  cores_busy 6.15  attention ms/token: av1=4.560  av2=5.341  av3=6.026  none=4.834  qk1=4.597  qk2=5.370  qk3=6.085  sm1=4.584  sm2=5.629  sm3=6.704
T10_b800_r3_sweep6   3.09 tok/s  cores_busy 6.19  attention ms/token: av1=13.721  av2=16.203  av3=18.796  none=13.931  qk1=13.755  qk2=16.381  qk3=19.076  sm1=13.849  sm2=16.789  sm3=19.563
S05_b300_r3_sweepd  57.35 tok/s  cores_busy 6.16  attention ms/token: none_edge=0.655  none_hot=0.659  none_iso=0.684  sm2_filler=0.954
S05_b800_r3_sweepd  52.68 tok/s  cores_busy 6.21  attention ms/token: none_edge=1.760  none_hot=1.748  none_iso=1.753  sm2_filler=2.517
T10_b300_r3_sweepd   3.20 tok/s  cores_busy 6.15  attention ms/token: none_edge=4.580  none_hot=4.564  none_iso=4.550  sm2_filler=5.745
T10_b800_r3_sweepd   3.10 tok/s  cores_busy 6.18  attention ms/token: none_edge=13.906  none_hot=13.848  none_iso=13.871  sm2_filler=16.977
RUN 3 DONE
S05_b300_r4_sweep6  57.35 tok/s  cores_busy 6.17  attention ms/token: av1=0.660  av2=0.737  av3=0.818  none=0.711  qk1=0.661  qk2=0.764  qk3=0.856  sm1=0.673  sm2=0.949  sm3=1.170
S05_b800_r4_sweep6  52.64 tok/s  cores_busy 6.20  attention ms/token: av1=1.737  av2=1.938  av3=2.168  none=1.800  qk1=1.767  qk2=2.003  qk3=2.185  sm1=1.775  sm2=2.494  sm3=3.189
T10_b300_r4_sweep6   3.19 tok/s  cores_busy 6.15  attention ms/token: av1=4.562  av2=5.539  av3=6.092  none=4.865  qk1=4.629  qk2=5.343  qk3=6.069  sm1=4.578  sm2=5.626  sm3=6.741
T10_b800_r4_sweep6   3.09 tok/s  cores_busy 6.19  attention ms/token: av1=13.796  av2=16.202  av3=18.668  none=14.129  qk1=13.769  qk2=16.203  qk3=18.772  sm1=13.776  sm2=16.729  sm3=19.628
S05_b300_r4_sweepd  57.68 tok/s  cores_busy 6.17  attention ms/token: none_edge=0.661  none_hot=0.688  none_iso=0.664  sm2_filler=0.954
S05_b800_r4_sweepd  52.89 tok/s  cores_busy 6.11  attention ms/token: none_edge=1.740  none_hot=1.741  none_iso=1.734  sm2_filler=2.506
T10_b300_r4_sweepd   3.20 tok/s  cores_busy 6.18  attention ms/token: none_edge=4.542  none_hot=4.559  none_iso=4.542  sm2_filler=5.737
T10_b800_r4_sweepd   3.10 tok/s  cores_busy 6.20  attention ms/token: none_edge=13.533  none_hot=13.476  none_iso=13.505  sm2_filler=16.598
RUN 4 DONE
S05_b300_r5_sweep6  57.20 tok/s  cores_busy 6.04  attention ms/token: av1=0.670  av2=0.777  av3=0.841  none=0.694  qk1=0.678  qk2=0.763  qk3=0.903  sm1=0.662  sm2=0.941  sm3=1.200
S05_b800_r5_sweep6  52.80 tok/s  cores_busy 6.22  attention ms/token: av1=1.736  av2=1.942  av3=2.176  none=1.761  qk1=1.729  qk2=1.971  qk3=2.186  sm1=1.771  sm2=2.476  sm3=3.216
T10_b300_r5_sweep6   3.20 tok/s  cores_busy 6.14  attention ms/token: av1=4.585  av2=5.366  av3=6.103  none=4.815  qk1=4.581  qk2=5.294  qk3=6.083  sm1=4.615  sm2=5.671  sm3=6.756
T10_b800_r5_sweep6   3.13 tok/s  cores_busy 6.21  attention ms/token: av1=13.502  av2=15.722  av3=18.016  none=13.794  qk1=13.552  qk2=15.704  qk3=18.057  sm1=13.567  sm2=16.358  sm3=19.251
S05_b300_r5_sweepd  57.74 tok/s  cores_busy 6.14  attention ms/token: none_edge=0.657  none_hot=0.673  none_iso=0.664  sm2_filler=0.947
S05_b800_r5_sweepd  53.25 tok/s  cores_busy 6.14  attention ms/token: none_edge=1.732  none_hot=1.700  none_iso=1.722  sm2_filler=2.481
T10_b300_r5_sweepd   3.23 tok/s  cores_busy 6.16  attention ms/token: none_edge=4.583  none_hot=4.564  none_iso=4.581  sm2_filler=5.738
T10_b800_r5_sweepd   3.14 tok/s  cores_busy 6.21  attention ms/token: none_edge=13.208  none_hot=13.276  none_iso=13.179  sm2_filler=16.284
RUN 5 DONE
E5 RUN6 DONE
