== H0 data: 31250 sequences x 512 tokens from calib.txt, seed 90011 ==
   2000/31250  (28s)
   4000/31250  (48s)
   6000/31250  (68s)
   8000/31250  (85s)
   10000/31250  (102s)
   12000/31250  (117s)
   14000/31250  (132s)
   16000/31250  (146s)
   18000/31250  (160s)
   20000/31250  (175s)
   22000/31250  (186s)
   24000/31250  (197s)
   26000/31250  (209s)
   28000/31250  (221s)
   30000/31250  (232s)

  31250 seq x 512 = 16000000 tokens, 24 rejected
  ids_sha256 9bb5229fad6542aa8b3fd7edfc3b8d1dff965a573d7aa8379385caacc9d614da
  disjoint from the eval half by corpus construction (calib.txt vs heldout.txt)
  D:\_THINGS\Progetti\SiliconLLM\benchmarks\donor_adaptation\s1\results\h0\h0_train.npz  (64.0 MB)
  total 240s
