== H0 factorize: rank 512, organs ('q_proj', 'o_proj'), full ==
   D=1536  L=28  layers=[0, 1, 2, 3, 4, 5, 6, 7, 8, 9, 10, 11, 12, 13, 14, 15, 16, 17, 18, 19, 20, 21, 22, 23, 24, 25, 26, 27]
   calib slice 32x512 seed 42424, ids_sha c5509846cdc3aa44
== calibration pass 1/2: act_rms (t2b_organs.capture) ==
   done in 195s, 197 organs
== calibration pass 2/2: H = XtX for 56 organs ==
   done in 210s, 56 H matrices, 16384 tokens each
  L00.q_proj     codes SAME  scale 0.0e+00  prod 0.0e+00  relerr 0.9864  c spread 4.6e+02  zeroA 0.365 zeroB 0.447 | B.x range fold 25.0 vs unfold 19.6 | rownorm fold 17.2 vs unfold 28.2
  L00.o_proj     codes SAME  scale 0.0e+00  prod 0.0e+00  relerr 0.8647  c spread 5.5e+01  zeroA 0.520 zeroB 0.607 | B.x range fold 3.6 vs unfold 16.6 | rownorm fold 2.9 vs unfold 19.8
  L01.q_proj     codes SAME  scale 0.0e+00  prod 0.0e+00  relerr 0.7685  c spread 9.5e+01  zeroA 0.406 zeroB 0.433 | B.x range fold 5.9 vs unfold 16.9 | rownorm fold 4.4 vs unfold 22.5
  L01.o_proj     codes SAME  scale 0.0e+00  prod 0.0e+00  relerr 0.7759  c spread 8.3e+01  zeroA 0.410 zeroB 0.491 | B.x range fold 2.9 vs unfold 30.9 | rownorm fold 2.3 vs unfold 51.4
  L02.q_proj     codes SAME  scale 0.0e+00  prod 0.0e+00  relerr 0.7627  c spread 7.2e+01  zeroA 0.412 zeroB 0.438 | B.x range fold 4.7 vs unfold 18.3 | rownorm fold 3.7 vs unfold 25.4
  L02.o_proj     codes SAME  scale 0.0e+00  prod 0.0e+00  relerr 0.7342  c spread 2.8e+01  zeroA 0.443 zeroB 0.460 | B.x range fold 2.9 vs unfold 11.3 | rownorm fold 2.5 vs unfold 11.9
  L03.q_proj     codes SAME  scale 0.0e+00  prod 0.0e+00  relerr 0.7680  c spread 9.1e+01  zeroA 0.422 zeroB 0.422 | B.x range fold 4.9 vs unfold 19.2 | rownorm fold 3.2 vs unfold 31.5
  L03.o_proj     codes SAME  scale 0.0e+00  prod 0.0e+00  relerr 0.7334  c spread 2.9e+01  zeroA 0.445 zeroB 0.471 | B.x range fold 2.4 vs unfold 12.6 | rownorm fold 2.3 vs unfold 13.4
  L04.q_proj     codes SAME  scale 0.0e+00  prod 0.0e+00  relerr 0.7471  c spread 7.0e+01  zeroA 0.432 zeroB 0.434 | B.x range fold 4.1 vs unfold 17.5 | rownorm fold 2.9 vs unfold 27.9
  L04.o_proj     codes SAME  scale 0.0e+00  prod 0.0e+00  relerr 0.7234  c spread 1.8e+01  zeroA 0.455 zeroB 0.490 | B.x range fold 2.5 vs unfold 7.4 | rownorm fold 2.4 vs unfold 7.6
  L05.q_proj     codes SAME  scale 0.0e+00  prod 0.0e+00  relerr 0.7611  c spread 9.6e+01  zeroA 0.446 zeroB 0.431 | B.x range fold 5.4 vs unfold 18.7 | rownorm fold 3.6 vs unfold 32.5
  L05.o_proj     codes SAME  scale 0.0e+00  prod 0.0e+00  relerr 0.7234  c spread 4.2e+01  zeroA 0.444 zeroB 0.499 | B.x range fold 5.2 vs unfold 8.3 | rownorm fold 4.1 vs unfold 11.0
  L06.q_proj     codes SAME  scale 0.0e+00  prod 0.0e+00  relerr 0.7865  c spread 1.3e+02  zeroA 0.422 zeroB 0.422 | B.x range fold 6.7 vs unfold 20.8 | rownorm fold 3.7 vs unfold 36.5
  L06.o_proj     codes SAME  scale 0.0e+00  prod 0.0e+00  relerr 0.7303  c spread 5.0e+01  zeroA 0.430 zeroB 0.512 | B.x range fold 3.4 vs unfold 15.7 | rownorm fold 2.9 vs unfold 18.3
  L07.q_proj     codes SAME  scale 0.0e+00  prod 0.0e+00  relerr 0.7524  c spread 9.7e+01  zeroA 0.437 zeroB 0.415 | B.x range fold 5.3 vs unfold 19.9 | rownorm fold 3.6 vs unfold 34.3
  L07.o_proj     codes SAME  scale 0.0e+00  prod 0.0e+00  relerr 0.7167  c spread 4.1e+01  zeroA 0.440 zeroB 0.485 | B.x range fold 4.0 vs unfold 10.8 | rownorm fold 3.3 vs unfold 13.0
  L08.q_proj     codes SAME  scale 0.0e+00  prod 0.0e+00  relerr 0.7224  c spread 6.1e+01  zeroA 0.427 zeroB 0.433 | B.x range fold 5.2 vs unfold 13.7 | rownorm fold 4.0 vs unfold 20.7
  L08.o_proj     codes SAME  scale 0.0e+00  prod 0.0e+00  relerr 0.7362  c spread 2.6e+01  zeroA 0.448 zeroB 0.481 | B.x range fold 2.9 vs unfold 12.4 | rownorm fold 2.2 vs unfold 14.8
  L09.q_proj     codes SAME  scale 0.0e+00  prod 0.0e+00  relerr 0.7115  c spread 6.0e+01  zeroA 0.479 zeroB 0.435 | B.x range fold 4.7 vs unfold 13.2 | rownorm fold 3.6 vs unfold 19.9
  L09.o_proj     codes SAME  scale 0.0e+00  prod 0.0e+00  relerr 0.7334  c spread 3.3e+01  zeroA 0.447 zeroB 0.478 | B.x range fold 3.7 vs unfold 9.3 | rownorm fold 3.1 vs unfold 11.1
  L10.q_proj     codes SAME  scale 0.0e+00  prod 0.0e+00  relerr 0.7166  c spread 5.5e+01  zeroA 0.449 zeroB 0.440 | B.x range fold 4.8 vs unfold 12.3 | rownorm fold 3.7 vs unfold 17.9
  L10.o_proj     codes SAME  scale 0.0e+00  prod 0.0e+00  relerr 0.7395  c spread 3.8e+01  zeroA 0.452 zeroB 0.480 | B.x range fold 4.8 vs unfold 8.2 | rownorm fold 3.7 vs unfold 10.7
  L11.q_proj     codes SAME  scale 0.0e+00  prod 0.0e+00  relerr 0.7071  c spread 6.9e+01  zeroA 0.446 zeroB 0.437 | B.x range fold 5.3 vs unfold 13.6 | rownorm fold 4.1 vs unfold 20.6
  L11.o_proj     codes SAME  scale 0.0e+00  prod 0.0e+00  relerr 0.7505  c spread 5.2e+01  zeroA 0.447 zeroB 0.490 | B.x range fold 4.9 vs unfold 11.0 | rownorm fold 4.1 vs unfold 13.9
  L12.q_proj     codes SAME  scale 0.0e+00  prod 0.0e+00  relerr 0.6955  c spread 4.2e+01  zeroA 0.462 zeroB 0.439 | B.x range fold 4.6 vs unfold 9.9 | rownorm fold 3.5 vs unfold 13.4
  L12.o_proj     codes SAME  scale 0.0e+00  prod 0.0e+00  relerr 0.7390  c spread 4.0e+01  zeroA 0.439 zeroB 0.470 | B.x range fold 4.1 vs unfold 14.8 | rownorm fold 3.4 vs unfold 15.9
  L13.q_proj     codes SAME  scale 0.0e+00  prod 0.0e+00  relerr 0.7125  c spread 5.4e+01  zeroA 0.449 zeroB 0.441 | B.x range fold 5.0 vs unfold 11.6 | rownorm fold 4.0 vs unfold 15.4
  L13.o_proj     codes SAME  scale 0.0e+00  prod 0.0e+00  relerr 0.7458  c spread 3.8e+01  zeroA 0.454 zeroB 0.479 | B.x range fold 3.8 vs unfold 11.4 | rownorm fold 3.2 vs unfold 14.3
  L14.q_proj     codes SAME  scale 0.0e+00  prod 0.0e+00  relerr 0.7016  c spread 5.4e+01  zeroA 0.446 zeroB 0.450 | B.x range fold 6.6 vs unfold 8.4 | rownorm fold 4.8 vs unfold 11.9
  L14.o_proj     codes SAME  scale 0.0e+00  prod 0.0e+00  relerr 0.7235  c spread 3.0e+01  zeroA 0.452 zeroB 0.454 | B.x range fold 4.0 vs unfold 8.7 | rownorm fold 3.1 vs unfold 11.7
  L15.q_proj     codes SAME  scale 0.0e+00  prod 0.0e+00  relerr 0.9341  c spread 2.3e+02  zeroA 0.392 zeroB 0.437 | B.x range fold 20.1 vs unfold 12.0 | rownorm fold 13.3 vs unfold 18.0
  L15.o_proj     codes SAME  scale 0.0e+00  prod 0.0e+00  relerr 0.7387  c spread 3.7e+01  zeroA 0.450 zeroB 0.457 | B.x range fold 4.8 vs unfold 8.1 | rownorm fold 3.7 vs unfold 10.7
  L16.q_proj     codes SAME  scale 0.0e+00  prod 0.0e+00  relerr 0.6878  c spread 3.9e+01  zeroA 0.455 zeroB 0.440 | B.x range fold 5.5 vs unfold 7.9 | rownorm fold 4.5 vs unfold 10.6
  L16.o_proj     codes SAME  scale 0.0e+00  prod 0.0e+00  relerr 0.7129  c spread 5.3e+01  zeroA 0.448 zeroB 0.457 | B.x range fold 4.4 vs unfold 20.1 | rownorm fold 4.5 vs unfold 16.7
  L17.q_proj     codes SAME  scale 0.0e+00  prod 0.0e+00  relerr 0.7016  c spread 4.9e+01  zeroA 0.432 zeroB 0.443 | B.x range fold 5.3 vs unfold 10.0 | rownorm fold 3.8 vs unfold 13.6
  L17.o_proj     codes SAME  scale 0.0e+00  prod 0.0e+00  relerr 0.7263  c spread 4.3e+01  zeroA 0.441 zeroB 0.468 | B.x range fold 3.5 vs unfold 13.1 | rownorm fold 3.4 vs unfold 13.7
  L18.q_proj     codes SAME  scale 0.0e+00  prod 0.0e+00  relerr 0.6965  c spread 5.3e+01  zeroA 0.439 zeroB 0.443 | B.x range fold 5.3 vs unfold 10.5 | rownorm fold 4.0 vs unfold 15.3
  L18.o_proj     codes SAME  scale 0.0e+00  prod 0.0e+00  relerr 0.7329  c spread 4.9e+01  zeroA 0.445 zeroB 0.449 | B.x range fold 4.4 vs unfold 11.5 | rownorm fold 3.6 vs unfold 14.4
  L19.q_proj     codes SAME  scale 0.0e+00  prod 0.0e+00  relerr 0.6945  c spread 4.7e+01  zeroA 0.437 zeroB 0.449 | B.x range fold 5.9 vs unfold 10.4 | rownorm fold 4.5 vs unfold 14.1
  L19.o_proj     codes SAME  scale 0.0e+00  prod 0.0e+00  relerr 0.7079  c spread 3.8e+01  zeroA 0.452 zeroB 0.477 | B.x range fold 4.8 vs unfold 8.3 | rownorm fold 3.8 vs unfold 10.3
  L20.q_proj     codes SAME  scale 0.0e+00  prod 0.0e+00  relerr 0.6944  c spread 3.8e+01  zeroA 0.454 zeroB 0.451 | B.x range fold 4.8 vs unfold 8.2 | rownorm fold 3.7 vs unfold 11.4
  L20.o_proj     codes SAME  scale 0.0e+00  prod 0.0e+00  relerr 0.7387  c spread 5.0e+01  zeroA 0.448 zeroB 0.512 | B.x range fold 4.7 vs unfold 11.1 | rownorm fold 4.7 vs unfold 11.3
  L21.q_proj     codes SAME  scale 0.0e+00  prod 0.0e+00  relerr 0.7051  c spread 4.3e+01  zeroA 0.451 zeroB 0.430 | B.x range fold 5.4 vs unfold 8.4 | rownorm fold 3.7 vs unfold 11.7
  L21.o_proj     codes SAME  scale 0.0e+00  prod 0.0e+00  relerr 0.7542  c spread 8.9e+01  zeroA 0.395 zeroB 0.468 | B.x range fold 2.9 vs unfold 32.8 | rownorm fold 2.3 vs unfold 45.2
  L22.q_proj     codes SAME  scale 0.0e+00  prod 0.0e+00  relerr 0.7158  c spread 4.3e+01  zeroA 0.446 zeroB 0.431 | B.x range fold 4.4 vs unfold 10.9 | rownorm fold 3.1 vs unfold 16.4
  L22.o_proj     codes SAME  scale 0.0e+00  prod 0.0e+00  relerr 0.7365  c spread 4.8e+01  zeroA 0.442 zeroB 0.490 | B.x range fold 4.2 vs unfold 11.8 | rownorm fold 3.5 vs unfold 14.4
  L23.q_proj     codes SAME  scale 0.0e+00  prod 0.0e+00  relerr 0.7158  c spread 5.0e+01  zeroA 0.440 zeroB 0.420 | B.x range fold 4.9 vs unfold 10.5 | rownorm fold 3.5 vs unfold 18.3
  L23.o_proj     codes SAME  scale 0.0e+00  prod 0.0e+00  relerr 0.7660  c spread 7.6e+01  zeroA 0.399 zeroB 0.492 | B.x range fold 4.5 vs unfold 17.1 | rownorm fold 3.5 vs unfold 22.5
  L24.q_proj     codes SAME  scale 0.0e+00  prod 0.0e+00  relerr 0.7282  c spread 4.3e+01  zeroA 0.459 zeroB 0.423 | B.x range fold 5.1 vs unfold 8.9 | rownorm fold 3.5 vs unfold 13.7
  L24.o_proj     codes SAME  scale 0.0e+00  prod 0.0e+00  relerr 0.7755  c spread 7.0e+01  zeroA 0.409 zeroB 0.489 | B.x range fold 3.7 vs unfold 19.4 | rownorm fold 2.6 vs unfold 27.6
  L25.q_proj     codes SAME  scale 0.0e+00  prod 0.0e+00  relerr 0.7365  c spread 4.3e+01  zeroA 0.444 zeroB 0.392 | B.x range fold 5.3 vs unfold 8.4 | rownorm fold 3.4 vs unfold 13.6
  L25.o_proj     codes SAME  scale 0.0e+00  prod 0.0e+00  relerr 0.8035  c spread 1.1e+02  zeroA 0.430 zeroB 0.543 | B.x range fold 7.3 vs unfold 15.7 | rownorm fold 4.4 vs unfold 25.1
  L26.q_proj     codes SAME  scale 0.0e+00  prod 0.0e+00  relerr 0.7597  c spread 7.6e+01  zeroA 0.462 zeroB 0.422 | B.x range fold 8.6 vs unfold 9.9 | rownorm fold 4.6 vs unfold 20.2
  L26.o_proj     codes SAME  scale 0.0e+00  prod 0.0e+00  relerr 0.8277  c spread 1.6e+02  zeroA 0.374 zeroB 0.473 | B.x range fold 5.7 vs unfold 29.6 | rownorm fold 4.2 vs unfold 39.1
  L27.q_proj     codes SAME  scale 0.0e+00  prod 0.0e+00  relerr 0.7598  c spread 7.7e+01  zeroA 0.452 zeroB 0.421 | B.x range fold 9.3 vs unfold 8.9 | rownorm fold 4.7 vs unfold 16.6
  L27.o_proj     codes SAME  scale 0.0e+00  prod 0.0e+00  relerr 0.8530  c spread 1.9e+02  zeroA 0.354 zeroB 0.522 | B.x range fold 8.1 vs unfold 25.4 | rownorm fold 5.2 vs unfold 39.2
   56 organs in 109s

  G-H0a (the diag(s) form IS E22's QO512-TB): FIRES
    (i)   ternary codes identical, 56/56 organs
    (ii)  scales, worst relative 0.000e+00  (tol 0e+00)
    (iii) products, worst relative 0.000e+00  (tol 0e+00)  worst organ None
  trainable fp32 masters: 88109056 params
  bundle D:\_THINGS\Progetti\SiliconLLM\benchmarks\donor_adaptation\s1\results\h0\h0_factors.npz  (353.0 MB)
  meta   D:\_THINGS\Progetti\SiliconLLM\benchmarks\donor_adaptation\s1\results\h0\h0_factors.json
  total 527s
