== H1 QAT ==  device cpu  torch 2.12.0+cpu
   layers [3, 6, 9, 12, 15, 18, 21, 24]   k 16 of E 256  (6.25% activation)
   RESUMED the FFN masters and routers of 8 layers from D:/_ktmp/h1/smoke/h1_smoke_s1.npz
   q/o installed 56 organs over layers [0, 1, 2, 3, 4, 5, 6, 7, 8, 9, 10, 11, 12, 13, 14, 15, 16, 17, 18, 19, 20, 21, 22, 23, 24, 25, 26, 27] -- FROZEN
   FFN carved on 8 layers: 330,301,440 masters + 3,145,728 router = 4.97 GB of AdamW state
   train 32,768 tokens, heldout 1,024 tokens, calib 1,024 tokens
   G-H1a  k=E identical, HARD gate, any router : FIRES  (max |diff| 0.000e+00)
   G-H1a  k=E identical, SOFT gate, router=0   : FIRES  (max |diff| 0.000e+00)
   carve actually masks at k=16                : FIRES  (max |diff| 2.575e+01)
`use_cache=True` is incompatible with gradient checkpointing. Setting `use_cache=False`.
C:\Users\giosa\AppData\Local\Programs\Python\Python312\Lib\site-packages\torch\utils\checkpoint.py:238: UserWarning: None of the inputs have requires_grad=True. Gradients will be None
  check_backward_validity(args)

   step 0 held-out BPB (fp32, CPU, PROGRESS not the gate): 1.431063
   (CPU run: torch warns 'None of the inputs have requires_grad' from the EVAL
    pass -- gradient checkpointing under no_grad.  Training is unaffected and
    G-H1c below proves it, by moving masters at BOTH depth extremes.)
   the GATE is trained BPB < applied-8L, HARD-gated (addendum F), re-measured on
   CPU fp32 by h1_eval.py.  The soft number is a diagnostic, not the gate.

   G-H1b read at step 1, the first update the optimizer APPLIED (scale 1, grad-norm 2.007e+00, 0 declined before it)
   G-H1c masters moved by: L03.gate 1.083e-04  L24.down 1.083e-04  L03.router 1.624e-04
  step     1/2  loss 4.0198  aux 8.039  BPB soft 1.431878 hard 1.432072 (gap -0.0002)     62s  lr 8.00e-10/1.20e-09  occ_max 1.000  nonfinite 0
Traceback (most recent call last):
  File "D:\_THINGS\Progetti\SiliconLLM\benchmarks\donor_adaptation\s1\h1_qat.py", line 915, in <module>
    sys.exit(main())
             ^^^^^^
  File "D:\_THINGS\Progetti\SiliconLLM\benchmarks\donor_adaptation\s1\h1_qat.py", line 854, in main
    save(model, mods, a, layers, hist, bpb0, nonfinite, el, False, gates, declined)
  File "D:\_THINGS\Progetti\SiliconLLM\benchmarks\donor_adaptation\s1\h1_qat.py", line 896, in save
    "bpb_fp16_gpu_step0": bpb0, "progress_precision": prec,
                                                      ^^^^
NameError: name 'prec' is not defined
