{"stage": "stored_probability_case", "id": "broad_fit_apigen_80k_023", "KL": 28.899186952168563, "first_KL": 0.0002339153860656477, "count": 118}
{"stage": "stored_probability_case", "id": "broad_fit_apigen_80k_002", "KL": 25.71676059927502, "first_KL": 0.0001819813430755325, "count": 151}
{"stage": "stored_probability_case", "id": "broad_dev_apigen_80k_034", "KL": 37.04860594657686, "first_KL": 8.736697106669185, "count": 251}
{"stage": "stored_probability_case", "id": "broad_dev_apigen_80k_033", "KL": 44.42630748055099, "first_KL": 0.31665981646276686, "count": 362}
{"stage": "stored_probability_case", "id": "broad_fit_everyday_conversations_002", "KL": 53.92831787529336, "first_KL": 0.008128155713616761, "count": 562}
{"stage": "stored_probability_case", "id": "broad_fit_everyday_conversations_010", "KL": 53.10411173198295, "first_KL": 0.010281447241479313, "count": 736}
{"stage": "stored_probability_case", "id": "broad_dev_everyday_conversations_036", "KL": 69.12600852435277, "first_KL": 7.014448899372074, "count": 789}
{"stage": "stored_probability_case", "id": "broad_dev_everyday_conversations_033", "KL": 71.22862250417253, "first_KL": 3.171593661897431, "count": 961}
{"stage": "stored_probability_case", "id": "broad_fit_explore_instruct_rewriting_008", "KL": 32.576622848646544, "first_KL": 0.0009295712976040418, "count": 979}
{"stage": "stored_probability_case", "id": "broad_fit_explore_instruct_rewriting_009", "KL": 17.78958270063157, "first_KL": 0.0010324692443512418, "count": 992}
{"stage": "stored_probability_case", "id": "broad_dev_explore_instruct_rewriting_035", "KL": 39.38870090968415, "first_KL": 5.384142513963573, "count": 1004}
{"stage": "stored_probability_case", "id": "broad_dev_explore_instruct_rewriting_038", "KL": 73.59012476024202, "first_KL": 4.199066949315203, "count": 1260}
{"stage": "stored_probability_case", "id": "broad_fit_metamathqa_50k_015", "KL": 36.572799184665044, "first_KL": 0.00040085439049093236, "count": 1415}
{"stage": "stored_probability_case", "id": "broad_fit_metamathqa_50k_023", "KL": 37.719505655934164, "first_KL": 2.5514373150303496e-05, "count": 1671}
{"stage": "stored_probability_case", "id": "broad_dev_metamathqa_50k_035", "KL": 52.739104063563445, "first_KL": 4.492231039218391, "count": 1862}
{"stage": "stored_probability_case", "id": "broad_dev_metamathqa_50k_037", "KL": 53.352753516531244, "first_KL": 0.5418158685489175, "count": 2118}
{"stage": "stored_probability_case", "id": "broad_fit_numina_cot_100k_015", "KL": 39.50388634719664, "first_KL": 6.515186520052342e-05, "count": 2374}
{"stage": "stored_probability_case", "id": "broad_fit_numina_cot_100k_016", "KL": 50.59142020510201, "first_KL": 0.0024747517408804267, "count": 2630}
{"stage": "stored_probability_case", "id": "broad_dev_numina_cot_100k_038", "KL": 40.622557347674814, "first_KL": 1.416335295710639, "count": 2886}
{"stage": "stored_probability_case", "id": "broad_dev_numina_cot_100k_035", "KL": 53.541435846585465, "first_KL": 0.10371797332765749, "count": 3142}
{"stage": "stored_probability_case", "id": "broad_fit_openhermes_100k_004", "KL": 39.9879520871687, "first_KL": 0.0006819560915732779, "count": 3398}
{"stage": "stored_probability_case", "id": "broad_fit_openhermes_100k_028", "KL": 47.30510955006305, "first_KL": 0.0032577348127341664, "count": 3654}
{"stage": "stored_probability_case", "id": "broad_dev_openhermes_100k_034", "KL": 81.83823595193245, "first_KL": 0.29747174531899523, "count": 3910}
{"stage": "stored_probability_case", "id": "broad_dev_openhermes_100k_037", "KL": 62.663908631143286, "first_KL": 9.601775888596354, "count": 4166}
{"stage": "stored_probability_case", "id": "broad_fit_self_oss_instruct_012", "KL": 54.0791405438807, "first_KL": 0.0008433845886030632, "count": 4422}
{"stage": "stored_probability_case", "id": "broad_fit_self_oss_instruct_006", "KL": 51.24495515668576, "first_KL": 0.0006178124737064934, "count": 4678}
{"stage": "stored_probability_case", "id": "broad_dev_self_oss_instruct_036", "KL": 59.28381072795934, "first_KL": 2.510248228280907, "count": 4934}
{"stage": "stored_probability_case", "id": "broad_dev_self_oss_instruct_033", "KL": 56.042922700262125, "first_KL": 1.38604501934673, "count": 5190}
{"stage": "stored_probability_case", "id": "broad_fit_smol_constraints_005", "KL": 56.32695763100427, "first_KL": 0.0006528061317115415, "count": 5370}
{"stage": "stored_probability_case", "id": "broad_fit_smol_constraints_021", "KL": 58.573166949140415, "first_KL": 3.094730761601928e-07, "count": 5559}
{"stage": "stored_probability_case", "id": "broad_dev_smol_constraints_035", "KL": 73.19036403250153, "first_KL": 7.941422903625199, "count": 5609}
{"stage": "stored_probability_case", "id": "broad_dev_smol_constraints_034", "KL": 59.627253101455175, "first_KL": 0.5409316059880019, "count": 5702}
{"stage": "stored_probability_case", "id": "broad_fit_smol_magpie_ultra_000", "KL": 63.15052442306635, "first_KL": 0.0009583737200434144, "count": 5958}
{"stage": "stored_probability_case", "id": "broad_fit_smol_magpie_ultra_022", "KL": 66.74257784422325, "first_KL": 0.03119346163357688, "count": 6214}
{"stage": "stored_probability_case", "id": "broad_dev_smol_magpie_ultra_034", "KL": 71.63726835317277, "first_KL": 7.668072456928085, "count": 6470}
{"stage": "stored_probability_case", "id": "broad_dev_smol_magpie_ultra_036", "KL": 74.80577210485437, "first_KL": 5.728316474121144, "count": 6726}
{"stage": "stored_probability_case", "id": "broad_fit_smol_rewrite_004", "KL": 60.39214280740877, "first_KL": 0.001838954716624455, "count": 6816}
{"stage": "stored_probability_case", "id": "broad_fit_smol_rewrite_015", "KL": 71.5100018612418, "first_KL": 0.015673764914337054, "count": 7072}
{"stage": "stored_probability_case", "id": "broad_dev_smol_rewrite_036", "KL": 71.3776840777735, "first_KL": 4.815158862954611, "count": 7297}
{"stage": "stored_probability_case", "id": "broad_dev_smol_rewrite_032", "KL": 76.19271685486906, "first_KL": 3.515673885192097, "count": 7472}
{"stage": "stored_probability_case", "id": "broad_fit_smol_summarize_024", "KL": 51.786974135397024, "first_KL": 0.0033645018848035913, "count": 7533}
{"stage": "stored_probability_case", "id": "broad_fit_smol_summarize_003", "KL": 64.24508149390965, "first_KL": 0.00616317091327713, "count": 7652}
{"stage": "stored_probability_case", "id": "broad_dev_smol_summarize_034", "KL": 81.39020377722301, "first_KL": 7.0550179482702635, "count": 7686}
{"stage": "stored_probability_case", "id": "broad_dev_smol_summarize_039", "KL": 84.78624104268108, "first_KL": 5.947693964710799, "count": 7784}
{"stage": "stored_probability_case", "id": "broad_fit_systemchats_30k_024", "KL": 62.81101092965497, "first_KL": 0.00043712078236938763, "count": 8040}
{"stage": "stored_probability_case", "id": "broad_fit_systemchats_30k_010", "KL": 59.15446207533491, "first_KL": 0.00961095125305197, "count": 8296}
{"stage": "stored_probability_case", "id": "broad_dev_systemchats_30k_039", "KL": 75.23893224356658, "first_KL": 3.853292153198019, "count": 8552}
{"stage": "stored_probability_case", "id": "broad_dev_systemchats_30k_034", "KL": 57.84106080415014, "first_KL": 12.047501918785368, "count": 8808}
{"decision": "ANALYTIC_FIRST_CORRECTION_PROXY_QUALITY_FAIL", "aggregate": {"FIT": {"case_KL": 49.32134381621148, "case_disagreement": 0.973522503232276, "domains": {"apigen-80k": {"KL": 27.30797377572179, "disagreement": 0.9636620441705188}, "everyday-conversations": {"KL": 53.51621480363815, "disagreement": 0.9810057471264368}, "explore-instruct-rewriting": {"KL": 25.183102774639057, "disagreement": 0.8675213675213675}, "metamathqa-50k": {"KL": 37.1461524202996, "disagreement": 0.9864163306451612}, "numina-cot-100k": {"KL": 45.047653276149326, "disagreement": 0.990234375}, "openhermes-100k": {"KL": 43.64653081861587, "disagreement": 0.98828125}, "self-oss-instruct": {"KL": 52.66204785028323, "disagreement": 0.994140625}, "smol-constraints": {"KL": 57.45006229007234, "disagreement": 0.9781746031746031}, "smol-magpie-ultra": {"KL": 64.9465511336448, "disagreement": 0.98828125}, "smol-rewrite": {"KL": 65.95107233432529, "disagreement": 0.9866319444444445}, "smol-summarize": {"KL": 58.01602781465334, "disagreement": 0.9794048767047803}, "systemchats-30k": {"KL": 60.982736502494944, "disagreement": 0.978515625}}, "first_case_KL": 0.004127004832725138, "first_disagreement": 0, "continuation_case_KL": 49.758896338667164, "strict_flags": {"mean_KL": false, "mean_disagreement": false, "every_case_KL": false, "every_case_disagreement": false, "domains": false}, "original_flags": {"mean_KL": false, "mean_disagreement": false, "domain_KL": false, "domain_disagreement": false}}, "DEV": {"case_KL": 63.37419147097828, "case_disagreement": 0.9905862001655911, "domains": {"apigen-80k": {"KL": 40.73745671356393, "disagreement": 0.9954954954954955}, "everyday-conversations": {"KL": 70.17731551426266, "disagreement": 0.9905660377358491}, "explore-instruct-rewriting": {"KL": 56.48941283496308, "disagreement": 0.9544270833333333}, "metamathqa-50k": {"KL": 53.04592879004734, "disagreement": 0.9856634489528796}, "numina-cot-100k": {"KL": 47.08199659713014, "disagreement": 0.994140625}, "openhermes-100k": {"KL": 72.25107229153787, "disagreement": 0.9921875}, "self-oss-instruct": {"KL": 57.66336671411074, "disagreement": 0.998046875}, "smol-constraints": {"KL": 66.40880856697835, "disagreement": 0.9946236559139785}, "smol-magpie-ultra": {"KL": 73.22152022901358, "disagreement": 0.994140625}, "smol-rewrite": {"KL": 73.78520046632127, "disagreement": 0.9955555555555555}, "smol-summarize": {"KL": 83.08822240995204, "disagreement": 1.0}, "systemchats-30k": {"KL": 66.53999652385836, "disagreement": 0.9921875}}, "first_case_KL": 4.5118888408251, "first_disagreement": 19, "continuation_case_KL": 63.96449842414958, "strict_flags": {"mean_KL": false, "mean_disagreement": false, "every_case_KL": false, "every_case_disagreement": false, "domains": false}, "original_flags": {"mean_KL": false, "mean_disagreement": false, "domain_KL": false, "domain_disagreement": false}}}, "seconds": 81.5470000000023}
