{"stage": "stored_probability_case", "id": "broad_fit_apigen_80k_023", "KL": 28.899186952170098, "first_KL": 0.00023391538608066902, "count": 118}
{"stage": "stored_probability_case", "id": "broad_fit_apigen_80k_002", "KL": 25.716760599282573, "first_KL": 0.00018198134326536086, "count": 151}
{"stage": "stored_probability_case", "id": "broad_dev_apigen_80k_034", "KL": 37.04860594658412, "first_KL": 8.736697106667526, "count": 251}
{"stage": "stored_probability_case", "id": "broad_dev_apigen_80k_033", "KL": 44.42630748055429, "first_KL": 0.3166598164628284, "count": 362}
{"stage": "stored_probability_case", "id": "broad_fit_everyday_conversations_002", "KL": 53.92831787530595, "first_KL": 0.008128155713411437, "count": 562}
{"stage": "stored_probability_case", "id": "broad_fit_everyday_conversations_010", "KL": 53.10411173199929, "first_KL": 0.010281447241569054, "count": 736}
{"stage": "stored_probability_case", "id": "broad_dev_everyday_conversations_036", "KL": 69.12600852436373, "first_KL": 7.014448899368969, "count": 789}
{"stage": "stored_probability_case", "id": "broad_dev_everyday_conversations_033", "KL": 71.22862250419232, "first_KL": 3.1715936618974, "count": 961}
{"stage": "stored_probability_case", "id": "broad_fit_explore_instruct_rewriting_008", "KL": 32.57662284866881, "first_KL": 0.0009295712970289303, "count": 979}
{"stage": "stored_probability_case", "id": "broad_fit_explore_instruct_rewriting_009", "KL": 17.78958270064145, "first_KL": 0.0010324692444747192, "count": 992}
{"stage": "stored_probability_case", "id": "broad_dev_explore_instruct_rewriting_035", "KL": 39.38870090968875, "first_KL": 5.384142513960756, "count": 1004}
{"stage": "stored_probability_case", "id": "broad_dev_explore_instruct_rewriting_038", "KL": 73.59012476026545, "first_KL": 4.199066949315025, "count": 1260}
{"stage": "stored_probability_case", "id": "broad_fit_metamathqa_50k_015", "KL": 36.5727991846734, "first_KL": 0.00040085439210453533, "count": 1415}
{"stage": "stored_probability_case", "id": "broad_fit_metamathqa_50k_023", "KL": 37.719505655939436, "first_KL": 2.5514373680841543e-05, "count": 1671}
{"stage": "stored_probability_case", "id": "broad_dev_metamathqa_50k_035", "KL": 52.7391040635773, "first_KL": 4.492231039218923, "count": 1862}
{"stage": "stored_probability_case", "id": "broad_dev_metamathqa_50k_037", "KL": 53.35275351654546, "first_KL": 0.5418158685480207, "count": 2118}
{"stage": "stored_probability_case", "id": "broad_fit_numina_cot_100k_015", "KL": 39.503886347205025, "first_KL": 6.515186563468167e-05, "count": 2374}
{"stage": "stored_probability_case", "id": "broad_fit_numina_cot_100k_016", "KL": 50.59142020511231, "first_KL": 0.0024747517406253786, "count": 2630}
{"stage": "stored_probability_case", "id": "broad_dev_numina_cot_100k_038", "KL": 40.62255734768156, "first_KL": 1.4163352957114304, "count": 2886}
{"stage": "stored_probability_case", "id": "broad_dev_numina_cot_100k_035", "KL": 53.5414358465994, "first_KL": 0.10371797332521178, "count": 3142}
{"stage": "stored_probability_case", "id": "broad_fit_openhermes_100k_004", "KL": 39.987952087173156, "first_KL": 0.0006819560912578187, "count": 3398}
{"stage": "stored_probability_case", "id": "broad_fit_openhermes_100k_028", "KL": 47.30510955008036, "first_KL": 0.003257734812581376, "count": 3654}
{"stage": "stored_probability_case", "id": "broad_dev_openhermes_100k_034", "KL": 81.83823595197774, "first_KL": 0.29747174532068354, "count": 3910}
{"stage": "stored_probability_case", "id": "broad_dev_openhermes_100k_037", "KL": 62.663908631155984, "first_KL": 9.601775888597714, "count": 4166}
{"stage": "stored_probability_case", "id": "broad_fit_self_oss_instruct_012", "KL": 54.0791405439072, "first_KL": 0.0008433845872502595, "count": 4422}
{"stage": "stored_probability_case", "id": "broad_fit_self_oss_instruct_006", "KL": 51.24495515670162, "first_KL": 0.0006178124746116797, "count": 4678}
{"stage": "stored_probability_case", "id": "broad_dev_self_oss_instruct_036", "KL": 59.28381072797593, "first_KL": 2.5102482282803376, "count": 4934}
{"stage": "stored_probability_case", "id": "broad_dev_self_oss_instruct_033", "KL": 56.04292270027859, "first_KL": 1.3860450193481686, "count": 5190}
{"stage": "stored_probability_case", "id": "broad_fit_smol_constraints_005", "KL": 56.32695763102612, "first_KL": 0.0006528061311272434, "count": 5370}
{"stage": "stored_probability_case", "id": "broad_fit_smol_constraints_021", "KL": 58.573166949162555, "first_KL": 3.094759196928442e-07, "count": 5559}
{"stage": "stored_probability_case", "id": "broad_dev_smol_constraints_035", "KL": 73.19036403255514, "first_KL": 7.941422903615194, "count": 5609}
{"stage": "stored_probability_case", "id": "broad_dev_smol_constraints_034", "KL": 59.627253101471744, "first_KL": 0.5409316059925207, "count": 5702}
{"stage": "stored_probability_case", "id": "broad_fit_smol_magpie_ultra_000", "KL": 63.150524423103406, "first_KL": 0.0009583737213335404, "count": 5958}
{"stage": "stored_probability_case", "id": "broad_fit_smol_magpie_ultra_022", "KL": 66.74257784423439, "first_KL": 0.031193461633573658, "count": 6214}
{"stage": "stored_probability_case", "id": "broad_dev_smol_magpie_ultra_034", "KL": 71.63726835318893, "first_KL": 7.6680724569265575, "count": 6470}
{"stage": "stored_probability_case", "id": "broad_dev_smol_magpie_ultra_036", "KL": 74.8057721048684, "first_KL": 5.728316474123549, "count": 6726}
{"stage": "stored_probability_case", "id": "broad_fit_smol_rewrite_004", "KL": 60.39214280741943, "first_KL": 0.001838954716652151, "count": 6816}
{"stage": "stored_probability_case", "id": "broad_fit_smol_rewrite_015", "KL": 71.51000186125928, "first_KL": 0.015673764914279367, "count": 7072}
{"stage": "stored_probability_case", "id": "broad_dev_smol_rewrite_036", "KL": 71.37768407778894, "first_KL": 4.815158862958038, "count": 7297}
{"stage": "stored_probability_case", "id": "broad_dev_smol_rewrite_032", "KL": 76.1927168548943, "first_KL": 3.515673885191339, "count": 7472}
{"stage": "stored_probability_case", "id": "broad_fit_smol_summarize_024", "KL": 51.786974135397855, "first_KL": 0.0033645018848018154, "count": 7533}
{"stage": "stored_probability_case", "id": "broad_fit_smol_summarize_003", "KL": 64.2450814939321, "first_KL": 0.006163170911528104, "count": 7652}
{"stage": "stored_probability_case", "id": "broad_dev_smol_summarize_034", "KL": 81.39020377722511, "first_KL": 7.055017948271535, "count": 7686}
{"stage": "stored_probability_case", "id": "broad_dev_smol_summarize_039", "KL": 84.78624104270195, "first_KL": 5.947693964709105, "count": 7784}
{"stage": "stored_probability_case", "id": "broad_fit_systemchats_30k_024", "KL": 62.81101092967268, "first_KL": 0.00043712078031301146, "count": 8040}
{"stage": "stored_probability_case", "id": "broad_fit_systemchats_30k_010", "KL": 59.15446207536492, "first_KL": 0.009610951253055583, "count": 8296}
{"stage": "stored_probability_case", "id": "broad_dev_systemchats_30k_039", "KL": 75.23893224359831, "first_KL": 3.8532921531998956, "count": 8552}
{"stage": "stored_probability_case", "id": "broad_dev_systemchats_30k_034", "KL": 57.841060804158374, "first_KL": 12.047501918797954, "count": 8808}
Traceback (most recent call last):
  File "D:\_THINGS\Progetti\SiliconLLM\benchmarks\native_expert_scaling\analytic_onset_head.py", line 134, in <module>
    elif a.audit_worker:audit(a)
                        ^^^^^^^^
  File "D:\_THINGS\Progetti\SiliconLLM\benchmarks\native_expert_scaling\analytic_onset_head.py", line 114, in audit
    assert maxKL<=b['numeric']['metric_absolute'] and maxE<=b['numeric']['bound_absolute'] and gates(r['records'],b)==r['aggregate']
           ^^^^^^^^^^^^^^^^^^^^^^^^^^^^^^^^^^^^^^^^^^^^^^^^^^^^^^^^^^^^^^^^^^^^^^^^^^^^^^^^^^^^^^^^^^^^^^^^^^^^^^^^^^^^^^^^^^^^^^^^^
AssertionError
