{"stage": "stored_probability_case", "id": "broad_fit_apigen_80k_023", "KL": 28.899186952168545, "first_KL": 0.00023391538606571183, "count": 118}
{"stage": "stored_probability_case", "id": "broad_fit_apigen_80k_002", "KL": 25.716760599275005, "first_KL": 0.0001819813430761074, "count": 151}
{"stage": "stored_probability_case", "id": "broad_dev_apigen_80k_034", "KL": 37.04860594657685, "first_KL": 8.7366971066692, "count": 251}
{"stage": "stored_probability_case", "id": "broad_dev_apigen_80k_033", "KL": 44.42630748055096, "first_KL": 0.3166598164627619, "count": 362}
{"stage": "stored_probability_case", "id": "broad_fit_everyday_conversations_002", "KL": 53.928317875293786, "first_KL": 0.008128155713620137, "count": 562}
{"stage": "stored_probability_case", "id": "broad_fit_everyday_conversations_010", "KL": 53.10411173198323, "first_KL": 0.01028144724150571, "count": 736}
{"stage": "stored_probability_case", "id": "broad_dev_everyday_conversations_036", "KL": 69.12600852435321, "first_KL": 7.0144488993720655, "count": 789}
{"stage": "stored_probability_case", "id": "broad_dev_everyday_conversations_033", "KL": 71.22862250417245, "first_KL": 3.171593661897529, "count": 961}
{"stage": "stored_probability_case", "id": "broad_fit_explore_instruct_rewriting_008", "KL": 32.57662284864656, "first_KL": 0.0009295712975956807, "count": 979}
{"stage": "stored_probability_case", "id": "broad_fit_explore_instruct_rewriting_009", "KL": 17.789582700631588, "first_KL": 0.0010324692443047824, "count": 992}
{"stage": "stored_probability_case", "id": "broad_dev_explore_instruct_rewriting_035", "KL": 39.388700909684154, "first_KL": 5.384142513963576, "count": 1004}
{"stage": "stored_probability_case", "id": "broad_dev_explore_instruct_rewriting_038", "KL": 73.59012476024223, "first_KL": 4.1990669493152915, "count": 1260}
{"stage": "stored_probability_case", "id": "broad_fit_metamathqa_50k_015", "KL": 36.57279918466515, "first_KL": 0.0004008543904854371, "count": 1415}
{"stage": "stored_probability_case", "id": "broad_fit_metamathqa_50k_023", "KL": 37.71950565593415, "first_KL": 2.551437314929961e-05, "count": 1671}
{"stage": "stored_probability_case", "id": "broad_dev_metamathqa_50k_035", "KL": 52.73910406356357, "first_KL": 4.492231039218355, "count": 1862}
{"stage": "stored_probability_case", "id": "broad_dev_metamathqa_50k_037", "KL": 53.35275351653099, "first_KL": 0.5418158685489313, "count": 2118}
{"stage": "stored_probability_case", "id": "broad_fit_numina_cot_100k_015", "KL": 39.50388634719672, "first_KL": 6.515186520069738e-05, "count": 2374}
{"stage": "stored_probability_case", "id": "broad_fit_numina_cot_100k_016", "KL": 50.59142020510214, "first_KL": 0.0024747517407286293, "count": 2630}
{"stage": "stored_probability_case", "id": "broad_dev_numina_cot_100k_038", "KL": 40.622557347674736, "first_KL": 1.4163352957106419, "count": 2886}
{"stage": "stored_probability_case", "id": "broad_dev_numina_cot_100k_035", "KL": 53.54143584658552, "first_KL": 0.10371797332763888, "count": 3142}
{"stage": "stored_probability_case", "id": "broad_fit_openhermes_100k_004", "KL": 39.98795208716884, "first_KL": 0.0006819560915725286, "count": 3398}
{"stage": "stored_probability_case", "id": "broad_fit_openhermes_100k_028", "KL": 47.305109550063285, "first_KL": 0.003257734812792756, "count": 3654}
{"stage": "stored_probability_case", "id": "broad_dev_openhermes_100k_034", "KL": 81.83823595193255, "first_KL": 0.29747174531899984, "count": 3910}
{"stage": "stored_probability_case", "id": "broad_dev_openhermes_100k_037", "KL": 62.663908631143386, "first_KL": 9.601775888596375, "count": 4166}
{"stage": "stored_probability_case", "id": "broad_fit_self_oss_instruct_012", "KL": 54.07914054388067, "first_KL": 0.0008433845885483464, "count": 4422}
{"stage": "stored_probability_case", "id": "broad_fit_self_oss_instruct_006", "KL": 51.24495515668572, "first_KL": 0.0006178124737096757, "count": 4678}
{"stage": "stored_probability_case", "id": "broad_dev_self_oss_instruct_036", "KL": 59.28381072795928, "first_KL": 2.510248228280883, "count": 4934}
{"stage": "stored_probability_case", "id": "broad_dev_self_oss_instruct_033", "KL": 56.04292270026229, "first_KL": 1.386045019346765, "count": 5190}
{"stage": "stored_probability_case", "id": "broad_fit_smol_constraints_005", "KL": 56.32695763100458, "first_KL": 0.0006528061317220047, "count": 5370}
{"stage": "stored_probability_case", "id": "broad_fit_smol_constraints_021", "KL": 58.57316694914059, "first_KL": 3.094730752288423e-07, "count": 5559}
{"stage": "stored_probability_case", "id": "broad_dev_smol_constraints_035", "KL": 73.19036403250195, "first_KL": 7.941422903625195, "count": 5609}
{"stage": "stored_probability_case", "id": "broad_dev_smol_constraints_034", "KL": 59.6272531014555, "first_KL": 0.5409316059880047, "count": 5702}
{"stage": "stored_probability_case", "id": "broad_fit_smol_magpie_ultra_000", "KL": 63.15052442306655, "first_KL": 0.0009583737200217603, "count": 5958}
{"stage": "stored_probability_case", "id": "broad_fit_smol_magpie_ultra_022", "KL": 66.74257784422342, "first_KL": 0.03119346163356112, "count": 6214}
{"stage": "stored_probability_case", "id": "broad_dev_smol_magpie_ultra_034", "KL": 71.637268353173, "first_KL": 7.668072456928117, "count": 6470}
{"stage": "stored_probability_case", "id": "broad_dev_smol_magpie_ultra_036", "KL": 74.80577210485438, "first_KL": 5.728316474120916, "count": 6726}
{"stage": "stored_probability_case", "id": "broad_fit_smol_rewrite_004", "KL": 60.392142807409115, "first_KL": 0.0018389547165501585, "count": 6816}
{"stage": "stored_probability_case", "id": "broad_fit_smol_rewrite_015", "KL": 71.51000186124209, "first_KL": 0.015673764914330517, "count": 7072}
{"stage": "stored_probability_case", "id": "broad_dev_smol_rewrite_036", "KL": 71.37768407777388, "first_KL": 4.815158862953967, "count": 7297}
{"stage": "stored_probability_case", "id": "broad_dev_smol_rewrite_032", "KL": 76.19271685486926, "first_KL": 3.5156738851921734, "count": 7472}
{"stage": "stored_probability_case", "id": "broad_fit_smol_summarize_024", "KL": 51.78697413539736, "first_KL": 0.003364501884794728, "count": 7533}
{"stage": "stored_probability_case", "id": "broad_fit_smol_summarize_003", "KL": 64.24508149390974, "first_KL": 0.0061631709132771075, "count": 7652}
{"stage": "stored_probability_case", "id": "broad_dev_smol_summarize_034", "KL": 81.39020377722306, "first_KL": 7.055017948270292, "count": 7686}
{"stage": "stored_probability_case", "id": "broad_dev_smol_summarize_039", "KL": 84.78624104268188, "first_KL": 5.9476939647105365, "count": 7784}
{"stage": "stored_probability_case", "id": "broad_fit_systemchats_30k_024", "KL": 62.81101092965525, "first_KL": 0.0004371207823698546, "count": 8040}
{"stage": "stored_probability_case", "id": "broad_fit_systemchats_30k_010", "KL": 59.15446207533482, "first_KL": 0.009610951253051007, "count": 8296}
{"stage": "stored_probability_case", "id": "broad_dev_systemchats_30k_039", "KL": 75.23893224356699, "first_KL": 3.8532921531980464, "count": 8552}
{"stage": "stored_probability_case", "id": "broad_dev_systemchats_30k_034", "KL": 57.84106080415016, "first_KL": 12.047501918785214, "count": 8808}
{"decision": "ANALYTIC_FIRST_CORRECTION_PROXY_QUALITY_FAIL", "seconds": 84.78099999999904, "maxKL": 4.0472514228895307e-11}
