{"stage": "native_all48", "seconds": 8.875, "child": "broad_fit_apigen_80k_023", "seconds_child": 7.187000000001717}
{"stage": "native_all48", "seconds": 9.640999999999622, "cases": 1, "id": "broad_fit_apigen_80k_023", "KL": 1.313165217802398, "disagreement": 0.3135593220338983, "adopted": false}
{"stage": "native_all48", "seconds": 20.71900000000096, "child": "broad_fit_apigen_80k_002", "seconds_child": 10.81199999999808}
{"stage": "native_all48", "seconds": 21.26599999999962, "cases": 2, "id": "broad_fit_apigen_80k_002", "KL": 1.3478009884445694, "disagreement": 0.3333333333333333, "adopted": false}
{"stage": "native_all48", "seconds": 30.46900000000096, "child": "broad_dev_apigen_80k_034", "seconds_child": 8.875}
{"stage": "native_all48", "seconds": 31.76599999999962, "cases": 3, "id": "broad_dev_apigen_80k_034", "KL": 4.802062016434527, "disagreement": 0.7, "adopted": false}
{"stage": "native_all48", "seconds": 47.875, "child": "broad_dev_apigen_80k_033", "seconds_child": 16.04699999999866}
{"stage": "native_all48", "seconds": 48.96900000000096, "cases": 4, "id": "broad_dev_apigen_80k_033", "KL": 4.6727166932678115, "disagreement": 0.5135135135135135, "adopted": false}
{"stage": "native_all48", "seconds": 55.9529999999977, "child": "broad_fit_everyday_conversations_002", "seconds_child": 6.827999999997701}
{"stage": "native_all48", "seconds": 58.39099999999962, "cases": 5, "id": "broad_fit_everyday_conversations_002", "KL": 3.3559911801882056, "disagreement": 0.695, "adopted": false}
{"stage": "native_all48", "seconds": 65.78199999999924, "child": "broad_fit_everyday_conversations_010", "seconds_child": 7.328000000001339}
{"stage": "native_all48", "seconds": 67.875, "cases": 6, "id": "broad_fit_everyday_conversations_010", "KL": 3.066950298103145, "disagreement": 0.6379310344827587, "adopted": false}
{"stage": "native_all48", "seconds": 73.26599999999962, "child": "broad_dev_everyday_conversations_036", "seconds_child": 5.031999999999243}
{"stage": "native_all48", "seconds": 73.625, "cases": 7, "id": "broad_dev_everyday_conversations_036", "KL": 6.304837379148336, "disagreement": 0.9433962264150944, "adopted": false}
{"stage": "native_all48", "seconds": 80.64099999999962, "child": "broad_dev_everyday_conversations_033", "seconds_child": 6.952999999997701}
{"stage": "native_all48", "seconds": 81.54699999999866, "cases": 8, "id": "broad_dev_everyday_conversations_033", "KL": 6.410472186743806, "disagreement": 0.936046511627907, "adopted": false}
{"stage": "native_all48", "seconds": 82.9529999999977, "child": "broad_fit_explore_instruct_rewriting_008", "seconds_child": 1.2820000000028813}
{"stage": "native_all48", "seconds": 83.14099999999962, "cases": 9, "id": "broad_fit_explore_instruct_rewriting_008", "KL": 0.6803324904187954, "disagreement": 0.1111111111111111, "adopted": false}
{"stage": "native_all48", "seconds": 85.26599999999962, "child": "broad_fit_explore_instruct_rewriting_009", "seconds_child": 2.0459999999984575}
{"stage": "native_all48", "seconds": 85.53199999999924, "cases": 10, "id": "broad_fit_explore_instruct_rewriting_009", "KL": 0.6657694749732463, "disagreement": 0.07692307692307693, "adopted": false}
{"stage": "native_all48", "seconds": 86.98500000000058, "child": "broad_dev_explore_instruct_rewriting_035", "seconds_child": 1.4059999999990396}
{"stage": "native_all48", "seconds": 87.125, "cases": 11, "id": "broad_dev_explore_instruct_rewriting_035", "KL": 5.856710209124095, "disagreement": 0.6666666666666666, "adopted": false}
{"stage": "native_all48", "seconds": 92.98500000000058, "child": "broad_dev_explore_instruct_rewriting_038", "seconds_child": 5.78099999999904}
{"stage": "native_all48", "seconds": 95.34400000000096, "cases": 12, "id": "broad_dev_explore_instruct_rewriting_038", "KL": 6.9938647292640805, "disagreement": 0.9453125, "adopted": false}
{"stage": "native_all48", "seconds": 99.26599999999962, "child": "broad_fit_metamathqa_50k_015", "seconds_child": 3.8590000000003783}
{"stage": "native_all48", "seconds": 99.81299999999828, "cases": 13, "id": "broad_fit_metamathqa_50k_015", "KL": 2.4808172393705403, "disagreement": 0.5870967741935483, "adopted": false}
{"stage": "native_all48", "seconds": 105.21900000000096, "child": "broad_fit_metamathqa_50k_023", "seconds_child": 5.34400000000096}
{"stage": "native_all48", "seconds": 106.11000000000058, "cases": 14, "id": "broad_fit_metamathqa_50k_023", "KL": 3.0026342732658207, "disagreement": 0.65625, "adopted": false}
{"stage": "native_all48", "seconds": 112.26599999999962, "child": "broad_dev_metamathqa_50k_035", "seconds_child": 5.796999999998661}
{"stage": "native_all48", "seconds": 112.875, "cases": 15, "id": "broad_dev_metamathqa_50k_035", "KL": 5.645273937415889, "disagreement": 0.8324607329842932, "adopted": false}
{"stage": "native_all48", "seconds": 118.78199999999924, "child": "broad_dev_metamathqa_50k_037", "seconds_child": 5.71900000000096}
{"stage": "native_all48", "seconds": 120.54699999999866, "cases": 16, "id": "broad_dev_metamathqa_50k_037", "KL": 5.185426134844143, "disagreement": 0.8046875, "adopted": false}
{"stage": "native_all48", "seconds": 125.90699999999924, "child": "broad_fit_numina_cot_100k_015", "seconds_child": 5.078000000001339}
{"stage": "native_all48", "seconds": 127.61000000000058, "cases": 17, "id": "broad_fit_numina_cot_100k_015", "KL": 2.922594938952244, "disagreement": 0.609375, "adopted": false}
{"stage": "native_all48", "seconds": 134.0779999999977, "child": "broad_fit_numina_cot_100k_016", "seconds_child": 6.202999999997701}
{"stage": "native_all48", "seconds": 135.9529999999977, "cases": 18, "id": "broad_fit_numina_cot_100k_016", "KL": 2.9060981297238486, "disagreement": 0.609375, "adopted": false}
{"stage": "native_all48", "seconds": 140.90699999999924, "child": "broad_dev_numina_cot_100k_038", "seconds_child": 4.875}
{"stage": "native_all48", "seconds": 141.67199999999866, "cases": 19, "id": "broad_dev_numina_cot_100k_038", "KL": 4.798551336562797, "disagreement": 0.828125, "adopted": false}
{"stage": "native_all48", "seconds": 147.0779999999977, "child": "broad_dev_numina_cot_100k_035", "seconds_child": 5.235000000000582}
{"stage": "native_all48", "seconds": 148.31299999999828, "cases": 20, "id": "broad_dev_numina_cot_100k_035", "KL": 5.69575293842235, "disagreement": 0.87109375, "adopted": false}
{"stage": "native_all48", "seconds": 152.375, "child": "broad_fit_openhermes_100k_004", "seconds_child": 3.875}
{"stage": "native_all48", "seconds": 153.92199999999866, "cases": 21, "id": "broad_fit_openhermes_100k_004", "KL": 2.867739915584126, "disagreement": 0.65234375, "adopted": false}
{"stage": "native_all48", "seconds": 164.11000000000058, "child": "broad_fit_openhermes_100k_028", "seconds_child": 9.812000000001717}
{"stage": "native_all48", "seconds": 165.28199999999924, "cases": 22, "id": "broad_fit_openhermes_100k_028", "KL": 3.311346365179019, "disagreement": 0.62890625, "adopted": false}
{"stage": "native_all48", "seconds": 170.90699999999924, "child": "broad_dev_openhermes_100k_034", "seconds_child": 5.562000000001717}
{"stage": "native_all48", "seconds": 173.3279999999977, "cases": 23, "id": "broad_dev_openhermes_100k_034", "KL": 7.190663002767967, "disagreement": 0.9375, "adopted": false}
{"stage": "native_all48", "seconds": 182.0779999999977, "child": "broad_dev_openhermes_100k_037", "seconds_child": 8.34400000000096}
{"stage": "native_all48", "seconds": 183.64099999999962, "cases": 24, "id": "broad_dev_openhermes_100k_037", "KL": 6.498247352164437, "disagreement": 0.921875, "adopted": false}
{"stage": "native_all48", "seconds": 200.375, "child": "broad_fit_self_oss_instruct_012", "seconds_child": 16.625}
{"stage": "native_all48", "seconds": 201.92199999999866, "cases": 25, "id": "broad_fit_self_oss_instruct_012", "KL": 3.637594140959604, "disagreement": 0.68359375, "adopted": false}
{"stage": "native_all48", "seconds": 213.18799999999828, "child": "broad_fit_self_oss_instruct_006", "seconds_child": 10.953000000001339}
{"stage": "native_all48", "seconds": 213.96900000000096, "cases": 26, "id": "broad_fit_self_oss_instruct_006", "KL": 3.5018844471733654, "disagreement": 0.703125, "adopted": false}
{"stage": "native_all48", "seconds": 225.67199999999866, "child": "broad_dev_self_oss_instruct_036", "seconds_child": 11.48399999999674}
{"stage": "native_all48", "seconds": 226.375, "cases": 27, "id": "broad_dev_self_oss_instruct_036", "KL": 6.09628874034523, "disagreement": 0.90234375, "adopted": false}
{"stage": "native_all48", "seconds": 241.18799999999828, "child": "broad_dev_self_oss_instruct_033", "seconds_child": 14.765999999999622}
{"stage": "native_all48", "seconds": 242.0, "cases": 28, "id": "broad_dev_self_oss_instruct_033", "KL": 5.832280497596278, "disagreement": 0.890625, "adopted": false}
{"stage": "native_all48", "seconds": 247.86000000000058, "child": "broad_fit_smol_constraints_005", "seconds_child": 5.610000000000582}
{"stage": "native_all48", "seconds": 248.4529999999977, "cases": 29, "id": "broad_fit_smol_constraints_005", "KL": 3.2051752501053454, "disagreement": 0.6, "adopted": false}
{"stage": "native_all48", "seconds": 257.15699999999924, "child": "broad_fit_smol_constraints_021", "seconds_child": 8.26600000000326}
{"stage": "native_all48", "seconds": 259.75, "cases": 30, "id": "broad_fit_smol_constraints_021", "KL": 3.3900042712479324, "disagreement": 0.6402116402116402, "adopted": false}
{"stage": "native_all48", "seconds": 263.59400000000096, "child": "broad_dev_smol_constraints_035", "seconds_child": 3.5940000000009604}
{"stage": "native_all48", "seconds": 264.09400000000096, "cases": 31, "id": "broad_dev_smol_constraints_035", "KL": 6.431836442253534, "disagreement": 0.98, "adopted": false}
{"stage": "native_all48", "seconds": 268.21900000000096, "child": "broad_dev_smol_constraints_034", "seconds_child": 3.875}
{"stage": "native_all48", "seconds": 270.0159999999996, "cases": 32, "id": "broad_dev_smol_constraints_034", "KL": 7.664521879378718, "disagreement": 0.967741935483871, "adopted": false}
{"stage": "native_all48", "seconds": 289.03199999999924, "child": "broad_fit_smol_magpie_ultra_000", "seconds_child": 18.68699999999808}
{"stage": "native_all48", "seconds": 290.1879999999983, "cases": 33, "id": "broad_fit_smol_magpie_ultra_000", "KL": 4.115591265689866, "disagreement": 0.75, "adopted": false}
{"stage": "native_all48", "seconds": 315.125, "child": "broad_fit_smol_magpie_ultra_022", "seconds_child": 24.875}
{"stage": "native_all48", "seconds": 317.0779999999977, "cases": 34, "id": "broad_fit_smol_magpie_ultra_022", "KL": 4.080857824605895, "disagreement": 0.75390625, "adopted": false}
{"stage": "native_all48", "seconds": 341.3909999999996, "child": "broad_dev_smol_magpie_ultra_034", "seconds_child": 24.26600000000326}
{"stage": "native_all48", "seconds": 342.8279999999977, "cases": 35, "id": "broad_dev_smol_magpie_ultra_034", "KL": 6.314634717966872, "disagreement": 0.88671875, "adopted": false}
{"stage": "native_all48", "seconds": 378.29699999999866, "child": "broad_dev_smol_magpie_ultra_036", "seconds_child": 35.34399999999732}
{"stage": "native_all48", "seconds": 380.2659999999996, "cases": 36, "id": "broad_dev_smol_magpie_ultra_036", "KL": 6.703885423940806, "disagreement": 0.89453125, "adopted": false}
{"stage": "native_all48", "seconds": 389.7029999999977, "child": "broad_fit_smol_rewrite_004", "seconds_child": 9.06199999999808}
{"stage": "native_all48", "seconds": 390.2350000000006, "cases": 37, "id": "broad_fit_smol_rewrite_004", "KL": 2.2580942077798913, "disagreement": 0.45555555555555555, "adopted": false}
{"stage": "native_all48", "seconds": 402.8909999999996, "child": "broad_fit_smol_rewrite_015", "seconds_child": 12.56199999999808}
{"stage": "native_all48", "seconds": 403.79699999999866, "cases": 38, "id": "broad_fit_smol_rewrite_015", "KL": 4.561956104776767, "disagreement": 0.75390625, "adopted": false}
{"stage": "native_all48", "seconds": 415.6879999999983, "child": "broad_dev_smol_rewrite_036", "seconds_child": 11.812000000001717}
{"stage": "native_all48", "seconds": 416.59400000000096, "cases": 39, "id": "broad_dev_smol_rewrite_036", "KL": 5.777852360885897, "disagreement": 0.88, "adopted": false}
{"stage": "native_all48", "seconds": 447.03199999999924, "child": "broad_dev_smol_rewrite_032", "seconds_child": 30.3279999999977}
{"stage": "native_all48", "seconds": 449.0, "cases": 40, "id": "broad_dev_smol_rewrite_032", "KL": 7.2937833372414795, "disagreement": 0.9314285714285714, "adopted": false}
{"stage": "native_all48", "seconds": 461.7350000000006, "child": "broad_fit_smol_summarize_024", "seconds_child": 12.546999999998661}
{"stage": "native_all48", "seconds": 462.4529999999977, "cases": 41, "id": "broad_fit_smol_summarize_024", "KL": 2.0088056033573607, "disagreement": 0.45901639344262296, "adopted": false}
{"stage": "native_all48", "seconds": 490.65699999999924, "child": "broad_fit_smol_summarize_003", "seconds_child": 28.09400000000096}
{"stage": "native_all48", "seconds": 491.2659999999996, "cases": 42, "id": "broad_fit_smol_summarize_003", "KL": 3.3013108801133515, "disagreement": 0.48739495798319327, "adopted": false}
{"stage": "native_all48", "seconds": 497.0, "child": "broad_dev_smol_summarize_034", "seconds_child": 5.234000000000378}
{"stage": "native_all48", "seconds": 497.4529999999977, "cases": 43, "id": "broad_dev_smol_summarize_034", "KL": 7.711605483666566, "disagreement": 0.9705882352941176, "adopted": false}
{"stage": "native_all48", "seconds": 540.4379999999983, "child": "broad_dev_smol_summarize_039", "seconds_child": 42.875}
{"stage": "native_all48", "seconds": 541.3600000000006, "cases": 44, "id": "broad_dev_smol_summarize_039", "KL": 7.691356746790322, "disagreement": 0.9183673469387755, "adopted": false}
{"stage": "native_all48", "seconds": 554.4219999999987, "child": "broad_fit_systemchats_30k_024", "seconds_child": 12.4529999999977}
{"stage": "native_all48", "seconds": 555.1569999999992, "cases": 45, "id": "broad_fit_systemchats_30k_024", "KL": 4.126094085081334, "disagreement": 0.7265625, "adopted": false}
{"stage": "native_all48", "seconds": 577.4379999999983, "child": "broad_fit_systemchats_30k_010", "seconds_child": 21.795999999998457}
{"stage": "native_all48", "seconds": 578.4069999999992, "cases": 46, "id": "broad_fit_systemchats_30k_010", "KL": 3.9915934928713552, "disagreement": 0.7109375, "adopted": false}
{"stage": "native_all48", "seconds": 585.5629999999983, "child": "broad_dev_systemchats_30k_039", "seconds_child": 7.062000000001717}
{"stage": "native_all48", "seconds": 586.25, "cases": 47, "id": "broad_dev_systemchats_30k_039", "KL": 6.453484169451924, "disagreement": 0.91015625, "adopted": false}
{"stage": "native_all48", "seconds": 607.3909999999996, "child": "broad_dev_systemchats_30k_034", "seconds_child": 21.062999999998283}
{"stage": "native_all48", "seconds": 608.2969999999987, "cases": 48, "id": "broad_dev_systemchats_30k_034", "KL": 6.1890961161941, "disagreement": 0.86328125, "adopted": false}
{"stage": "stream_qualification", "seconds": 612.5159999999996, "request": 0, "label": "full_prefix", "generated": 0}
{"stage": "stream_qualification", "seconds": 613.9850000000006, "request": 1, "label": "split_first", "generated": 0}
{"stage": "stream_qualification", "seconds": 615.719000000001, "request": 2, "label": "split_tail", "generated": 0}
{"stage": "stream_qualification", "seconds": 616.125, "request": 3, "label": "reuse_exact", "generated": 0}
{"stage": "native_tasks", "seconds": 617.9850000000006, "request": 4, "label": "arithmetic_add", "generated": 21}
{"stage": "native_tasks", "seconds": 618.0779999999977, "task": "arithmetic_add", "answer": "The FBI, CIA, and NSA work together to the ball in a beautiful dress.", "correct": false}
{"stage": "native_tasks", "seconds": 619.0, "request": 5, "label": "arithmetic_sub", "generated": 21}
{"stage": "native_tasks", "seconds": 619.1719999999987, "task": "arithmetic_sub", "answer": "The FBI, CIA, and NSA work together to the ball in a beautiful dress.", "correct": false}
{"stage": "native_tasks", "seconds": 620.0319999999992, "request": 6, "label": "arithmetic_mul", "generated": 27}
{"stage": "native_tasks", "seconds": 620.094000000001, "task": "arithmetic_mul", "answer": "The FBI, CIA, CIA, CIA, and NSA work together to the ball in a beautiful dress.", "correct": false}
{"stage": "native_tasks", "seconds": 620.5779999999977, "request": 7, "label": "arithmetic_div", "generated": 21}
{"stage": "native_tasks", "seconds": 620.6409999999996, "task": "arithmetic_div", "answer": "The FBI, CIA, and NSA work together to the ball in a beautiful dress.", "correct": false}
{"stage": "native_tasks", "seconds": 622.8129999999983, "request": 8, "label": "extract_color", "generated": 21}
{"stage": "native_tasks", "seconds": 622.9069999999992, "task": "extract_color", "answer": "The FBI, CIA, and NSA work together to the ball in a beautiful dress.", "correct": false}
{"stage": "native_tasks", "seconds": 625.6100000000006, "request": 9, "label": "extract_city", "generated": 64}
{"stage": "native_tasks", "seconds": 625.6879999999983, "task": "extract_city", "answer": "The FBI, and NSA work together to the \"get_country_country_country_country_by_country_country_country_by_by_country_country_by_by_country_by_by_by_country_by_country_country_by_by_by", "correct": false}
{"stage": "native_tasks", "seconds": 628.5469999999987, "request": 10, "label": "extract_name", "generated": 64}
{"stage": "native_tasks", "seconds": 628.625, "task": "extract_name", "answer": "The FBI, and NSA work together to the ball in a beautiful dress.\n\n1:\n\n**\"arguments\": \"arguments\": \"arguments\": \"arguments\": \"arguments\": \"arguments\": \"arguments\": \"arguments\": \"arguments\": \"arguments\": = ", "correct": false}
{"stage": "native_tasks", "seconds": 629.9850000000006, "request": 11, "label": "extract_animal", "generated": 64}
{"stage": "native_tasks", "seconds": 630.1100000000006, "task": "extract_animal", "answer": "The FBI, and NSA work together to the ball in a beautiful dress.\n\n1:\n\n**\"arguments\": \"arguments\": \"arguments\": \"arguments\": \"arguments\": \"arguments\": \"arguments\": \"arguments\": \"arguments\": \"arguments\": \"arguments", "correct": false}
{"stage": "native_tasks", "seconds": 633.625, "request": 12, "label": "follow_literal", "generated": 27}
{"stage": "native_tasks", "seconds": 634.3129999999983, "task": "follow_literal", "answer": "The FBI, CIA, CIA, CIA, and NSA work together to the ball in a beautiful dress.", "correct": false}
{"stage": "native_tasks", "seconds": 635.2029999999977, "request": 13, "label": "follow_upper", "generated": 30}
{"stage": "native_tasks", "seconds": 635.3279999999977, "task": "follow_upper", "answer": "The FBI, CIA, CIA, CIA, CIA, and NSA work together to the ball in a beautiful dress.", "correct": false}
{"stage": "native_tasks", "seconds": 637.344000000001, "request": 14, "label": "follow_lower", "generated": 64}
{"stage": "native_tasks", "seconds": 637.6100000000006, "task": "follow_lower", "answer": "The FBI, CIA, CIA, and NSA work together to the ball in a beautiful dress. \"get_country_by_country_country_by_by_by_by_by_by_by_by_by_by_by_by_by_by_by", "correct": false}
{"stage": "native_tasks", "seconds": 639.844000000001, "request": 15, "label": "follow_reverse", "generated": 27}
{"stage": "native_tasks", "seconds": 640.0, "task": "follow_reverse", "answer": "The FBI, CIA, CIA, CIA, and NSA work together to the ball in a beautiful dress.", "correct": false}
{"stage": "native_tasks", "seconds": 645.2350000000006, "request": 16, "label": "history_pet", "generated": 64}
{"stage": "native_tasks", "seconds": 645.3600000000006, "task": "history_pet", "answer": "The FBI, and NSA work together to the ball in a beautiful dress.\n\n1. \"arguments\": \"arguments\": \"arguments\": \"arguments\": \"arguments\": \"arguments\": \"arguments\": \"arguments\": \"arguments\": \"arguments\": \"arguments\":", "correct": false}
{"stage": "native_tasks", "seconds": 646.75, "request": 17, "label": "own_answer_followup", "generated": 64}
{"stage": "native_tasks", "seconds": 648.1719999999987, "request": 18, "label": "history_color", "generated": 64}
{"stage": "native_tasks", "seconds": 648.2659999999996, "task": "history_color", "answer": "The FBI, and NSA work together to the ball in a beautiful dress.\n\n**\"get_country_country_country_by_by_by_by_by_by_by_by_by_by_by_by_by_by_country_by_by_by_", "correct": false}
{"stage": "native_tasks", "seconds": 648.9850000000006, "request": 19, "label": "history_city", "generated": 18}
{"stage": "native_tasks", "seconds": 649.5159999999996, "task": "history_city", "answer": "The FBI, and NSA work together to the ball in a beautiful dress.", "correct": false}
{"stage": "native_tasks", "seconds": 650.4219999999987, "request": 20, "label": "history_inventory", "generated": 18}
{"stage": "native_tasks", "seconds": 650.5159999999996, "task": "history_inventory", "answer": "The FBI, and NSA work together to the ball in a beautiful dress.", "correct": false}
{"stage": "complete", "seconds": 650.9379999999983, "decision": "CATEGORICAL_NATIVE_ASSESSMENT_COMPLETE", "task_correct": 0, "DEV": 6.258966826327999}
