{"stage": "native_proxy_audited", "id": "broad_fit_apigen_80k_023", "seconds": 56.43700000000172}
{"stage": "native_proxy_audited", "id": "broad_fit_apigen_80k_002", "seconds": 56.84300000000076}
{"stage": "native_proxy_audited", "id": "broad_dev_apigen_80k_034", "seconds": 57.625}
{"stage": "native_proxy_audited", "id": "broad_dev_apigen_80k_033", "seconds": 58.57800000000134}
{"stage": "native_proxy_audited", "id": "broad_fit_everyday_conversations_002", "seconds": 60.35900000000038}
{"stage": "native_proxy_audited", "id": "broad_fit_everyday_conversations_010", "seconds": 61.92099999999846}
{"stage": "native_proxy_audited", "id": "broad_dev_everyday_conversations_036", "seconds": 62.35900000000038}
{"stage": "native_proxy_audited", "id": "broad_dev_everyday_conversations_033", "seconds": 63.75}
{"stage": "native_proxy_audited", "id": "broad_fit_explore_instruct_rewriting_008", "seconds": 63.92099999999846}
{"stage": "native_proxy_audited", "id": "broad_fit_explore_instruct_rewriting_009", "seconds": 64.04599999999846}
{"stage": "native_proxy_audited", "id": "broad_dev_explore_instruct_rewriting_035", "seconds": 64.15599999999904}
{"stage": "native_proxy_audited", "id": "broad_dev_explore_instruct_rewriting_038", "seconds": 66.38999999999942}
{"stage": "native_proxy_audited", "id": "broad_fit_metamathqa_50k_015", "seconds": 67.63999999999942}
{"stage": "native_proxy_audited", "id": "broad_fit_metamathqa_50k_023", "seconds": 69.70300000000134}
{"stage": "native_proxy_audited", "id": "broad_dev_metamathqa_50k_035", "seconds": 71.45300000000134}
{"stage": "native_proxy_audited", "id": "broad_dev_metamathqa_50k_037", "seconds": 73.57800000000134}
{"stage": "native_proxy_audited", "id": "broad_fit_numina_cot_100k_015", "seconds": 77.28099999999904}
{"stage": "native_proxy_audited", "id": "broad_fit_numina_cot_100k_016", "seconds": 80.42099999999846}
{"stage": "native_proxy_audited", "id": "broad_dev_numina_cot_100k_038", "seconds": 82.51499999999942}
{"stage": "native_proxy_audited", "id": "broad_dev_numina_cot_100k_035", "seconds": 84.68700000000172}
{"stage": "native_proxy_audited", "id": "broad_fit_openhermes_100k_004", "seconds": 86.70300000000134}
{"stage": "native_proxy_audited", "id": "broad_fit_openhermes_100k_028", "seconds": 88.88999999999942}
{"stage": "native_proxy_audited", "id": "broad_dev_openhermes_100k_034", "seconds": 91.01499999999942}
{"stage": "native_proxy_audited", "id": "broad_dev_openhermes_100k_037", "seconds": 93.92099999999846}
{"stage": "native_proxy_audited", "id": "broad_fit_self_oss_instruct_012", "seconds": 96.04599999999846}
{"stage": "native_proxy_audited", "id": "broad_fit_self_oss_instruct_006", "seconds": 98.09300000000076}
{"stage": "native_proxy_audited", "id": "broad_dev_self_oss_instruct_036", "seconds": 100.29599999999846}
{"stage": "native_proxy_audited", "id": "broad_dev_self_oss_instruct_033", "seconds": 102.67099999999846}
{"stage": "native_proxy_audited", "id": "broad_fit_smol_constraints_005", "seconds": 104.17099999999846}
{"stage": "native_proxy_audited", "id": "broad_fit_smol_constraints_021", "seconds": 105.79599999999846}
{"stage": "native_proxy_audited", "id": "broad_dev_smol_constraints_035", "seconds": 106.21800000000076}
{"stage": "native_proxy_audited", "id": "broad_dev_smol_constraints_034", "seconds": 106.96800000000076}
{"stage": "native_proxy_audited", "id": "broad_fit_smol_magpie_ultra_000", "seconds": 109.01499999999942}
{"stage": "native_proxy_audited", "id": "broad_fit_smol_magpie_ultra_022", "seconds": 111.29599999999846}
{"stage": "native_proxy_audited", "id": "broad_dev_smol_magpie_ultra_034", "seconds": 113.34300000000076}
{"stage": "native_proxy_audited", "id": "broad_dev_smol_magpie_ultra_036", "seconds": 115.45300000000134}
{"stage": "native_proxy_audited", "id": "broad_fit_smol_rewrite_004", "seconds": 116.18700000000172}
{"stage": "native_proxy_audited", "id": "broad_fit_smol_rewrite_015", "seconds": 118.35900000000038}
{"stage": "native_proxy_audited", "id": "broad_dev_smol_rewrite_036", "seconds": 120.17099999999846}
{"stage": "native_proxy_audited", "id": "broad_dev_smol_rewrite_032", "seconds": 121.60900000000038}
{"stage": "native_proxy_audited", "id": "broad_fit_smol_summarize_024", "seconds": 122.125}
{"stage": "native_proxy_audited", "id": "broad_fit_smol_summarize_003", "seconds": 123.20300000000134}
{"stage": "native_proxy_audited", "id": "broad_dev_smol_summarize_034", "seconds": 123.5}
{"stage": "native_proxy_audited", "id": "broad_dev_smol_summarize_039", "seconds": 124.28099999999904}
{"stage": "native_proxy_audited", "id": "broad_fit_systemchats_30k_024", "seconds": 126.38999999999942}
{"stage": "native_proxy_audited", "id": "broad_fit_systemchats_30k_010", "seconds": 128.54599999999846}
{"stage": "native_proxy_audited", "id": "broad_dev_systemchats_30k_039", "seconds": 130.56200000000172}
{"stage": "native_proxy_audited", "id": "broad_dev_systemchats_30k_034", "seconds": 132.65599999999904}
{"audit": "D:\\_THINGS\\Progetti\\SiliconLLM\\docs\\research\\NATIVE_EXPERT_SCALING_20260925\\categorical_native_assessment_stored_adjudication_20261010.json", "sha256": "e2639262a2d870bd5d4fa3742c1feb74a4058285ee90649db4ee137648b7ea9a", "seconds": 133.0, "max_KL_delta": 5.5644377994212846e-12, "task_correct": 0}
