{"stage": "recover", "calibration": {"head_Frobenius": 42.59723441129894, "head_singular_max": 20.969894426067295, "head_singular_min": 0.912987455225991, "head_condition": 22.96843653878753, "effective_rank": 256, "QR_error_Frobenius": 5.3211089767417035e-14, "QR_relative": 1.249167710129622e-15, "Q_orthogonal_Frobenius": 3.4527683849115496e-14, "SVD_error_Frobenius": 2.2037077084237226e-13, "SVD_relative": 5.173358643769727e-15, "U_orthogonal_Frobenius": 3.4600793804015915e-14, "V_orthogonal_Frobenius": 3.527775353782516e-14, "sigma_R_lower": 0.9129874552257387, "sigma_H_lower": 0.9129874552256697, "F32_gamma_dot": 1.5259021896696422e-05, "F32_gamma_RMS": 3.051850947599719e-05, "native_normalized_norm_upper": 342.57650668717804, "native_dot_rounding_L2_upper": 0.22267203416735548, "bound_kind": "Conservative unexceptional F32/FMA rounding model, F64 evaluated; not directed-rounding intervals"}, "seconds": 4.110000000000582}
{"stage": "recover", "id": "broad_fit_apigen_80k_023", "completed": 1, "max_residual": 1.260655776746944e-05, "seconds": 4.64100000000326}
{"stage": "recover", "id": "broad_fit_apigen_80k_002", "completed": 2, "max_residual": 8.711687435436488e-06, "seconds": 4.907000000002881}
{"stage": "recover", "id": "broad_dev_apigen_80k_034", "completed": 3, "max_residual": 1.3276318762578398e-05, "seconds": 5.297000000002299}
{"stage": "recover", "id": "broad_dev_apigen_80k_033", "completed": 4, "max_residual": 1.1957867997125504e-05, "seconds": 5.71900000000096}
{"stage": "recover", "id": "broad_fit_everyday_conversations_002", "completed": 5, "max_residual": 1.2550622848550574e-05, "seconds": 6.39100000000326}
{"stage": "recover", "id": "broad_fit_everyday_conversations_010", "completed": 6, "max_residual": 1.160400662847394e-05, "seconds": 7.26600000000326}
{"stage": "recover", "id": "broad_dev_everyday_conversations_036", "completed": 7, "max_residual": 8.908803566853862e-06, "seconds": 7.485000000000582}
{"stage": "recover", "id": "broad_dev_everyday_conversations_033", "completed": 8, "max_residual": 1.136631623843698e-05, "seconds": 8.032000000002881}
{"stage": "recover", "id": "broad_fit_explore_instruct_rewriting_008", "completed": 9, "max_residual": 1.3749603262169785e-05, "seconds": 8.204000000001543}
{"stage": "recover", "id": "broad_fit_explore_instruct_rewriting_009", "completed": 10, "max_residual": 5.959743558214825e-06, "seconds": 8.360000000000582}
{"stage": "recover", "id": "broad_dev_explore_instruct_rewriting_035", "completed": 11, "max_residual": 6.45680608002408e-06, "seconds": 8.5}
{"stage": "recover", "id": "broad_dev_explore_instruct_rewriting_038", "completed": 12, "max_residual": 1.0757635310554292e-05, "seconds": 9.26600000000326}
{"stage": "recover", "id": "broad_fit_metamathqa_50k_015", "completed": 13, "max_residual": 1.2404015770073329e-05, "seconds": 9.84400000000096}
{"stage": "recover", "id": "broad_fit_metamathqa_50k_023", "completed": 14, "max_residual": 1.3767521728880183e-05, "seconds": 10.657000000002881}
{"stage": "recover", "id": "broad_dev_metamathqa_50k_035", "completed": 15, "max_residual": 1.255500262864473e-05, "seconds": 11.329000000001543}
{"stage": "recover", "id": "broad_dev_metamathqa_50k_037", "completed": 16, "max_residual": 1.184968814627041e-05, "seconds": 12.235000000000582}
{"stage": "recover", "id": "broad_fit_numina_cot_100k_015", "completed": 17, "max_residual": 1.1598878560725723e-05, "seconds": 12.985000000000582}
{"stage": "recover", "id": "broad_fit_numina_cot_100k_016", "completed": 18, "max_residual": 1.1075291311613e-05, "seconds": 13.829000000001543}
{"stage": "recover", "id": "broad_dev_numina_cot_100k_038", "completed": 19, "max_residual": 1.2978101487703952e-05, "seconds": 14.625}
{"stage": "recover", "id": "broad_dev_numina_cot_100k_035", "completed": 20, "max_residual": 1.2102940832647846e-05, "seconds": 15.485000000000582}
{"stage": "recover", "id": "broad_fit_openhermes_100k_004", "completed": 21, "max_residual": 1.5313960645357838e-05, "seconds": 16.329000000001543}
{"stage": "recover", "id": "broad_fit_openhermes_100k_028", "completed": 22, "max_residual": 1.289111673941079e-05, "seconds": 17.09400000000096}
{"stage": "recover", "id": "broad_dev_openhermes_100k_034", "completed": 23, "max_residual": 1.0207298510422902e-05, "seconds": 17.89100000000326}
{"stage": "recover", "id": "broad_dev_openhermes_100k_037", "completed": 24, "max_residual": 1.4252768577804886e-05, "seconds": 18.6720000000023}
{"stage": "recover", "id": "broad_fit_self_oss_instruct_012", "completed": 25, "max_residual": 1.2149248034276638e-05, "seconds": 19.5470000000023}
{"stage": "recover", "id": "broad_fit_self_oss_instruct_006", "completed": 26, "max_residual": 1.1940993031700486e-05, "seconds": 20.4220000000023}
{"stage": "recover", "id": "broad_dev_self_oss_instruct_036", "completed": 27, "max_residual": 1.2160382858894536e-05, "seconds": 21.31300000000192}
{"stage": "recover", "id": "broad_dev_self_oss_instruct_033", "completed": 28, "max_residual": 1.110435512785557e-05, "seconds": 22.18800000000192}
{"stage": "recover", "id": "broad_fit_smol_constraints_005", "completed": 29, "max_residual": 1.4885316929280634e-05, "seconds": 22.7970000000023}
{"stage": "recover", "id": "broad_fit_smol_constraints_021", "completed": 30, "max_residual": 1.1822303180863969e-05, "seconds": 23.485000000000582}
{"stage": "recover", "id": "broad_dev_smol_constraints_035", "completed": 31, "max_residual": 9.439188346505034e-06, "seconds": 23.71900000000096}
{"stage": "recover", "id": "broad_dev_smol_constraints_034", "completed": 32, "max_residual": 1.4608460611853502e-05, "seconds": 24.2970000000023}
{"stage": "recover", "id": "broad_fit_smol_magpie_ultra_000", "completed": 33, "max_residual": 1.1444239991220684e-05, "seconds": 25.51600000000326}
{"stage": "recover", "id": "broad_fit_smol_magpie_ultra_022", "completed": 34, "max_residual": 1.2977451593343403e-05, "seconds": 26.375}
{"stage": "recover", "id": "broad_dev_smol_magpie_ultra_034", "completed": 35, "max_residual": 1.0964463953655468e-05, "seconds": 27.235000000000582}
{"stage": "recover", "id": "broad_dev_smol_magpie_ultra_036", "completed": 36, "max_residual": 1.2229938015195785e-05, "seconds": 28.03200000000288}
{"stage": "recover", "id": "broad_fit_smol_rewrite_004", "completed": 37, "max_residual": 1.0959654876074865e-05, "seconds": 28.4220000000023}
{"stage": "recover", "id": "broad_fit_smol_rewrite_015", "completed": 38, "max_residual": 1.1947124466615833e-05, "seconds": 29.21900000000096}
{"stage": "recover", "id": "broad_dev_smol_rewrite_036", "completed": 39, "max_residual": 1.0447123726109453e-05, "seconds": 29.985000000000582}
{"stage": "recover", "id": "broad_dev_smol_rewrite_032", "completed": 40, "max_residual": 1.041384999744821e-05, "seconds": 30.625}
{"stage": "recover", "id": "broad_fit_smol_summarize_024", "completed": 41, "max_residual": 1.051033855503647e-05, "seconds": 30.90700000000288}
{"stage": "recover", "id": "broad_fit_smol_summarize_003", "completed": 42, "max_residual": 1.10151409842274e-05, "seconds": 31.360000000000582}
{"stage": "recover", "id": "broad_dev_smol_summarize_034", "completed": 43, "max_residual": 7.789476455855038e-06, "seconds": 31.625}
{"stage": "recover", "id": "broad_dev_smol_summarize_039", "completed": 44, "max_residual": 1.1361503627682623e-05, "seconds": 32.125}
{"stage": "recover", "id": "broad_fit_systemchats_30k_024", "completed": 45, "max_residual": 1.1001890973361128e-05, "seconds": 32.95400000000154}
{"stage": "recover", "id": "broad_fit_systemchats_30k_010", "completed": 46, "max_residual": 1.172209823963044e-05, "seconds": 33.86000000000058}
{"stage": "recover", "id": "broad_dev_systemchats_30k_039", "completed": 47, "max_residual": 1.2523902636729645e-05, "seconds": 34.82900000000154}
{"stage": "recover", "id": "broad_dev_systemchats_30k_034", "completed": 48, "max_residual": 1.314886730696685e-05, "seconds": 35.70400000000154}
{"stage": "complete", "decision": "CAUSAL_COORDINATES_NOT_QUALIFIED", "labels": 8808, "seconds": 35.89100000000326}
