{"stage": "stored_case_audited", "id": "broad_fit_apigen_80k_023", "completed": 1, "seconds": 8.53099999999904}
{"stage": "stored_case_audited", "id": "broad_fit_apigen_80k_002", "completed": 2, "seconds": 8.703000000001339}
{"stage": "stored_case_audited", "id": "broad_dev_apigen_80k_034", "completed": 3, "seconds": 9.203000000001339}
{"stage": "stored_case_audited", "id": "broad_dev_apigen_80k_033", "completed": 4, "seconds": 9.765999999999622}
{"stage": "stored_case_audited", "id": "broad_fit_everyday_conversations_002", "completed": 5, "seconds": 10.625}
{"stage": "stored_case_audited", "id": "broad_fit_everyday_conversations_010", "completed": 6, "seconds": 11.40599999999904}
{"stage": "stored_case_audited", "id": "broad_dev_everyday_conversations_036", "completed": 7, "seconds": 11.6720000000023}
{"stage": "stored_case_audited", "id": "broad_dev_everyday_conversations_033", "completed": 8, "seconds": 12.360000000000582}
{"stage": "stored_case_audited", "id": "broad_fit_explore_instruct_rewriting_008", "completed": 9, "seconds": 12.453000000001339}
{"stage": "stored_case_audited", "id": "broad_fit_explore_instruct_rewriting_009", "completed": 10, "seconds": 12.5470000000023}
{"stage": "stored_case_audited", "id": "broad_dev_explore_instruct_rewriting_035", "completed": 11, "seconds": 12.625}
{"stage": "stored_case_audited", "id": "broad_dev_explore_instruct_rewriting_038", "completed": 12, "seconds": 13.68800000000192}
{"stage": "stored_case_audited", "id": "broad_fit_metamathqa_50k_015", "completed": 13, "seconds": 14.485000000000582}
{"stage": "stored_case_audited", "id": "broad_fit_metamathqa_50k_023", "completed": 14, "seconds": 15.75}
{"stage": "stored_case_audited", "id": "broad_dev_metamathqa_50k_035", "completed": 15, "seconds": 16.65599999999904}
{"stage": "stored_case_audited", "id": "broad_dev_metamathqa_50k_037", "completed": 16, "seconds": 17.78099999999904}
{"stage": "stored_case_audited", "id": "broad_fit_numina_cot_100k_015", "completed": 17, "seconds": 18.7970000000023}
{"stage": "stored_case_audited", "id": "broad_fit_numina_cot_100k_016", "completed": 18, "seconds": 19.89099999999962}
{"stage": "stored_case_audited", "id": "broad_dev_numina_cot_100k_038", "completed": 19, "seconds": 21.110000000000582}
{"stage": "stored_case_audited", "id": "broad_dev_numina_cot_100k_035", "completed": 20, "seconds": 22.21900000000096}
{"stage": "stored_case_audited", "id": "broad_fit_openhermes_100k_004", "completed": 21, "seconds": 23.26599999999962}
{"stage": "stored_case_audited", "id": "broad_fit_openhermes_100k_028", "completed": 22, "seconds": 24.25}
{"stage": "stored_case_audited", "id": "broad_dev_openhermes_100k_034", "completed": 23, "seconds": 25.34400000000096}
{"stage": "stored_case_audited", "id": "broad_dev_openhermes_100k_037", "completed": 24, "seconds": 26.5}
{"stage": "stored_case_audited", "id": "broad_fit_self_oss_instruct_012", "completed": 25, "seconds": 27.65599999999904}
{"stage": "stored_case_audited", "id": "broad_fit_self_oss_instruct_006", "completed": 26, "seconds": 28.70300000000134}
{"stage": "stored_case_audited", "id": "broad_dev_self_oss_instruct_036", "completed": 27, "seconds": 29.76599999999962}
{"stage": "stored_case_audited", "id": "broad_dev_self_oss_instruct_033", "completed": 28, "seconds": 30.78099999999904}
{"stage": "stored_case_audited", "id": "broad_fit_smol_constraints_005", "completed": 29, "seconds": 31.64099999999962}
{"stage": "stored_case_audited", "id": "broad_fit_smol_constraints_021", "completed": 30, "seconds": 32.61000000000058}
{"stage": "stored_case_audited", "id": "broad_dev_smol_constraints_035", "completed": 31, "seconds": 32.89099999999962}
{"stage": "stored_case_audited", "id": "broad_dev_smol_constraints_034", "completed": 32, "seconds": 33.26599999999962}
{"stage": "stored_case_audited", "id": "broad_fit_smol_magpie_ultra_000", "completed": 33, "seconds": 34.34400000000096}
{"stage": "stored_case_audited", "id": "broad_fit_smol_magpie_ultra_022", "completed": 34, "seconds": 35.34400000000096}
{"stage": "stored_case_audited", "id": "broad_dev_smol_magpie_ultra_034", "completed": 35, "seconds": 36.43800000000192}
{"stage": "stored_case_audited", "id": "broad_dev_smol_magpie_ultra_036", "completed": 36, "seconds": 37.61000000000058}
{"stage": "stored_case_audited", "id": "broad_fit_smol_rewrite_004", "completed": 37, "seconds": 38.125}
{"stage": "stored_case_audited", "id": "broad_fit_smol_rewrite_015", "completed": 38, "seconds": 39.18800000000192}
{"stage": "stored_case_audited", "id": "broad_dev_smol_rewrite_036", "completed": 39, "seconds": 40.125}
{"stage": "stored_case_audited", "id": "broad_dev_smol_rewrite_032", "completed": 40, "seconds": 40.93800000000192}
{"stage": "stored_case_audited", "id": "broad_fit_smol_summarize_024", "completed": 41, "seconds": 41.21900000000096}
{"stage": "stored_case_audited", "id": "broad_fit_smol_summarize_003", "completed": 42, "seconds": 41.84400000000096}
{"stage": "stored_case_audited", "id": "broad_dev_smol_summarize_034", "completed": 43, "seconds": 42.06300000000192}
{"stage": "stored_case_audited", "id": "broad_dev_smol_summarize_039", "completed": 44, "seconds": 42.6720000000023}
{"stage": "stored_case_audited", "id": "broad_fit_systemchats_30k_024", "completed": 45, "seconds": 44.0}
{"stage": "stored_case_audited", "id": "broad_fit_systemchats_30k_010", "completed": 46, "seconds": 45.61000000000058}
{"stage": "stored_case_audited", "id": "broad_dev_systemchats_30k_039", "completed": 47, "seconds": 46.95300000000134}
{"stage": "stored_case_audited", "id": "broad_dev_systemchats_30k_034", "completed": 48, "seconds": 48.0470000000023}
{"audit": "D:\\_THINGS\\Progetti\\SiliconLLM\\docs\\research\\NATIVE_EXPERT_SCALING_20260925\\causal_readout_coordinates_stored_adjudication_20261010.json", "decision": "CAUSAL_COORDINATES_NOT_QUALIFIED", "seconds": 48.86000000000058}
