Traceback (most recent call last):
  File "D:\_THINGS\Progetti\SiliconLLM\benchmarks\native_expert_scaling\chatbot_hybrid_native.py", line 290, in <module>
    a=p.parse_args();bind(a) if a.mode=='bind' else worker(a)
                                                    ^^^^^^^^^
  File "D:\_THINGS\Progetti\SiliconLLM\benchmarks\native_expert_scaling\chatbot_hybrid_native.py", line 215, in worker
    compile_record=run([b['compiler'],'-O3','-mavx2','-mfma','-ffp-contract=off',str(B/'chatbot_hybrid_native.c'),
                   ^^^^^^^^^^^^^^^^^^^^^^^^^^^^^^^^^^^^^^^^^^^^^^^^^^^^^^^^^^^^^^^^^^^^^^^^^^^^^^^^^^^^^^^^^^^^^^^
  File "D:\_THINGS\Progetti\SiliconLLM\benchmarks\native_expert_scaling\chatbot_hybrid_native.py", line 196, in run
    assert p.returncode==0,logfile.read_text(errors='replace')
           ^^^^^^^^^^^^^^^
AssertionError: In file included from D:\_THINGS\Progetti\SiliconLLM\benchmarks\native_expert_scaling\chatbot_hybrid_native.c:32:
D:\_THINGS\Progetti\SiliconLLM\results\native_expert_scaling\chatbot_hybrid_native_repair2_20261008/chatbot_hybrid_original_kernels.h:32:46: error: expected ')'
   32 | static void bc_tm(const int8_t* Wt,int M,int K,int Mpad,int8_t* codes){ int T=K/2;
      |                                              ^
D:\_THINGS\Progetti\SiliconLLM\benchmarks\native_expert_scaling\chatbot_hybrid_native.c:20:11: note: expanded from macro 'K'
   20 | #define K 8
      |           ^
D:\_THINGS\Progetti\SiliconLLM\results\native_expert_scaling\chatbot_hybrid_native_repair2_20261008/chatbot_hybrid_original_kernels.h:32:18: note: to match this '('
   32 | static void bc_tm(const int8_t* Wt,int M,int K,int Mpad,int8_t* codes){ int T=K/2;
      |                  ^
D:\_THINGS\Progetti\SiliconLLM\results\native_expert_scaling\chatbot_hybrid_native_repair2_20261008/chatbot_hybrid_original_kernels.h:32:46: warning: omitting the parameter name in a function definition is a C23 extension [-Wc23-extensions]
   32 | static void bc_tm(const int8_t* Wt,int M,int K,int Mpad,int8_t* codes){ int T=K/2;
      |                                              ^
D:\_THINGS\Progetti\SiliconLLM\benchmarks\native_expert_scaling\chatbot_hybrid_native.c:20:11: note: expanded from macro 'K'
   20 | #define K 8
      |           ^
In file included from D:\_THINGS\Progetti\SiliconLLM\benchmarks\native_expert_scaling\chatbot_hybrid_native.c:32:
D:\_THINGS\Progetti\SiliconLLM\results\native_expert_scaling\chatbot_hybrid_native_repair2_20261008/chatbot_hybrid_original_kernels.h:33:102: error: use of undeclared identifier 'codes'
   33 |     for(int t=0;t<T;t++){ for(int m=0;m<M;m++){ int w0=Wt[(size_t)m*K+2*t],w1=Wt[(size_t)m*K+2*t+1]; codes[(size_t)t*Mpad+m]=(int8_t)((w0+1)*3+(w1+1)); }
      |                                                                                                      ^~~~~
D:\_THINGS\Progetti\SiliconLLM\results\native_expert_scaling\chatbot_hybrid_native_repair2_20261008/chatbot_hybrid_original_kernels.h:33:118: error: use of undeclared identifier 'Mpad'
   33 |     for(int t=0;t<T;t++){ for(int m=0;m<M;m++){ int w0=Wt[(size_t)m*K+2*t],w1=Wt[(size_t)m*K+2*t+1]; codes[(size_t)t*Mpad+m]=(int8_t)((w0+1)*3+(w1+1)); }
      |                                                                                                                      ^~~~
D:\_THINGS\Progetti\SiliconLLM\results\native_expert_scaling\chatbot_hybrid_native_repair2_20261008/chatbot_hybrid_original_kernels.h:34:23: error: use of undeclared identifier 'Mpad'
   34 |         for(int m=M;m<Mpad;m++) codes[(size_t)t*Mpad+m]=0; } }
      |                       ^~~~
D:\_THINGS\Progetti\SiliconLLM\results\native_expert_scaling\chatbot_hybrid_native_repair2_20261008/chatbot_hybrid_original_kernels.h:34:33: error: use of undeclared identifier 'codes'
   34 |         for(int m=M;m<Mpad;m++) codes[(size_t)t*Mpad+m]=0; } }
      |                                 ^~~~~
D:\_THINGS\Progetti\SiliconLLM\results\native_expert_scaling\chatbot_hybrid_native_repair2_20261008/chatbot_hybrid_original_kernels.h:34:49: error: use of undeclared identifier 'Mpad'
   34 |         for(int m=M;m<Mpad;m++) codes[(size_t)t*Mpad+m]=0; } }
      |                                                 ^~~~
D:\_THINGS\Progetti\SiliconLLM\results\native_expert_scaling\chatbot_hybrid_native_repair2_20261008/chatbot_hybrid_original_kernels.h:36:75: error: expected ')'
   36 | static void ref_t3(const int8_t* Wt,const int8_t* xq,int32_t* y,int M,int K){
      |                                                                           ^
D:\_THINGS\Progetti\SiliconLLM\benchmarks\native_expert_scaling\chatbot_hybrid_native.c:20:11: note: expanded from macro 'K'
   20 | #define K 8
      |           ^
D:\_THINGS\Progetti\SiliconLLM\results\native_expert_scaling\chatbot_hybrid_native_repair2_20261008/chatbot_hybrid_original_kernels.h:36:19: note: to match this '('
   36 | static void ref_t3(const int8_t* Wt,const int8_t* xq,int32_t* y,int M,int K){
      |                   ^
D:\_THINGS\Progetti\SiliconLLM\results\native_expert_scaling\chatbot_hybrid_native_repair2_20261008/chatbot_hybrid_original_kernels.h:36:75: warning: omitting the parameter name in a function definition is a C23 extension [-Wc23-extensions]
   36 | static void ref_t3(const int8_t* Wt,const int8_t* xq,int32_t* y,int M,int K){
      |                                                                           ^
D:\_THINGS\Progetti\SiliconLLM\benchmarks\native_expert_scaling\chatbot_hybrid_native.c:20:11: note: expanded from macro 'K'
   20 | #define K 8
      |           ^
D:\_THINGS\Progetti\SiliconLLM\benchmarks\native_expert_scaling\chatbot_hybrid_native.c:186:19: error: too many arguments to function call, expected 3, have 5
  186 |     bc_tm(w,32,18,32,codes);build_lut_t3(x,9,lut);ref_t3(w,x,a,32,18);matvec_lut_full(codes,lut,b,32,32,9);
      |     ~~~~~         ^~~~~~~~
D:\_THINGS\Progetti\SiliconLLM\results\native_expert_scaling\chatbot_hybrid_native_repair2_20261008/chatbot_hybrid_original_kernels.h:32:13: note: 'bc_tm' declared here
   32 | static void bc_tm(const int8_t* Wt,int M,int K,int Mpad,int8_t* codes){ int T=K/2;
      |             ^     ~~~~~~~~~~~~~~~~~~~~~~~~~~
2 warnings and 8 errors generated.

