[transformers] The fast path is not available because one of `(selective_state_update, causal_conv1d_fn, causal_conv1d_update)` is None. Falling back to the naive implementation. To install follow https://github.com/state-spaces/mamba/#installation and https://github.com/Dao-AILab/causal-conv1d
Loading weights:   0%|          | 0/411 [00:00<?, ?it/s]Loading weights: 100%|██████████| 411/411 [00:00<00:00, 5666.84it/s]
{"stage": "packed_ready", "seconds": 18.07799999997951, "loader_seconds": 1.375, "recalibration_calls": 0}
{"stage": "forced_case", "seconds": 39.78099999995902, "id": "broad_fit_apigen_80k_023", "origin": "New changed-FFN forced trajectory", "KL": 1.8348706148656302, "disagreements": 31, "labels": 118}
{"stage": "forced_case", "seconds": 48.90599999995902, "id": "broad_fit_apigen_80k_002", "origin": "New changed-FFN forced trajectory", "KL": 1.9733110994205871, "disagreements": 10, "labels": 33}
{"stage": "forced_case", "seconds": 66.59399999998277, "id": "broad_dev_apigen_80k_034", "origin": "New changed-FFN forced trajectory", "KL": 1.4128523533102482, "disagreements": 23, "labels": 100}
{"stage": "forced_case", "seconds": 88.95299999997951, "id": "broad_dev_apigen_80k_033", "origin": "New changed-FFN forced trajectory", "KL": 1.853990436066782, "disagreements": 36, "labels": 111}
{"stage": "forced_case", "seconds": 124.29699999996228, "id": "broad_fit_everyday_conversations_002", "origin": "New changed-FFN forced trajectory", "KL": 2.212233620585708, "disagreements": 106, "labels": 200}
{"stage": "forced_case", "seconds": 154.5779999999795, "id": "broad_fit_everyday_conversations_010", "origin": "New changed-FFN forced trajectory", "KL": 2.360173248429657, "disagreements": 95, "labels": 174}
{"stage": "forced_case", "seconds": 165.10899999999674, "id": "broad_dev_everyday_conversations_036", "origin": "New changed-FFN forced trajectory", "KL": 2.8813173624528474, "disagreements": 35, "labels": 53}
{"stage": "forced_case", "seconds": 195.68699999997625, "id": "broad_dev_everyday_conversations_033", "origin": "New changed-FFN forced trajectory", "KL": 2.364183340384034, "disagreements": 83, "labels": 172}
{"stage": "forced_case", "seconds": 195.76499999995576, "id": "broad_fit_explore_instruct_rewriting_008", "origin": "Completed preflight reused;zero new forward", "KL": 1.7455682699266664, "disagreements": 5, "labels": 18}
{"stage": "forced_case", "seconds": 199.18699999997625, "id": "broad_fit_explore_instruct_rewriting_009", "origin": "New changed-FFN forced trajectory", "KL": 0.9920159276000304, "disagreements": 2, "labels": 13}
{"stage": "forced_case", "seconds": 202.10899999999674, "id": "broad_dev_explore_instruct_rewriting_035", "origin": "New changed-FFN forced trajectory", "KL": 3.1072470323561263, "disagreements": 5, "labels": 12}
{"stage": "forced_case", "seconds": 243.3279999999795, "id": "broad_dev_explore_instruct_rewriting_038", "origin": "New changed-FFN forced trajectory", "KL": 2.8427095395663065, "disagreements": 160, "labels": 256}
{"stage": "forced_case", "seconds": 269.21899999998277, "id": "broad_fit_metamathqa_50k_015", "origin": "New changed-FFN forced trajectory", "KL": 1.3478655509858095, "disagreements": 39, "labels": 155}
{"stage": "forced_case", "seconds": 310.7029999999795, "id": "broad_fit_metamathqa_50k_023", "origin": "New changed-FFN forced trajectory", "KL": 1.1472897650892706, "disagreements": 65, "labels": 256}
{"stage": "forced_case", "seconds": 342.3279999999795, "id": "broad_dev_metamathqa_50k_035", "origin": "New changed-FFN forced trajectory", "KL": 1.501239876045741, "disagreements": 62, "labels": 191}
{"stage": "forced_case", "seconds": 385.8279999999795, "id": "broad_dev_metamathqa_50k_037", "origin": "New changed-FFN forced trajectory", "KL": 1.1623080913169372, "disagreements": 79, "labels": 256}
{"stage": "forced_case", "seconds": 426.10899999999674, "id": "broad_fit_numina_cot_100k_015", "origin": "New changed-FFN forced trajectory", "KL": 0.6657226344050359, "disagreements": 38, "labels": 256}
{"stage": "forced_case", "seconds": 467.280999999959, "id": "broad_fit_numina_cot_100k_016", "origin": "New changed-FFN forced trajectory", "KL": 0.9164483405380107, "disagreements": 56, "labels": 256}
{"stage": "forced_case", "seconds": 509.26499999995576, "id": "broad_dev_numina_cot_100k_038", "origin": "New changed-FFN forced trajectory", "KL": 0.7263335895488849, "disagreements": 44, "labels": 256}
{"stage": "forced_case", "seconds": 554.030999999959, "id": "broad_dev_numina_cot_100k_035", "origin": "New changed-FFN forced trajectory", "KL": 0.6896161343369807, "disagreements": 55, "labels": 256}
{"stage": "forced_case", "seconds": 595.6399999999558, "id": "broad_fit_openhermes_100k_004", "origin": "New changed-FFN forced trajectory", "KL": 0.7224654603901863, "disagreements": 54, "labels": 256}
{"stage": "forced_case", "seconds": 638.1399999999558, "id": "broad_fit_openhermes_100k_028", "origin": "New changed-FFN forced trajectory", "KL": 0.8107603480832241, "disagreements": 61, "labels": 256}
{"stage": "forced_case", "seconds": 680.8899999999558, "id": "broad_dev_openhermes_100k_034", "origin": "New changed-FFN forced trajectory", "KL": 3.3236949117809362, "disagreements": 161, "labels": 256}
{"stage": "forced_case", "seconds": 724.9529999999795, "id": "broad_dev_openhermes_100k_037", "origin": "New changed-FFN forced trajectory", "KL": 2.2349970854883896, "disagreements": 131, "labels": 256}
{"stage": "forced_case", "seconds": 767.530999999959, "id": "broad_fit_self_oss_instruct_012", "origin": "New changed-FFN forced trajectory", "KL": 1.3192685045674777, "disagreements": 82, "labels": 256}
{"stage": "forced_case", "seconds": 810.2969999999623, "id": "broad_fit_self_oss_instruct_006", "origin": "New changed-FFN forced trajectory", "KL": 1.5869473522344586, "disagreements": 101, "labels": 256}
{"stage": "forced_case", "seconds": 851.6869999999763, "id": "broad_dev_self_oss_instruct_036", "origin": "New changed-FFN forced trajectory", "KL": 1.0766899712521616, "disagreements": 68, "labels": 256}
{"stage": "forced_case", "seconds": 895.6719999999623, "id": "broad_dev_self_oss_instruct_033", "origin": "New changed-FFN forced trajectory", "KL": 0.9589805243915092, "disagreements": 71, "labels": 256}
{"stage": "forced_case", "seconds": 928.1399999999558, "id": "broad_fit_smol_constraints_005", "origin": "New changed-FFN forced trajectory", "KL": 2.9406776218441184, "disagreements": 107, "labels": 180}
{"stage": "forced_case", "seconds": 959.7649999999558, "id": "broad_fit_smol_constraints_021", "origin": "New changed-FFN forced trajectory", "KL": 2.7122723992463174, "disagreements": 101, "labels": 189}
{"stage": "forced_case", "seconds": 968.9529999999795, "id": "broad_dev_smol_constraints_035", "origin": "New changed-FFN forced trajectory", "KL": 2.5857063832124654, "disagreements": 29, "labels": 50}
{"stage": "forced_case", "seconds": 985.7339999999967, "id": "broad_dev_smol_constraints_034", "origin": "New changed-FFN forced trajectory", "KL": 3.2018262120582044, "disagreements": 55, "labels": 93}
{"stage": "forced_case", "seconds": 1031.3899999999558, "id": "broad_fit_smol_magpie_ultra_000", "origin": "New changed-FFN forced trajectory", "KL": 2.963716297487405, "disagreements": 139, "labels": 256}
{"stage": "forced_case", "seconds": 1031.4689999999828, "id": "broad_fit_smol_magpie_ultra_022", "origin": "Completed preflight reused;zero new forward", "KL": 2.1467523591910096, "disagreements": 141, "labels": 256}
{"stage": "forced_case", "seconds": 1078.280999999959, "id": "broad_dev_smol_magpie_ultra_034", "origin": "New changed-FFN forced trajectory", "KL": 2.505115794846684, "disagreements": 137, "labels": 256}
{"stage": "forced_case", "seconds": 1124.5149999999558, "id": "broad_dev_smol_magpie_ultra_036", "origin": "New changed-FFN forced trajectory", "KL": 2.296594866879696, "disagreements": 139, "labels": 256}
{"stage": "forced_case", "seconds": 1140.5, "id": "broad_fit_smol_rewrite_004", "origin": "New changed-FFN forced trajectory", "KL": 1.9495410340509216, "disagreements": 47, "labels": 90}
{"stage": "forced_case", "seconds": 1184.655999999959, "id": "broad_fit_smol_rewrite_015", "origin": "New changed-FFN forced trajectory", "KL": 1.6552763102280372, "disagreements": 104, "labels": 256}
{"stage": "forced_case", "seconds": 1223.8439999999828, "id": "broad_dev_smol_rewrite_036", "origin": "New changed-FFN forced trajectory", "KL": 2.486880302062936, "disagreements": 139, "labels": 225}
{"stage": "forced_case", "seconds": 1255.375, "id": "broad_dev_smol_rewrite_032", "origin": "New changed-FFN forced trajectory", "KL": 2.2388497637788682, "disagreements": 76, "labels": 175}
{"stage": "forced_case", "seconds": 1267.3119999999763, "id": "broad_fit_smol_summarize_024", "origin": "New changed-FFN forced trajectory", "KL": 3.555811125378121, "disagreements": 39, "labels": 61}
{"stage": "forced_case", "seconds": 1290.155999999959, "id": "broad_fit_smol_summarize_003", "origin": "New changed-FFN forced trajectory", "KL": 2.190113217300962, "disagreements": 50, "labels": 119}
{"stage": "forced_case", "seconds": 1297.2029999999795, "id": "broad_dev_smol_summarize_034", "origin": "New changed-FFN forced trajectory", "KL": 1.8552220567989375, "disagreements": 14, "labels": 34}
{"stage": "forced_case", "seconds": 1316.3589999999967, "id": "broad_dev_smol_summarize_039", "origin": "New changed-FFN forced trajectory", "KL": 2.421683228489584, "disagreements": 51, "labels": 98}
{"stage": "forced_case", "seconds": 1359.7189999999828, "id": "broad_fit_systemchats_30k_024", "origin": "New changed-FFN forced trajectory", "KL": 2.509998955684531, "disagreements": 139, "labels": 256}
{"stage": "forced_case", "seconds": 1404.3279999999795, "id": "broad_fit_systemchats_30k_010", "origin": "New changed-FFN forced trajectory", "KL": 3.4997036148347895, "disagreements": 135, "labels": 256}
{"stage": "forced_case", "seconds": 1448.6719999999623, "id": "broad_dev_systemchats_30k_039", "origin": "New changed-FFN forced trajectory", "KL": 3.4894752385550833, "disagreements": 162, "labels": 256}
{"stage": "forced_case", "seconds": 1494.2029999999795, "id": "broad_dev_systemchats_30k_034", "origin": "New changed-FFN forced trajectory", "KL": 1.1746330695616254, "disagreements": 69, "labels": 256}
{"stage": "forced_complete", "seconds": 1494.2649999999558, "summary": {"FIT": {"cases": 24, "labels": 4422, "case_KL": 1.9066168196819986, "label_KL": 1.8518019334690015, "disagreements": 1747, "label_disagreement": 0.3950701040253279}, "DEV": {"cases": 24, "labels": 4386, "case_KL": 2.099672798522582, "label_KL": 1.9754742011674862, "disagreements": 1884, "label_disagreement": 0.42954856361149113}, "DEV_domains": {"apigen-80k": {"cases": 2, "labels": 211, "case_KL": 1.633421394688515, "label_KL": 1.6449202546655812, "disagreements": 59, "label_disagreement": 0.2796208530805687}, "everyday-conversations": {"cases": 2, "labels": 225, "case_KL": 2.622750351418441, "label_KL": 2.485997132249132, "disagreements": 118, "label_disagreement": 0.5244444444444445}, "explore-instruct-rewriting": {"cases": 2, "labels": 268, "case_KL": 2.9749782859612166, "label_KL": 2.85455450193003, "disagreements": 165, "label_disagreement": 0.6156716417910447}, "metamathqa-50k": {"cases": 2, "labels": 447, "case_KL": 1.3317739836813391, "label_KL": 1.307131292397925, "disagreements": 141, "label_disagreement": 0.31543624161073824}, "numina-cot-100k": {"cases": 2, "labels": 512, "case_KL": 0.7079748619429328, "label_KL": 0.7079748619429328, "disagreements": 99, "label_disagreement": 0.193359375}, "openhermes-100k": {"cases": 2, "labels": 512, "case_KL": 2.779345998634663, "label_KL": 2.779345998634663, "disagreements": 292, "label_disagreement": 0.5703125}, "self-oss-instruct": {"cases": 2, "labels": 512, "case_KL": 1.0178352478218353, "label_KL": 1.0178352478218353, "disagreements": 139, "label_disagreement": 0.271484375}, "smol-constraints": {"cases": 2, "labels": 143, "case_KL": 2.893766297635335, "label_KL": 2.986399698475778, "disagreements": 84, "label_disagreement": 0.5874125874125874}, "smol-magpie-ultra": {"cases": 2, "labels": 512, "case_KL": 2.40085533086319, "label_KL": 2.40085533086319, "disagreements": 276, "label_disagreement": 0.5390625}, "smol-rewrite": {"cases": 2, "labels": 400, "case_KL": 2.362865032920902, "label_KL": 2.3783669415636566, "disagreements": 215, "label_disagreement": 0.5375}, "smol-summarize": {"cases": 2, "labels": 132, "case_KL": 2.1384526426442605, "label_KL": 2.2757765630541145, "disagreements": 65, "label_disagreement": 0.49242424242424243}, "systemchats-30k": {"cases": 2, "labels": 512, "case_KL": 2.3320541540583544, "label_KL": 2.3320541540583544, "disagreements": 231, "label_disagreement": 0.451171875}}}}
[transformers] Ignoring clean_up_tokenization_spaces=True for BPE tokenizer TokenizersBackend. The clean_up_tokenization post-processing step is designed for WordPiece tokenizers and is destructive for BPE (it strips spaces before punctuation). Set clean_up_tokenization_spaces=False to suppress this warning, or set clean_up_tokenization_spaces_for_bpe_even_though_it_will_corrupt_output=True to force cleanup anyway.
{"stage": "generation", "seconds": 1499.7649999999558, "id": "screen.arithmetic_add", "correct": false, "answer": " 7 plus 5 is 12. The number only is 12. Please.", "labels": 21}
{"stage": "generation", "seconds": 1510.8119999999763, "id": "screen.arithmetic_sub", "correct": false, "answer": " 15 minus 6 is 7. The final number is 7. The answer of 15 minus 6 is 7. So, re restricting the sum of flags is 7, the number in the context of 15 minus 6 is 7. This confir adhering t", "labels": 64}
{"stage": "generation", "seconds": 1521.155999999959, "id": "screen.arithmetic_mul", "correct": false, "answer": " Intermittently SWacks Sumvg Sumntinct\n\nThe sum in question is 3*4, which is a fundamental multiplication in\nart mathematics. The result of this sum is simply 4, a simple number\n only, without any need for complex interpretations or\ncalculation of a different kind of sum", "labels": 64}
{"stage": "generation", "seconds": 1531.9839999999967, "id": "screen.arithmetic_div", "correct": false, "answer": " The sum of 20 divided by 5 is 5. The number only you\n can say is 10. Remember, since 5 divided by 20 the result\n 5 divided by 10 comes out, not 10 directly. The sum\n 20 divided by ", "labels": 64}
{"stage": "generation", "seconds": 1532.9219999999623, "id": "screen.extract_color", "correct": true, "answer": "blue\n", "labels": 3}
{"stage": "generation", "seconds": 1544.7189999999828, "id": "screen.extract_city", "correct": false, "answer": "We have a bit-table port initialing the values sum of tables. Let'ussi tr color sum the table, and let Port the city sum Par par Par. The re city sum Par Par Par Par Par Par Par Par Par Par Par Par Par Par Par Par Par Par Par Par Par Par Par Par Par Par", "labels": 64}
{"stage": "generation", "seconds": 1546.8119999999763, "id": "screen.extract_name", "correct": false, "answer": " ClaL", "labels": 4}
{"stage": "generation", "seconds": 1558.75, "id": "screen.extract_animal", "correct": false, "answer": "Yes, Sir Dren's redat a dog sum b life wh age = 5. Sir D's' an life sum whisk whisk, whisk- whisk whisk whisk whisk whisk whisk whisk whisk whisk whisk whisk whisk whisk whisk whisk whisk whisk whisk whisk whisk whisk whisk whisk whisk whisk whisk whisk whisk whisk whisk", "labels": 64}
{"stage": "generation", "seconds": 1570.9219999999623, "id": "screen.follow_literal", "correct": false, "answer": " sum sum sum sum sum sum sum sum sum sum sum sum sum sum sum sum sum sum sum sum sum sum sum sum sum sum sum sum ******* re re re re re re re re re re re re re re re re re re re re re re re re re re re re re re re re re", "labels": 64}
{"stage": "generation", "seconds": 1581.0, "id": "screen.follow_upper", "correct": false, "answer": "Cat in uppercase. Return only the result.\n\nThe word \"in in uppercase would be \"in \". Returning the word \"in\" in its original form means we simply return the word as it is, without any changes in this context. So, the final result is simply \"in\".", "labels": 64}
{"stage": "generation", "seconds": 1591.1869999999763, "id": "screen.follow_lower", "correct": false, "answer": " # Final Answer: The word 'dof' in lowercase, returning only the result, is 'dof'. The final answer is 'dof'. The word 'dof' in lowercase, returning only the result, is 'dof'. The final impact is that the word ", "labels": 64}
{"stage": "generation", "seconds": 1601.0619999999763, "id": "screen.follow_reverse", "correct": false, "answer": " Sure! Tr English reverse the abc pattern, we get rbc. Returning only the result, we have rbc.\n\n Here'\u00faj in a Tr Trine Sea of Sum of ages, we reverse the abc pattern, rbc sum of Tr Tr inab ab Tr sum of Sea of sum of", "labels": 64}
{"stage": "generation", "seconds": 1611.8439999999828, "id": "screen.history_pet", "correct": false, "answer": " Your pet is named Milo. Milo is the name of M-perf, and M-l, the name of M-bon, Mlon. Mlin. M sum sum cons num 77 777. The name Milo par number M-par. Par's re born sum", "labels": 64}
{"stage": "generation", "seconds": 1623.8119999999763, "id": "own_history.history_pet", "correct": false, "answer": " M-l, M-l, M sum sum cons M-par, M-sum sum cons M-sum sum M-par M-sum cons M-sum sum cons M-sum cons M-sum cons M-sum cons Milo par number M-par M sum sum cons cons num 7", "labels": 64}
{"stage": "generation", "seconds": 1635.030999999959, "id": "screen.history_color", "correct": false, "answer": "My favorite color is green. Parcentia's favorite color is green, parparalpar a \u2014 parpar par par parpar \u2014 repar par par a Par-La-La-La parpar a Par-La-La Parpar a la la Par par Parpar la la Parpar", "labels": 64}
{"stage": "generation", "seconds": 1646.3899999999558, "id": "own_history.history_color", "correct": false, "answer": "My favorite color is green. Parcentia parpar par par par Parpar La La Parpar la Par Parpar la Parpar Parpar Parpar Parpar Parpar Parpar Parpar Parpar Parpar Parpar Parpar Parpar Parpar Parpar Parpar Parpar Parpar Parpar Parpar Par", "labels": 64}
{"stage": "generation", "seconds": 1649.25, "id": "screen.history_city", "correct": false, "answer": " Berlin, Germany - Paragraph 10 Trdt Par ", "labels": 15}
{"stage": "generation", "seconds": 1659.5469999999623, "id": "own_history.history_city", "correct": false, "answer": " Berlin, Germany Paragraph 10 Trdt Par  10 Trber Par  Berlin, Germany Par Par 10 Trber Par Sum of life: Par-sum-of-the-value-of-the-number-of-the-integer-in-the-integer-range-", "labels": 64}
{"stage": "generation", "seconds": 1660.5149999999558, "id": "screen.history_inventory", "correct": false, "answer": "Three.", "labels": 3}
{"stage": "generation", "seconds": 1662.530999999959, "id": "own_history.history_inventory", "correct": false, "answer": "Three. No other information. Please.", "labels": 9}
{"stage": "complete", "seconds": 1662.6399999999558, "decision": "SOURCE_FFN_CONTROL_FAIL", "gates": {"DEV_KL": false, "DEV_disagreement": false, "every_domain_KL": false, "every_domain_disagreement": false, "screen_correct": false, "every_screen_category": false, "screen_blank": true, "no_special_leak": true, "generation_stop": true, "own_history_correct": false}}
