[transformers] The fast path is not available because one of `(selective_state_update, causal_conv1d_fn, causal_conv1d_update)` is None. Falling back to the naive implementation. To install follow https://github.com/state-spaces/mamba/#installation and https://github.com/Dao-AILab/causal-conv1d
Loading weights:   0%|          | 0/411 [00:00<?, ?it/s]Loading weights: 100%|██████████| 411/411 [00:00<00:00, 6807.78it/s]
{"stage": "source_loaded", "seconds": 98.53099999995902}
[transformers] Ignoring clean_up_tokenization_spaces=True for BPE tokenizer TokenizersBackend. The clean_up_tokenization post-processing step is designed for WordPiece tokenizers and is destructive for BPE (it strips spaces before punctuation). Set clean_up_tokenization_spaces=False to suppress this warning, or set clean_up_tokenization_spaces_for_bpe_even_though_it_will_corrupt_output=True to force cleanup anyway.
{"stage": "supervision_ready", "seconds": 106.03099999995902, "case": "fit_explain", "prefix_ids": 32, "generated": 8}
{"stage": "supervision_ready", "seconds": 106.81199999997625, "case": "fit_arithmetic", "prefix_ids": 40, "generated": 2}
{"stage": "supervision_ready", "seconds": 108.07799999997951, "case": "fit_reading", "prefix_ids": 40, "generated": 8}
{"stage": "supervision_ready", "seconds": 108.71899999998277, "case": "fit_code", "prefix_ids": 42, "generated": 2}
{"stage": "supervision_ready", "seconds": 109.875, "case": "dev_rewrite", "prefix_ids": 27, "generated": 8}
{"stage": "supervision_ready", "seconds": 110.75, "case": "dev_history", "prefix_ids": 54, "generated": 4}
Traceback (most recent call last):
  File "D:\_THINGS\Progetti\SiliconLLM\benchmarks\native_expert_scaling\chatbot_hybrid_pilot.py", line 308, in <module>
    main(p.parse_args())
  File "D:\_THINGS\Progetti\SiliconLLM\benchmarks\native_expert_scaling\chatbot_hybrid_pilot.py", line 139, in main
    target = Target(config).to('cuda')
             ^^^^^^^^^^^^^^
  File "D:\_THINGS\Progetti\SiliconLLM\benchmarks\native_expert_scaling\chatbot_hybrid_target.py", line 134, in __init__
    c = target_config(source)
        ^^^^^^^^^^^^^^^^^^^^^
  File "D:\_THINGS\Progetti\SiliconLLM\benchmarks\native_expert_scaling\chatbot_hybrid_target.py", line 23, in target_config
    c.layer_types = ['mamba'] * L
    ^^^^^^^^^^^^^
  File "D:\_THINGS\Progetti\SiliconLLM\results\native_expert_scaling\chatbot_source_runtime\site\huggingface_hub\dataclasses.py", line 149, in __strict_setattr__
    original_setattr(self, name, value)
  File "D:\_THINGS\Progetti\SiliconLLM\results\native_expert_scaling\chatbot_source_runtime\site\huggingface_hub\dataclasses.py", line 149, in __strict_setattr__
    original_setattr(self, name, value)
  File "D:\_THINGS\Progetti\SiliconLLM\results\native_expert_scaling\chatbot_source_runtime\site\transformers\configuration_utils.py", line 449, in __setattr__
    super().__setattr__(key, value)
AttributeError: property 'layers_block_type' of 'FalconH1Config' object has no setter
