{"stage": "imports"}
{"stage": "reuse_qualified_whole_installation"}
Loading weights:   0%|          | 0/290 [00:00<?, ?it/s]Loading weights:  23%|██▎       | 66/290 [00:00<00:00, 650.53it/s]Loading weights:  46%|████▌     | 132/290 [00:00<00:00, 655.77it/s]Loading weights: 100%|██████████| 290/290 [00:00<00:00, 1376.04it/s]
{"stage": "evaluate_initial", "metrics": {"fit": {"cases": 160, "labels": 2437, "mean_KL": 5.666916673003891, "disagreement_fraction": 0.794009027492819, "categories": {"arithmetic": {"labels": 320, "mean_KL": 4.731563799727519, "disagreement_fraction": 0.75625}, "code": {"labels": 320, "mean_KL": 5.43657762312796, "disagreement_fraction": 0.8375}, "extraction": {"labels": 320, "mean_KL": 5.175737135597683, "disagreement_fraction": 0.6875}, "factual_text": {"labels": 320, "mean_KL": 5.280260002305295, "disagreement_fraction": 0.7375}, "history": {"labels": 286, "mean_KL": 5.102503047940222, "disagreement_fraction": 0.8706293706293706}, "instructions": {"labels": 303, "mean_KL": 5.647015512026478, "disagreement_fraction": 0.8052805280528053}, "multilingual": {"labels": 306, "mean_KL": 8.149087012407607, "disagreement_fraction": 0.8594771241830066}, "translation": {"labels": 262, "mean_KL": 5.90293662219894, "disagreement_fraction": 0.8129770992366412}}}, "development": {"cases": 40, "labels": 613, "mean_KL": 5.574134485480083, "disagreement_fraction": 0.7944535073409462, "categories": {"arithmetic": {"labels": 80, "mean_KL": 4.517533383792033, "disagreement_fraction": 0.8125}, "code": {"labels": 80, "mean_KL": 5.4768045007251205, "disagreement_fraction": 0.8625}, "extraction": {"labels": 80, "mean_KL": 5.152450870844769, "disagreement_fraction": 0.65}, "factual_text": {"labels": 80, "mean_KL": 5.193806824507192, "disagreement_fraction": 0.7125}, "history": {"labels": 75, "mean_KL": 4.8879521556198595, "disagreement_fraction": 0.8533333333333334}, "instructions": {"labels": 75, "mean_KL": 5.573255635897318, "disagreement_fraction": 0.7866666666666666}, "multilingual": {"labels": 77, "mean_KL": 8.003842799694507, "disagreement_fraction": 0.8961038961038961}, "translation": {"labels": 66, "mean_KL": 5.891065352568121, "disagreement_fraction": 0.7878787878787878}}}}, "resource": {"elapsed_seconds": 142.3279999999795, "OS_peak_snapshot": 2964324352, "GPU_peak_allocated": 3133402112, "GPU_peak_reserved": 3617587200}}
{"epoch": 0, "updates": 40, "last_loss": 0.40715134143829346, "resource": {"elapsed_seconds": 250.5, "OS_peak_snapshot": 2964324352, "GPU_peak_allocated": 3170646528, "GPU_peak_reserved": 3651141632}}
{"epoch": 0, "updates": 80, "last_loss": 0.41407299041748047, "resource": {"elapsed_seconds": 368.28100000001723, "OS_peak_snapshot": 2964324352, "GPU_peak_allocated": 3170928640, "GPU_peak_reserved": 3651141632}}
{"epoch": 0, "updates": 120, "last_loss": 0.8337029814720154, "resource": {"elapsed_seconds": 489.4529999999795, "OS_peak_snapshot": 2964324352, "GPU_peak_allocated": 3170969600, "GPU_peak_reserved": 3651141632}}
{"epoch": 0, "updates": 160, "last_loss": 0.4936070740222931, "resource": {"elapsed_seconds": 610.045999999973, "OS_peak_snapshot": 2964324352, "GPU_peak_allocated": 3171494400, "GPU_peak_reserved": 3651141632}}
{"epoch_completed": 1, "mean_case_KL": 1.8871184261981397, "seconds": 467.63999999995576}
{"epoch": 1, "updates": 200, "last_loss": 0.12673574686050415, "resource": {"elapsed_seconds": 727.8279999999795, "OS_peak_snapshot": 2964324352, "GPU_peak_allocated": 3171494400, "GPU_peak_reserved": 3651141632}}
{"epoch": 1, "updates": 240, "last_loss": 0.4276632070541382, "resource": {"elapsed_seconds": 836.420999999973, "OS_peak_snapshot": 2964324352, "GPU_peak_allocated": 3171494400, "GPU_peak_reserved": 3651141632}}
{"epoch": 1, "updates": 280, "last_loss": 0.5169203281402588, "resource": {"elapsed_seconds": 944.6560000000172, "OS_peak_snapshot": 2964324352, "GPU_peak_allocated": 3171494400, "GPU_peak_reserved": 3651141632}}
{"epoch": 1, "updates": 320, "last_loss": 0.39683860540390015, "resource": {"elapsed_seconds": 1053.5619999999763, "OS_peak_snapshot": 2964324352, "GPU_peak_allocated": 3171494400, "GPU_peak_reserved": 3653238784}}
{"epoch_completed": 2, "mean_case_KL": 0.8897512593772262, "seconds": 443.51600000000326}
{"epoch": 2, "updates": 360, "last_loss": 0.27419400215148926, "resource": {"elapsed_seconds": 1162.4060000000172, "OS_peak_snapshot": 2964324352, "GPU_peak_allocated": 3171494400, "GPU_peak_reserved": 3653238784}}
{"epoch": 2, "updates": 400, "last_loss": 0.18571650981903076, "resource": {"elapsed_seconds": 1274.265000000014, "OS_peak_snapshot": 2964324352, "GPU_peak_allocated": 3171494400, "GPU_peak_reserved": 3653238784}}
{"epoch": 2, "updates": 440, "last_loss": 0.47042304277420044, "resource": {"elapsed_seconds": 1392.7179999999935, "OS_peak_snapshot": 2964324352, "GPU_peak_allocated": 3171494400, "GPU_peak_reserved": 3653238784}}
{"epoch": 2, "updates": 480, "last_loss": 0.29202306270599365, "resource": {"elapsed_seconds": 1505.3279999999795, "OS_peak_snapshot": 2964324352, "GPU_peak_allocated": 3171494400, "GPU_peak_reserved": 3653238784}}
{"epoch_completed": 3, "mean_case_KL": 0.5989142337115482, "seconds": 451.76600000000326}
{"epoch": 3, "updates": 520, "last_loss": 0.09709623456001282, "resource": {"elapsed_seconds": 1614.5619999999763, "OS_peak_snapshot": 2964324352, "GPU_peak_allocated": 3171494400, "GPU_peak_reserved": 3653238784}}
{"epoch": 3, "updates": 560, "last_loss": 0.14813190698623657, "resource": {"elapsed_seconds": 1723.140000000014, "OS_peak_snapshot": 2964324352, "GPU_peak_allocated": 3171494400, "GPU_peak_reserved": 3653238784}}
{"epoch": 3, "updates": 600, "last_loss": 0.29062092304229736, "resource": {"elapsed_seconds": 1832.3589999999967, "OS_peak_snapshot": 2964324352, "GPU_peak_allocated": 3171494400, "GPU_peak_reserved": 3653238784}}
{"epoch": 3, "updates": 640, "last_loss": 0.23889745771884918, "resource": {"elapsed_seconds": 1942.545999999973, "OS_peak_snapshot": 2964324352, "GPU_peak_allocated": 3171494400, "GPU_peak_reserved": 3653238784}}
{"epoch_completed": 4, "mean_case_KL": 0.4194444590015337, "seconds": 437.2029999999795}
{"epoch": 4, "updates": 680, "last_loss": 0.097287617623806, "resource": {"elapsed_seconds": 2046.045999999973, "OS_peak_snapshot": 2964324352, "GPU_peak_allocated": 3171494400, "GPU_peak_reserved": 3653238784}}
{"epoch": 4, "updates": 720, "last_loss": 0.10387429594993591, "resource": {"elapsed_seconds": 2146.75, "OS_peak_snapshot": 2964324352, "GPU_peak_allocated": 3171494400, "GPU_peak_reserved": 3653238784}}
{"epoch": 4, "updates": 760, "last_loss": 0.3929678201675415, "resource": {"elapsed_seconds": 2245.9839999999967, "OS_peak_snapshot": 2964324352, "GPU_peak_allocated": 3171494400, "GPU_peak_reserved": 3653238784}}
{"epoch": 4, "updates": 800, "last_loss": 0.24605655670166016, "resource": {"elapsed_seconds": 2350.670999999973, "OS_peak_snapshot": 2964324352, "GPU_peak_allocated": 3171494400, "GPU_peak_reserved": 3653238784}}
{"epoch_completed": 5, "mean_case_KL": 0.3611008736654185, "seconds": 408.14100000000326}
{"epoch": 5, "updates": 840, "last_loss": 0.10756375640630722, "resource": {"elapsed_seconds": 2461.265000000014, "OS_peak_snapshot": 2964324352, "GPU_peak_allocated": 3171494400, "GPU_peak_reserved": 3653238784}}
{"epoch": 5, "updates": 880, "last_loss": 0.11370375752449036, "resource": {"elapsed_seconds": 2575.170999999973, "OS_peak_snapshot": 2964324352, "GPU_peak_allocated": 3171494400, "GPU_peak_reserved": 3653238784}}
{"epoch": 5, "updates": 920, "last_loss": 0.19560202956199646, "resource": {"elapsed_seconds": 2692.795999999973, "OS_peak_snapshot": 2964324352, "GPU_peak_allocated": 3171494400, "GPU_peak_reserved": 3653238784}}
{"epoch": 5, "updates": 960, "last_loss": 0.15203335881233215, "resource": {"elapsed_seconds": 2803.390000000014, "OS_peak_snapshot": 2964324352, "GPU_peak_allocated": 3171494400, "GPU_peak_reserved": 3653238784}}
{"epoch_completed": 6, "mean_case_KL": 0.26787240750854835, "seconds": 452.7030000000377}
{"epoch": 6, "updates": 1000, "last_loss": 0.09440049529075623, "resource": {"elapsed_seconds": 2912.0, "OS_peak_snapshot": 2964324352, "GPU_peak_allocated": 3171494400, "GPU_peak_reserved": 3653238784}}
{"epoch": 6, "updates": 1040, "last_loss": 0.10363875329494476, "resource": {"elapsed_seconds": 3025.8279999999795, "OS_peak_snapshot": 2964324352, "GPU_peak_allocated": 3171494400, "GPU_peak_reserved": 3653238784}}
{"epoch": 6, "updates": 1080, "last_loss": 0.1694306880235672, "resource": {"elapsed_seconds": 3134.0310000000172, "OS_peak_snapshot": 2964324352, "GPU_peak_allocated": 3171494400, "GPU_peak_reserved": 3653238784}}
{"epoch": 6, "updates": 1120, "last_loss": 0.1383710354566574, "resource": {"elapsed_seconds": 3238.420999999973, "OS_peak_snapshot": 2964324352, "GPU_peak_allocated": 3171494400, "GPU_peak_reserved": 3653238784}}
{"epoch_completed": 7, "mean_case_KL": 0.25238792996970005, "seconds": 435.01499999995576}
{"epoch": 7, "updates": 1160, "last_loss": 0.056911662220954895, "resource": {"elapsed_seconds": 3348.0929999999935, "OS_peak_snapshot": 2964324352, "GPU_peak_allocated": 3171494400, "GPU_peak_reserved": 3653238784}}
{"epoch": 7, "updates": 1200, "last_loss": 0.11806643009185791, "resource": {"elapsed_seconds": 3452.1560000000172, "OS_peak_snapshot": 2964324352, "GPU_peak_allocated": 3171494400, "GPU_peak_reserved": 3653238784}}
{"epoch": 7, "updates": 1240, "last_loss": 0.17003978788852692, "resource": {"elapsed_seconds": 3564.2179999999935, "OS_peak_snapshot": 2964324352, "GPU_peak_allocated": 3171494400, "GPU_peak_reserved": 3653238784}}
{"epoch": 7, "updates": 1280, "last_loss": 0.10684894025325775, "resource": {"elapsed_seconds": 3665.545999999973, "OS_peak_snapshot": 2964324352, "GPU_peak_allocated": 3171494400, "GPU_peak_reserved": 3653238784}}
{"epoch_completed": 8, "mean_case_KL": 0.21276554856449365, "seconds": 427.125}
{"stage": "evaluate_final", "metrics": {"fit": {"cases": 160, "labels": 2437, "mean_KL": 0.4316734379594514, "disagreement_fraction": 0.15880180549856382, "categories": {"arithmetic": {"labels": 320, "mean_KL": 0.2620289654147129, "disagreement_fraction": 0.171875}, "code": {"labels": 320, "mean_KL": 0.33525532634066624, "disagreement_fraction": 0.209375}, "extraction": {"labels": 320, "mean_KL": 0.24787008697608712, "disagreement_fraction": 0.071875}, "factual_text": {"labels": 320, "mean_KL": 0.21475030412093474, "disagreement_fraction": 0.1625}, "history": {"labels": 286, "mean_KL": 0.11152721746404838, "disagreement_fraction": 0.10139860139860139}, "instructions": {"labels": 303, "mean_KL": 0.4882874403410764, "disagreement_fraction": 0.1551155115511551}, "multilingual": {"labels": 306, "mean_KL": 1.3582691806981042, "disagreement_fraction": 0.2679738562091503}, "translation": {"labels": 262, "mean_KL": 0.44786420565927815, "disagreement_fraction": 0.12213740458015267}}}, "development": {"cases": 40, "labels": 613, "mean_KL": 0.5545752935731516, "disagreement_fraction": 0.18433931484502447, "categories": {"arithmetic": {"labels": 80, "mean_KL": 0.3738539013398622, "disagreement_fraction": 0.1625}, "code": {"labels": 80, "mean_KL": 0.32408302218773316, "disagreement_fraction": 0.225}, "extraction": {"labels": 80, "mean_KL": 0.2649727762059001, "disagreement_fraction": 0.075}, "factual_text": {"labels": 80, "mean_KL": 0.23711161553192142, "disagreement_fraction": 0.1625}, "history": {"labels": 75, "mean_KL": 0.6629420545395988, "disagreement_fraction": 0.24}, "instructions": {"labels": 75, "mean_KL": 0.7023249638667525, "disagreement_fraction": 0.18666666666666668}, "multilingual": {"labels": 77, "mean_KL": 1.4509555138163752, "disagreement_fraction": 0.2987012987012987}, "translation": {"labels": 66, "mean_KL": 0.45203558779956604, "disagreement_fraction": 0.12121212121212122}}}}, "resource": {"elapsed_seconds": 3788.625, "OS_peak_snapshot": 3032653824, "GPU_peak_allocated": 3171494400, "GPU_peak_reserved": 3653238784}}
{"decision": "CLOSE_FIXED_WHOLE_OUTPUT_FIT_REQUIRE_FIRST_AUDIT", "transfer_gates": {"fit_absolute_KL_le_0p10": false, "fit_disagreement_le_0p15": false, "fit_relative_KL_le_0p20": true, "development_absolute_KL_le_0p10": false, "development_disagreement_le_0p15": false, "development_relative_KL_le_0p20": true, "DEV_each_category_KL_le_0p20": false, "DEV_each_category_disagreement_le_0p25": false}, "resource": {"elapsed_seconds": 3789.375, "OS_peak_snapshot": 3034857472, "GPU_peak_allocated": 3171494400, "GPU_peak_reserved": 3653238784}}
