[transformers] The fast path is not available because one of `(selective_state_update, causal_conv1d_fn, causal_conv1d_update)` is None. Falling back to the naive implementation. To install follow https://github.com/state-spaces/mamba/#installation and https://github.com/Dao-AILab/causal-conv1d
{"stage": "target_ready", "seconds": 12.96799999999348, "initial_optimizer_step": 296, "resumed_boundary": 2}
{"stage": "before_reused", "seconds": 13.0, "cases": 48, "updates_reused": 2}
{"stage": "update", "seconds": 61.04599999997299, "step": 3, "id": "broad_fit_explore_instruct_rewriting_008", "KL": 9.992094039916992, "seconds_with_snapshot": 47.875, "durable": 3}
{"stage": "update", "seconds": 109.43699999997625, "step": 4, "id": "broad_fit_metamathqa_50k_015", "KL": 7.9923906326293945, "seconds_with_snapshot": 48.23499999998603, "durable": 4}
{"stage": "update", "seconds": 159.14000000001397, "step": 5, "id": "broad_fit_numina_cot_100k_015", "KL": 7.324711322784424, "seconds_with_snapshot": 49.53100000001723, "durable": 5}
{"stage": "update", "seconds": 209.09299999999348, "step": 6, "id": "broad_fit_openhermes_100k_004", "KL": 6.330789566040039, "seconds_with_snapshot": 49.75, "durable": 6}
{"stage": "update", "seconds": 259.68699999997625, "step": 7, "id": "broad_fit_self_oss_instruct_006", "KL": 9.496686935424805, "seconds_with_snapshot": 50.43799999996554, "durable": 7}
{"stage": "update", "seconds": 309.23399999999674, "step": 8, "id": "broad_fit_smol_constraints_005", "KL": 8.67692756652832, "seconds_with_snapshot": 49.21899999998277, "durable": 8}
{"stage": "update", "seconds": 368.39000000001397, "step": 9, "id": "broad_fit_smol_magpie_ultra_000", "KL": 9.16366958618164, "seconds_with_snapshot": 58.92200000002049, "durable": 9}
{"stage": "update", "seconds": 417.64000000001397, "step": 10, "id": "broad_fit_smol_rewrite_004", "KL": 8.246411323547363, "seconds_with_snapshot": 49.03200000000652, "durable": 10}
{"stage": "update", "seconds": 469.90600000001723, "step": 11, "id": "broad_fit_smol_summarize_003", "KL": 11.268150329589844, "seconds_with_snapshot": 51.76600000000326, "durable": 11}
{"stage": "update", "seconds": 524.9369999999763, "step": 12, "id": "broad_fit_systemchats_30k_010", "KL": 8.973779678344727, "seconds_with_snapshot": 54.84399999998277, "durable": 12}
{"stage": "update", "seconds": 576.795999999973, "step": 13, "id": "broad_fit_apigen_80k_023", "KL": 7.599399566650391, "seconds_with_snapshot": 51.45299999997951, "durable": 13}
{"stage": "update", "seconds": 625.5929999999935, "step": 14, "id": "broad_fit_everyday_conversations_010", "KL": 7.288593769073486, "seconds_with_snapshot": 48.60999999998603, "durable": 14}
{"stage": "update", "seconds": 672.1560000000172, "step": 15, "id": "broad_fit_explore_instruct_rewriting_009", "KL": 9.039454460144043, "seconds_with_snapshot": 46.40600000001723, "durable": 15}
{"stage": "update", "seconds": 722.25, "step": 16, "id": "broad_fit_metamathqa_50k_023", "KL": 6.140401840209961, "seconds_with_snapshot": 49.90700000000652, "durable": 16}
{"stage": "update", "seconds": 769.6869999999763, "step": 17, "id": "broad_fit_numina_cot_100k_016", "KL": 6.873701572418213, "seconds_with_snapshot": 47.28200000000652, "durable": 17}
{"stage": "update", "seconds": 816.9679999999935, "step": 18, "id": "broad_fit_openhermes_100k_028", "KL": 7.784548759460449, "seconds_with_snapshot": 47.07799999997951, "durable": 18}
{"stage": "update", "seconds": 865.640000000014, "step": 19, "id": "broad_fit_self_oss_instruct_012", "KL": 8.206550598144531, "seconds_with_snapshot": 48.46899999998277, "durable": 19}
{"stage": "update", "seconds": 917.5779999999795, "step": 20, "id": "broad_fit_smol_constraints_021", "KL": 7.7899651527404785, "seconds_with_snapshot": 51.73499999998603, "durable": 20}
{"stage": "update", "seconds": 980.920999999973, "step": 21, "id": "broad_fit_smol_magpie_ultra_022", "KL": 7.953550338745117, "seconds_with_snapshot": 63.20299999997951, "durable": 21}
{"stage": "update", "seconds": 1032.6089999999967, "step": 22, "id": "broad_fit_smol_rewrite_015", "KL": 8.83433723449707, "seconds_with_snapshot": 50.39100000000326, "durable": 22}
{"stage": "update", "seconds": 1084.0, "step": 23, "id": "broad_fit_smol_summarize_024", "KL": 7.850846290588379, "seconds_with_snapshot": 50.51600000000326, "durable": 23}
{"stage": "update", "seconds": 1134.295999999973, "step": 24, "id": "broad_fit_systemchats_30k_024", "KL": 8.110404968261719, "seconds_with_snapshot": 49.23500000004424, "durable": 24}
{"stage": "after", "seconds": 1137.7810000000172, "id": "broad_fit_apigen_80k_023", "KL": 3.457160234451294, "disagreements": 82, "labels": 118}
{"stage": "after", "seconds": 1141.5310000000172, "id": "broad_fit_apigen_80k_002", "KL": 3.475823163986206, "disagreements": 20, "labels": 33}
{"stage": "after", "seconds": 1145.295999999973, "id": "broad_dev_apigen_80k_034", "KL": 4.704173564910889, "disagreements": 67, "labels": 100}
{"stage": "after", "seconds": 1148.5619999999763, "id": "broad_dev_apigen_80k_033", "KL": 5.277585506439209, "disagreements": 80, "labels": 111}
{"stage": "after", "seconds": 1151.7179999999935, "id": "broad_fit_everyday_conversations_002", "KL": 4.378764629364014, "disagreements": 172, "labels": 200}
{"stage": "after", "seconds": 1155.015000000014, "id": "broad_fit_everyday_conversations_010", "KL": 4.218128681182861, "disagreements": 140, "labels": 174}
{"stage": "after", "seconds": 1157.765000000014, "id": "broad_dev_everyday_conversations_036", "KL": 6.547534942626953, "disagreements": 46, "labels": 53}
{"stage": "after", "seconds": 1160.6869999999763, "id": "broad_dev_everyday_conversations_033", "KL": 7.018306255340576, "disagreements": 157, "labels": 172}
{"stage": "after", "seconds": 1163.4060000000172, "id": "broad_fit_explore_instruct_rewriting_008", "KL": 2.537745237350464, "disagreements": 10, "labels": 18}
{"stage": "after", "seconds": 1166.1869999999763, "id": "broad_fit_explore_instruct_rewriting_009", "KL": 2.244964361190796, "disagreements": 7, "labels": 13}
{"stage": "after", "seconds": 1168.9060000000172, "id": "broad_dev_explore_instruct_rewriting_035", "KL": 6.794967174530029, "disagreements": 10, "labels": 12}
{"stage": "after", "seconds": 1172.5310000000172, "id": "broad_dev_explore_instruct_rewriting_038", "KL": 7.736809253692627, "disagreements": 229, "labels": 256}
{"stage": "after", "seconds": 1174.9369999999763, "id": "broad_fit_metamathqa_50k_015", "KL": 3.6579976081848145, "disagreements": 109, "labels": 155}
{"stage": "after", "seconds": 1179.0, "id": "broad_fit_metamathqa_50k_023", "KL": 3.5067169666290283, "disagreements": 200, "labels": 256}
{"stage": "after", "seconds": 1181.8279999999795, "id": "broad_dev_metamathqa_50k_035", "KL": 5.394925117492676, "disagreements": 154, "labels": 191}
{"stage": "after", "seconds": 1185.920999999973, "id": "broad_dev_metamathqa_50k_037", "KL": 5.557183742523193, "disagreements": 203, "labels": 256}
{"stage": "after", "seconds": 1189.920999999973, "id": "broad_fit_numina_cot_100k_015", "KL": 3.3873963356018066, "disagreements": 178, "labels": 256}
{"stage": "after", "seconds": 1194.5310000000172, "id": "broad_fit_numina_cot_100k_016", "KL": 4.05042028427124, "disagreements": 205, "labels": 256}
{"stage": "after", "seconds": 1197.7810000000172, "id": "broad_dev_numina_cot_100k_038", "KL": 5.030372619628906, "disagreements": 213, "labels": 256}
{"stage": "after", "seconds": 1200.9060000000172, "id": "broad_dev_numina_cot_100k_035", "KL": 5.888418197631836, "disagreements": 220, "labels": 256}
{"stage": "after", "seconds": 1205.875, "id": "broad_fit_openhermes_100k_004", "KL": 3.6227784156799316, "disagreements": 198, "labels": 256}
{"stage": "after", "seconds": 1211.2029999999795, "id": "broad_fit_openhermes_100k_028", "KL": 4.9683661460876465, "disagreements": 201, "labels": 256}
{"stage": "after", "seconds": 1214.7029999999795, "id": "broad_dev_openhermes_100k_034", "KL": 8.675069808959961, "disagreements": 236, "labels": 256}
{"stage": "after", "seconds": 1218.25, "id": "broad_dev_openhermes_100k_037", "KL": 7.254447937011719, "disagreements": 236, "labels": 256}
{"stage": "after", "seconds": 1222.545999999973, "id": "broad_fit_self_oss_instruct_012", "KL": 5.281409740447998, "disagreements": 212, "labels": 256}
{"stage": "after", "seconds": 1225.9679999999935, "id": "broad_fit_self_oss_instruct_006", "KL": 4.582039833068848, "disagreements": 214, "labels": 256}
{"stage": "after", "seconds": 1230.1869999999763, "id": "broad_dev_self_oss_instruct_036", "KL": 6.926504135131836, "disagreements": 225, "labels": 256}
{"stage": "after", "seconds": 1234.7810000000172, "id": "broad_dev_self_oss_instruct_033", "KL": 6.680629730224609, "disagreements": 223, "labels": 256}
{"stage": "after", "seconds": 1239.0779999999795, "id": "broad_fit_smol_constraints_005", "KL": 4.555749416351318, "disagreements": 161, "labels": 180}
{"stage": "after", "seconds": 1242.9060000000172, "id": "broad_fit_smol_constraints_021", "KL": 4.972019672393799, "disagreements": 162, "labels": 189}
{"stage": "after", "seconds": 1245.5619999999763, "id": "broad_dev_smol_constraints_035", "KL": 7.756176471710205, "disagreements": 46, "labels": 50}
{"stage": "after", "seconds": 1249.4529999999795, "id": "broad_dev_smol_constraints_034", "KL": 7.979610443115234, "disagreements": 90, "labels": 93}
{"stage": "after", "seconds": 1254.625, "id": "broad_fit_smol_magpie_ultra_000", "KL": 4.929348945617676, "disagreements": 222, "labels": 256}
{"stage": "after", "seconds": 1259.125, "id": "broad_fit_smol_magpie_ultra_022", "KL": 5.690210819244385, "disagreements": 232, "labels": 256}
{"stage": "after", "seconds": 1263.5929999999935, "id": "broad_dev_smol_magpie_ultra_034", "KL": 7.725076675415039, "disagreements": 234, "labels": 256}
{"stage": "after", "seconds": 1268.3429999999935, "id": "broad_dev_smol_magpie_ultra_036", "KL": 7.883664608001709, "disagreements": 236, "labels": 256}
{"stage": "after", "seconds": 1271.920999999973, "id": "broad_fit_smol_rewrite_004", "KL": 3.6315274238586426, "disagreements": 70, "labels": 90}
{"stage": "after", "seconds": 1275.6089999999967, "id": "broad_fit_smol_rewrite_015", "KL": 6.874221324920654, "disagreements": 236, "labels": 256}
{"stage": "after", "seconds": 1279.3589999999967, "id": "broad_dev_smol_rewrite_036", "KL": 6.137226581573486, "disagreements": 204, "labels": 225}
{"stage": "after", "seconds": 1282.5929999999935, "id": "broad_dev_smol_rewrite_032", "KL": 8.164237976074219, "disagreements": 164, "labels": 175}
{"stage": "after", "seconds": 1285.8279999999795, "id": "broad_fit_smol_summarize_024", "KL": 6.145497798919678, "disagreements": 58, "labels": 61}
{"stage": "after", "seconds": 1289.2029999999795, "id": "broad_fit_smol_summarize_003", "KL": 5.07374906539917, "disagreements": 101, "labels": 119}
{"stage": "after", "seconds": 1292.3589999999967, "id": "broad_dev_smol_summarize_034", "KL": 9.352469444274902, "disagreements": 34, "labels": 34}
{"stage": "after", "seconds": 1295.5779999999795, "id": "broad_dev_smol_summarize_039", "KL": 9.054947853088379, "disagreements": 90, "labels": 98}
{"stage": "after", "seconds": 1302.295999999973, "id": "broad_fit_systemchats_30k_024", "KL": 7.331258773803711, "disagreements": 215, "labels": 256}
{"stage": "after", "seconds": 1306.9369999999763, "id": "broad_fit_systemchats_30k_010", "KL": 4.8094305992126465, "disagreements": 217, "labels": 256}
{"stage": "after", "seconds": 1311.5310000000172, "id": "broad_dev_systemchats_30k_039", "KL": 7.894744873046875, "disagreements": 223, "labels": 256}
{"stage": "after", "seconds": 1316.3429999999935, "id": "broad_dev_systemchats_30k_034", "KL": 6.34391975402832, "disagreements": 217, "labels": 256}
{"stage": "after_summary", "seconds": 1316.7339999999967, "summary": {"overall": {"cases": 48, "labels": 8808, "case_KL": 5.732536002993584, "label_KL": 5.815179694027812, "disagreements": 7459, "label_disagreement": 0.846843778383288, "case_disagreement": 0.832559745166379}, "domains": {"apigen-80k": {"cases": 4, "labels": 362, "case_KL": 4.228685617446899, "label_KL": 4.361536850558159, "disagreements": 249, "label_disagreement": 0.6878453038674033, "case_disagreement": 0.6729241452546537}, "everyday-conversations": {"cases": 4, "labels": 599, "case_KL": 5.540683627128601, "label_KL": 5.281928958896803, "disagreements": 515, "label_disagreement": 0.8597662771285476, "case_disagreement": 0.8613282317814327}, "explore-instruct-rewriting": {"cases": 4, "labels": 299, "case_KL": 4.828621506690979, "label_KL": 7.147246600455763, "disagreements": 256, "label_disagreement": 0.8561872909698997, "case_disagreement": 0.7054704193376069}, "metamathqa-50k": {"cases": 4, "labels": 858, "case_KL": 4.529205858707428, "label_KL": 4.566175767501572, "disagreements": 666, "label_disagreement": 0.7762237762237763, "case_disagreement": 0.7709318197411754}, "numina-cot-100k": {"cases": 4, "labels": 1024, "case_KL": 4.589151859283447, "label_KL": 4.589151782008457, "disagreements": 816, "label_disagreement": 0.796875, "case_disagreement": 0.796875}, "openhermes-100k": {"cases": 4, "labels": 1024, "case_KL": 6.1301655769348145, "label_KL": 6.130165589469016, "disagreements": 871, "label_disagreement": 0.8505859375, "case_disagreement": 0.8505859375}, "self-oss-instruct": {"cases": 4, "labels": 1024, "case_KL": 5.867645859718323, "label_KL": 5.867645660188828, "disagreements": 874, "label_disagreement": 0.853515625, "case_disagreement": 0.853515625}, "smol-constraints": {"cases": 4, "labels": 512, "case_KL": 6.315889000892639, "label_KL": 5.643865688936785, "disagreements": 459, "label_disagreement": 0.896484375, "case_disagreement": 0.9098323092677931}, "smol-magpie-ultra": {"cases": 4, "labels": 1024, "case_KL": 6.557075262069702, "label_KL": 6.557075432334841, "disagreements": 924, "label_disagreement": 0.90234375, "case_disagreement": 0.90234375}, "smol-rewrite": {"cases": 4, "labels": 746, "case_KL": 6.2018033266067505, "label_KL": 6.563345506121501, "disagreements": 674, "label_disagreement": 0.903485254691689, "case_disagreement": 0.8858655753968254}, "smol-summarize": {"cases": 4, "labels": 312, "case_KL": 7.406666040420532, "label_KL": 7.0000654977197065, "disagreements": 283, "label_disagreement": 0.907051282051282, "case_disagreement": 0.9294816287170606}, "systemchats-30k": {"cases": 4, "labels": 1024, "case_KL": 6.594838500022888, "label_KL": 6.594838490171014, "disagreements": 872, "label_disagreement": 0.8515625, "case_disagreement": 0.8515625}}, "FIT": {"cases": 24, "labels": 4422, "case_KL": 4.4742802282174425, "label_KL": 4.738137697688857, "disagreements": 3622, "label_disagreement": 0.8190863862505654, "case_disagreement": 0.7906063837171072}, "DEV": {"cases": 24, "labels": 4386, "case_KL": 6.990791777769725, "label_KL": 6.901061980350398, "disagreements": 3837, "label_disagreement": 0.874829001367989, "case_disagreement": 0.8745131066156508}, "DEV_domains": {"apigen-80k": {"cases": 2, "labels": 211, "case_KL": 4.990879535675049, "label_KL": 5.005825872510954, "disagreements": 147, "label_disagreement": 0.6966824644549763, "case_disagreement": 0.6953603603603604}, "everyday-conversations": {"cases": 2, "labels": 225, "case_KL": 6.782920598983765, "label_KL": 6.907413649029202, "disagreements": 203, "label_disagreement": 0.9022222222222223, "case_disagreement": 0.8903576129881527}, "explore-instruct-rewriting": {"cases": 2, "labels": 268, "case_KL": 7.265888214111328, "label_KL": 7.694637270560905, "disagreements": 239, "label_disagreement": 0.8917910447761194, "case_disagreement": 0.8639322916666667}, "metamathqa-50k": {"cases": 2, "labels": 447, "case_KL": 5.476054430007935, "label_KL": 5.487851542205337, "disagreements": 357, "label_disagreement": 0.7986577181208053, "case_disagreement": 0.7996257362565444}, "numina-cot-100k": {"cases": 2, "labels": 512, "case_KL": 5.459395408630371, "label_KL": 5.459395339649291, "disagreements": 433, "label_disagreement": 0.845703125, "case_disagreement": 0.845703125}, "openhermes-100k": {"cases": 2, "labels": 512, "case_KL": 7.96475887298584, "label_KL": 7.964758765330771, "disagreements": 472, "label_disagreement": 0.921875, "case_disagreement": 0.921875}, "self-oss-instruct": {"cases": 2, "labels": 512, "case_KL": 6.803566932678223, "label_KL": 6.803566750451864, "disagreements": 448, "label_disagreement": 0.875, "case_disagreement": 0.875}, "smol-constraints": {"cases": 2, "labels": 143, "case_KL": 7.86789345741272, "label_KL": 7.901486656882546, "disagreements": 136, "label_disagreement": 0.951048951048951, "case_disagreement": 0.9438709677419355}, "smol-magpie-ultra": {"cases": 2, "labels": 512, "case_KL": 7.804370641708374, "label_KL": 7.804370757658035, "disagreements": 470, "label_disagreement": 0.91796875, "case_disagreement": 0.91796875}, "smol-rewrite": {"cases": 2, "labels": 400, "case_KL": 7.1507322788238525, "label_KL": 7.024044200368226, "disagreements": 368, "label_disagreement": 0.92, "case_disagreement": 0.9219047619047619}, "smol-summarize": {"cases": 2, "labels": 132, "case_KL": 9.20370864868164, "label_KL": 9.131582537383744, "disagreements": 124, "label_disagreement": 0.9393939393939394, "case_disagreement": 0.9591836734693877}, "systemchats-30k": {"cases": 2, "labels": 512, "case_KL": 7.119332313537598, "label_KL": 7.119332060334273, "disagreements": 440, "label_disagreement": 0.859375, "case_disagreement": 0.859375}}}}
{"stage": "retention", "seconds": 1319.170999999973, "id": "dev_reading_16", "KL": 2.51589298248291, "disagreements": 2, "labels": 3}
{"stage": "retention", "seconds": 1321.7179999999935, "id": "dev_history_16", "KL": 2.5722129344940186, "disagreements": 2, "labels": 3}
{"stage": "retention", "seconds": 1325.420999999973, "id": "dev_arithmetic_16", "KL": 2.5161101818084717, "disagreements": 29, "labels": 61}
{"stage": "retention", "seconds": 1328.170999999973, "id": "dev_planning_16", "KL": 5.5186285972595215, "disagreements": 12, "labels": 21}
{"stage": "retention", "seconds": 1330.5779999999795, "id": "dev_instruction_16", "KL": 8.027242660522461, "disagreements": 2, "labels": 3}
{"stage": "retention", "seconds": 1333.7029999999795, "id": "dev_code_16", "KL": 2.2545650005340576, "disagreements": 7, "labels": 13}
{"stage": "retention", "seconds": 1335.890000000014, "id": "dev_rewrite_16", "KL": 3.394566059112549, "disagreements": 8, "labels": 11}
{"stage": "retention", "seconds": 1338.625, "id": "dev_explanation_16", "KL": 4.30641508102417, "disagreements": 24, "labels": 41}
{"stage": "retention", "seconds": 1341.75, "id": "dev_reading_17", "KL": 3.2448785305023193, "disagreements": 2, "labels": 3}
{"stage": "retention", "seconds": 1345.295999999973, "id": "dev_arithmetic_17", "KL": 2.1836867332458496, "disagreements": 24, "labels": 63}
{"stage": "retention", "seconds": 1348.0779999999795, "id": "dev_history_17", "KL": 2.5866544246673584, "disagreements": 2, "labels": 3}
{"stage": "retention", "seconds": 1351.5929999999935, "id": "dev_rewrite_17", "KL": 2.865062952041626, "disagreements": 10, "labels": 19}
{"stage": "retention", "seconds": 1355.0, "id": "dev_instruction_17", "KL": 2.2398617267608643, "disagreements": 12, "labels": 29}
{"stage": "retention", "seconds": 1358.2179999999935, "id": "dev_planning_17", "KL": 3.068773031234741, "disagreements": 50, "labels": 85}
{"stage": "retention", "seconds": 1361.7179999999935, "id": "dev_explanation_17", "KL": 2.7226884365081787, "disagreements": 30, "labels": 53}
{"stage": "retention", "seconds": 1365.6869999999763, "id": "dev_code_17", "KL": 1.818395733833313, "disagreements": 32, "labels": 73}
{"stage": "retention", "seconds": 1368.6560000000172, "id": "dev_planning_18", "KL": 2.3053226470947266, "disagreements": 34, "labels": 64}
{"stage": "retention", "seconds": 1371.6869999999763, "id": "dev_explanation_18", "KL": 1.5592772960662842, "disagreements": 14, "labels": 54}
{"stage": "retention", "seconds": 1374.515000000014, "id": "dev_rewrite_18", "KL": 3.1819632053375244, "disagreements": 8, "labels": 15}
{"stage": "retention", "seconds": 1377.8429999999935, "id": "dev_history_18", "KL": 5.504476070404053, "disagreements": 4, "labels": 4}
{"stage": "retention", "seconds": 1380.2029999999795, "id": "dev_instruction_18", "KL": 3.4509737491607666, "disagreements": 7, "labels": 9}
{"stage": "retention", "seconds": 1384.5619999999763, "id": "dev_code_18", "KL": 3.058544158935547, "disagreements": 41, "labels": 54}
{"stage": "retention", "seconds": 1389.640000000014, "id": "dev_arithmetic_18", "KL": 1.9050941467285156, "disagreements": 42, "labels": 96}
{"stage": "retention", "seconds": 1392.2029999999795, "id": "dev_reading_18", "KL": 5.399822235107422, "disagreements": 3, "labels": 4}
{"stage": "retention", "seconds": 1394.8429999999935, "id": "dev_reading_19", "KL": 3.6521425247192383, "disagreements": 2, "labels": 3}
{"stage": "retention", "seconds": 1397.4529999999795, "id": "dev_rewrite_19", "KL": 3.994615077972412, "disagreements": 16, "labels": 26}
{"stage": "retention", "seconds": 1400.4839999999967, "id": "dev_explanation_19", "KL": 2.0806427001953125, "disagreements": 15, "labels": 47}
{"stage": "retention", "seconds": 1404.2029999999795, "id": "dev_planning_19", "KL": 3.1284868717193604, "disagreements": 16, "labels": 29}
{"stage": "retention", "seconds": 1407.5779999999795, "id": "dev_code_19", "KL": 2.2907378673553467, "disagreements": 49, "labels": 96}
{"stage": "retention", "seconds": 1410.2029999999795, "id": "dev_instruction_19", "KL": 3.342360734939575, "disagreements": 7, "labels": 18}
{"stage": "retention", "seconds": 1413.2339999999967, "id": "dev_history_19", "KL": 1.6979014873504639, "disagreements": 2, "labels": 4}
{"stage": "retention", "seconds": 1416.1089999999967, "id": "dev_arithmetic_19", "KL": 2.228548049926758, "disagreements": 48, "labels": 96}
{"stage": "retention_summary", "seconds": 1416.2029999999795, "summary": {"overall": {"cases": 32, "labels": 1103, "case_KL": 3.1442669965326786, "label_KL": 2.6025551505077744, "disagreements": 556, "label_disagreement": 0.5040797824116047, "case_disagreement": 0.5701741209307063}, "domains": {"arithmetic": {"cases": 4, "labels": 316, "case_KL": 2.2083597779273987, "label_KL": 2.1768500748817305, "disagreements": 143, "label_disagreement": 0.4525316455696203, "case_disagreement": 0.44846555425448864}, "code": {"cases": 4, "labels": 236, "case_KL": 2.355560690164566, "label_KL": 2.3183237263613177, "disagreements": 129, "label_disagreement": 0.5466101694915254, "case_disagreement": 0.5616234071927565}, "explanation": {"cases": 4, "labels": 195, "case_KL": 2.6672558784484863, "label_KL": 2.578752306421162, "disagreements": 83, "label_disagreement": 0.4256410256410256, "case_disagreement": 0.4324529462342663}, "history": {"cases": 4, "labels": 14, "case_KL": 3.0903112292289734, "label_KL": 3.163293628620782, "disagreements": 10, "label_disagreement": 0.7142857142857143, "case_disagreement": 0.7083333333333333}, "instruction": {"cases": 4, "labels": 59, "case_KL": 4.265109717845917, "label_KL": 3.0552367318611022, "disagreements": 28, "label_disagreement": 0.4745762711864407, "case_disagreement": 0.5617816091954023}, "planning": {"cases": 4, "labels": 199, "case_KL": 3.5053027868270874, "label_KL": 3.090470619982017, "disagreements": 112, "label_disagreement": 0.5628140703517588, "case_disagreement": 0.5606595008693133}, "reading": {"cases": 4, "labels": 13, "case_KL": 3.7031840682029724, "label_KL": 3.833694647764787, "disagreements": 9, "label_disagreement": 0.6923076923076923, "case_disagreement": 0.6875}, "rewrite": {"cases": 4, "labels": 71, "case_KL": 3.359051823616028, "label_KL": 3.4276879774111415, "disagreements": 42, "label_disagreement": 0.5915492957746479, "case_disagreement": 0.60057661636609}}}}
{"stage": "complete", "seconds": 1420.390000000014, "decision": "BROAD24_PREFIX_TRANSFER_FAIL", "gates": {"FIT_relative": true, "DEV_relative": true, "DEV_absolute_KL": false, "DEV_absolute_disagreement": false, "DEV_every_domain_KL": false, "DEV_every_domain_disagreement": false, "old_DEV_KL_retention": true, "old_DEV_disagreement_retention": false}}
