[transformers] The fast path is not available because one of `(selective_state_update, causal_conv1d_fn, causal_conv1d_update)` is None. Falling back to the naive implementation. To install follow https://github.com/state-spaces/mamba/#installation and https://github.com/Dao-AILab/causal-conv1d
Loading weights:   0%|          | 0/411 [00:00<?, ?it/s]Loading weights: 100%|██████████| 411/411 [00:00<00:00, 6612.32it/s]
{"stage": "captured_case", "elapsed_seconds": 28.31200000003446, "id": "broad_fit_apigen_80k_023", "domain": "apigen-80k", "split": "FIT", "labels": 118, "completed": 1, "new_source_forwards": 118, "logits_all_bits_equal": true}
{"stage": "captured_case", "elapsed_seconds": 35.46799999999348, "id": "broad_fit_apigen_80k_002", "domain": "apigen-80k", "split": "FIT", "labels": 33, "completed": 2, "new_source_forwards": 151, "logits_all_bits_equal": true}
{"stage": "captured_case", "elapsed_seconds": 50.09299999999348, "id": "broad_dev_apigen_80k_034", "domain": "apigen-80k", "split": "DEV", "labels": 100, "completed": 3, "new_source_forwards": 251, "logits_all_bits_equal": true}
{"stage": "captured_case", "elapsed_seconds": 67.71799999999348, "id": "broad_dev_apigen_80k_033", "domain": "apigen-80k", "split": "DEV", "labels": 111, "completed": 4, "new_source_forwards": 362, "logits_all_bits_equal": true}
{"stage": "captured_case", "elapsed_seconds": 96.84299999999348, "id": "broad_fit_everyday_conversations_002", "domain": "everyday-conversations", "split": "FIT", "labels": 200, "completed": 5, "new_source_forwards": 562, "logits_all_bits_equal": true}
{"stage": "captured_case", "elapsed_seconds": 121.14000000001397, "id": "broad_fit_everyday_conversations_010", "domain": "everyday-conversations", "split": "FIT", "labels": 174, "completed": 6, "new_source_forwards": 736, "logits_all_bits_equal": true}
{"stage": "captured_case", "elapsed_seconds": 129.625, "id": "broad_dev_everyday_conversations_036", "domain": "everyday-conversations", "split": "DEV", "labels": 53, "completed": 7, "new_source_forwards": 789, "logits_all_bits_equal": true}
{"stage": "captured_case", "elapsed_seconds": 152.9220000000205, "id": "broad_dev_everyday_conversations_033", "domain": "everyday-conversations", "split": "DEV", "labels": 172, "completed": 8, "new_source_forwards": 961, "logits_all_bits_equal": true}
{"stage": "reused_case", "elapsed_seconds": 153.01500000001397, "id": "broad_fit_explore_instruct_rewriting_008", "completed": 9, "labels": 18}
{"stage": "captured_case", "elapsed_seconds": 155.64000000001397, "id": "broad_fit_explore_instruct_rewriting_009", "domain": "explore-instruct-rewriting", "split": "FIT", "labels": 13, "completed": 10, "new_source_forwards": 974, "logits_all_bits_equal": true}
{"stage": "reused_case", "elapsed_seconds": 155.71799999999348, "id": "broad_dev_explore_instruct_rewriting_035", "completed": 11, "labels": 12}
{"stage": "captured_case", "elapsed_seconds": 190.32800000003772, "id": "broad_dev_explore_instruct_rewriting_038", "domain": "explore-instruct-rewriting", "split": "DEV", "labels": 256, "completed": 12, "new_source_forwards": 1230, "logits_all_bits_equal": true}
{"stage": "captured_case", "elapsed_seconds": 212.18700000003446, "id": "broad_fit_metamathqa_50k_015", "domain": "metamathqa-50k", "split": "FIT", "labels": 155, "completed": 13, "new_source_forwards": 1385, "logits_all_bits_equal": true}
{"stage": "captured_case", "elapsed_seconds": 247.4220000000205, "id": "broad_fit_metamathqa_50k_023", "domain": "metamathqa-50k", "split": "FIT", "labels": 256, "completed": 14, "new_source_forwards": 1641, "logits_all_bits_equal": true}
{"stage": "captured_case", "elapsed_seconds": 274.875, "id": "broad_dev_metamathqa_50k_035", "domain": "metamathqa-50k", "split": "DEV", "labels": 191, "completed": 15, "new_source_forwards": 1832, "logits_all_bits_equal": true}
{"stage": "captured_case", "elapsed_seconds": 311.375, "id": "broad_dev_metamathqa_50k_037", "domain": "metamathqa-50k", "split": "DEV", "labels": 256, "completed": 16, "new_source_forwards": 2088, "logits_all_bits_equal": true}
{"stage": "captured_case", "elapsed_seconds": 346.75, "id": "broad_fit_numina_cot_100k_015", "domain": "numina-cot-100k", "split": "FIT", "labels": 256, "completed": 17, "new_source_forwards": 2344, "logits_all_bits_equal": true}
{"stage": "captured_case", "elapsed_seconds": 383.625, "id": "broad_fit_numina_cot_100k_016", "domain": "numina-cot-100k", "split": "FIT", "labels": 256, "completed": 18, "new_source_forwards": 2600, "logits_all_bits_equal": true}
{"stage": "captured_case", "elapsed_seconds": 420.14000000001397, "id": "broad_dev_numina_cot_100k_038", "domain": "numina-cot-100k", "split": "DEV", "labels": 256, "completed": 19, "new_source_forwards": 2856, "logits_all_bits_equal": true}
{"stage": "captured_case", "elapsed_seconds": 457.56200000003446, "id": "broad_dev_numina_cot_100k_035", "domain": "numina-cot-100k", "split": "DEV", "labels": 256, "completed": 20, "new_source_forwards": 3112, "logits_all_bits_equal": true}
{"stage": "captured_case", "elapsed_seconds": 493.26500000001397, "id": "broad_fit_openhermes_100k_004", "domain": "openhermes-100k", "split": "FIT", "labels": 256, "completed": 21, "new_source_forwards": 3368, "logits_all_bits_equal": true}
{"stage": "captured_case", "elapsed_seconds": 533.3589999999967, "id": "broad_fit_openhermes_100k_028", "domain": "openhermes-100k", "split": "FIT", "labels": 256, "completed": 22, "new_source_forwards": 3624, "logits_all_bits_equal": true}
{"stage": "captured_case", "elapsed_seconds": 572.0470000000205, "id": "broad_dev_openhermes_100k_034", "domain": "openhermes-100k", "split": "DEV", "labels": 256, "completed": 23, "new_source_forwards": 3880, "logits_all_bits_equal": true}
{"stage": "captured_case", "elapsed_seconds": 609.640000000014, "id": "broad_dev_openhermes_100k_037", "domain": "openhermes-100k", "split": "DEV", "labels": 256, "completed": 24, "new_source_forwards": 4136, "logits_all_bits_equal": true}
{"stage": "captured_case", "elapsed_seconds": 650.5780000000377, "id": "broad_fit_self_oss_instruct_012", "domain": "self-oss-instruct", "split": "FIT", "labels": 256, "completed": 25, "new_source_forwards": 4392, "logits_all_bits_equal": true}
{"stage": "captured_case", "elapsed_seconds": 689.4530000000377, "id": "broad_fit_self_oss_instruct_006", "domain": "self-oss-instruct", "split": "FIT", "labels": 256, "completed": 26, "new_source_forwards": 4648, "logits_all_bits_equal": true}
{"stage": "captured_case", "elapsed_seconds": 726.375, "id": "broad_dev_self_oss_instruct_036", "domain": "self-oss-instruct", "split": "DEV", "labels": 256, "completed": 27, "new_source_forwards": 4904, "logits_all_bits_equal": true}
{"stage": "captured_case", "elapsed_seconds": 761.875, "id": "broad_dev_self_oss_instruct_033", "domain": "self-oss-instruct", "split": "DEV", "labels": 256, "completed": 28, "new_source_forwards": 5160, "logits_all_bits_equal": true}
{"stage": "captured_case", "elapsed_seconds": 789.3120000000345, "id": "broad_fit_smol_constraints_005", "domain": "smol-constraints", "split": "FIT", "labels": 180, "completed": 29, "new_source_forwards": 5340, "logits_all_bits_equal": true}
{"stage": "captured_case", "elapsed_seconds": 819.515000000014, "id": "broad_fit_smol_constraints_021", "domain": "smol-constraints", "split": "FIT", "labels": 189, "completed": 30, "new_source_forwards": 5529, "logits_all_bits_equal": true}
{"stage": "captured_case", "elapsed_seconds": 828.2339999999967, "id": "broad_dev_smol_constraints_035", "domain": "smol-constraints", "split": "DEV", "labels": 50, "completed": 31, "new_source_forwards": 5579, "logits_all_bits_equal": true}
{"stage": "captured_case", "elapsed_seconds": 841.9839999999967, "id": "broad_dev_smol_constraints_034", "domain": "smol-constraints", "split": "DEV", "labels": 93, "completed": 32, "new_source_forwards": 5672, "logits_all_bits_equal": true}
{"stage": "captured_case", "elapsed_seconds": 878.8120000000345, "id": "broad_fit_smol_magpie_ultra_000", "domain": "smol-magpie-ultra", "split": "FIT", "labels": 256, "completed": 33, "new_source_forwards": 5928, "logits_all_bits_equal": true}
{"stage": "reused_case", "elapsed_seconds": 878.9060000000172, "id": "broad_fit_smol_magpie_ultra_022", "completed": 34, "labels": 256}
{"stage": "captured_case", "elapsed_seconds": 916.1870000000345, "id": "broad_dev_smol_magpie_ultra_034", "domain": "smol-magpie-ultra", "split": "DEV", "labels": 256, "completed": 35, "new_source_forwards": 6184, "logits_all_bits_equal": true}
{"stage": "reused_case", "elapsed_seconds": 916.2970000000205, "id": "broad_dev_smol_magpie_ultra_036", "completed": 36, "labels": 256}
{"stage": "captured_case", "elapsed_seconds": 930.515000000014, "id": "broad_fit_smol_rewrite_004", "domain": "smol-rewrite", "split": "FIT", "labels": 90, "completed": 37, "new_source_forwards": 6274, "logits_all_bits_equal": true}
{"stage": "captured_case", "elapsed_seconds": 966.9370000000345, "id": "broad_fit_smol_rewrite_015", "domain": "smol-rewrite", "split": "FIT", "labels": 256, "completed": 38, "new_source_forwards": 6530, "logits_all_bits_equal": true}
{"stage": "captured_case", "elapsed_seconds": 1001.890000000014, "id": "broad_dev_smol_rewrite_036", "domain": "smol-rewrite", "split": "DEV", "labels": 225, "completed": 39, "new_source_forwards": 6755, "logits_all_bits_equal": true}
{"stage": "captured_case", "elapsed_seconds": 1028.265000000014, "id": "broad_dev_smol_rewrite_032", "domain": "smol-rewrite", "split": "DEV", "labels": 175, "completed": 40, "new_source_forwards": 6930, "logits_all_bits_equal": true}
{"stage": "captured_case", "elapsed_seconds": 1038.5929999999935, "id": "broad_fit_smol_summarize_024", "domain": "smol-summarize", "split": "FIT", "labels": 61, "completed": 41, "new_source_forwards": 6991, "logits_all_bits_equal": true}
{"stage": "captured_case", "elapsed_seconds": 1058.2179999999935, "id": "broad_fit_smol_summarize_003", "domain": "smol-summarize", "split": "FIT", "labels": 119, "completed": 42, "new_source_forwards": 7110, "logits_all_bits_equal": true}
{"stage": "captured_case", "elapsed_seconds": 1064.9530000000377, "id": "broad_dev_smol_summarize_034", "domain": "smol-summarize", "split": "DEV", "labels": 34, "completed": 43, "new_source_forwards": 7144, "logits_all_bits_equal": true}
{"stage": "captured_case", "elapsed_seconds": 1081.5470000000205, "id": "broad_dev_smol_summarize_039", "domain": "smol-summarize", "split": "DEV", "labels": 98, "completed": 44, "new_source_forwards": 7242, "logits_all_bits_equal": true}
{"stage": "captured_case", "elapsed_seconds": 1117.5620000000345, "id": "broad_fit_systemchats_30k_024", "domain": "systemchats-30k", "split": "FIT", "labels": 256, "completed": 45, "new_source_forwards": 7498, "logits_all_bits_equal": true}
{"stage": "captured_case", "elapsed_seconds": 1155.3429999999935, "id": "broad_fit_systemchats_30k_010", "domain": "systemchats-30k", "split": "FIT", "labels": 256, "completed": 46, "new_source_forwards": 7754, "logits_all_bits_equal": true}
{"stage": "captured_case", "elapsed_seconds": 1195.7339999999967, "id": "broad_dev_systemchats_30k_039", "domain": "systemchats-30k", "split": "DEV", "labels": 256, "completed": 47, "new_source_forwards": 8010, "logits_all_bits_equal": true}
{"stage": "captured_case", "elapsed_seconds": 1234.140000000014, "id": "broad_dev_systemchats_30k_034", "domain": "systemchats-30k", "split": "DEV", "labels": 256, "completed": 48, "new_source_forwards": 8266, "logits_all_bits_equal": true}
{"stage": "complete", "elapsed_seconds": 1234.4839999999967, "decision": "SOURCE_FFN_BROAD_OPERANDS_PASS"}
