[transformers] PyTorch was not found. Models won't be available and only tokenizers, configuration and file/data utilities can be used.
Traceback (most recent call last):
  File "D:\_THINGS\Progetti\SiliconLLM\benchmarks\native_expert_scaling\chatbot_interaction.py", line 154, in main
    assert canonical==encoded==original==independent,('token-ID mismatch',case['name'])
           ^^^^^^^^^^^^^^^^^^^^^^^^^^^^^^^^^^^^^^^^^
AssertionError: ('token-ID mismatch', 'default_system_generation')

During handling of the above exception, another exception occurred:

Traceback (most recent call last):
  File "D:\_THINGS\Progetti\SiliconLLM\benchmarks\native_expert_scaling\chatbot_interaction.py", line 220, in <module>
    main(p.parse_args())
  File "D:\_THINGS\Progetti\SiliconLLM\benchmarks\native_expert_scaling\chatbot_interaction.py", line 209, in main
    write(args.out.with_suffix('.failure.json'),r)
  File "D:\_THINGS\Progetti\SiliconLLM\benchmarks\native_expert_scaling\chatbot_interaction.py", line 102, in write
    data=(json.dumps(value,ensure_ascii=False,separators=(',',':'),allow_nan=False)+'\n').encode('utf8')
          ^^^^^^^^^^^^^^^^^^^^^^^^^^^^^^^^^^^^^^^^^^^^^^^^^^^^^^^^^^^^^^^^^^^^^^^^^
  File "C:\Users\giosa\AppData\Local\Programs\Python\Python312\Lib\json\__init__.py", line 238, in dumps
    **kw).encode(obj)
          ^^^^^^^^^^^
  File "C:\Users\giosa\AppData\Local\Programs\Python\Python312\Lib\json\encoder.py", line 200, in encode
    chunks = self.iterencode(o, _one_shot=True)
             ^^^^^^^^^^^^^^^^^^^^^^^^^^^^^^^^^^
  File "C:\Users\giosa\AppData\Local\Programs\Python\Python312\Lib\json\encoder.py", line 258, in iterencode
    return _iterencode(o, 0)
           ^^^^^^^^^^^^^^^^^
  File "C:\Users\giosa\AppData\Local\Programs\Python\Python312\Lib\json\encoder.py", line 180, in default
    raise TypeError(f'Object of type {o.__class__.__name__} '
TypeError: Object of type BatchEncoding is not JSON serializable
