{"stage": "initial_complete", "elapsed_seconds": 29.46899999998277, "site": 0, "new_cases": 44, "reused_cases": 4}
{"stage": "actual_price", "elapsed_seconds": 37.28100000001723, "site": 0, "step_seconds": [0.0779999999795109, 0.031000000017229468], "projected_total_seconds": 167.0609999895678, "durable_state": {"path": "D:\\_THINGS\\Progetti\\SiliconLLM\\results\\native_expert_scaling\\chatbot_source_ffn_broad_recovery_20261009\\site00.state002.pt", "bytes": 339886856, "sha256": "44d6611d47c07db233180e6e9af19e3f115a4c7b5bab00c5f35b164c84893a38"}}
{"stage": "update", "elapsed_seconds": 39.20299999997951, "site": 0, "step": 32, "loss": 0.30770009756088257, "step_seconds": 0.030999999959021807}
{"stage": "update", "elapsed_seconds": 40.93699999997625, "site": 0, "step": 64, "loss": 0.2875591814517975, "step_seconds": 0.045999999972991645}
{"stage": "update", "elapsed_seconds": 42.65600000001723, "site": 0, "step": 96, "loss": 0.3007844388484955, "step_seconds": 0.031000000017229468}
{"stage": "update", "elapsed_seconds": 44.42200000002049, "site": 0, "step": 128, "loss": 0.2866069972515106, "step_seconds": 0.031000000017229468}
{"stage": "update", "elapsed_seconds": 46.31199999997625, "site": 0, "step": 160, "loss": 0.24731804430484772, "step_seconds": 0.030999999959021807}
{"stage": "update", "elapsed_seconds": 47.92200000002049, "site": 0, "step": 192, "loss": 0.27834492921829224, "step_seconds": 0.0470000000204891}
{"stage": "update", "elapsed_seconds": 49.65600000001723, "site": 0, "step": 224, "loss": 0.25891736149787903, "step_seconds": 0.031000000017229468}
{"stage": "update", "elapsed_seconds": 51.54700000002049, "site": 0, "step": 256, "loss": 0.22067664563655853, "step_seconds": 0.0470000000204891}
{"stage": "site_complete", "elapsed_seconds": 67.04700000002049, "site": 0, "DEV_ratio": 0.9274781206387863, "centered_DEV_ratio": 0.9340057038786792, "gates": {"DEV_improvement": false, "every_DEV_retention": true, "absolute_DEV_error": false, "every_DEV_cosine": false, "absolute_centered_DEV_error": false}}
{"stage": "initial_complete", "elapsed_seconds": 74.14100000000326, "site": 23, "new_cases": 44, "reused_cases": 4}
{"stage": "actual_price", "elapsed_seconds": 79.68699999997625, "site": 23, "step_seconds": [0.0779999999795109, 0.062000000034458935], "projected_total_seconds": 189.49899999477202, "durable_state": {"path": "D:\\_THINGS\\Progetti\\SiliconLLM\\results\\native_expert_scaling\\chatbot_source_ffn_broad_recovery_20261009\\site23.state002.pt", "bytes": 339886856, "sha256": "dce4380fe7128e3dc2b6d3ebd96cb2bf6dc4674e67faa165c06329ecb756334e"}}
{"stage": "update", "elapsed_seconds": 81.92200000002049, "site": 23, "step": 32, "loss": 0.05182269215583801, "step_seconds": 0.031000000017229468}
{"stage": "update", "elapsed_seconds": 84.26600000000326, "site": 23, "step": 64, "loss": 0.03182031959295273, "step_seconds": 0.03200000000651926}
{"stage": "update", "elapsed_seconds": 86.25, "site": 23, "step": 96, "loss": 0.039229460060596466, "step_seconds": 0.031000000017229468}
{"stage": "update", "elapsed_seconds": 88.35899999999674, "site": 23, "step": 128, "loss": 0.05037064477801323, "step_seconds": 0.031000000017229468}
{"stage": "update", "elapsed_seconds": 90.48399999999674, "site": 23, "step": 160, "loss": 0.026430588215589523, "step_seconds": 0.031000000017229468}
{"stage": "update", "elapsed_seconds": 92.46899999998277, "site": 23, "step": 192, "loss": 0.030298912897706032, "step_seconds": 0.03200000000651926}
{"stage": "update", "elapsed_seconds": 94.67200000002049, "site": 23, "step": 224, "loss": 0.0313531830906868, "step_seconds": 0.031000000017229468}
{"stage": "update", "elapsed_seconds": 96.68699999997625, "site": 23, "step": 256, "loss": 0.01687653735280037, "step_seconds": 0.030999999959021807}
{"stage": "site_complete", "elapsed_seconds": 111.01600000000326, "site": 23, "DEV_ratio": 0.4004384905080348, "centered_DEV_ratio": 0.670265542100293, "gates": {"DEV_improvement": true, "every_DEV_retention": true, "absolute_DEV_error": false, "every_DEV_cosine": false, "absolute_centered_DEV_error": false}}
{"stage": "complete", "elapsed_seconds": 111.18699999997625, "decision": "SOURCE_FFN_BROAD_RECOVERY_FAIL"}
