[transformers] The fast path is not available because one of `(selective_state_update, causal_conv1d_fn, causal_conv1d_update)` is None. Falling back to the naive implementation. To install follow https://github.com/state-spaces/mamba/#installation and https://github.com/Dao-AILab/causal-conv1d
{"stage": "adopted", "seconds": 11.51600000000326, "counters": [344, 26], "optimizer_updates": 0}
{"stage": "B_after", "seconds": 11.76600000000326, "id": "broad_fit_apigen_80k_023", "KL": 1.979877871405469, "differing": 37, "reused": true}
{"stage": "B_after", "seconds": 12.53200000000652, "id": "broad_fit_apigen_80k_002", "KL": 3.525108124343018, "differing": 19, "reused": true}
{"stage": "B_after", "seconds": 12.875, "id": "broad_dev_apigen_80k_034", "KL": 5.682267814390977, "differing": 67, "reused": true}
{"stage": "B_after", "seconds": 13.063000000023749, "id": "broad_dev_apigen_80k_033", "KL": 7.320466219124174, "differing": 77, "reused": true}
{"stage": "B_after", "seconds": 13.23499999998603, "id": "broad_fit_everyday_conversations_002", "KL": 3.07410051041452, "differing": 146, "reused": true}
{"stage": "B_after", "seconds": 13.438000000023749, "id": "broad_fit_everyday_conversations_010", "KL": 2.2442735223288715, "differing": 93, "reused": true}
{"stage": "B_after", "seconds": 13.64100000000326, "id": "broad_dev_everyday_conversations_036", "KL": 6.455360324418072, "differing": 48, "reused": true}
{"stage": "B_after", "seconds": 14.01600000000326, "id": "broad_dev_everyday_conversations_033", "KL": 6.933917956414997, "differing": 147, "reused": true}
{"stage": "B_after", "seconds": 14.202999999979511, "id": "broad_fit_explore_instruct_rewriting_008", "KL": 0.6082746662931711, "differing": 1, "reused": true}
{"stage": "B_after", "seconds": 14.422000000020489, "id": "broad_fit_explore_instruct_rewriting_009", "KL": 0.6872112253949568, "differing": 1, "reused": true}
{"stage": "B_after", "seconds": 14.64100000000326, "id": "broad_dev_explore_instruct_rewriting_035", "KL": 5.885803832927735, "differing": 9, "reused": true}
{"stage": "B_after", "seconds": 14.827999999979511, "id": "broad_dev_explore_instruct_rewriting_038", "KL": 7.900063118709801, "differing": 239, "reused": true}
{"stage": "B_after", "seconds": 15.03200000000652, "id": "broad_fit_metamathqa_50k_015", "KL": 2.59093278239295, "differing": 86, "reused": true}
{"stage": "B_after", "seconds": 15.40700000000652, "id": "broad_fit_metamathqa_50k_023", "KL": 2.2784810304490954, "differing": 145, "reused": true}
{"stage": "B_after", "seconds": 15.60999999998603, "id": "broad_dev_metamathqa_50k_035", "KL": 5.419467787800144, "differing": 152, "reused": true}
{"stage": "B_after", "seconds": 15.813000000023749, "id": "broad_dev_metamathqa_50k_037", "KL": 5.309854319745132, "differing": 199, "reused": true}
{"stage": "B_after", "seconds": 16.03200000000652, "id": "broad_fit_numina_cot_100k_015", "KL": 2.9539317822736466, "differing": 188, "reused": true}
{"stage": "B_after", "seconds": 19.64100000000326, "id": "broad_fit_numina_cot_100k_016", "KL": 2.455322845963055, "differing": 146, "reused": false}
{"stage": "B_after", "seconds": 23.03200000000652, "id": "broad_dev_numina_cot_100k_038", "KL": 4.057053035042005, "differing": 171, "reused": false}
{"stage": "B_after", "seconds": 26.81300000002375, "id": "broad_dev_numina_cot_100k_035", "KL": 5.829146231087971, "differing": 200, "reused": false}
{"stage": "B_after", "seconds": 30.28200000000652, "id": "broad_fit_openhermes_100k_004", "KL": 2.7522648604947237, "differing": 158, "reused": false}
{"stage": "B_after", "seconds": 33.71899999998277, "id": "broad_fit_openhermes_100k_028", "KL": 3.622499400789671, "differing": 173, "reused": false}
{"stage": "B_after", "seconds": 37.07799999997951, "id": "broad_dev_openhermes_100k_034", "KL": 8.615379193445438, "differing": 230, "reused": false}
{"stage": "B_after", "seconds": 41.79700000002049, "id": "broad_dev_openhermes_100k_037", "KL": 7.489878310686153, "differing": 232, "reused": false}
{"stage": "B_after", "seconds": 46.64100000000326, "id": "broad_fit_self_oss_instruct_012", "KL": 3.27601340315129, "differing": 199, "reused": false}
{"stage": "B_after", "seconds": 51.5, "id": "broad_fit_self_oss_instruct_006", "KL": 3.5024941946757258, "differing": 195, "reused": false}
{"stage": "B_after", "seconds": 55.53200000000652, "id": "broad_dev_self_oss_instruct_036", "KL": 7.043317847505307, "differing": 222, "reused": false}
{"stage": "B_after", "seconds": 60.90700000000652, "id": "broad_dev_self_oss_instruct_033", "KL": 6.956749376212834, "differing": 214, "reused": false}
{"stage": "B_after", "seconds": 64.79700000002049, "id": "broad_fit_smol_constraints_005", "KL": 3.0194089407782676, "differing": 110, "reused": false}
{"stage": "B_after", "seconds": 68.76600000000326, "id": "broad_fit_smol_constraints_021", "KL": 2.956123994703372, "differing": 120, "reused": false}
{"stage": "B_after", "seconds": 71.09399999998277, "id": "broad_dev_smol_constraints_035", "KL": 7.701172681447498, "differing": 43, "reused": false}
{"stage": "B_after", "seconds": 73.17200000002049, "id": "broad_dev_smol_constraints_034", "KL": 8.219945446954531, "differing": 87, "reused": false}
{"stage": "B_after", "seconds": 77.92200000002049, "id": "broad_fit_smol_magpie_ultra_000", "KL": 3.3249679030543344, "differing": 186, "reused": false}
{"stage": "B_after", "seconds": 82.98499999998603, "id": "broad_fit_smol_magpie_ultra_022", "KL": 2.743285616284413, "differing": 159, "reused": false}
{"stage": "B_after", "seconds": 88.57799999997951, "id": "broad_dev_smol_magpie_ultra_034", "KL": 7.429092526786198, "differing": 222, "reused": false}
{"stage": "B_after", "seconds": 93.5, "id": "broad_dev_smol_magpie_ultra_036", "KL": 8.235545759842402, "differing": 234, "reused": false}
{"stage": "B_after", "seconds": 95.92200000002049, "id": "broad_fit_smol_rewrite_004", "KL": 1.701928479347172, "differing": 35, "reused": false}
{"stage": "B_after", "seconds": 99.82799999997951, "id": "broad_fit_smol_rewrite_015", "KL": 3.7566270794863335, "differing": 196, "reused": false}
{"stage": "B_after", "seconds": 104.59399999998277, "id": "broad_dev_smol_rewrite_036", "KL": 6.2799547650569005, "differing": 204, "reused": false}
{"stage": "B_after", "seconds": 108.07799999997951, "id": "broad_dev_smol_rewrite_032", "KL": 8.566473004422262, "differing": 167, "reused": false}
{"stage": "B_after", "seconds": 111.46899999998277, "id": "broad_fit_smol_summarize_024", "KL": 1.919333082433173, "differing": 26, "reused": false}
{"stage": "B_after", "seconds": 114.78200000000652, "id": "broad_fit_smol_summarize_003", "KL": 2.2448208721177663, "differing": 55, "reused": false}
{"stage": "B_after", "seconds": 116.67200000002049, "id": "broad_dev_smol_summarize_034", "KL": 9.778592153936755, "differing": 33, "reused": false}
{"stage": "B_after", "seconds": 119.67200000002049, "id": "broad_dev_smol_summarize_039", "KL": 9.608220611140993, "differing": 94, "reused": false}
{"stage": "B_after", "seconds": 122.95299999997951, "id": "broad_fit_systemchats_30k_024", "KL": 3.3509643035869585, "differing": 182, "reused": false}
{"stage": "B_after", "seconds": 126.68800000002375, "id": "broad_fit_systemchats_30k_010", "KL": 3.273265191022369, "differing": 166, "reused": false}
{"stage": "B_after", "seconds": 130.5, "id": "broad_dev_systemchats_30k_039", "KL": 7.765210497485777, "differing": 222, "reused": false}
{"stage": "B_after", "seconds": 134.39100000000326, "id": "broad_dev_systemchats_30k_034", "KL": 6.642431284115392, "differing": 229, "reused": false}
{"stage": "B_retention", "seconds": 136.01600000000326, "id": "dev_reading_16", "KL": 3.0470680578646028, "differing": 2, "reused": false}
{"stage": "B_retention", "seconds": 137.75, "id": "dev_history_16", "KL": 3.493749960996814, "differing": 2, "reused": false}
{"stage": "B_retention", "seconds": 140.10999999998603, "id": "dev_arithmetic_16", "KL": 2.4388979413160903, "differing": 30, "reused": false}
{"stage": "B_retention", "seconds": 142.5470000000205, "id": "dev_planning_16", "KL": 5.604293392121062, "differing": 13, "reused": false}
{"stage": "B_retention", "seconds": 144.23499999998603, "id": "dev_instruction_16", "KL": 9.249707254781958, "differing": 2, "reused": false}
{"stage": "B_retention", "seconds": 145.53200000000652, "id": "dev_code_16", "KL": 2.1018138853372172, "differing": 9, "reused": false}
{"stage": "B_retention", "seconds": 147.4529999999795, "id": "dev_rewrite_16", "KL": 2.896865054335674, "differing": 6, "reused": false}
{"stage": "B_retention", "seconds": 149.6720000000205, "id": "dev_explanation_16", "KL": 4.319237595003598, "differing": 23, "reused": false}
{"stage": "B_retention", "seconds": 152.0, "id": "dev_reading_17", "KL": 2.9351796202065743, "differing": 2, "reused": false}
{"stage": "B_retention", "seconds": 154.2029999999795, "id": "dev_arithmetic_17", "KL": 2.075673158095474, "differing": 25, "reused": false}
{"stage": "B_retention", "seconds": 156.46899999998277, "id": "dev_history_17", "KL": 2.685103131804913, "differing": 1, "reused": false}
{"stage": "B_retention", "seconds": 158.5470000000205, "id": "dev_rewrite_17", "KL": 2.867962819496823, "differing": 6, "reused": false}
{"stage": "B_retention", "seconds": 160.6720000000205, "id": "dev_instruction_17", "KL": 2.910763613542127, "differing": 15, "reused": false}
{"stage": "B_retention", "seconds": 163.78200000000652, "id": "dev_planning_17", "KL": 2.935666025199296, "differing": 47, "reused": false}
{"stage": "B_retention", "seconds": 165.9529999999795, "id": "dev_explanation_17", "KL": 2.6743204786414516, "differing": 27, "reused": false}
{"stage": "B_retention", "seconds": 169.85999999998603, "id": "dev_code_17", "KL": 2.0117649481518702, "differing": 36, "reused": false}
{"stage": "B_retention", "seconds": 172.7029999999795, "id": "dev_planning_18", "KL": 2.207461719728982, "differing": 32, "reused": false}
{"stage": "B_retention", "seconds": 175.73499999998603, "id": "dev_explanation_18", "KL": 1.2705710282651022, "differing": 11, "reused": false}
{"stage": "B_retention", "seconds": 178.09399999998277, "id": "dev_rewrite_18", "KL": 3.1446851230219863, "differing": 5, "reused": false}
{"stage": "B_retention", "seconds": 180.23499999998603, "id": "dev_history_18", "KL": 6.471214594573289, "differing": 3, "reused": false}
{"stage": "B_retention", "seconds": 182.09399999998277, "id": "dev_instruction_18", "KL": 3.5613306778596012, "differing": 7, "reused": false}
{"stage": "B_retention", "seconds": 183.98499999998603, "id": "dev_code_18", "KL": 3.531184629704376, "differing": 38, "reused": false}
{"stage": "B_retention", "seconds": 186.84399999998277, "id": "dev_arithmetic_18", "KL": 1.9040064382222752, "differing": 38, "reused": false}
{"stage": "B_retention", "seconds": 189.59399999998277, "id": "dev_reading_18", "KL": 4.894510424929738, "differing": 3, "reused": false}
{"stage": "B_retention", "seconds": 192.76600000000326, "id": "dev_reading_19", "KL": 3.4184501196646635, "differing": 2, "reused": false}
{"stage": "B_retention", "seconds": 194.4220000000205, "id": "dev_rewrite_19", "KL": 4.3513888221986, "differing": 13, "reused": false}
{"stage": "B_retention", "seconds": 197.68800000002375, "id": "dev_explanation_19", "KL": 1.81382765219884, "differing": 15, "reused": false}
{"stage": "B_retention", "seconds": 200.39100000000326, "id": "dev_planning_19", "KL": 2.9772177389173593, "differing": 16, "reused": false}
{"stage": "B_retention", "seconds": 203.375, "id": "dev_code_19", "KL": 2.2741242764181275, "differing": 50, "reused": false}
{"stage": "B_retention", "seconds": 205.76600000000326, "id": "dev_instruction_19", "KL": 3.3899794600418653, "differing": 7, "reused": false}
{"stage": "B_retention", "seconds": 208.53200000000652, "id": "dev_history_19", "KL": 1.3427293696770475, "differing": 1, "reused": false}
{"stage": "B_retention", "seconds": 211.26600000000326, "id": "dev_arithmetic_19", "KL": 2.054451500994563, "differing": 46, "reused": false}
{"stage": "complete", "seconds": 212.0470000000205, "decision": "PAIRED_B_PREFERENCE_FAIL", "preference": {"B_DEV_KL": false, "B_every_domain_KL": true, "B_every_domain_disagreement": true}, "gates": {"A": {"DEV_absolute_KL": false, "DEV_absolute_disagreement": false, "DEV_every_domain_KL": false, "DEV_every_domain_disagreement": false, "old_DEV_KL_retention": true, "old_DEV_disagreement_retention": true}, "B": {"DEV_absolute_KL": false, "DEV_absolute_disagreement": false, "DEV_every_domain_KL": false, "DEV_every_domain_disagreement": false, "old_DEV_KL_retention": true, "old_DEV_disagreement_retention": true}}}
