{"stage": "imports"}
{"stage": "load_pure_original_source"}
Loading weights:   0%|          | 0/290 [00:00<?, ?it/s]Loading weights: 100%|██████████| 290/290 [00:00<00:00, 3304.67it/s]
{"stage": "NEW_original_own_history_capture"}
{"completed": 8, "payload_bytes": 59797504, "resource": {"elapsed_seconds": 30.59399999998277, "OS_peak_snapshot": 1981579264, "GPU_peak_allocated": 1035098112, "GPU_peak_reserved": 1077936128}}
{"completed": 16, "payload_bytes": 119896064, "resource": {"elapsed_seconds": 44.81299999996554, "OS_peak_snapshot": 1981579264, "GPU_peak_allocated": 1035098112, "GPU_peak_reserved": 1077936128}}
{"completed": 24, "payload_bytes": 179822592, "resource": {"elapsed_seconds": 60.92199999996228, "OS_peak_snapshot": 1981579264, "GPU_peak_allocated": 1035098112, "GPU_peak_reserved": 1077936128}}
{"completed": 32, "payload_bytes": 239964160, "resource": {"elapsed_seconds": 78.125, "OS_peak_snapshot": 1981579264, "GPU_peak_allocated": 1035098112, "GPU_peak_reserved": 1077936128}}
{"completed": 40, "payload_bytes": 299761664, "resource": {"elapsed_seconds": 95.23499999998603, "OS_peak_snapshot": 1981579264, "GPU_peak_allocated": 1035098112, "GPU_peak_reserved": 1077936128}}
{"completed": 48, "payload_bytes": 359559168, "resource": {"elapsed_seconds": 113.42199999996228, "OS_peak_snapshot": 1981579264, "GPU_peak_allocated": 1035098112, "GPU_peak_reserved": 1077936128}}
{"completed": 56, "payload_bytes": 419006976, "resource": {"elapsed_seconds": 130.98499999998603, "OS_peak_snapshot": 1981579264, "GPU_peak_allocated": 1035294720, "GPU_peak_reserved": 1077936128}}
{"completed": 64, "payload_bytes": 475636736, "resource": {"elapsed_seconds": 148.2029999999795, "OS_peak_snapshot": 1981579264, "GPU_peak_allocated": 1035294720, "GPU_peak_reserved": 1077936128}}
{"completed": 72, "payload_bytes": 534344960, "resource": {"elapsed_seconds": 167.60999999998603, "OS_peak_snapshot": 1981579264, "GPU_peak_allocated": 1035294720, "GPU_peak_reserved": 1077936128}}
{"completed": 80, "payload_bytes": 593870336, "resource": {"elapsed_seconds": 186.25, "OS_peak_snapshot": 1981579264, "GPU_peak_allocated": 1035687936, "GPU_peak_reserved": 1077936128}}
{"completed": 88, "payload_bytes": 655646208, "resource": {"elapsed_seconds": 206.67199999996228, "OS_peak_snapshot": 1981579264, "GPU_peak_allocated": 1035687936, "GPU_peak_reserved": 1077936128}}
{"completed": 96, "payload_bytes": 717551104, "resource": {"elapsed_seconds": 227.64100000000326, "OS_peak_snapshot": 1981579264, "GPU_peak_allocated": 1035687936, "GPU_peak_reserved": 1077936128}}
{"completed": 104, "payload_bytes": 774347264, "resource": {"elapsed_seconds": 248.67199999996228, "OS_peak_snapshot": 1981579264, "GPU_peak_allocated": 1035687936, "GPU_peak_reserved": 1077936128}}
{"completed": 112, "payload_bytes": 827422208, "resource": {"elapsed_seconds": 270.405999999959, "OS_peak_snapshot": 1981579264, "GPU_peak_allocated": 1035687936, "GPU_peak_reserved": 1077936128}}
{"completed": 120, "payload_bytes": 878329856, "resource": {"elapsed_seconds": 288.85999999998603, "OS_peak_snapshot": 1981579264, "GPU_peak_allocated": 1035687936, "GPU_peak_reserved": 1077936128}}
{"completed": 128, "payload_bytes": 932829696, "resource": {"elapsed_seconds": 310.09399999998277, "OS_peak_snapshot": 1981579264, "GPU_peak_allocated": 1035687936, "GPU_peak_reserved": 1077936128}}
{"completed": 136, "payload_bytes": 993691136, "resource": {"elapsed_seconds": 334.18799999996554, "OS_peak_snapshot": 1981579264, "GPU_peak_allocated": 1035804672, "GPU_peak_reserved": 1080033280}}
{"completed": 144, "payload_bytes": 1053858816, "resource": {"elapsed_seconds": 358.125, "OS_peak_snapshot": 1981579264, "GPU_peak_allocated": 1035804672, "GPU_peak_reserved": 1080033280}}
{"completed": 152, "payload_bytes": 1114120960, "resource": {"elapsed_seconds": 382.56299999996554, "OS_peak_snapshot": 1981579264, "GPU_peak_allocated": 1035804672, "GPU_peak_reserved": 1080033280}}
{"completed": 160, "payload_bytes": 1174563584, "resource": {"elapsed_seconds": 409.25, "OS_peak_snapshot": 1981579264, "GPU_peak_allocated": 1035804672, "GPU_peak_reserved": 1080033280}}
{"completed": 168, "payload_bytes": 1234791168, "resource": {"elapsed_seconds": 440.75, "OS_peak_snapshot": 1981579264, "GPU_peak_allocated": 1035804672, "GPU_peak_reserved": 1080033280}}
{"completed": 176, "payload_bytes": 1294144512, "resource": {"elapsed_seconds": 470.0469999999623, "OS_peak_snapshot": 1981579264, "GPU_peak_allocated": 1037445632, "GPU_peak_reserved": 1080033280}}
{"completed": 184, "payload_bytes": 1355843584, "resource": {"elapsed_seconds": 500.98499999998603, "OS_peak_snapshot": 1981579264, "GPU_peak_allocated": 1037482496, "GPU_peak_reserved": 1080033280}}
{"completed": 192, "payload_bytes": 1415335168, "resource": {"elapsed_seconds": 528.0939999999828, "OS_peak_snapshot": 1981579264, "GPU_peak_allocated": 1037482496, "GPU_peak_reserved": 1080033280}}
{"completed": 200, "payload_bytes": 1478731264, "resource": {"elapsed_seconds": 555.780999999959, "OS_peak_snapshot": 1981579264, "GPU_peak_allocated": 1037482496, "GPU_peak_reserved": 1080033280}}
{"decision": "NEW_WHOLE_TRANSFER_COHORT_REQUIRE_FIRST_BYTE_ID_AUDIT", "cases": 200, "source_forwards": 3050, "resource": {"elapsed_seconds": 555.859999999986, "OS_peak_snapshot": 1981579264, "GPU_peak_allocated": 1037482496, "GPU_peak_reserved": 1080033280}}
