{"stage": "FIT_trial", "seconds": 12.827999999979511, "site": 0, "alpha": 0.0, "beta": 0.0, "error": 0.5687354656889296, "origin": "Completed positive-grid alpha0 FIT outputs reused"}
{"stage": "FIT_trial", "seconds": 12.85899999999674, "site": 0, "alpha": 0.0, "beta": 0.5, "error": 0.6134619503781069, "origin": "Completed positive-grid alpha0 FIT outputs reused"}
{"stage": "FIT_trial", "seconds": 12.89000000001397, "site": 0, "alpha": 0.0, "beta": 1.0, "error": 0.6515930371982734, "origin": "Completed positive-grid alpha0 FIT outputs reused"}
{"stage": "FIT_trial", "seconds": 14.84299999999348, "site": 0, "alpha": -0.5, "beta": 0.0, "error": 0.8690819553715332, "origin": "New mirrored input response"}
{"stage": "FIT_trial", "seconds": 15.795999999972992, "site": 0, "alpha": -0.5, "beta": 0.5, "error": 0.8873129148492387, "origin": "New mirrored input response"}
{"stage": "FIT_trial", "seconds": 17.32799999997951, "site": 0, "alpha": -0.5, "beta": 1.0, "error": 0.9193151031605176, "origin": "New mirrored input response"}
{"stage": "FIT_trial", "seconds": 18.81199999997625, "site": 0, "alpha": -1.0, "beta": 0.0, "error": 1.039702686836733, "origin": "New mirrored input response"}
{"stage": "FIT_trial", "seconds": 20.28100000001723, "site": 0, "alpha": -1.0, "beta": 0.5, "error": 1.0525812316387468, "origin": "New mirrored input response"}
{"stage": "FIT_trial", "seconds": 21.31199999997625, "site": 0, "alpha": -1.0, "beta": 1.0, "error": 1.091273555588469, "origin": "New mirrored input response"}
{"stage": "site_complete", "seconds": 23.75, "site": 0, "alpha": 0.0, "beta": 0.0, "DEV_ratio": 1.0, "gates": {"DEV_improvement": false, "every_DEV_retention": true}}
{"stage": "FIT_trial", "seconds": 23.84299999999348, "site": 23, "alpha": 0.0, "beta": 0.0, "error": 0.655398040422787, "origin": "Completed positive-grid alpha0 FIT outputs reused"}
{"stage": "FIT_trial", "seconds": 23.89000000001397, "site": 23, "alpha": 0.0, "beta": 0.5, "error": 0.7063717201683695, "origin": "Completed positive-grid alpha0 FIT outputs reused"}
{"stage": "FIT_trial", "seconds": 23.92099999997299, "site": 23, "alpha": 0.0, "beta": 1.0, "error": 0.48545269535376945, "origin": "Completed positive-grid alpha0 FIT outputs reused"}
{"stage": "FIT_trial", "seconds": 26.35899999999674, "site": 23, "alpha": -0.5, "beta": 0.0, "error": 0.718680579696183, "origin": "New mirrored input response"}
{"stage": "FIT_trial", "seconds": 27.70299999997951, "site": 23, "alpha": -0.5, "beta": 0.5, "error": 0.7836251601447095, "origin": "New mirrored input response"}
{"stage": "FIT_trial", "seconds": 29.15600000001723, "site": 23, "alpha": -0.5, "beta": 1.0, "error": 0.621789379079761, "origin": "New mirrored input response"}
{"stage": "FIT_trial", "seconds": 30.46799999999348, "site": 23, "alpha": -1.0, "beta": 0.0, "error": 0.7479402178670379, "origin": "New mirrored input response"}
{"stage": "FIT_trial", "seconds": 31.71799999999348, "site": 23, "alpha": -1.0, "beta": 0.5, "error": 0.7971687582759419, "origin": "New mirrored input response"}
{"stage": "FIT_trial", "seconds": 32.89000000001397, "site": 23, "alpha": -1.0, "beta": 1.0, "error": 0.6378654236368161, "origin": "New mirrored input response"}
{"stage": "site_complete", "seconds": 35.01500000001397, "site": 23, "alpha": 0.0, "beta": 1.0, "DEV_ratio": 0.7645901141191498, "gates": {"DEV_improvement": true, "every_DEV_retention": true}}
{"stage": "complete", "seconds": 35.84299999999348, "decision": "SOURCE_FFN_MIRROR_BALANCE_FAIL"}
