{"stage": "resume", "seconds": 10.78100000001723, "site": 0, "durable_step": 2, "original_executed": 32, "unpersisted_discarded": 30}
{"stage": "update", "seconds": 12.51500000001397, "site": 0, "step": 32, "loss": 0.27726560831069946, "step_seconds": 0.061999999976251274}
{"stage": "update", "seconds": 14.01500000001397, "site": 0, "step": 64, "loss": 0.24675777554512024, "step_seconds": 0.031000000017229468}
{"stage": "update", "seconds": 15.65600000001723, "site": 0, "step": 96, "loss": 0.22086869180202484, "step_seconds": 0.031000000017229468}
{"stage": "update", "seconds": 17.32800000003772, "site": 0, "step": 128, "loss": 0.19795049726963043, "step_seconds": 0.0470000000204891}
{"stage": "update", "seconds": 18.84299999999348, "site": 0, "step": 160, "loss": 0.17789527773857117, "step_seconds": 0.030999999959021807}
{"stage": "update", "seconds": 20.40600000001723, "site": 0, "step": 192, "loss": 0.16104502975940704, "step_seconds": 0.06300000002374873}
{"stage": "update", "seconds": 21.84299999999348, "site": 0, "step": 224, "loss": 0.14613597095012665, "step_seconds": 0.045999999972991645}
{"stage": "update", "seconds": 23.23399999999674, "site": 0, "step": 256, "loss": 0.1328558623790741, "step_seconds": 0.030999999959021807}
{"stage": "site_complete", "seconds": 30.93700000003446, "site": 0, "DEV_ratio": 0.9628498546782773, "gates": {"DEV_improvement": false, "every_DEV_retention": true, "absolute_DEV_error": false, "every_DEV_cosine": false}}
{"stage": "actual_price", "seconds": 37.20300000003772, "site": 23, "seconds_per_step": [0.03200000000651926, 0.030999999959021807], "projected_total_seconds": 105.33100000169361, "durable_state": {"path": "D:\\_THINGS\\Progetti\\SiliconLLM\\results\\native_expert_scaling\\chatbot_source_ffn_local_recovery_repair1_20261009\\site23.state002.pt", "bytes": 339886792, "sha256": "a1bce2e644bae33eabd78a230d72aaaa251f301286726be3bbea794efb6b6fc7"}}
{"stage": "update", "seconds": 39.0, "site": 23, "step": 32, "loss": 0.04337700083851814, "step_seconds": 0.03200000000651926}
{"stage": "update", "seconds": 40.45300000003772, "site": 23, "step": 64, "loss": 0.031066130846738815, "step_seconds": 0.031000000017229468}
{"stage": "update", "seconds": 41.98399999999674, "site": 23, "step": 96, "loss": 0.024460159242153168, "step_seconds": 0.046999999962281436}
{"stage": "update", "seconds": 43.54700000002049, "site": 23, "step": 128, "loss": 0.021731724962592125, "step_seconds": 0.03200000000651926}
{"stage": "update", "seconds": 45.0, "site": 23, "step": 160, "loss": 0.018193894997239113, "step_seconds": 0.03200000000651926}
{"stage": "update", "seconds": 46.45300000003772, "site": 23, "step": 192, "loss": 0.01609489507973194, "step_seconds": 0.031000000017229468}
{"stage": "update", "seconds": 47.95300000003772, "site": 23, "step": 224, "loss": 0.014992130920290947, "step_seconds": 0.031000000017229468}
{"stage": "update", "seconds": 49.59299999999348, "site": 23, "step": 256, "loss": 0.01428996678441763, "step_seconds": 0.030999999959021807}
{"stage": "site_complete", "seconds": 57.10899999999674, "site": 23, "DEV_ratio": 0.4197159176000135, "gates": {"DEV_improvement": true, "every_DEV_retention": true, "absolute_DEV_error": false, "every_DEV_cosine": false}}
{"stage": "complete", "seconds": 57.21799999999348, "decision": "SOURCE_FFN_LOCAL_RECOVERY_FAIL"}
