M166_GOLDEN cell=old_hit token=11 previous=16948 position=7 old_grand=890 new_grand=890
M166_REP cell=old_hit rep=0 old_ms=2.561426562 new_ms=2.587335156 old_faults=0 new_faults=0
M166_REP cell=old_hit rep=1 old_ms=2.523160547 new_ms=2.571680078 old_faults=0 new_faults=0
M166_REP cell=old_hit rep=2 old_ms=2.500604297 new_ms=2.483688672 old_faults=0 new_faults=0
M166_REP cell=old_hit rep=3 old_ms=2.486916016 new_ms=2.469880078 old_faults=0 new_faults=0
M166_REP cell=old_hit rep=4 old_ms=2.498466016 new_ms=2.492361328 old_faults=0 new_faults=0
M166_CELL cell=old_hit tokens=256 states=6144 old_shared=1 new_shared=1 old_median_ms=2.500604297 new_median_ms=2.492361328 ratio=0.996704 rss_bytes=534659072 checksum=429968959.312500000 gate=PASS
M166_GOLDEN cell=new_hit token=11 previous=0 position=0 old_grand=893 new_grand=890
M166_REP cell=new_hit rep=0 old_ms=2.463418750 new_ms=2.489861719 old_faults=0 new_faults=0
M166_REP cell=new_hit rep=1 old_ms=2.492036719 new_ms=2.490825781 old_faults=0 new_faults=0
M166_REP cell=new_hit rep=2 old_ms=2.496816406 new_ms=2.484472656 old_faults=0 new_faults=0
M166_REP cell=new_hit rep=3 old_ms=2.490890625 new_ms=2.481728516 old_faults=0 new_faults=0
M166_REP cell=new_hit rep=4 old_ms=2.474394922 new_ms=2.487032813 old_faults=0 new_faults=0
M166_CELL cell=new_hit tokens=256 states=6144 old_shared=0 new_shared=1 old_median_ms=2.490890625 new_median_ms=2.487032813 ratio=0.998451 rss_bytes=534659072 checksum=860123666.625000000 gate=PASS
M166_GOLDEN cell=miss token=2343 previous=0 position=0 old_grand=891 new_grand=891
M166_REP cell=miss rep=0 old_ms=2.498084766 new_ms=2.484389062 old_faults=0 new_faults=0
M166_REP cell=miss rep=1 old_ms=2.499166797 new_ms=2.486205859 old_faults=0 new_faults=0
M166_REP cell=miss rep=2 old_ms=2.517557812 new_ms=2.475143750 old_faults=0 new_faults=0
M166_REP cell=miss rep=3 old_ms=2.488577734 new_ms=2.479780469 old_faults=0 new_faults=0
M166_REP cell=miss rep=4 old_ms=2.479446094 new_ms=2.492957422 old_faults=0 new_faults=0
M166_CELL cell=miss tokens=256 states=6144 old_shared=0 new_shared=0 old_median_ms=2.498084766 new_median_ms=2.484389062 ratio=0.994518 rss_bytes=534659072 checksum=1290462213.937500000 gate=PASS
M166_SUMMARY cells=3 old_table_bytes=916 new_table_bytes=1672 rss_bytes=534659072 elapsed_seconds=23.212526 checksum=1290462213.937500000 gate=PASS
