{"completed_shards": 1, "completed_rows": 64, "new_shards_this_run": 0, "response_tokens": 4100}
{"completed_shards": 2, "completed_rows": 128, "new_shards_this_run": 0, "response_tokens": 8265}
{"completed": 144, "stop": 192, "budget": {"seconds": 47.11000000000058, "rss_bytes": 2315149312, "gpu_peak_allocated_bytes": 1014440448}}
{"completed": 160, "stop": 192, "budget": {"seconds": 95.70400000000154, "rss_bytes": 2315149312, "gpu_peak_allocated_bytes": 1014440448}}
{"completed": 176, "stop": 192, "budget": {"seconds": 134.86000000000058, "rss_bytes": 2315128832, "gpu_peak_allocated_bytes": 1014440448}}
{"completed": 192, "stop": 192, "budget": {"seconds": 180.65700000000288, "rss_bytes": 2315132928, "gpu_peak_allocated_bytes": 1014440448}}
{
  "sha256": "137f2ea2549fbc61314e6d307efcf3096c499616a5bc0d313f41ed8ca2e30745",
  "summary": {
    "rows": 64,
    "min_response_tokens": 21,
    "max_response_tokens": 128,
    "mean_response_tokens": 64.296875,
    "eos_terminated": 61,
    "repeated_8gram_3x": 0
  },
  "runtime": {
    "seconds": 180.65700000000288,
    "rss_bytes": 2315132928,
    "gpu_peak_allocated_bytes": 1014440448,
    "gpu": "NVIDIA GeForce RTX 3060"
  }
}
{"completed_shards": 3, "completed_rows": 192, "new_shards_this_run": 1, "response_tokens": 12380}
{"completed": 208, "stop": 256, "budget": {"seconds": 47.75, "rss_bytes": 2315227136, "gpu_peak_allocated_bytes": 1014440448}}
{"completed": 224, "stop": 256, "budget": {"seconds": 91.46800000000076, "rss_bytes": 2315235328, "gpu_peak_allocated_bytes": 1014440448}}
{"completed": 240, "stop": 256, "budget": {"seconds": 143.15599999999904, "rss_bytes": 2315239424, "gpu_peak_allocated_bytes": 1014440448}}
{"completed": 256, "stop": 256, "budget": {"seconds": 192.46800000000076, "rss_bytes": 2315243520, "gpu_peak_allocated_bytes": 1014440448}}
{
  "sha256": "3fd4b51413bcce650117a10a69c307f65a8f46a19c4420f440806f0b844985e3",
  "summary": {
    "rows": 64,
    "min_response_tokens": 23,
    "max_response_tokens": 128,
    "mean_response_tokens": 67.890625,
    "eos_terminated": 63,
    "repeated_8gram_3x": 3
  },
  "runtime": {
    "seconds": 192.46800000000076,
    "rss_bytes": 2315243520,
    "gpu_peak_allocated_bytes": 1014440448,
    "gpu": "NVIDIA GeForce RTX 3060"
  }
}
{"completed_shards": 4, "completed_rows": 256, "new_shards_this_run": 2, "response_tokens": 16725}
{"completed": 272, "stop": 320, "budget": {"seconds": 41.86000000000058, "rss_bytes": 2328211456, "gpu_peak_allocated_bytes": 1014440448}}
{"completed": 288, "stop": 320, "budget": {"seconds": 90.81299999999828, "rss_bytes": 2328178688, "gpu_peak_allocated_bytes": 1014440448}}
{"completed": 304, "stop": 320, "budget": {"seconds": 134.48500000000058, "rss_bytes": 2328154112, "gpu_peak_allocated_bytes": 1014440448}}
{"completed": 320, "stop": 320, "budget": {"seconds": 171.51599999999962, "rss_bytes": 2328154112, "gpu_peak_allocated_bytes": 1014440448}}
{
  "sha256": "d1869b7a21c150004206a5dceb0b25e1c490c27ae576c229635bff14bc5e3e3d",
  "summary": {
    "rows": 64,
    "min_response_tokens": 11,
    "max_response_tokens": 128,
    "mean_response_tokens": 59.09375,
    "eos_terminated": 63,
    "repeated_8gram_3x": 0
  },
  "runtime": {
    "seconds": 171.51599999999962,
    "rss_bytes": 2328154112,
    "gpu_peak_allocated_bytes": 1014440448,
    "gpu": "NVIDIA GeForce RTX 3060"
  }
}
{"completed_shards": 5, "completed_rows": 320, "new_shards_this_run": 3, "response_tokens": 20507}
{"completed": 336, "stop": 384, "budget": {"seconds": 46.2029999999977, "rss_bytes": 2315018240, "gpu_peak_allocated_bytes": 1014440448}}
{"completed": 352, "stop": 384, "budget": {"seconds": 88.71899999999732, "rss_bytes": 2314956800, "gpu_peak_allocated_bytes": 1014440448}}
{"completed": 368, "stop": 384, "budget": {"seconds": 130.42199999999866, "rss_bytes": 2314936320, "gpu_peak_allocated_bytes": 1014440448}}
{"completed": 384, "stop": 384, "budget": {"seconds": 171.375, "rss_bytes": 2314940416, "gpu_peak_allocated_bytes": 1014440448}}
{
  "sha256": "962c9e92bc7e4111c65a0a2ad5e058b3a1730ff1fd07d69013abf6cc5e9c41c1",
  "summary": {
    "rows": 64,
    "min_response_tokens": 34,
    "max_response_tokens": 128,
    "mean_response_tokens": 61.25,
    "eos_terminated": 63,
    "repeated_8gram_3x": 0
  },
  "runtime": {
    "seconds": 171.375,
    "rss_bytes": 2314940416,
    "gpu_peak_allocated_bytes": 1014440448,
    "gpu": "NVIDIA GeForce RTX 3060"
  }
}
{"completed_shards": 6, "completed_rows": 384, "new_shards_this_run": 4, "response_tokens": 24427}
{"completed": 400, "stop": 448, "budget": {"seconds": 43.98400000000038, "rss_bytes": 2314104832, "gpu_peak_allocated_bytes": 1014439936}}
{"completed": 416, "stop": 448, "budget": {"seconds": 90.07800000000134, "rss_bytes": 2314092544, "gpu_peak_allocated_bytes": 1014440448}}
{"completed": 432, "stop": 448, "budget": {"seconds": 128.70300000000134, "rss_bytes": 2314072064, "gpu_peak_allocated_bytes": 1014440448}}
{"completed": 448, "stop": 448, "budget": {"seconds": 172.4220000000023, "rss_bytes": 2314076160, "gpu_peak_allocated_bytes": 1014440448}}
{
  "sha256": "8681a2e9cf221c0a1da74bf2afc17d6e97efd496c7c07e75185f8cde0e82df48",
  "summary": {
    "rows": 64,
    "min_response_tokens": 21,
    "max_response_tokens": 115,
    "mean_response_tokens": 62.25,
    "eos_terminated": 64,
    "repeated_8gram_3x": 1
  },
  "runtime": {
    "seconds": 172.43700000000172,
    "rss_bytes": 2314076160,
    "gpu_peak_allocated_bytes": 1014440448,
    "gpu": "NVIDIA GeForce RTX 3060"
  }
}
{"completed_shards": 7, "completed_rows": 448, "new_shards_this_run": 5, "response_tokens": 28411}
{"completed": 464, "stop": 512, "budget": {"seconds": 45.29699999999866, "rss_bytes": 2343342080, "gpu_peak_allocated_bytes": 1014439936}}
{"completed": 480, "stop": 512, "budget": {"seconds": 90.4529999999977, "rss_bytes": 2343325696, "gpu_peak_allocated_bytes": 1014440448}}
{"completed": 496, "stop": 512, "budget": {"seconds": 146.25, "rss_bytes": 2343309312, "gpu_peak_allocated_bytes": 1014440448}}
{"completed": 512, "stop": 512, "budget": {"seconds": 187.13999999999942, "rss_bytes": 2343313408, "gpu_peak_allocated_bytes": 1014440448}}
{
  "sha256": "85ecafb10c8356b18ec7791958ecf85a02c7b3f3f99a9d5202cc2d82a90fdd3f",
  "summary": {
    "rows": 64,
    "min_response_tokens": 25,
    "max_response_tokens": 128,
    "mean_response_tokens": 67.296875,
    "eos_terminated": 60,
    "repeated_8gram_3x": 0
  },
  "runtime": {
    "seconds": 187.13999999999942,
    "rss_bytes": 2343313408,
    "gpu_peak_allocated_bytes": 1014440448,
    "gpu": "NVIDIA GeForce RTX 3060"
  }
}
{"completed_shards": 8, "completed_rows": 512, "new_shards_this_run": 6, "response_tokens": 32718}
{"completed": 528, "stop": 576, "budget": {"seconds": 37.60899999999674, "rss_bytes": 2351542272, "gpu_peak_allocated_bytes": 1014439936}}
{"completed": 544, "stop": 576, "budget": {"seconds": 81.96899999999732, "rss_bytes": 2351529984, "gpu_peak_allocated_bytes": 1014440448}}
{"completed": 560, "stop": 576, "budget": {"seconds": 124.60899999999674, "rss_bytes": 2351501312, "gpu_peak_allocated_bytes": 1014440448}}
{"completed": 576, "stop": 576, "budget": {"seconds": 163.375, "rss_bytes": 2351689728, "gpu_peak_allocated_bytes": 1014440448}}
{
  "sha256": "334277a94436273d835c4ff1c0192771678c6f8c0b392cb09ecc9815f21d972b",
  "summary": {
    "rows": 64,
    "min_response_tokens": 20,
    "max_response_tokens": 119,
    "mean_response_tokens": 58.9375,
    "eos_terminated": 64,
    "repeated_8gram_3x": 0
  },
  "runtime": {
    "seconds": 163.375,
    "rss_bytes": 2351689728,
    "gpu_peak_allocated_bytes": 1014440448,
    "gpu": "NVIDIA GeForce RTX 3060"
  }
}
{"completed_shards": 9, "completed_rows": 576, "new_shards_this_run": 7, "response_tokens": 36490}
{"completed": 592, "stop": 640, "budget": {"seconds": 42.06300000000192, "rss_bytes": 2319405056, "gpu_peak_allocated_bytes": 1014439936}}
{"completed": 608, "stop": 640, "budget": {"seconds": 79.46900000000096, "rss_bytes": 2319347712, "gpu_peak_allocated_bytes": 1014439936}}
{"completed": 624, "stop": 640, "budget": {"seconds": 122.375, "rss_bytes": 2319335424, "gpu_peak_allocated_bytes": 1014439936}}
{"completed": 640, "stop": 640, "budget": {"seconds": 163.36000000000058, "rss_bytes": 2319405056, "gpu_peak_allocated_bytes": 1014439936}}
{
  "sha256": "0e03b0c067a524da0a574722868deeb63b81591d0edd96a5c3d787a674cce5bc",
  "summary": {
    "rows": 64,
    "min_response_tokens": 12,
    "max_response_tokens": 128,
    "mean_response_tokens": 58.171875,
    "eos_terminated": 63,
    "repeated_8gram_3x": 1
  },
  "runtime": {
    "seconds": 163.36000000000058,
    "rss_bytes": 2319405056,
    "gpu_peak_allocated_bytes": 1014439936,
    "gpu": "NVIDIA GeForce RTX 3060"
  }
}
{"completed_shards": 10, "completed_rows": 640, "new_shards_this_run": 8, "response_tokens": 40213}
{"completed": 656, "stop": 704, "budget": {"seconds": 47.42199999999866, "rss_bytes": 2328104960, "gpu_peak_allocated_bytes": 1014440448}}
{"completed": 672, "stop": 704, "budget": {"seconds": 94.0309999999954, "rss_bytes": 2328113152, "gpu_peak_allocated_bytes": 1014440448}}
{"completed": 688, "stop": 704, "budget": {"seconds": 142.06199999999808, "rss_bytes": 2328125440, "gpu_peak_allocated_bytes": 1014440448}}
{"completed": 704, "stop": 704, "budget": {"seconds": 183.57799999999406, "rss_bytes": 2328125440, "gpu_peak_allocated_bytes": 1014440448}}
{
  "sha256": "6966a6c48a7aaf9a97a24e7c5b6016fe82d03525112ad1721870c4d021ae2aa1",
  "summary": {
    "rows": 64,
    "min_response_tokens": 22,
    "max_response_tokens": 128,
    "mean_response_tokens": 64.578125,
    "eos_terminated": 61,
    "repeated_8gram_3x": 1
  },
  "runtime": {
    "seconds": 183.57799999999406,
    "rss_bytes": 2328125440,
    "gpu_peak_allocated_bytes": 1014440448,
    "gpu": "NVIDIA GeForce RTX 3060"
  }
}
{"completed_shards": 11, "completed_rows": 704, "new_shards_this_run": 9, "response_tokens": 44346}
{"completed": 720, "stop": 768, "budget": {"seconds": 45.51600000000326, "rss_bytes": 2319568896, "gpu_peak_allocated_bytes": 1014439936}}
{"completed": 736, "stop": 768, "budget": {"seconds": 86.28100000000268, "rss_bytes": 2319511552, "gpu_peak_allocated_bytes": 1014439936}}
{"completed": 752, "stop": 768, "budget": {"seconds": 123.26600000000326, "rss_bytes": 2319486976, "gpu_peak_allocated_bytes": 1014439936}}
{"completed": 768, "stop": 768, "budget": {"seconds": 167.0, "rss_bytes": 2319499264, "gpu_peak_allocated_bytes": 1014439936}}
{
  "sha256": "03a7788dd0731f6f53eb4b4bca36d51bf52f7e1e78116d6660f2841cba1d5227",
  "summary": {
    "rows": 64,
    "min_response_tokens": 19,
    "max_response_tokens": 110,
    "mean_response_tokens": 58.875,
    "eos_terminated": 64,
    "repeated_8gram_3x": 0
  },
  "runtime": {
    "seconds": 167.0,
    "rss_bytes": 2319499264,
    "gpu_peak_allocated_bytes": 1014439936,
    "gpu": "NVIDIA GeForce RTX 3060"
  }
}
{"completed_shards": 12, "completed_rows": 768, "new_shards_this_run": 10, "response_tokens": 48114}
{"completed": 784, "stop": 832, "budget": {"seconds": 45.687999999994645, "rss_bytes": 2317983744, "gpu_peak_allocated_bytes": 1014440448}}
{"completed": 800, "stop": 832, "budget": {"seconds": 91.36000000000058, "rss_bytes": 2317926400, "gpu_peak_allocated_bytes": 1014440448}}
{"completed": 816, "stop": 832, "budget": {"seconds": 137.67199999999866, "rss_bytes": 2317910016, "gpu_peak_allocated_bytes": 1014440448}}
{"completed": 832, "stop": 832, "budget": {"seconds": 182.98500000000058, "rss_bytes": 2317914112, "gpu_peak_allocated_bytes": 1014440448}}
{
  "sha256": "a880601029c533f6fed0bdf6fc867b9d6fef3b4d3166bac22f954bd8ded8065e",
  "summary": {
    "rows": 64,
    "min_response_tokens": 16,
    "max_response_tokens": 128,
    "mean_response_tokens": 65.921875,
    "eos_terminated": 61,
    "repeated_8gram_3x": 2
  },
  "runtime": {
    "seconds": 182.98500000000058,
    "rss_bytes": 2317914112,
    "gpu_peak_allocated_bytes": 1014440448,
    "gpu": "NVIDIA GeForce RTX 3060"
  }
}
{"completed_shards": 13, "completed_rows": 832, "new_shards_this_run": 11, "response_tokens": 52333}
{"completed": 848, "stop": 896, "budget": {"seconds": 46.875, "rss_bytes": 2338385920, "gpu_peak_allocated_bytes": 1014440448}}
{"completed": 864, "stop": 896, "budget": {"seconds": 90.5, "rss_bytes": 2338390016, "gpu_peak_allocated_bytes": 1014440448}}
{"completed": 880, "stop": 896, "budget": {"seconds": 134.43800000000192, "rss_bytes": 2338369536, "gpu_peak_allocated_bytes": 1014440448}}
{"completed": 896, "stop": 896, "budget": {"seconds": 172.79699999999866, "rss_bytes": 2338373632, "gpu_peak_allocated_bytes": 1014440448}}
{
  "sha256": "53348e1b5594c44e6af7c42b9cd2f38e982003c993a4d2dbb93861ed6d8e1d25",
  "summary": {
    "rows": 64,
    "min_response_tokens": 25,
    "max_response_tokens": 128,
    "mean_response_tokens": 61.515625,
    "eos_terminated": 61,
    "repeated_8gram_3x": 0
  },
  "runtime": {
    "seconds": 172.79699999999866,
    "rss_bytes": 2338373632,
    "gpu_peak_allocated_bytes": 1014440448,
    "gpu": "NVIDIA GeForce RTX 3060"
  }
}
{"completed_shards": 14, "completed_rows": 896, "new_shards_this_run": 12, "response_tokens": 56270}
{"completed": 912, "stop": 960, "budget": {"seconds": 43.75, "rss_bytes": 2318348288, "gpu_peak_allocated_bytes": 1014440448}}
{"completed": 928, "stop": 960, "budget": {"seconds": 86.98500000000058, "rss_bytes": 2318290944, "gpu_peak_allocated_bytes": 1014440448}}
{"completed": 944, "stop": 960, "budget": {"seconds": 121.86000000000058, "rss_bytes": 2318356480, "gpu_peak_allocated_bytes": 1014466560}}
{"completed": 960, "stop": 960, "budget": {"seconds": 167.29699999999866, "rss_bytes": 2318360576, "gpu_peak_allocated_bytes": 1014466560}}
{
  "sha256": "88487dee26498cd9410ee9da521b86754e63757f80ce55999cbc230913e3bac7",
  "summary": {
    "rows": 64,
    "min_response_tokens": 17,
    "max_response_tokens": 128,
    "mean_response_tokens": 60.46875,
    "eos_terminated": 61,
    "repeated_8gram_3x": 1
  },
  "runtime": {
    "seconds": 167.29699999999866,
    "rss_bytes": 2318360576,
    "gpu_peak_allocated_bytes": 1014466560,
    "gpu": "NVIDIA GeForce RTX 3060"
  }
}
{"completed_shards": 15, "completed_rows": 960, "new_shards_this_run": 13, "response_tokens": 60140}
{"completed": 976, "stop": 1024, "budget": {"seconds": 43.2809999999954, "rss_bytes": 2318753792, "gpu_peak_allocated_bytes": 1014440448}}
{"completed": 992, "stop": 1024, "budget": {"seconds": 88.04699999999866, "rss_bytes": 2318696448, "gpu_peak_allocated_bytes": 1014440448}}
{"completed": 1008, "stop": 1024, "budget": {"seconds": 127.875, "rss_bytes": 2318671872, "gpu_peak_allocated_bytes": 1014440448}}
{"completed": 1024, "stop": 1024, "budget": {"seconds": 172.2809999999954, "rss_bytes": 2318671872, "gpu_peak_allocated_bytes": 1014440448}}
{
  "sha256": "64f01d3709e5ea8bbb9d0878863f3c4df4ffc0e521c4dcb79b4f6f79db454a90",
  "summary": {
    "rows": 64,
    "min_response_tokens": 16,
    "max_response_tokens": 124,
    "mean_response_tokens": 61.5625,
    "eos_terminated": 64,
    "repeated_8gram_3x": 0
  },
  "runtime": {
    "seconds": 172.29699999999866,
    "rss_bytes": 2318671872,
    "gpu_peak_allocated_bytes": 1014440448,
    "gpu": "NVIDIA GeForce RTX 3060"
  }
}
{"completed_shards": 16, "completed_rows": 1024, "new_shards_this_run": 14, "response_tokens": 64080}
{"completed": 1040, "stop": 1088, "budget": {"seconds": 43.14100000000326, "rss_bytes": 2320994304, "gpu_peak_allocated_bytes": 1014440448}}
{"completed": 1056, "stop": 1088, "budget": {"seconds": 90.01600000000326, "rss_bytes": 2320941056, "gpu_peak_allocated_bytes": 1014440448}}
{"completed": 1072, "stop": 1088, "budget": {"seconds": 145.01600000000326, "rss_bytes": 2320916480, "gpu_peak_allocated_bytes": 1014440448}}
{"completed": 1088, "stop": 1088, "budget": {"seconds": 190.57800000000134, "rss_bytes": 2320920576, "gpu_peak_allocated_bytes": 1014440448}}
{
  "sha256": "d707fd8310ea674a54c6aa23c1cc1bfc8409ab9235261195db95b90054519662",
  "summary": {
    "rows": 64,
    "min_response_tokens": 30,
    "max_response_tokens": 128,
    "mean_response_tokens": 67.578125,
    "eos_terminated": 62,
    "repeated_8gram_3x": 1
  },
  "runtime": {
    "seconds": 190.57800000000134,
    "rss_bytes": 2320920576,
    "gpu_peak_allocated_bytes": 1014440448,
    "gpu": "NVIDIA GeForce RTX 3060"
  }
}
{"completed_shards": 17, "completed_rows": 1088, "new_shards_this_run": 15, "response_tokens": 68405}
{"completed": 1104, "stop": 1152, "budget": {"seconds": 48.68800000000192, "rss_bytes": 2340524032, "gpu_peak_allocated_bytes": 1014440448}}
{"completed": 1120, "stop": 1152, "budget": {"seconds": 90.68800000000192, "rss_bytes": 2340536320, "gpu_peak_allocated_bytes": 1014440448}}
{"completed": 1136, "stop": 1152, "budget": {"seconds": 132.07800000000134, "rss_bytes": 2340511744, "gpu_peak_allocated_bytes": 1014440448}}
{"completed": 1152, "stop": 1152, "budget": {"seconds": 173.11000000000058, "rss_bytes": 2340515840, "gpu_peak_allocated_bytes": 1014440448}}
{
  "sha256": "31c9af4717d414bed84c9eea3d198eecf685dd36ffb4b39ee70623212291e408",
  "summary": {
    "rows": 64,
    "min_response_tokens": 19,
    "max_response_tokens": 128,
    "mean_response_tokens": 61.390625,
    "eos_terminated": 63,
    "repeated_8gram_3x": 1
  },
  "runtime": {
    "seconds": 173.11000000000058,
    "rss_bytes": 2340515840,
    "gpu_peak_allocated_bytes": 1014440448,
    "gpu": "NVIDIA GeForce RTX 3060"
  }
}
{"completed_shards": 18, "completed_rows": 1152, "new_shards_this_run": 16, "response_tokens": 72334}
{"completed": 1168, "stop": 1216, "budget": {"seconds": 41.53199999999924, "rss_bytes": 2313850880, "gpu_peak_allocated_bytes": 1014440448}}
{"completed": 1184, "stop": 1216, "budget": {"seconds": 83.125, "rss_bytes": 2313789440, "gpu_peak_allocated_bytes": 1014440448}}
{"completed": 1200, "stop": 1216, "budget": {"seconds": 125.01599999999598, "rss_bytes": 2313777152, "gpu_peak_allocated_bytes": 1014440448}}
{"completed": 1216, "stop": 1216, "budget": {"seconds": 159.90699999999924, "rss_bytes": 2313777152, "gpu_peak_allocated_bytes": 1014440448}}
{
  "sha256": "3d10e873c20facce353a091cbe827aba889919bc72e28419630a0781aecb06a6",
  "summary": {
    "rows": 64,
    "min_response_tokens": 8,
    "max_response_tokens": 112,
    "mean_response_tokens": 57.0625,
    "eos_terminated": 64,
    "repeated_8gram_3x": 0
  },
  "runtime": {
    "seconds": 159.92199999999866,
    "rss_bytes": 2313777152,
    "gpu_peak_allocated_bytes": 1014440448,
    "gpu": "NVIDIA GeForce RTX 3060"
  }
}
{"completed_shards": 19, "completed_rows": 1216, "new_shards_this_run": 17, "response_tokens": 75986}
{"completed": 1232, "stop": 1280, "budget": {"seconds": 41.64100000000326, "rss_bytes": 2316001280, "gpu_peak_allocated_bytes": 1014439936}}
{"completed": 1248, "stop": 1280, "budget": {"seconds": 86.70300000000134, "rss_bytes": 2315993088, "gpu_peak_allocated_bytes": 1014440448}}
{"completed": 1264, "stop": 1280, "budget": {"seconds": 128.17199999999866, "rss_bytes": 2315972608, "gpu_peak_allocated_bytes": 1014440448}}
{"completed": 1280, "stop": 1280, "budget": {"seconds": 175.125, "rss_bytes": 2315976704, "gpu_peak_allocated_bytes": 1014440448}}
{
  "sha256": "73e723e5aad1042e14ce23bc4a1f04884d02d0c2dae2798495af83cc46cdb3d2",
  "summary": {
    "rows": 64,
    "min_response_tokens": 19,
    "max_response_tokens": 128,
    "mean_response_tokens": 63.859375,
    "eos_terminated": 60,
    "repeated_8gram_3x": 0
  },
  "runtime": {
    "seconds": 175.125,
    "rss_bytes": 2315976704,
    "gpu_peak_allocated_bytes": 1014440448,
    "gpu": "NVIDIA GeForce RTX 3060"
  }
}
{"completed_shards": 20, "completed_rows": 1280, "new_shards_this_run": 18, "response_tokens": 80073}
{"completed": 1296, "stop": 1344, "budget": {"seconds": 48.11000000000058, "rss_bytes": 2352861184, "gpu_peak_allocated_bytes": 1014440448}}
{"completed": 1312, "stop": 1344, "budget": {"seconds": 88.43800000000192, "rss_bytes": 2352861184, "gpu_peak_allocated_bytes": 1014440448}}
{"completed": 1328, "stop": 1344, "budget": {"seconds": 134.20300000000134, "rss_bytes": 2352840704, "gpu_peak_allocated_bytes": 1014440448}}
{"completed": 1344, "stop": 1344, "budget": {"seconds": 177.0, "rss_bytes": 2352844800, "gpu_peak_allocated_bytes": 1014440448}}
{
  "sha256": "10e359bdbc623103098a101230ab6a6e1ec07299269b59b7525009dddab9d571",
  "summary": {
    "rows": 64,
    "min_response_tokens": 26,
    "max_response_tokens": 128,
    "mean_response_tokens": 63.453125,
    "eos_terminated": 61,
    "repeated_8gram_3x": 1
  },
  "runtime": {
    "seconds": 177.0,
    "rss_bytes": 2352844800,
    "gpu_peak_allocated_bytes": 1014440448,
    "gpu": "NVIDIA GeForce RTX 3060"
  }
}
{"completed_shards": 21, "completed_rows": 1344, "new_shards_this_run": 19, "response_tokens": 84134}
{"completed": 1360, "stop": 1408, "budget": {"seconds": 44.687999999994645, "rss_bytes": 2325041152, "gpu_peak_allocated_bytes": 1014440448}}
{"completed": 1376, "stop": 1408, "budget": {"seconds": 91.7039999999979, "rss_bytes": 2324983808, "gpu_peak_allocated_bytes": 1014440448}}
{"completed": 1392, "stop": 1408, "budget": {"seconds": 134.18799999999464, "rss_bytes": 2324963328, "gpu_peak_allocated_bytes": 1014440448}}
{"completed": 1408, "stop": 1408, "budget": {"seconds": 184.7039999999979, "rss_bytes": 2324963328, "gpu_peak_allocated_bytes": 1014440448}}
{
  "sha256": "f06cb00e6d1a4ac7db07cf58727ac04638eb93d5a5dc31ad7575f9bbbaf700b3",
  "summary": {
    "rows": 64,
    "min_response_tokens": 21,
    "max_response_tokens": 128,
    "mean_response_tokens": 65.203125,
    "eos_terminated": 59,
    "repeated_8gram_3x": 0
  },
  "runtime": {
    "seconds": 184.7039999999979,
    "rss_bytes": 2324963328,
    "gpu_peak_allocated_bytes": 1014440448,
    "gpu": "NVIDIA GeForce RTX 3060"
  }
}
{"completed_shards": 22, "completed_rows": 1408, "new_shards_this_run": 20, "response_tokens": 88307}
{"completed": 1424, "stop": 1472, "budget": {"seconds": 41.20300000000134, "rss_bytes": 2329718784, "gpu_peak_allocated_bytes": 1014440448}}
{"completed": 1440, "stop": 1472, "budget": {"seconds": 76.95300000000134, "rss_bytes": 2329661440, "gpu_peak_allocated_bytes": 1014440448}}
{"completed": 1456, "stop": 1472, "budget": {"seconds": 112.15699999999924, "rss_bytes": 2329657344, "gpu_peak_allocated_bytes": 1014440448}}
{"completed": 1472, "stop": 1472, "budget": {"seconds": 147.59399999999732, "rss_bytes": 2329649152, "gpu_peak_allocated_bytes": 1014440448}}
{
  "sha256": "3d0f4f34a4fc7c6363348e3914d67e2588b056b9348b9243068003791a147cfc",
  "summary": {
    "rows": 64,
    "min_response_tokens": 21,
    "max_response_tokens": 115,
    "mean_response_tokens": 56.859375,
    "eos_terminated": 64,
    "repeated_8gram_3x": 0
  },
  "runtime": {
    "seconds": 147.59399999999732,
    "rss_bytes": 2329649152,
    "gpu_peak_allocated_bytes": 1014440448,
    "gpu": "NVIDIA GeForce RTX 3060"
  }
}
{"completed_shards": 23, "completed_rows": 1472, "new_shards_this_run": 21, "response_tokens": 91946}
{"completed": 1488, "stop": 1536, "budget": {"seconds": 42.38999999999942, "rss_bytes": 2353696768, "gpu_peak_allocated_bytes": 1014439936}}
{"completed": 1504, "stop": 1536, "budget": {"seconds": 87.92199999999866, "rss_bytes": 2353676288, "gpu_peak_allocated_bytes": 1014440448}}
{"completed": 1520, "stop": 1536, "budget": {"seconds": 133.34300000000076, "rss_bytes": 2353647616, "gpu_peak_allocated_bytes": 1014440448}}
{"completed": 1536, "stop": 1536, "budget": {"seconds": 171.57800000000134, "rss_bytes": 2353647616, "gpu_peak_allocated_bytes": 1014440448}}
{
  "sha256": "5ab16d686ce92234253330bc45830e5f2f4b6fd2c0b2646a739448902ea0f1be",
  "summary": {
    "rows": 64,
    "min_response_tokens": 17,
    "max_response_tokens": 128,
    "mean_response_tokens": 62.484375,
    "eos_terminated": 62,
    "repeated_8gram_3x": 1
  },
  "runtime": {
    "seconds": 171.57800000000134,
    "rss_bytes": 2353647616,
    "gpu_peak_allocated_bytes": 1014440448,
    "gpu": "NVIDIA GeForce RTX 3060"
  }
}
{"completed_shards": 24, "completed_rows": 1536, "new_shards_this_run": 22, "response_tokens": 95945}
{"completed": 1552, "stop": 1600, "budget": {"seconds": 49.5940000000046, "rss_bytes": 2316857344, "gpu_peak_allocated_bytes": 1014440448}}
{"completed": 1568, "stop": 1600, "budget": {"seconds": 82.18800000000192, "rss_bytes": 2316861440, "gpu_peak_allocated_bytes": 1014440448}}
{"completed": 1584, "stop": 1600, "budget": {"seconds": 129.0, "rss_bytes": 2316840960, "gpu_peak_allocated_bytes": 1014440448}}
{"completed": 1600, "stop": 1600, "budget": {"seconds": 165.90600000000268, "rss_bytes": 2316742656, "gpu_peak_allocated_bytes": 1014440448}}
{
  "sha256": "89c5e334b00dfb1011e6758db73bd7adb0b8101e35cd53d2ef85f081a3af89ff",
  "summary": {
    "rows": 64,
    "min_response_tokens": 19,
    "max_response_tokens": 128,
    "mean_response_tokens": 55.703125,
    "eos_terminated": 62,
    "repeated_8gram_3x": 0
  },
  "runtime": {
    "seconds": 165.90600000000268,
    "rss_bytes": 2316742656,
    "gpu_peak_allocated_bytes": 1014440448,
    "gpu": "NVIDIA GeForce RTX 3060"
  }
}
{"completed_shards": 25, "completed_rows": 1600, "new_shards_this_run": 23, "response_tokens": 99510}
{"completed": 1616, "stop": 1664, "budget": {"seconds": 47.48500000000058, "rss_bytes": 2314960896, "gpu_peak_allocated_bytes": 1014439936}}
{"completed": 1632, "stop": 1664, "budget": {"seconds": 90.67199999999866, "rss_bytes": 2314969088, "gpu_peak_allocated_bytes": 1014440448}}
{"completed": 1648, "stop": 1664, "budget": {"seconds": 135.25, "rss_bytes": 2314928128, "gpu_peak_allocated_bytes": 1014440448}}
{"completed": 1664, "stop": 1664, "budget": {"seconds": 178.70300000000134, "rss_bytes": 2314997760, "gpu_peak_allocated_bytes": 1014440448}}
{
  "sha256": "fead074e434dfdb03247bc2131cd138dccc5540fcee0b99c8f905574cedd297f",
  "summary": {
    "rows": 64,
    "min_response_tokens": 19,
    "max_response_tokens": 128,
    "mean_response_tokens": 64.53125,
    "eos_terminated": 63,
    "repeated_8gram_3x": 0
  },
  "runtime": {
    "seconds": 178.70300000000134,
    "rss_bytes": 2314997760,
    "gpu_peak_allocated_bytes": 1014440448,
    "gpu": "NVIDIA GeForce RTX 3060"
  }
}
{"completed_shards": 26, "completed_rows": 1664, "new_shards_this_run": 24, "response_tokens": 103640}
{"completed": 1680, "stop": 1728, "budget": {"seconds": 44.13999999999942, "rss_bytes": 2316771328, "gpu_peak_allocated_bytes": 1014440448}}
{"completed": 1696, "stop": 1728, "budget": {"seconds": 86.31199999999808, "rss_bytes": 2316705792, "gpu_peak_allocated_bytes": 1014440448}}
{"completed": 1712, "stop": 1728, "budget": {"seconds": 130.23399999999674, "rss_bytes": 2316718080, "gpu_peak_allocated_bytes": 1014440448}}
{"completed": 1728, "stop": 1728, "budget": {"seconds": 172.7809999999954, "rss_bytes": 2316722176, "gpu_peak_allocated_bytes": 1014440448}}
{
  "sha256": "092260b14f3e80e447fe89ba3c61960dcb61bea235863737408b963e7e59c891",
  "summary": {
    "rows": 64,
    "min_response_tokens": 17,
    "max_response_tokens": 128,
    "mean_response_tokens": 63.671875,
    "eos_terminated": 62,
    "repeated_8gram_3x": 0
  },
  "runtime": {
    "seconds": 172.7809999999954,
    "rss_bytes": 2316722176,
    "gpu_peak_allocated_bytes": 1014440448,
    "gpu": "NVIDIA GeForce RTX 3060"
  }
}
{"completed_shards": 27, "completed_rows": 1728, "new_shards_this_run": 25, "response_tokens": 107715}
{"completed": 1744, "stop": 1792, "budget": {"seconds": 43.73399999999674, "rss_bytes": 2327871488, "gpu_peak_allocated_bytes": 1014439936}}
{"completed": 1760, "stop": 1792, "budget": {"seconds": 87.07800000000134, "rss_bytes": 2327855104, "gpu_peak_allocated_bytes": 1014439936}}
{"completed": 1776, "stop": 1792, "budget": {"seconds": 135.70300000000134, "rss_bytes": 2327842816, "gpu_peak_allocated_bytes": 1014440448}}
{"completed": 1792, "stop": 1792, "budget": {"seconds": 173.20300000000134, "rss_bytes": 2327846912, "gpu_peak_allocated_bytes": 1014440448}}
{
  "sha256": "294556801b75a86502aa404b9dff8851f74331f67e394166676c4d27abb1f677",
  "summary": {
    "rows": 64,
    "min_response_tokens": 25,
    "max_response_tokens": 128,
    "mean_response_tokens": 61.625,
    "eos_terminated": 63,
    "repeated_8gram_3x": 1
  },
  "runtime": {
    "seconds": 173.21800000000076,
    "rss_bytes": 2327846912,
    "gpu_peak_allocated_bytes": 1014440448,
    "gpu": "NVIDIA GeForce RTX 3060"
  }
}
{"completed_shards": 28, "completed_rows": 1792, "new_shards_this_run": 26, "response_tokens": 111659}
{"completed": 1808, "stop": 1856, "budget": {"seconds": 42.04699999999866, "rss_bytes": 2349588480, "gpu_peak_allocated_bytes": 1014439936}}
{"completed": 1824, "stop": 1856, "budget": {"seconds": 89.59399999999732, "rss_bytes": 2349580288, "gpu_peak_allocated_bytes": 1014440448}}
{"completed": 1840, "stop": 1856, "budget": {"seconds": 135.79699999999866, "rss_bytes": 2349559808, "gpu_peak_allocated_bytes": 1014440448}}
{"completed": 1856, "stop": 1856, "budget": {"seconds": 178.20300000000134, "rss_bytes": 2349559808, "gpu_peak_allocated_bytes": 1014440448}}
{
  "sha256": "e8ed4be5dc95059d65aadf154fc8352c605261ebe6f4de299cd3d5870af0fae6",
  "summary": {
    "rows": 64,
    "min_response_tokens": 21,
    "max_response_tokens": 128,
    "mean_response_tokens": 61.578125,
    "eos_terminated": 62,
    "repeated_8gram_3x": 0
  },
  "runtime": {
    "seconds": 178.20300000000134,
    "rss_bytes": 2349559808,
    "gpu_peak_allocated_bytes": 1014440448,
    "gpu": "NVIDIA GeForce RTX 3060"
  }
}
{"completed_shards": 29, "completed_rows": 1856, "new_shards_this_run": 27, "response_tokens": 115600}
{"completed": 1872, "stop": 1920, "budget": {"seconds": 46.56199999999808, "rss_bytes": 2319048704, "gpu_peak_allocated_bytes": 1014440448}}
{"completed": 1888, "stop": 1920, "budget": {"seconds": 99.57799999999406, "rss_bytes": 2319052800, "gpu_peak_allocated_bytes": 1014440448}}
{"completed": 1904, "stop": 1920, "budget": {"seconds": 139.0, "rss_bytes": 2319028224, "gpu_peak_allocated_bytes": 1014440448}}
{"completed": 1920, "stop": 1920, "budget": {"seconds": 183.26499999999942, "rss_bytes": 2319032320, "gpu_peak_allocated_bytes": 1014440448}}
{
  "sha256": "3ae4ebc6aeb1b11710613f54cad3a3b3339406c70158fac6a37eb685711f5770",
  "summary": {
    "rows": 64,
    "min_response_tokens": 27,
    "max_response_tokens": 128,
    "mean_response_tokens": 62.015625,
    "eos_terminated": 61,
    "repeated_8gram_3x": 0
  },
  "runtime": {
    "seconds": 183.26499999999942,
    "rss_bytes": 2319032320,
    "gpu_peak_allocated_bytes": 1014440448,
    "gpu": "NVIDIA GeForce RTX 3060"
  }
}
{"completed_shards": 30, "completed_rows": 1920, "new_shards_this_run": 28, "response_tokens": 119569}
{"completed": 1936, "stop": 1984, "budget": {"seconds": 47.95300000000134, "rss_bytes": 2332233728, "gpu_peak_allocated_bytes": 1014439936}}
{"completed": 1952, "stop": 1984, "budget": {"seconds": 95.78199999999924, "rss_bytes": 2332250112, "gpu_peak_allocated_bytes": 1014440448}}
{"completed": 1968, "stop": 1984, "budget": {"seconds": 146.40699999999924, "rss_bytes": 2332233728, "gpu_peak_allocated_bytes": 1014440448}}
{"completed": 1984, "stop": 1984, "budget": {"seconds": 191.84399999999732, "rss_bytes": 2332233728, "gpu_peak_allocated_bytes": 1014440448}}
{
  "sha256": "565887ef169d4fd652e94ddf8ff96e417c496074ecae5f77b15cc3c5b89026c0",
  "summary": {
    "rows": 64,
    "min_response_tokens": 28,
    "max_response_tokens": 128,
    "mean_response_tokens": 64.625,
    "eos_terminated": 61,
    "repeated_8gram_3x": 1
  },
  "runtime": {
    "seconds": 191.84399999999732,
    "rss_bytes": 2332233728,
    "gpu_peak_allocated_bytes": 1014440448,
    "gpu": "NVIDIA GeForce RTX 3060"
  }
}
{"completed_shards": 31, "completed_rows": 1984, "new_shards_this_run": 29, "response_tokens": 123705}
{"completed": 2000, "stop": 2048, "budget": {"seconds": 45.859000000004016, "rss_bytes": 2317709312, "gpu_peak_allocated_bytes": 1014440448}}
{"completed": 2016, "stop": 2048, "budget": {"seconds": 86.95300000000134, "rss_bytes": 2317709312, "gpu_peak_allocated_bytes": 1014440448}}
{"completed": 2032, "stop": 2048, "budget": {"seconds": 129.98400000000402, "rss_bytes": 2317688832, "gpu_peak_allocated_bytes": 1014440448}}
{"completed": 2048, "stop": 2048, "budget": {"seconds": 177.29700000000594, "rss_bytes": 2317692928, "gpu_peak_allocated_bytes": 1014440448}}
{
  "sha256": "14beae2b251576658efa2ac41607bec5796ed002474e197b4841c0f6a8425531",
  "summary": {
    "rows": 64,
    "min_response_tokens": 27,
    "max_response_tokens": 128,
    "mean_response_tokens": 58.96875,
    "eos_terminated": 63,
    "repeated_8gram_3x": 1
  },
  "runtime": {
    "seconds": 177.29700000000594,
    "rss_bytes": 2317692928,
    "gpu_peak_allocated_bytes": 1014440448,
    "gpu": "NVIDIA GeForce RTX 3060"
  }
}
{"completed_shards": 32, "completed_rows": 2048, "new_shards_this_run": 30, "response_tokens": 127479}
{"completed": 2064, "stop": 2112, "budget": {"seconds": 48.25, "rss_bytes": 2348556288, "gpu_peak_allocated_bytes": 1014440448}}
{"completed": 2080, "stop": 2112, "budget": {"seconds": 87.40600000000268, "rss_bytes": 2348556288, "gpu_peak_allocated_bytes": 1014440448}}
{"completed": 2096, "stop": 2112, "budget": {"seconds": 133.92200000000594, "rss_bytes": 2348535808, "gpu_peak_allocated_bytes": 1014440448}}
{"completed": 2112, "stop": 2112, "budget": {"seconds": 181.70300000000134, "rss_bytes": 2348539904, "gpu_peak_allocated_bytes": 1014440448}}
{
  "sha256": "78e90a4b0b98e5a5dda9c04a3a9c620ba27d22bacbb34cb1c25f02cc8495e95c",
  "summary": {
    "rows": 64,
    "min_response_tokens": 36,
    "max_response_tokens": 128,
    "mean_response_tokens": 60.734375,
    "eos_terminated": 62,
    "repeated_8gram_3x": 0
  },
  "runtime": {
    "seconds": 181.7190000000046,
    "rss_bytes": 2348539904,
    "gpu_peak_allocated_bytes": 1014440448,
    "gpu": "NVIDIA GeForce RTX 3060"
  }
}
{"completed_shards": 33, "completed_rows": 2112, "new_shards_this_run": 31, "response_tokens": 131366}
{"completed": 2128, "stop": 2176, "budget": {"seconds": 50.9690000000046, "rss_bytes": 2314362880, "gpu_peak_allocated_bytes": 1014439936}}
{"completed": 2144, "stop": 2176, "budget": {"seconds": 90.01600000000326, "rss_bytes": 2314371072, "gpu_peak_allocated_bytes": 1014439936}}
{"completed": 2160, "stop": 2176, "budget": {"seconds": 126.76600000000326, "rss_bytes": 2314350592, "gpu_peak_allocated_bytes": 1014439936}}
{"completed": 2176, "stop": 2176, "budget": {"seconds": 174.78100000000268, "rss_bytes": 2314371072, "gpu_peak_allocated_bytes": 1014440448}}
{
  "sha256": "4ec429cf207597ea109f02899f4959b5893c96c22241d21d7a41fcc3b31f3e24",
  "summary": {
    "rows": 64,
    "min_response_tokens": 19,
    "max_response_tokens": 116,
    "mean_response_tokens": 58.0625,
    "eos_terminated": 64,
    "repeated_8gram_3x": 0
  },
  "runtime": {
    "seconds": 174.78100000000268,
    "rss_bytes": 2314371072,
    "gpu_peak_allocated_bytes": 1014440448,
    "gpu": "NVIDIA GeForce RTX 3060"
  }
}
{"completed_shards": 34, "completed_rows": 2176, "new_shards_this_run": 32, "response_tokens": 135082}
{"completed": 2192, "stop": 2240, "budget": {"seconds": 47.54699999999866, "rss_bytes": 2316095488, "gpu_peak_allocated_bytes": 1014439936}}
{"completed": 2208, "stop": 2240, "budget": {"seconds": 90.67199999999866, "rss_bytes": 2316103680, "gpu_peak_allocated_bytes": 1014439936}}
{"completed": 2224, "stop": 2240, "budget": {"seconds": 137.40699999999924, "rss_bytes": 2316124160, "gpu_peak_allocated_bytes": 1014440448}}
{"completed": 2240, "stop": 2240, "budget": {"seconds": 183.51599999999598, "rss_bytes": 2316124160, "gpu_peak_allocated_bytes": 1014440448}}
{
  "sha256": "0de4bfe24a5c3eb48583e5b982dee09cdd0d1ecbdd3f07ccd1118f42d11dfbbf",
  "summary": {
    "rows": 64,
    "min_response_tokens": 22,
    "max_response_tokens": 128,
    "mean_response_tokens": 62.84375,
    "eos_terminated": 63,
    "repeated_8gram_3x": 0
  },
  "runtime": {
    "seconds": 183.51599999999598,
    "rss_bytes": 2316124160,
    "gpu_peak_allocated_bytes": 1014440448,
    "gpu": "NVIDIA GeForce RTX 3060"
  }
}
{"completed_shards": 35, "completed_rows": 2240, "new_shards_this_run": 33, "response_tokens": 139104}
{"completed": 2256, "stop": 2304, "budget": {"seconds": 48.26600000000326, "rss_bytes": 2314440704, "gpu_peak_allocated_bytes": 1014440448}}
{"completed": 2272, "stop": 2304, "budget": {"seconds": 95.20300000000134, "rss_bytes": 2314440704, "gpu_peak_allocated_bytes": 1014440448}}
{"completed": 2288, "stop": 2304, "budget": {"seconds": 139.89100000000326, "rss_bytes": 2314416128, "gpu_peak_allocated_bytes": 1014440448}}
{"completed": 2304, "stop": 2304, "budget": {"seconds": 179.43800000000192, "rss_bytes": 2314420224, "gpu_peak_allocated_bytes": 1014440448}}
{
  "sha256": "33897a34f9bb26ddb28b820eb3c398e0c3e30b52a4bc3a161beb3e70bb00867c",
  "summary": {
    "rows": 64,
    "min_response_tokens": 17,
    "max_response_tokens": 128,
    "mean_response_tokens": 61.78125,
    "eos_terminated": 63,
    "repeated_8gram_3x": 1
  },
  "runtime": {
    "seconds": 179.43800000000192,
    "rss_bytes": 2314420224,
    "gpu_peak_allocated_bytes": 1014440448,
    "gpu": "NVIDIA GeForce RTX 3060"
  }
}
{"completed_shards": 36, "completed_rows": 2304, "new_shards_this_run": 34, "response_tokens": 143058}
{"completed": 2320, "stop": 2368, "budget": {"seconds": 43.21899999999732, "rss_bytes": 2316001280, "gpu_peak_allocated_bytes": 1014439936}}
{"completed": 2336, "stop": 2368, "budget": {"seconds": 76.625, "rss_bytes": 2315943936, "gpu_peak_allocated_bytes": 1014439936}}
{"completed": 2352, "stop": 2368, "budget": {"seconds": 115.31300000000192, "rss_bytes": 2315939840, "gpu_peak_allocated_bytes": 1014439936}}
{"completed": 2368, "stop": 2368, "budget": {"seconds": 161.39100000000326, "rss_bytes": 2315935744, "gpu_peak_allocated_bytes": 1014440448}}
{
  "sha256": "98725cc2b88f1f7b10d1c67ac79c43964cbf4ea9c80b18b291d1b05a1f196532",
  "summary": {
    "rows": 64,
    "min_response_tokens": 20,
    "max_response_tokens": 128,
    "mean_response_tokens": 55.65625,
    "eos_terminated": 62,
    "repeated_8gram_3x": 1
  },
  "runtime": {
    "seconds": 161.39100000000326,
    "rss_bytes": 2315935744,
    "gpu_peak_allocated_bytes": 1014440448,
    "gpu": "NVIDIA GeForce RTX 3060"
  }
}
{"completed_shards": 37, "completed_rows": 2368, "new_shards_this_run": 35, "response_tokens": 146620}
{"completed": 2384, "stop": 2432, "budget": {"seconds": 38.9059999999954, "rss_bytes": 2330255360, "gpu_peak_allocated_bytes": 1014439936}}
{"completed": 2400, "stop": 2432, "budget": {"seconds": 80.54699999999866, "rss_bytes": 2330198016, "gpu_peak_allocated_bytes": 1014439936}}
{"completed": 2416, "stop": 2432, "budget": {"seconds": 125.125, "rss_bytes": 2330218496, "gpu_peak_allocated_bytes": 1014440448}}
{"completed": 2432, "stop": 2432, "budget": {"seconds": 165.0, "rss_bytes": 2330218496, "gpu_peak_allocated_bytes": 1014440448}}
{
  "sha256": "1ae6ee00816a13cc5ce8980e7c6aa6f730b79c07779eb8d02fed955fcf2ba768",
  "summary": {
    "rows": 64,
    "min_response_tokens": 24,
    "max_response_tokens": 102,
    "mean_response_tokens": 57.078125,
    "eos_terminated": 64,
    "repeated_8gram_3x": 0
  },
  "runtime": {
    "seconds": 165.01499999999942,
    "rss_bytes": 2330218496,
    "gpu_peak_allocated_bytes": 1014440448,
    "gpu": "NVIDIA GeForce RTX 3060"
  }
}
{"completed_shards": 38, "completed_rows": 2432, "new_shards_this_run": 36, "response_tokens": 150273}
{"completed": 2448, "stop": 2496, "budget": {"seconds": 48.68800000000192, "rss_bytes": 2346823680, "gpu_peak_allocated_bytes": 1014439936}}
{"completed": 2464, "stop": 2496, "budget": {"seconds": 95.78100000000268, "rss_bytes": 2346840064, "gpu_peak_allocated_bytes": 1014440448}}
{"completed": 2480, "stop": 2496, "budget": {"seconds": 137.53100000000268, "rss_bytes": 2346819584, "gpu_peak_allocated_bytes": 1014440448}}
{"completed": 2496, "stop": 2496, "budget": {"seconds": 184.01600000000326, "rss_bytes": 2346819584, "gpu_peak_allocated_bytes": 1014440448}}
{
  "sha256": "615d2c9bd14dc16d7e8e64e868b4d3f67a3d3ba13905827096f168942b7a3917",
  "summary": {
    "rows": 64,
    "min_response_tokens": 21,
    "max_response_tokens": 125,
    "mean_response_tokens": 63.109375,
    "eos_terminated": 64,
    "repeated_8gram_3x": 0
  },
  "runtime": {
    "seconds": 184.01600000000326,
    "rss_bytes": 2346819584,
    "gpu_peak_allocated_bytes": 1014440448,
    "gpu": "NVIDIA GeForce RTX 3060"
  }
}
{"completed_shards": 39, "completed_rows": 2496, "new_shards_this_run": 37, "response_tokens": 154312}
{"completed": 2512, "stop": 2560, "budget": {"seconds": 45.48399999999674, "rss_bytes": 2353836032, "gpu_peak_allocated_bytes": 1014439936}}
{"completed": 2528, "stop": 2560, "budget": {"seconds": 98.31199999999808, "rss_bytes": 2353889280, "gpu_peak_allocated_bytes": 1014440448}}
{"completed": 2544, "stop": 2560, "budget": {"seconds": 144.51499999999942, "rss_bytes": 2353917952, "gpu_peak_allocated_bytes": 1014466560}}
{"completed": 2560, "stop": 2560, "budget": {"seconds": 185.20299999999406, "rss_bytes": 2353917952, "gpu_peak_allocated_bytes": 1014466560}}
{
  "sha256": "531b88cdaeb476c4765d48ad3f3dc3a0c7505383cc71b3de10d73d5f3bd21feb",
  "summary": {
    "rows": 64,
    "min_response_tokens": 22,
    "max_response_tokens": 128,
    "mean_response_tokens": 63.578125,
    "eos_terminated": 61,
    "repeated_8gram_3x": 1
  },
  "runtime": {
    "seconds": 185.20299999999406,
    "rss_bytes": 2353917952,
    "gpu_peak_allocated_bytes": 1014466560,
    "gpu": "NVIDIA GeForce RTX 3060"
  }
}
{"completed_shards": 40, "completed_rows": 2560, "new_shards_this_run": 38, "response_tokens": 158381}
{"complete": true, "completed_shards": 40, "progress_sha256": "a777c1e09f1671ec3485c8645287a6fa7a489dd901d3715e47942f691f8b3b5e"}
