case=0 layer=0 route_match=1 gate_max_abs=0
case=1 layer=0 route_match=1 gate_max_abs=0
case=2 layer=0 route_match=1 gate_max_abs=0
case=3 layer=0 route_match=1 gate_max_abs=0
case=4 layer=1 route_match=1 gate_max_abs=0
case=5 layer=1 route_match=1 gate_max_abs=0
case=6 layer=1 route_match=1 gate_max_abs=0
case=7 layer=1 route_match=1 gate_max_abs=0
case=8 layer=2 route_match=1 gate_max_abs=0
case=9 layer=2 route_match=1 gate_max_abs=0
case=10 layer=2 route_match=1 gate_max_abs=0
case=11 layer=2 route_match=1 gate_max_abs=0
case=12 layer=3 route_match=1 gate_max_abs=0
case=13 layer=3 route_match=1 gate_max_abs=0
case=14 layer=3 route_match=1 gate_max_abs=0
case=15 layer=3 route_match=1 gate_max_abs=0
case=16 layer=4 route_match=1 gate_max_abs=0
case=17 layer=4 route_match=1 gate_max_abs=0
case=18 layer=4 route_match=1 gate_max_abs=0
case=19 layer=4 route_match=1 gate_max_abs=0
case=20 layer=5 route_match=1 gate_max_abs=0
case=21 layer=5 route_match=1 gate_max_abs=0
case=22 layer=5 route_match=1 gate_max_abs=0
case=23 layer=5 route_match=1 gate_max_abs=0
case=24 layer=6 route_match=1 gate_max_abs=0
case=25 layer=6 route_match=1 gate_max_abs=0
case=26 layer=6 route_match=1 gate_max_abs=0
case=27 layer=6 route_match=1 gate_max_abs=0
case=28 layer=7 route_match=1 gate_max_abs=0
case=29 layer=7 route_match=1 gate_max_abs=0
case=30 layer=7 route_match=1 gate_max_abs=0
case=31 layer=7 route_match=1 gate_max_abs=0
case=32 layer=8 route_match=1 gate_max_abs=0
case=33 layer=8 route_match=1 gate_max_abs=0
case=34 layer=8 route_match=1 gate_max_abs=0
case=35 layer=8 route_match=1 gate_max_abs=0
case=36 layer=9 route_match=1 gate_max_abs=0
case=37 layer=9 route_match=1 gate_max_abs=0
case=38 layer=9 route_match=1 gate_max_abs=0
case=39 layer=9 route_match=1 gate_max_abs=0
case=40 layer=10 route_match=1 gate_max_abs=0
case=41 layer=10 route_match=1 gate_max_abs=0
case=42 layer=10 route_match=1 gate_max_abs=0
case=43 layer=10 route_match=1 gate_max_abs=0
case=44 layer=11 route_match=1 gate_max_abs=0
case=45 layer=11 route_match=1 gate_max_abs=0
case=46 layer=11 route_match=1 gate_max_abs=0
case=47 layer=11 route_match=1 gate_max_abs=0
case=48 layer=12 route_match=1 gate_max_abs=0
case=49 layer=12 route_match=1 gate_max_abs=0
case=50 layer=12 route_match=1 gate_max_abs=0
case=51 layer=12 route_match=1 gate_max_abs=0
case=52 layer=13 route_match=1 gate_max_abs=0
case=53 layer=13 route_match=1 gate_max_abs=0
case=54 layer=13 route_match=1 gate_max_abs=0
case=55 layer=13 route_match=1 gate_max_abs=0
case=56 layer=14 route_match=1 gate_max_abs=0
case=57 layer=14 route_match=1 gate_max_abs=0
case=58 layer=14 route_match=1 gate_max_abs=0
case=59 layer=14 route_match=1 gate_max_abs=0
case=60 layer=15 route_match=1 gate_max_abs=0
case=61 layer=15 route_match=1 gate_max_abs=0
case=62 layer=15 route_match=1 gate_max_abs=0
case=63 layer=15 route_match=1 gate_max_abs=0
case=64 layer=16 route_match=1 gate_max_abs=0
case=65 layer=16 route_match=1 gate_max_abs=0
case=66 layer=16 route_match=1 gate_max_abs=0
case=67 layer=16 route_match=1 gate_max_abs=0
case=68 layer=17 route_match=1 gate_max_abs=0
case=69 layer=17 route_match=1 gate_max_abs=0
case=70 layer=17 route_match=1 gate_max_abs=0
case=71 layer=17 route_match=1 gate_max_abs=0
case=72 layer=18 route_match=1 gate_max_abs=0
case=73 layer=18 route_match=1 gate_max_abs=0
case=74 layer=18 route_match=1 gate_max_abs=0
case=75 layer=18 route_match=1 gate_max_abs=0
case=76 layer=19 route_match=1 gate_max_abs=0
case=77 layer=19 route_match=1 gate_max_abs=0
case=78 layer=19 route_match=1 gate_max_abs=0
case=79 layer=19 route_match=1 gate_max_abs=0
case=80 layer=20 route_match=1 gate_max_abs=0
case=81 layer=20 route_match=1 gate_max_abs=0
case=82 layer=20 route_match=1 gate_max_abs=0
case=83 layer=20 route_match=1 gate_max_abs=0
case=84 layer=21 route_match=1 gate_max_abs=0
case=85 layer=21 route_match=1 gate_max_abs=0
case=86 layer=21 route_match=1 gate_max_abs=0
case=87 layer=21 route_match=1 gate_max_abs=0
case=88 layer=22 route_match=1 gate_max_abs=0
case=89 layer=22 route_match=1 gate_max_abs=0
case=90 layer=22 route_match=1 gate_max_abs=0
case=91 layer=22 route_match=1 gate_max_abs=0
case=92 layer=23 route_match=1 gate_max_abs=0
case=93 layer=23 route_match=1 gate_max_abs=0
case=94 layer=23 route_match=1 gate_max_abs=0
case=95 layer=23 route_match=1 gate_max_abs=0
SUMMARY cases=96 failures=0 gate_max_abs=0
rep=0 parent_ms=0.988616 hierarchy_ms=1.537979
rep=1 parent_ms=1.034733 hierarchy_ms=1.492753
rep=2 parent_ms=0.968547 hierarchy_ms=1.457132
rep=3 parent_ms=0.968192 hierarchy_ms=1.460722
rep=4 parent_ms=0.979333 hierarchy_ms=1.476525
TIMING parent_median_ms=0.979333 parent_min_ms=0.968192 parent_max_ms=1.034733 hierarchy_median_ms=1.476525 hierarchy_min_ms=1.457132 hierarchy_max_ms=1.537979 ratio=1.507685 rss_bytes=16166912 bank_bytes=12337188 checksum=85889700.000000
GATE route_cost_pass=1
