M174_GOLDEN cell=base_hit token=11 previous=16948 position=7 old_grand=890 new_grand=890
M174_REP cell=base_hit rep=0 old_ms=2.588687500 new_ms=2.679424219 old_faults=0 new_faults=0
M174_REP cell=base_hit rep=1 old_ms=2.529160547 new_ms=2.701909375 old_faults=0 new_faults=0
M174_REP cell=base_hit rep=2 old_ms=2.498108203 new_ms=2.469737109 old_faults=0 new_faults=0
M174_REP cell=base_hit rep=3 old_ms=2.443570703 new_ms=2.455525781 old_faults=0 new_faults=0
M174_REP cell=base_hit rep=4 old_ms=2.445307422 new_ms=2.443509766 old_faults=0 new_faults=0
M174_CELL cell=base_hit tokens=256 states=6144 old_shared=1 new_shared=1 old_median_ms=2.498108203 new_median_ms=2.469737109 ratio=0.988643 rss_bytes=534679552 checksum=429968959.312500000 gate=PASS
M174_GOLDEN cell=candidate_hit token=11 previous=198 position=56 old_grand=892 new_grand=890
M174_REP cell=candidate_hit rep=0 old_ms=2.435271484 new_ms=2.457518359 old_faults=0 new_faults=0
M174_REP cell=candidate_hit rep=1 old_ms=2.438348047 new_ms=2.432459766 old_faults=0 new_faults=0
M174_REP cell=candidate_hit rep=2 old_ms=2.432366406 new_ms=2.424116406 old_faults=0 new_faults=0
M174_REP cell=candidate_hit rep=3 old_ms=2.437709375 new_ms=2.427387891 old_faults=0 new_faults=0
M174_REP cell=candidate_hit rep=4 old_ms=2.430834766 new_ms=2.426066406 old_faults=0 new_faults=0
M174_CELL cell=candidate_hit tokens=256 states=6144 old_shared=0 new_shared=1 old_median_ms=2.435271484 new_median_ms=2.427387891 ratio=0.996763 rss_bytes=534679552 checksum=860124524.625000000 gate=PASS
M174_GOLDEN cell=delimiter token=151644 previous=123 position=67 old_grand=890 new_grand=890
M174_REP cell=delimiter rep=0 old_ms=2.436383203 new_ms=2.422982031 old_faults=0 new_faults=0
M174_REP cell=delimiter rep=1 old_ms=2.471777344 new_ms=2.445126563 old_faults=0 new_faults=0
M174_REP cell=delimiter rep=2 old_ms=2.502584375 new_ms=2.475918750 old_faults=0 new_faults=0
M174_REP cell=delimiter rep=3 old_ms=2.463086719 new_ms=2.456623047 old_faults=0 new_faults=0
M174_REP cell=delimiter rep=4 old_ms=2.473760937 new_ms=2.470257812 old_faults=0 new_faults=0
M174_CELL cell=delimiter tokens=256 states=6144 old_shared=1 new_shared=1 old_median_ms=2.471777344 new_median_ms=2.456623047 ratio=0.993869 rss_bytes=534679552 checksum=1290093483.937500000 gate=PASS
M174_GOLDEN cell=miss token=123 previous=45 position=67 old_grand=899 new_grand=899
M174_REP cell=miss rep=0 old_ms=2.428674219 new_ms=2.461548047 old_faults=0 new_faults=0
M174_REP cell=miss rep=1 old_ms=2.432773438 new_ms=2.466332031 old_faults=0 new_faults=0
M174_REP cell=miss rep=2 old_ms=2.456062500 new_ms=2.426858984 old_faults=0 new_faults=0
M174_REP cell=miss rep=3 old_ms=2.425260937 new_ms=2.438289062 old_faults=0 new_faults=0
M174_REP cell=miss rep=4 old_ms=2.439472266 new_ms=2.425731250 old_faults=0 new_faults=0
M174_CELL cell=miss tokens=256 states=6144 old_shared=0 new_shared=0 old_median_ms=2.432773438 new_median_ms=2.438289062 ratio=1.002267 rss_bytes=534663168 checksum=1720436759.250000000 gate=PASS
M174_SUMMARY cells=4 old_table_bytes=1672 new_table_bytes=20236 rss_bytes=534663168 elapsed_seconds=30.438539 checksum=1720436759.250000000 gate=PASS
