{"stage": "native_finish", "seconds": 13.21899999998277, "completed_cases": 1, "case": "broad_dev_apigen_80k_033", "KL": 8.296272428746814, "disagreement": 0.8378378378378378}
{"stage": "native_finish", "seconds": 17.59399999998277, "completed_cases": 2, "case": "broad_dev_apigen_80k_034", "KL": 8.068009609985488, "disagreement": 0.92}
{"stage": "native_finish", "seconds": 23.35899999999674, "completed_cases": 3, "case": "broad_dev_everyday_conversations_033", "KL": 8.825682766411699, "disagreement": 0.9534883720930233}
{"stage": "native_finish", "seconds": 26.25, "completed_cases": 4, "case": "broad_dev_everyday_conversations_036", "KL": 8.92519199776181, "disagreement": 0.9433962264150944}
{"stage": "native_finish", "seconds": 27.43699999997625, "completed_cases": 5, "case": "broad_dev_explore_instruct_rewriting_035", "KL": 10.181469055787405, "disagreement": 1.0}
{"stage": "native_finish", "seconds": 33.06199999997625, "completed_cases": 6, "case": "broad_dev_explore_instruct_rewriting_038", "KL": 9.231396937799202, "disagreement": 0.99609375}
{"stage": "native_finish", "seconds": 38.59399999998277, "completed_cases": 7, "case": "broad_dev_metamathqa_50k_035", "KL": 8.221339952598612, "disagreement": 0.9633507853403142}
{"stage": "native_finish", "seconds": 43.875, "completed_cases": 8, "case": "broad_dev_metamathqa_50k_037", "KL": 8.401159098934407, "disagreement": 0.9453125}
{"stage": "native_finish", "seconds": 49.26600000000326, "completed_cases": 9, "case": "broad_dev_numina_cot_100k_035", "KL": 8.418318161026136, "disagreement": 0.96875}
{"stage": "native_finish", "seconds": 53.51600000000326, "completed_cases": 10, "case": "broad_dev_numina_cot_100k_038", "KL": 7.355261505415555, "disagreement": 0.94140625}
{"stage": "native_finish", "seconds": 56.98399999999674, "completed_cases": 11, "case": "broad_dev_openhermes_100k_034", "KL": 9.455654499020781, "disagreement": 0.95703125}
{"stage": "native_finish", "seconds": 63.125, "completed_cases": 12, "case": "broad_dev_openhermes_100k_037", "KL": 9.22809912228087, "disagreement": 0.96484375}
{"stage": "native_finish", "seconds": 68.43699999997625, "completed_cases": 13, "case": "broad_dev_self_oss_instruct_033", "KL": 8.92691764534959, "disagreement": 0.96875}
{"stage": "native_finish", "seconds": 72.85899999999674, "completed_cases": 14, "case": "broad_dev_self_oss_instruct_036", "KL": 9.157763244449182, "disagreement": 0.96875}
{"stage": "native_finish", "seconds": 76.07799999997951, "completed_cases": 15, "case": "broad_dev_smol_constraints_034", "KL": 8.956563137433394, "disagreement": 0.989247311827957}
{"stage": "native_finish", "seconds": 78.46899999998277, "completed_cases": 16, "case": "broad_dev_smol_constraints_035", "KL": 9.462506387733532, "disagreement": 1.0}
{"stage": "native_finish", "seconds": 92.01600000000326, "completed_cases": 17, "case": "broad_dev_smol_magpie_ultra_034", "KL": 8.96909343293026, "disagreement": 0.9765625}
{"stage": "native_finish", "seconds": 106.15600000001723, "completed_cases": 18, "case": "broad_dev_smol_magpie_ultra_036", "KL": 9.327918507010704, "disagreement": 0.984375}
{"stage": "native_finish", "seconds": 113.76600000000326, "completed_cases": 19, "case": "broad_dev_smol_rewrite_032", "KL": 9.825456291618988, "disagreement": 0.9942857142857143}
{"stage": "native_finish", "seconds": 120.01600000000326, "completed_cases": 20, "case": "broad_dev_smol_rewrite_036", "KL": 9.115951376706239, "disagreement": 0.9911111111111112}
{"stage": "native_finish", "seconds": 123.14100000000326, "completed_cases": 21, "case": "broad_dev_smol_summarize_034", "KL": 10.785064600783587, "disagreement": 1.0}
{"stage": "native_finish", "seconds": 137.34399999998277, "completed_cases": 22, "case": "broad_dev_smol_summarize_039", "KL": 9.717239731679713, "disagreement": 0.9795918367346939}
{"stage": "native_finish", "seconds": 153.875, "completed_cases": 23, "case": "broad_dev_systemchats_30k_034", "KL": 8.57553692778033, "disagreement": 0.97265625}
{"stage": "native_finish", "seconds": 159.76600000000326, "completed_cases": 24, "case": "broad_dev_systemchats_30k_039", "KL": 8.949405791064557, "disagreement": 0.9609375}
{"stage": "native_finish", "seconds": 173.23399999999674, "completed_cases": 25, "case": "broad_fit_apigen_80k_002", "KL": 8.103386203756433, "disagreement": 0.9090909090909091}
{"stage": "native_finish", "seconds": 181.3279999999795, "completed_cases": 26, "case": "broad_fit_apigen_80k_023", "KL": 7.872814076068501, "disagreement": 0.8983050847457628}
{"stage": "native_finish", "seconds": 187.1720000000205, "completed_cases": 27, "case": "broad_fit_everyday_conversations_002", "KL": 7.197991053116279, "disagreement": 0.93}
{"stage": "native_finish", "seconds": 193.06199999997625, "completed_cases": 28, "case": "broad_fit_everyday_conversations_010", "KL": 7.713398855264011, "disagreement": 0.9195402298850575}
{"stage": "native_finish", "seconds": 196.35899999999674, "completed_cases": 29, "case": "broad_fit_explore_instruct_rewriting_008", "KL": 7.601701211328696, "disagreement": 0.9444444444444444}
{"stage": "native_finish", "seconds": 198.6720000000205, "completed_cases": 30, "case": "broad_fit_explore_instruct_rewriting_009", "KL": 7.782348619870087, "disagreement": 0.9230769230769231}
{"stage": "native_finish", "seconds": 204.7970000000205, "completed_cases": 31, "case": "broad_fit_metamathqa_50k_015", "KL": 7.449240993034721, "disagreement": 0.9419354838709677}
{"stage": "native_finish", "seconds": 210.39100000000326, "completed_cases": 32, "case": "broad_fit_metamathqa_50k_023", "KL": 7.401905724600819, "disagreement": 0.94140625}
{"stage": "native_finish", "seconds": 215.23399999999674, "completed_cases": 33, "case": "broad_fit_numina_cot_100k_015", "KL": 7.801317790218999, "disagreement": 0.97265625}
{"stage": "native_finish", "seconds": 220.85899999999674, "completed_cases": 34, "case": "broad_fit_numina_cot_100k_016", "KL": 7.755473719845044, "disagreement": 0.9375}
{"stage": "native_finish", "seconds": 226.625, "completed_cases": 35, "case": "broad_fit_openhermes_100k_004", "KL": 7.627634524168828, "disagreement": 0.9609375}
{"stage": "native_finish", "seconds": 235.7029999999795, "completed_cases": 36, "case": "broad_fit_openhermes_100k_028", "KL": 7.991741784629438, "disagreement": 0.953125}
{"stage": "native_finish", "seconds": 243.39100000000326, "completed_cases": 37, "case": "broad_fit_self_oss_instruct_006", "KL": 8.295515921207627, "disagreement": 0.97265625}
{"stage": "native_finish", "seconds": 252.21899999998277, "completed_cases": 38, "case": "broad_fit_self_oss_instruct_012", "KL": 8.663674815777323, "disagreement": 0.9921875}
{"stage": "native_finish", "seconds": 257.03100000001723, "completed_cases": 39, "case": "broad_fit_smol_constraints_005", "KL": 8.311421360217752, "disagreement": 0.9666666666666667}
{"stage": "native_finish", "seconds": 260.9220000000205, "completed_cases": 40, "case": "broad_fit_smol_constraints_021", "KL": 8.235193752481402, "disagreement": 0.9894179894179894}
{"stage": "native_finish", "seconds": 276.78100000001723, "completed_cases": 41, "case": "broad_fit_smol_magpie_ultra_000", "KL": 8.38653292958706, "disagreement": 0.953125}
{"stage": "native_finish", "seconds": 299.98399999999674, "completed_cases": 42, "case": "broad_fit_smol_magpie_ultra_022", "KL": 6.655791504513454, "disagreement": 0.93359375}
{"stage": "native_finish", "seconds": 302.7029999999795, "completed_cases": 43, "case": "broad_fit_smol_rewrite_004", "KL": 8.175141006744152, "disagreement": 0.9888888888888889}
{"stage": "native_finish", "seconds": 315.76600000000326, "completed_cases": 44, "case": "broad_fit_smol_rewrite_015", "KL": 9.106255219178266, "disagreement": 0.99609375}
{"stage": "native_finish", "seconds": 328.15600000001723, "completed_cases": 45, "case": "broad_fit_smol_summarize_003", "KL": 9.761146623750005, "disagreement": 0.9831932773109243}
{"stage": "native_finish", "seconds": 331.40600000001723, "completed_cases": 46, "case": "broad_fit_smol_summarize_024", "KL": 9.213597400661698, "disagreement": 1.0}
{"stage": "native_finish", "seconds": 346.03100000001723, "completed_cases": 47, "case": "broad_fit_systemchats_30k_010", "KL": 9.330726404506391, "disagreement": 0.96484375}
{"stage": "native_finish", "seconds": 351.59399999998277, "completed_cases": 48, "case": "broad_fit_systemchats_30k_024", "KL": 9.003204124282629, "disagreement": 0.95703125}
{"stage": "complete", "decision": "ORIGINAL_WHOLE_RECOVERY_DEV_DISTRIBUTION_GATES_FAIL", "gates": {"absolute_DEV_KL": false, "absolute_DEV_disagreement": false, "all_domain_KL": false, "all_domain_disagreement": false, "relative_DEV_KL": true, "relative_DEV_disagreement": false}, "result_sha256": "46dd5f66739ee8117899fa54a1b981b14090ff1905467ffc5e1ec2580eed999f"}
