{"stage": "label_contraction", "arm": "A", "id": "broad_dev_apigen_80k_034", "completed": 1, "seconds": 2.42200000000048}
{"stage": "label_contraction", "arm": "A", "id": "broad_dev_apigen_80k_033", "completed": 2, "seconds": 4.390000000000327}
{"stage": "label_contraction", "arm": "A", "id": "broad_dev_everyday_conversations_036", "completed": 3, "seconds": 5.359000000000378}
{"stage": "label_contraction", "arm": "A", "id": "broad_dev_everyday_conversations_033", "completed": 4, "seconds": 7.859000000000378}
{"stage": "label_contraction", "arm": "A", "id": "broad_dev_explore_instruct_rewriting_035", "completed": 5, "seconds": 8.29700000000048}
{"stage": "label_contraction", "arm": "A", "id": "broad_dev_explore_instruct_rewriting_038", "completed": 6, "seconds": 12.094000000000051}
{"stage": "label_contraction", "arm": "A", "id": "broad_dev_metamathqa_50k_035", "completed": 7, "seconds": 15.20300000000043}
{"stage": "label_contraction", "arm": "A", "id": "broad_dev_metamathqa_50k_037", "completed": 8, "seconds": 18.625}
{"stage": "label_contraction", "arm": "A", "id": "broad_dev_numina_cot_100k_038", "completed": 9, "seconds": 23.67200000000048}
{"stage": "label_contraction", "arm": "A", "id": "broad_dev_numina_cot_100k_035", "completed": 10, "seconds": 27.67200000000048}
{"stage": "label_contraction", "arm": "A", "id": "broad_dev_openhermes_100k_034", "completed": 11, "seconds": 32.07800000000043}
{"stage": "label_contraction", "arm": "A", "id": "broad_dev_openhermes_100k_037", "completed": 12, "seconds": 35.45300000000043}
{"stage": "label_contraction", "arm": "A", "id": "broad_dev_self_oss_instruct_036", "completed": 13, "seconds": 39.39000000000033}
{"stage": "label_contraction", "arm": "A", "id": "broad_dev_self_oss_instruct_033", "completed": 14, "seconds": 43.1869999999999}
{"stage": "label_contraction", "arm": "A", "id": "broad_dev_smol_constraints_035", "completed": 15, "seconds": 43.95300000000043}
{"stage": "label_contraction", "arm": "A", "id": "broad_dev_smol_constraints_034", "completed": 16, "seconds": 45.48400000000038}
{"stage": "label_contraction", "arm": "A", "id": "broad_dev_smol_magpie_ultra_034", "completed": 17, "seconds": 49.34400000000005}
{"stage": "label_contraction", "arm": "A", "id": "broad_dev_smol_magpie_ultra_036", "completed": 18, "seconds": 53.54700000000048}
{"stage": "label_contraction", "arm": "A", "id": "broad_dev_smol_rewrite_036", "completed": 19, "seconds": 56.40599999999995}
{"stage": "label_contraction", "arm": "A", "id": "broad_dev_smol_rewrite_032", "completed": 20, "seconds": 59.45300000000043}
{"stage": "label_contraction", "arm": "A", "id": "broad_dev_smol_summarize_034", "completed": 21, "seconds": 60.23400000000038}
{"stage": "label_contraction", "arm": "A", "id": "broad_dev_smol_summarize_039", "completed": 22, "seconds": 62.17200000000048}
{"stage": "label_contraction", "arm": "A", "id": "broad_dev_systemchats_30k_039", "completed": 23, "seconds": 66.75}
{"stage": "label_contraction", "arm": "A", "id": "broad_dev_systemchats_30k_034", "completed": 24, "seconds": 71.875}
{"stage": "label_contraction", "arm": "B", "id": "broad_dev_apigen_80k_034", "completed": 1, "seconds": 73.60900000000038}
{"stage": "label_contraction", "arm": "B", "id": "broad_dev_apigen_80k_033", "completed": 2, "seconds": 75.54700000000048}
{"stage": "label_contraction", "arm": "B", "id": "broad_dev_everyday_conversations_036", "completed": 3, "seconds": 77.01500000000033}
{"stage": "label_contraction", "arm": "B", "id": "broad_dev_everyday_conversations_033", "completed": 4, "seconds": 79.98400000000038}
{"stage": "label_contraction", "arm": "B", "id": "broad_dev_explore_instruct_rewriting_035", "completed": 5, "seconds": 80.35900000000038}
{"stage": "label_contraction", "arm": "B", "id": "broad_dev_explore_instruct_rewriting_038", "completed": 6, "seconds": 84.25}
{"stage": "label_contraction", "arm": "B", "id": "broad_dev_metamathqa_50k_035", "completed": 7, "seconds": 87.35900000000038}
{"stage": "label_contraction", "arm": "B", "id": "broad_dev_metamathqa_50k_037", "completed": 8, "seconds": 90.82800000000043}
{"stage": "label_contraction", "arm": "B", "id": "broad_dev_numina_cot_100k_038", "completed": 9, "seconds": 95.32800000000043}
{"stage": "label_contraction", "arm": "B", "id": "broad_dev_numina_cot_100k_035", "completed": 10, "seconds": 99.20300000000043}
{"stage": "label_contraction", "arm": "B", "id": "broad_dev_openhermes_100k_034", "completed": 11, "seconds": 102.6869999999999}
{"stage": "label_contraction", "arm": "B", "id": "broad_dev_openhermes_100k_037", "completed": 12, "seconds": 106.78099999999995}
{"stage": "label_contraction", "arm": "B", "id": "broad_dev_self_oss_instruct_036", "completed": 13, "seconds": 110.71900000000005}
{"stage": "label_contraction", "arm": "B", "id": "broad_dev_self_oss_instruct_033", "completed": 14, "seconds": 114.1869999999999}
{"stage": "label_contraction", "arm": "B", "id": "broad_dev_smol_constraints_035", "completed": 15, "seconds": 115.28099999999995}
{"stage": "label_contraction", "arm": "B", "id": "broad_dev_smol_constraints_034", "completed": 16, "seconds": 116.71900000000005}
{"stage": "label_contraction", "arm": "B", "id": "broad_dev_smol_magpie_ultra_034", "completed": 17, "seconds": 120.8119999999999}
{"stage": "label_contraction", "arm": "B", "id": "broad_dev_smol_magpie_ultra_036", "completed": 18, "seconds": 124.29700000000048}
{"stage": "label_contraction", "arm": "B", "id": "broad_dev_smol_rewrite_036", "completed": 19, "seconds": 127.98400000000038}
{"stage": "label_contraction", "arm": "B", "id": "broad_dev_smol_rewrite_032", "completed": 20, "seconds": 130.375}
{"stage": "label_contraction", "arm": "B", "id": "broad_dev_smol_summarize_034", "completed": 21, "seconds": 131.0}
{"stage": "label_contraction", "arm": "B", "id": "broad_dev_smol_summarize_039", "completed": 22, "seconds": 133.07800000000043}
{"stage": "label_contraction", "arm": "B", "id": "broad_dev_systemchats_30k_039", "completed": 23, "seconds": 137.29700000000048}
{"stage": "label_contraction", "arm": "B", "id": "broad_dev_systemchats_30k_034", "completed": 24, "seconds": 140.92200000000048}
{"stage": "complete", "decision": "TARGET_DECODER_COUPLING", "seconds": 141.03099999999995}
