[transformers] The fast path is not available because one of `(selective_state_update, causal_conv1d_fn, causal_conv1d_update)` is None. Falling back to the naive implementation. To install follow https://github.com/state-spaces/mamba/#installation and https://github.com/Dao-AILab/causal-conv1d
Loading weights:   0%|          | 0/411 [00:00<?, ?it/s]Loading weights: 100%|██████████| 411/411 [00:00<00:00, 5771.80it/s]
{"seconds": 50.18699999997625, "stage": "source_loaded", "parameters": 411, "capture_cases": 48}
{"seconds": 83.07799999997951, "stage": "captured_case", "id": "broad_fit_apigen_80k_002", "split": "FIT", "history": 773, "cases": 1, "payload_bytes": 552701184, "source_base_forwards": 1}
{"seconds": 108.96799999999348, "stage": "captured_case", "id": "broad_fit_apigen_80k_023", "split": "FIT", "history": 479, "cases": 2, "payload_bytes": 895190016, "source_base_forwards": 2}
{"seconds": 140.045999999973, "stage": "captured_case", "id": "broad_fit_everyday_conversations_002", "split": "FIT", "history": 363, "cases": 3, "payload_bytes": 1154737920, "source_base_forwards": 3}
{"seconds": 162.40600000001723, "stage": "captured_case", "id": "broad_fit_everyday_conversations_010", "split": "FIT", "history": 367, "cases": 4, "payload_bytes": 1417145856, "source_base_forwards": 4}
{"seconds": 179.75, "stage": "captured_case", "id": "broad_fit_explore_instruct_rewriting_008", "split": "FIT", "history": 58, "cases": 5, "payload_bytes": 1458616320, "source_base_forwards": 5}
{"seconds": 196.5779999999795, "stage": "captured_case", "id": "broad_fit_explore_instruct_rewriting_009", "split": "FIT", "history": 90, "cases": 6, "payload_bytes": 1522967040, "source_base_forwards": 6}
{"seconds": 222.420999999973, "stage": "captured_case", "id": "broad_fit_metamathqa_50k_015", "split": "FIT", "history": 209, "cases": 7, "payload_bytes": 1672403712, "source_base_forwards": 7}
{"seconds": 245.10899999999674, "stage": "captured_case", "id": "broad_fit_metamathqa_50k_023", "split": "FIT", "history": 337, "cases": 8, "payload_bytes": 1913361408, "source_base_forwards": 8}
{"seconds": 266.81199999997625, "stage": "captured_case", "id": "broad_fit_numina_cot_100k_015", "split": "FIT", "history": 318, "cases": 9, "payload_bytes": 2140733952, "source_base_forwards": 9}
{"seconds": 289.75, "stage": "captured_case", "id": "broad_fit_numina_cot_100k_016", "split": "FIT", "history": 381, "cases": 10, "payload_bytes": 2413152000, "source_base_forwards": 10}
{"seconds": 313.9529999999795, "stage": "captured_case", "id": "broad_fit_openhermes_100k_004", "split": "FIT", "history": 316, "cases": 11, "payload_bytes": 2639094528, "source_base_forwards": 11}
{"seconds": 340.48399999999674, "stage": "captured_case", "id": "broad_fit_openhermes_100k_028", "split": "FIT", "history": 435, "cases": 12, "payload_bytes": 2950123008, "source_base_forwards": 12}
{"seconds": 363.4679999999935, "stage": "captured_case", "id": "broad_fit_self_oss_instruct_006", "split": "FIT", "history": 431, "cases": 13, "payload_bytes": 3258291456, "source_base_forwards": 13}
{"seconds": 387.01500000001397, "stage": "captured_case", "id": "broad_fit_self_oss_instruct_012", "split": "FIT", "history": 337, "cases": 14, "payload_bytes": 3499249152, "source_base_forwards": 14}
{"seconds": 409.0929999999935, "stage": "captured_case", "id": "broad_fit_smol_constraints_005", "split": "FIT", "history": 238, "cases": 15, "payload_bytes": 3669421056, "source_base_forwards": 15}
{"seconds": 430.545999999973, "stage": "captured_case", "id": "broad_fit_smol_constraints_021", "split": "FIT", "history": 294, "cases": 16, "payload_bytes": 3879633408, "source_base_forwards": 16}
{"seconds": 465.545999999973, "stage": "captured_case", "id": "broad_fit_smol_magpie_ultra_000", "split": "FIT", "history": 1034, "cases": 17, "payload_bytes": 4618951680, "source_base_forwards": 17}
{"seconds": 513.390000000014, "stage": "captured_case", "id": "broad_fit_smol_magpie_ultra_022", "split": "FIT", "history": 1507, "cases": 18, "payload_bytes": 5696468736, "source_base_forwards": 18}
{"seconds": 542.170999999973, "stage": "captured_case", "id": "broad_fit_smol_rewrite_004", "split": "FIT", "history": 252, "cases": 19, "payload_bytes": 5876650752, "source_base_forwards": 19}
{"seconds": 571.6089999999967, "stage": "captured_case", "id": "broad_fit_smol_rewrite_015", "split": "FIT", "history": 554, "cases": 20, "payload_bytes": 6272765184, "source_base_forwards": 20}
{"seconds": 602.7339999999967, "stage": "captured_case", "id": "broad_fit_smol_summarize_003", "split": "FIT", "history": 774, "cases": 21, "payload_bytes": 6826181376, "source_base_forwards": 21}
{"seconds": 624.545999999973, "stage": "captured_case", "id": "broad_fit_smol_summarize_024", "split": "FIT", "history": 264, "cases": 22, "payload_bytes": 7014943488, "source_base_forwards": 22}
{"seconds": 665.5929999999935, "stage": "captured_case", "id": "broad_fit_systemchats_30k_010", "split": "FIT", "history": 1020, "cases": 23, "payload_bytes": 7744251648, "source_base_forwards": 23}
{"seconds": 687.2179999999935, "stage": "captured_case", "id": "broad_fit_systemchats_30k_024", "split": "FIT", "history": 317, "cases": 24, "payload_bytes": 7970909184, "source_base_forwards": 24}
{"seconds": 723.375, "stage": "captured_case", "id": "broad_dev_apigen_80k_033", "split": "DEV", "history": 918, "cases": 25, "payload_bytes": 8627286528, "source_base_forwards": 25}
{"seconds": 747.9060000000172, "stage": "captured_case", "id": "broad_dev_apigen_80k_034", "split": "DEV", "history": 462, "cases": 26, "payload_bytes": 8957620224, "source_base_forwards": 26}
{"seconds": 771.4679999999935, "stage": "captured_case", "id": "broad_dev_everyday_conversations_033", "split": "DEV", "history": 378, "cases": 27, "payload_bytes": 9227893248, "source_base_forwards": 27}
{"seconds": 791.015000000014, "stage": "captured_case", "id": "broad_dev_everyday_conversations_036", "split": "DEV", "history": 200, "cases": 28, "payload_bytes": 9370894848, "source_base_forwards": 28}
{"seconds": 808.170999999973, "stage": "captured_case", "id": "broad_dev_explore_instruct_rewriting_035", "split": "DEV", "history": 61, "cases": 29, "payload_bytes": 9414510336, "source_base_forwards": 29}
{"seconds": 833.5929999999935, "stage": "captured_case", "id": "broad_dev_explore_instruct_rewriting_038", "split": "DEV", "history": 323, "cases": 30, "payload_bytes": 9645457920, "source_base_forwards": 30}
{"seconds": 863.0779999999795, "stage": "captured_case", "id": "broad_dev_metamathqa_50k_035", "split": "DEV", "history": 243, "cases": 31, "payload_bytes": 9819204864, "source_base_forwards": 31}
{"seconds": 889.8589999999967, "stage": "captured_case", "id": "broad_dev_metamathqa_50k_037", "split": "DEV", "history": 352, "cases": 32, "payload_bytes": 10070887680, "source_base_forwards": 32}
{"seconds": 916.8279999999795, "stage": "captured_case", "id": "broad_dev_numina_cot_100k_035", "split": "DEV", "history": 387, "cases": 33, "payload_bytes": 10347595776, "source_base_forwards": 33}
{"seconds": 940.2339999999967, "stage": "captured_case", "id": "broad_dev_numina_cot_100k_038", "split": "DEV", "history": 318, "cases": 34, "payload_bytes": 10574968320, "source_base_forwards": 34}
{"seconds": 963.890000000014, "stage": "captured_case", "id": "broad_dev_openhermes_100k_034", "split": "DEV", "history": 289, "cases": 35, "payload_bytes": 10781605632, "source_base_forwards": 35}
{"seconds": 989.9060000000172, "stage": "captured_case", "id": "broad_dev_openhermes_100k_037", "split": "DEV", "history": 356, "cases": 36, "payload_bytes": 11036148480, "source_base_forwards": 36}
{"seconds": 1021.7810000000172, "stage": "captured_case", "id": "broad_dev_self_oss_instruct_033", "split": "DEV", "history": 418, "cases": 37, "payload_bytes": 11335021824, "source_base_forwards": 37}
{"seconds": 1046.9529999999795, "stage": "captured_case", "id": "broad_dev_self_oss_instruct_036", "split": "DEV", "history": 357, "cases": 38, "payload_bytes": 11590279680, "source_base_forwards": 38}
{"seconds": 1071.390000000014, "stage": "captured_case", "id": "broad_dev_smol_constraints_034", "split": "DEV", "history": 188, "cases": 39, "payload_bytes": 11724701184, "source_base_forwards": 39}
{"seconds": 1093.7029999999795, "stage": "captured_case", "id": "broad_dev_smol_constraints_035", "split": "DEV", "history": 107, "cases": 40, "payload_bytes": 11801207040, "source_base_forwards": 40}
{"seconds": 1137.75, "stage": "captured_case", "id": "broad_dev_smol_magpie_ultra_034", "split": "DEV", "history": 1268, "cases": 41, "payload_bytes": 12707837184, "source_base_forwards": 41}
{"seconds": 1181.4060000000172, "stage": "captured_case", "id": "broad_dev_smol_magpie_ultra_036", "split": "DEV", "history": 1488, "cases": 42, "payload_bytes": 13771769088, "source_base_forwards": 42}
{"seconds": 1212.9060000000172, "stage": "captured_case", "id": "broad_dev_smol_rewrite_032", "split": "DEV", "history": 502, "cases": 43, "payload_bytes": 14130703104, "source_base_forwards": 43}
{"seconds": 1240.7339999999967, "stage": "captured_case", "id": "broad_dev_smol_rewrite_036", "split": "DEV", "history": 374, "cases": 44, "payload_bytes": 14398116096, "source_base_forwards": 44}
{"seconds": 1267.25, "stage": "captured_case", "id": "broad_dev_smol_summarize_034", "split": "DEV", "history": 243, "cases": 45, "payload_bytes": 14571863040, "source_base_forwards": 45}
