{"seconds": 9.76600000000326, "stage": "FIT_basis", "site": 0, "id": "broad_fit_apigen_80k_002"}
{"seconds": 9.797000000020489, "stage": "FIT_basis", "site": 0, "id": "broad_fit_apigen_80k_023"}
{"seconds": 9.813000000023749, "stage": "FIT_basis", "site": 0, "id": "broad_fit_everyday_conversations_002"}
{"seconds": 9.827999999979511, "stage": "FIT_basis", "site": 0, "id": "broad_fit_everyday_conversations_010"}
{"seconds": 9.85999999998603, "stage": "FIT_basis", "site": 0, "id": "broad_fit_explore_instruct_rewriting_008"}
{"seconds": 9.875, "stage": "FIT_basis", "site": 0, "id": "broad_fit_explore_instruct_rewriting_009"}
{"seconds": 9.89100000000326, "stage": "FIT_basis", "site": 0, "id": "broad_fit_metamathqa_50k_015"}
{"seconds": 9.90700000000652, "stage": "FIT_basis", "site": 0, "id": "broad_fit_metamathqa_50k_023"}
{"seconds": 9.938000000023749, "stage": "FIT_basis", "site": 0, "id": "broad_fit_numina_cot_100k_015"}
{"seconds": 9.96899999998277, "stage": "FIT_basis", "site": 0, "id": "broad_fit_numina_cot_100k_016"}
{"seconds": 9.96899999998277, "stage": "FIT_basis", "site": 0, "id": "broad_fit_openhermes_100k_004"}
{"seconds": 10.01600000000326, "stage": "FIT_basis", "site": 0, "id": "broad_fit_openhermes_100k_028"}
{"seconds": 10.03200000000652, "stage": "FIT_basis", "site": 0, "id": "broad_fit_self_oss_instruct_006"}
{"seconds": 10.047000000020489, "stage": "FIT_basis", "site": 0, "id": "broad_fit_self_oss_instruct_012"}
{"seconds": 10.077999999979511, "stage": "FIT_basis", "site": 0, "id": "broad_fit_smol_constraints_005"}
{"seconds": 10.09399999998277, "stage": "FIT_basis", "site": 0, "id": "broad_fit_smol_constraints_021"}
{"seconds": 10.125, "stage": "FIT_basis", "site": 0, "id": "broad_fit_smol_magpie_ultra_000"}
{"seconds": 10.172000000020489, "stage": "FIT_basis", "site": 0, "id": "broad_fit_smol_magpie_ultra_022"}
{"seconds": 10.188000000023749, "stage": "FIT_basis", "site": 0, "id": "broad_fit_smol_rewrite_004"}
{"seconds": 10.202999999979511, "stage": "FIT_basis", "site": 0, "id": "broad_fit_smol_rewrite_015"}
{"seconds": 10.23499999998603, "stage": "FIT_basis", "site": 0, "id": "broad_fit_smol_summarize_003"}
{"seconds": 10.26600000000326, "stage": "FIT_basis", "site": 0, "id": "broad_fit_smol_summarize_024"}
{"seconds": 10.297000000020489, "stage": "FIT_basis", "site": 0, "id": "broad_fit_systemchats_30k_010"}
{"seconds": 10.313000000023749, "stage": "FIT_basis", "site": 0, "id": "broad_fit_systemchats_30k_024"}
{"seconds": 11.23499999998603, "stage": "basis_frozen", "site": 0, "orthogonality_error": 3.3306690738754696e-15, "mean_retention": 0.823464560355423, "mean_centered_retention": 0.6986642212692181}
{"seconds": 11.26600000000326, "stage": "FIT_basis", "site": 12, "id": "broad_fit_apigen_80k_002"}
{"seconds": 11.297000000020489, "stage": "FIT_basis", "site": 12, "id": "broad_fit_apigen_80k_023"}
{"seconds": 11.313000000023749, "stage": "FIT_basis", "site": 12, "id": "broad_fit_everyday_conversations_002"}
{"seconds": 11.327999999979511, "stage": "FIT_basis", "site": 12, "id": "broad_fit_everyday_conversations_010"}
{"seconds": 11.35999999998603, "stage": "FIT_basis", "site": 12, "id": "broad_fit_explore_instruct_rewriting_008"}
{"seconds": 11.39100000000326, "stage": "FIT_basis", "site": 12, "id": "broad_fit_explore_instruct_rewriting_009"}
{"seconds": 11.422000000020489, "stage": "FIT_basis", "site": 12, "id": "broad_fit_metamathqa_50k_015"}
{"seconds": 11.438000000023749, "stage": "FIT_basis", "site": 12, "id": "broad_fit_metamathqa_50k_023"}
{"seconds": 11.46899999998277, "stage": "FIT_basis", "site": 12, "id": "broad_fit_numina_cot_100k_015"}
{"seconds": 11.5, "stage": "FIT_basis", "site": 12, "id": "broad_fit_numina_cot_100k_016"}
{"seconds": 11.5, "stage": "FIT_basis", "site": 12, "id": "broad_fit_openhermes_100k_004"}
{"seconds": 11.53200000000652, "stage": "FIT_basis", "site": 12, "id": "broad_fit_openhermes_100k_028"}
{"seconds": 11.547000000020489, "stage": "FIT_basis", "site": 12, "id": "broad_fit_self_oss_instruct_006"}
{"seconds": 11.577999999979511, "stage": "FIT_basis", "site": 12, "id": "broad_fit_self_oss_instruct_012"}
{"seconds": 11.60999999998603, "stage": "FIT_basis", "site": 12, "id": "broad_fit_smol_constraints_005"}
{"seconds": 11.60999999998603, "stage": "FIT_basis", "site": 12, "id": "broad_fit_smol_constraints_021"}
{"seconds": 11.65700000000652, "stage": "FIT_basis", "site": 12, "id": "broad_fit_smol_magpie_ultra_000"}
{"seconds": 11.702999999979511, "stage": "FIT_basis", "site": 12, "id": "broad_fit_smol_magpie_ultra_022"}
{"seconds": 11.71899999998277, "stage": "FIT_basis", "site": 12, "id": "broad_fit_smol_rewrite_004"}
{"seconds": 11.75, "stage": "FIT_basis", "site": 12, "id": "broad_fit_smol_rewrite_015"}
{"seconds": 11.76600000000326, "stage": "FIT_basis", "site": 12, "id": "broad_fit_smol_summarize_003"}
{"seconds": 11.797000000020489, "stage": "FIT_basis", "site": 12, "id": "broad_fit_smol_summarize_024"}
{"seconds": 11.827999999979511, "stage": "FIT_basis", "site": 12, "id": "broad_fit_systemchats_30k_010"}
{"seconds": 11.84399999998277, "stage": "FIT_basis", "site": 12, "id": "broad_fit_systemchats_30k_024"}
{"seconds": 12.71899999998277, "stage": "basis_frozen", "site": 12, "orthogonality_error": 2.220446049250313e-15, "mean_retention": 0.5924953820279987, "mean_centered_retention": 0.479224458734254}
{"seconds": 12.75, "stage": "FIT_basis", "site": 23, "id": "broad_fit_apigen_80k_002"}
{"seconds": 12.78200000000652, "stage": "FIT_basis", "site": 23, "id": "broad_fit_apigen_80k_023"}
{"seconds": 12.797000000020489, "stage": "FIT_basis", "site": 23, "id": "broad_fit_everyday_conversations_002"}
{"seconds": 12.827999999979511, "stage": "FIT_basis", "site": 23, "id": "broad_fit_everyday_conversations_010"}
{"seconds": 12.84399999998277, "stage": "FIT_basis", "site": 23, "id": "broad_fit_explore_instruct_rewriting_008"}
{"seconds": 12.85999999998603, "stage": "FIT_basis", "site": 23, "id": "broad_fit_explore_instruct_rewriting_009"}
{"seconds": 12.875, "stage": "FIT_basis", "site": 23, "id": "broad_fit_metamathqa_50k_015"}
{"seconds": 12.89100000000326, "stage": "FIT_basis", "site": 23, "id": "broad_fit_metamathqa_50k_023"}
{"seconds": 12.922000000020489, "stage": "FIT_basis", "site": 23, "id": "broad_fit_numina_cot_100k_015"}
{"seconds": 12.938000000023749, "stage": "FIT_basis", "site": 23, "id": "broad_fit_numina_cot_100k_016"}
{"seconds": 12.96899999998277, "stage": "FIT_basis", "site": 23, "id": "broad_fit_openhermes_100k_004"}
{"seconds": 12.98499999998603, "stage": "FIT_basis", "site": 23, "id": "broad_fit_openhermes_100k_028"}
{"seconds": 13.01600000000326, "stage": "FIT_basis", "site": 23, "id": "broad_fit_self_oss_instruct_006"}
{"seconds": 13.047000000020489, "stage": "FIT_basis", "site": 23, "id": "broad_fit_self_oss_instruct_012"}
{"seconds": 13.063000000023749, "stage": "FIT_basis", "site": 23, "id": "broad_fit_smol_constraints_005"}
{"seconds": 13.077999999979511, "stage": "FIT_basis", "site": 23, "id": "broad_fit_smol_constraints_021"}
{"seconds": 13.10999999998603, "stage": "FIT_basis", "site": 23, "id": "broad_fit_smol_magpie_ultra_000"}
{"seconds": 13.15700000000652, "stage": "FIT_basis", "site": 23, "id": "broad_fit_smol_magpie_ultra_022"}
{"seconds": 13.172000000020489, "stage": "FIT_basis", "site": 23, "id": "broad_fit_smol_rewrite_004"}
{"seconds": 13.188000000023749, "stage": "FIT_basis", "site": 23, "id": "broad_fit_smol_rewrite_015"}
{"seconds": 13.21899999998277, "stage": "FIT_basis", "site": 23, "id": "broad_fit_smol_summarize_003"}
{"seconds": 13.25, "stage": "FIT_basis", "site": 23, "id": "broad_fit_smol_summarize_024"}
{"seconds": 13.28200000000652, "stage": "FIT_basis", "site": 23, "id": "broad_fit_systemchats_30k_010"}
{"seconds": 13.313000000023749, "stage": "FIT_basis", "site": 23, "id": "broad_fit_systemchats_30k_024"}
{"seconds": 14.063000000023749, "stage": "basis_frozen", "site": 23, "orthogonality_error": 2.6645352591003757e-15, "mean_retention": 0.6863699206040682, "mean_centered_retention": 0.6241920600589128}
{"seconds": 16.21899999998277, "stage": "evaluation", "site": 0, "id": "broad_fit_apigen_80k_002", "complete": 1}
{"seconds": 16.92200000002049, "stage": "evaluation", "site": 0, "id": "broad_fit_apigen_80k_023", "complete": 2}
{"seconds": 17.79700000002049, "stage": "evaluation", "site": 0, "id": "broad_fit_everyday_conversations_002", "complete": 3}
{"seconds": 18.5, "stage": "evaluation", "site": 0, "id": "broad_fit_everyday_conversations_010", "complete": 4}
{"seconds": 19.0, "stage": "evaluation", "site": 0, "id": "broad_fit_explore_instruct_rewriting_008", "complete": 5}
{"seconds": 19.35999999998603, "stage": "evaluation", "site": 0, "id": "broad_fit_explore_instruct_rewriting_009", "complete": 6}
{"seconds": 19.60999999998603, "stage": "evaluation", "site": 0, "id": "broad_fit_metamathqa_50k_015", "complete": 7}
{"seconds": 19.85999999998603, "stage": "evaluation", "site": 0, "id": "broad_fit_metamathqa_50k_023", "complete": 8}
{"seconds": 20.17200000002049, "stage": "evaluation", "site": 0, "id": "broad_fit_numina_cot_100k_015", "complete": 9}
{"seconds": 20.48499999998603, "stage": "evaluation", "site": 0, "id": "broad_fit_numina_cot_100k_016", "complete": 10}
{"seconds": 20.70299999997951, "stage": "evaluation", "site": 0, "id": "broad_fit_openhermes_100k_004", "complete": 11}
{"seconds": 21.18800000002375, "stage": "evaluation", "site": 0, "id": "broad_fit_openhermes_100k_028", "complete": 12}
{"seconds": 21.46899999998277, "stage": "evaluation", "site": 0, "id": "broad_fit_self_oss_instruct_006", "complete": 13}
{"seconds": 21.75, "stage": "evaluation", "site": 0, "id": "broad_fit_self_oss_instruct_012", "complete": 14}
{"seconds": 21.96899999998277, "stage": "evaluation", "site": 0, "id": "broad_fit_smol_constraints_005", "complete": 15}
{"seconds": 22.60999999998603, "stage": "evaluation", "site": 0, "id": "broad_fit_smol_constraints_021", "complete": 16}
{"seconds": 23.25, "stage": "evaluation", "site": 0, "id": "broad_fit_smol_magpie_ultra_000", "complete": 17}
{"seconds": 23.85999999998603, "stage": "evaluation", "site": 0, "id": "broad_fit_smol_magpie_ultra_022", "complete": 18}
{"seconds": 24.73499999998603, "stage": "evaluation", "site": 0, "id": "broad_fit_smol_rewrite_004", "complete": 19}
{"seconds": 25.29700000002049, "stage": "evaluation", "site": 0, "id": "broad_fit_smol_rewrite_015", "complete": 20}
{"seconds": 25.84399999998277, "stage": "evaluation", "site": 0, "id": "broad_fit_smol_summarize_003", "complete": 21}
{"seconds": 26.17200000002049, "stage": "evaluation", "site": 0, "id": "broad_fit_smol_summarize_024", "complete": 22}
{"seconds": 26.53200000000652, "stage": "evaluation", "site": 0, "id": "broad_fit_systemchats_30k_010", "complete": 23}
{"seconds": 26.98499999998603, "stage": "evaluation", "site": 0, "id": "broad_fit_systemchats_30k_024", "complete": 24}
{"seconds": 27.35999999998603, "stage": "evaluation", "site": 0, "id": "broad_dev_apigen_80k_033", "complete": 25}
{"seconds": 27.68800000002375, "stage": "evaluation", "site": 0, "id": "broad_dev_apigen_80k_034", "complete": 26}
{"seconds": 27.85999999998603, "stage": "evaluation", "site": 0, "id": "broad_dev_everyday_conversations_033", "complete": 27}
{"seconds": 28.0, "stage": "evaluation", "site": 0, "id": "broad_dev_everyday_conversations_036", "complete": 28}
{"seconds": 28.14100000000326, "stage": "evaluation", "site": 0, "id": "broad_dev_explore_instruct_rewriting_035", "complete": 29}
{"seconds": 28.31300000002375, "stage": "evaluation", "site": 0, "id": "broad_dev_explore_instruct_rewriting_038", "complete": 30}
{"seconds": 28.48499999998603, "stage": "evaluation", "site": 0, "id": "broad_dev_metamathqa_50k_035", "complete": 31}
{"seconds": 28.64100000000326, "stage": "evaluation", "site": 0, "id": "broad_dev_metamathqa_50k_037", "complete": 32}
{"seconds": 28.82799999997951, "stage": "evaluation", "site": 0, "id": "broad_dev_numina_cot_100k_035", "complete": 33}
{"seconds": 29.01600000000326, "stage": "evaluation", "site": 0, "id": "broad_dev_numina_cot_100k_038", "complete": 34}
{"seconds": 29.17200000002049, "stage": "evaluation", "site": 0, "id": "broad_dev_openhermes_100k_034", "complete": 35}
{"seconds": 29.32799999997951, "stage": "evaluation", "site": 0, "id": "broad_dev_openhermes_100k_037", "complete": 36}
{"seconds": 29.5, "stage": "evaluation", "site": 0, "id": "broad_dev_self_oss_instruct_033", "complete": 37}
{"seconds": 29.67200000002049, "stage": "evaluation", "site": 0, "id": "broad_dev_self_oss_instruct_036", "complete": 38}
{"seconds": 29.81300000002375, "stage": "evaluation", "site": 0, "id": "broad_dev_smol_constraints_034", "complete": 39}
{"seconds": 29.95299999997951, "stage": "evaluation", "site": 0, "id": "broad_dev_smol_constraints_035", "complete": 40}
{"seconds": 30.32799999997951, "stage": "evaluation", "site": 0, "id": "broad_dev_smol_magpie_ultra_034", "complete": 41}
{"seconds": 30.71899999998277, "stage": "evaluation", "site": 0, "id": "broad_dev_smol_magpie_ultra_036", "complete": 42}
{"seconds": 30.98499999998603, "stage": "evaluation", "site": 0, "id": "broad_dev_smol_rewrite_032", "complete": 43}
{"seconds": 31.15700000000652, "stage": "evaluation", "site": 0, "id": "broad_dev_smol_rewrite_036", "complete": 44}
{"seconds": 31.31300000002375, "stage": "evaluation", "site": 0, "id": "broad_dev_smol_summarize_034", "complete": 45}
{"seconds": 31.625, "stage": "evaluation", "site": 0, "id": "broad_dev_smol_summarize_039", "complete": 46}
{"seconds": 31.95299999997951, "stage": "evaluation", "site": 0, "id": "broad_dev_systemchats_30k_034", "complete": 47}
{"seconds": 32.10999999998603, "stage": "evaluation", "site": 0, "id": "broad_dev_systemchats_30k_039", "complete": 48}
{"seconds": 32.40700000000652, "stage": "evaluation", "site": 12, "id": "broad_fit_apigen_80k_002", "complete": 49}
{"seconds": 32.64100000000326, "stage": "evaluation", "site": 12, "id": "broad_fit_apigen_80k_023", "complete": 50}
{"seconds": 32.79700000002049, "stage": "evaluation", "site": 12, "id": "broad_fit_everyday_conversations_002", "complete": 51}
{"seconds": 32.95299999997951, "stage": "evaluation", "site": 12, "id": "broad_fit_everyday_conversations_010", "complete": 52}
{"seconds": 33.09399999998277, "stage": "evaluation", "site": 12, "id": "broad_fit_explore_instruct_rewriting_008", "complete": 53}
{"seconds": 33.20299999997951, "stage": "evaluation", "site": 12, "id": "broad_fit_explore_instruct_rewriting_009", "complete": 54}
{"seconds": 33.34399999998277, "stage": "evaluation", "site": 12, "id": "broad_fit_metamathqa_50k_015", "complete": 55}
{"seconds": 33.5, "stage": "evaluation", "site": 12, "id": "broad_fit_metamathqa_50k_023", "complete": 56}
{"seconds": 33.67200000002049, "stage": "evaluation", "site": 12, "id": "broad_fit_numina_cot_100k_015", "complete": 57}
{"seconds": 33.90700000000652, "stage": "evaluation", "site": 12, "id": "broad_fit_numina_cot_100k_016", "complete": 58}
{"seconds": 34.06300000002375, "stage": "evaluation", "site": 12, "id": "broad_fit_openhermes_100k_004", "complete": 59}
{"seconds": 34.29700000002049, "stage": "evaluation", "site": 12, "id": "broad_fit_openhermes_100k_028", "complete": 60}
{"seconds": 34.48499999998603, "stage": "evaluation", "site": 12, "id": "broad_fit_self_oss_instruct_006", "complete": 61}
{"seconds": 34.70299999997951, "stage": "evaluation", "site": 12, "id": "broad_fit_self_oss_instruct_012", "complete": 62}
{"seconds": 34.875, "stage": "evaluation", "site": 12, "id": "broad_fit_smol_constraints_005", "complete": 63}
{"seconds": 35.04700000002049, "stage": "evaluation", "site": 12, "id": "broad_fit_smol_constraints_021", "complete": 64}
{"seconds": 35.5, "stage": "evaluation", "site": 12, "id": "broad_fit_smol_magpie_ultra_000", "complete": 65}
{"seconds": 36.56300000002375, "stage": "evaluation", "site": 12, "id": "broad_fit_smol_magpie_ultra_022", "complete": 66}
{"seconds": 36.82799999997951, "stage": "evaluation", "site": 12, "id": "broad_fit_smol_rewrite_004", "complete": 67}
{"seconds": 37.14100000000326, "stage": "evaluation", "site": 12, "id": "broad_fit_smol_rewrite_015", "complete": 68}
{"seconds": 37.70299999997951, "stage": "evaluation", "site": 12, "id": "broad_fit_smol_summarize_003", "complete": 69}
{"seconds": 38.04700000002049, "stage": "evaluation", "site": 12, "id": "broad_fit_smol_summarize_024", "complete": 70}
{"seconds": 38.92200000002049, "stage": "evaluation", "site": 12, "id": "broad_fit_systemchats_30k_010", "complete": 71}
{"seconds": 39.15700000000652, "stage": "evaluation", "site": 12, "id": "broad_fit_systemchats_30k_024", "complete": 72}
{"seconds": 39.68800000002375, "stage": "evaluation", "site": 12, "id": "broad_dev_apigen_80k_033", "complete": 73}
{"seconds": 39.875, "stage": "evaluation", "site": 12, "id": "broad_dev_apigen_80k_034", "complete": 74}
{"seconds": 40.10999999998603, "stage": "evaluation", "site": 12, "id": "broad_dev_everyday_conversations_033", "complete": 75}
{"seconds": 40.25, "stage": "evaluation", "site": 12, "id": "broad_dev_everyday_conversations_036", "complete": 76}
{"seconds": 40.39100000000326, "stage": "evaluation", "site": 12, "id": "broad_dev_explore_instruct_rewriting_035", "complete": 77}
{"seconds": 40.60999999998603, "stage": "evaluation", "site": 12, "id": "broad_dev_explore_instruct_rewriting_038", "complete": 78}
{"seconds": 40.78200000000652, "stage": "evaluation", "site": 12, "id": "broad_dev_metamathqa_50k_035", "complete": 79}
{"seconds": 41.07799999997951, "stage": "evaluation", "site": 12, "id": "broad_dev_metamathqa_50k_037", "complete": 80}
{"seconds": 41.29700000002049, "stage": "evaluation", "site": 12, "id": "broad_dev_numina_cot_100k_035", "complete": 81}
{"seconds": 41.46899999998277, "stage": "evaluation", "site": 12, "id": "broad_dev_numina_cot_100k_038", "complete": 82}
{"seconds": 41.67200000002049, "stage": "evaluation", "site": 12, "id": "broad_dev_openhermes_100k_034", "complete": 83}
{"seconds": 41.82799999997951, "stage": "evaluation", "site": 12, "id": "broad_dev_openhermes_100k_037", "complete": 84}
{"seconds": 42.06300000002375, "stage": "evaluation", "site": 12, "id": "broad_dev_self_oss_instruct_033", "complete": 85}
{"seconds": 42.28200000000652, "stage": "evaluation", "site": 12, "id": "broad_dev_self_oss_instruct_036", "complete": 86}
{"seconds": 42.43800000002375, "stage": "evaluation", "site": 12, "id": "broad_dev_smol_constraints_034", "complete": 87}
{"seconds": 42.56300000002375, "stage": "evaluation", "site": 12, "id": "broad_dev_smol_constraints_035", "complete": 88}
{"seconds": 42.95299999997951, "stage": "evaluation", "site": 12, "id": "broad_dev_smol_magpie_ultra_034", "complete": 89}
{"seconds": 43.35999999998603, "stage": "evaluation", "site": 12, "id": "broad_dev_smol_magpie_ultra_036", "complete": 90}
{"seconds": 43.60999999998603, "stage": "evaluation", "site": 12, "id": "broad_dev_smol_rewrite_032", "complete": 91}
{"seconds": 43.76600000000326, "stage": "evaluation", "site": 12, "id": "broad_dev_smol_rewrite_036", "complete": 92}
{"seconds": 44.03200000000652, "stage": "evaluation", "site": 12, "id": "broad_dev_smol_summarize_034", "complete": 93}
{"seconds": 44.57799999997951, "stage": "evaluation", "site": 12, "id": "broad_dev_smol_summarize_039", "complete": 94}
{"seconds": 44.85999999998603, "stage": "evaluation", "site": 12, "id": "broad_dev_systemchats_30k_034", "complete": 95}
{"seconds": 45.03200000000652, "stage": "evaluation", "site": 12, "id": "broad_dev_systemchats_30k_039", "complete": 96}
{"seconds": 45.29700000002049, "stage": "evaluation", "site": 23, "id": "broad_fit_apigen_80k_002", "complete": 97}
{"seconds": 45.54700000002049, "stage": "evaluation", "site": 23, "id": "broad_fit_apigen_80k_023", "complete": 98}
{"seconds": 45.71899999998277, "stage": "evaluation", "site": 23, "id": "broad_fit_everyday_conversations_002", "complete": 99}
{"seconds": 45.95299999997951, "stage": "evaluation", "site": 23, "id": "broad_fit_everyday_conversations_010", "complete": 100}
{"seconds": 46.06300000002375, "stage": "evaluation", "site": 23, "id": "broad_fit_explore_instruct_rewriting_008", "complete": 101}
{"seconds": 46.18800000002375, "stage": "evaluation", "site": 23, "id": "broad_fit_explore_instruct_rewriting_009", "complete": 102}
{"seconds": 46.31300000002375, "stage": "evaluation", "site": 23, "id": "broad_fit_metamathqa_50k_015", "complete": 103}
{"seconds": 46.48499999998603, "stage": "evaluation", "site": 23, "id": "broad_fit_metamathqa_50k_023", "complete": 104}
{"seconds": 46.70299999997951, "stage": "evaluation", "site": 23, "id": "broad_fit_numina_cot_100k_015", "complete": 105}
{"seconds": 46.875, "stage": "evaluation", "site": 23, "id": "broad_fit_numina_cot_100k_016", "complete": 106}
{"seconds": 47.10999999998603, "stage": "evaluation", "site": 23, "id": "broad_fit_openhermes_100k_004", "complete": 107}
{"seconds": 47.29700000002049, "stage": "evaluation", "site": 23, "id": "broad_fit_openhermes_100k_028", "complete": 108}
{"seconds": 47.56300000002375, "stage": "evaluation", "site": 23, "id": "broad_fit_self_oss_instruct_006", "complete": 109}
{"seconds": 47.73499999998603, "stage": "evaluation", "site": 23, "id": "broad_fit_self_oss_instruct_012", "complete": 110}
{"seconds": 47.95299999997951, "stage": "evaluation", "site": 23, "id": "broad_fit_smol_constraints_005", "complete": 111}
{"seconds": 48.14100000000326, "stage": "evaluation", "site": 23, "id": "broad_fit_smol_constraints_021", "complete": 112}
{"seconds": 48.5, "stage": "evaluation", "site": 23, "id": "broad_fit_smol_magpie_ultra_000", "complete": 113}
{"seconds": 48.98499999998603, "stage": "evaluation", "site": 23, "id": "broad_fit_smol_magpie_ultra_022", "complete": 114}
{"seconds": 49.15700000000652, "stage": "evaluation", "site": 23, "id": "broad_fit_smol_rewrite_004", "complete": 115}
{"seconds": 49.42200000002049, "stage": "evaluation", "site": 23, "id": "broad_fit_smol_rewrite_015", "complete": 116}
{"seconds": 49.71899999998277, "stage": "evaluation", "site": 23, "id": "broad_fit_smol_summarize_003", "complete": 117}
{"seconds": 50.25, "stage": "evaluation", "site": 23, "id": "broad_fit_smol_summarize_024", "complete": 118}
{"seconds": 50.57799999997951, "stage": "evaluation", "site": 23, "id": "broad_fit_systemchats_30k_010", "complete": 119}
{"seconds": 50.76600000000326, "stage": "evaluation", "site": 23, "id": "broad_fit_systemchats_30k_024", "complete": 120}
{"seconds": 51.10999999998603, "stage": "evaluation", "site": 23, "id": "broad_dev_apigen_80k_033", "complete": 121}
{"seconds": 51.35999999998603, "stage": "evaluation", "site": 23, "id": "broad_dev_apigen_80k_034", "complete": 122}
{"seconds": 51.60999999998603, "stage": "evaluation", "site": 23, "id": "broad_dev_everyday_conversations_033", "complete": 123}
{"seconds": 51.78200000000652, "stage": "evaluation", "site": 23, "id": "broad_dev_everyday_conversations_036", "complete": 124}
{"seconds": 51.90700000000652, "stage": "evaluation", "site": 23, "id": "broad_dev_explore_instruct_rewriting_035", "complete": 125}
{"seconds": 52.06300000002375, "stage": "evaluation", "site": 23, "id": "broad_dev_explore_instruct_rewriting_038", "complete": 126}
{"seconds": 52.23499999998603, "stage": "evaluation", "site": 23, "id": "broad_dev_metamathqa_50k_035", "complete": 127}
{"seconds": 52.46899999998277, "stage": "evaluation", "site": 23, "id": "broad_dev_metamathqa_50k_037", "complete": 128}
{"seconds": 52.67200000002049, "stage": "evaluation", "site": 23, "id": "broad_dev_numina_cot_100k_035", "complete": 129}
{"seconds": 52.875, "stage": "evaluation", "site": 23, "id": "broad_dev_numina_cot_100k_038", "complete": 130}
{"seconds": 53.14100000000326, "stage": "evaluation", "site": 23, "id": "broad_dev_openhermes_100k_034", "complete": 131}
{"seconds": 53.31300000002375, "stage": "evaluation", "site": 23, "id": "broad_dev_openhermes_100k_037", "complete": 132}
{"seconds": 53.51600000000326, "stage": "evaluation", "site": 23, "id": "broad_dev_self_oss_instruct_033", "complete": 133}
{"seconds": 53.78200000000652, "stage": "evaluation", "site": 23, "id": "broad_dev_self_oss_instruct_036", "complete": 134}
{"seconds": 54.04700000002049, "stage": "evaluation", "site": 23, "id": "broad_dev_smol_constraints_034", "complete": 135}
{"seconds": 54.18800000002375, "stage": "evaluation", "site": 23, "id": "broad_dev_smol_constraints_035", "complete": 136}
{"seconds": 54.64100000000326, "stage": "evaluation", "site": 23, "id": "broad_dev_smol_magpie_ultra_034", "complete": 137}
{"seconds": 55.03200000000652, "stage": "evaluation", "site": 23, "id": "broad_dev_smol_magpie_ultra_036", "complete": 138}
{"seconds": 55.25, "stage": "evaluation", "site": 23, "id": "broad_dev_smol_rewrite_032", "complete": 139}
{"seconds": 55.48499999998603, "stage": "evaluation", "site": 23, "id": "broad_dev_smol_rewrite_036", "complete": 140}
{"seconds": 55.625, "stage": "evaluation", "site": 23, "id": "broad_dev_smol_summarize_034", "complete": 141}
{"seconds": 55.875, "stage": "evaluation", "site": 23, "id": "broad_dev_smol_summarize_039", "complete": 142}
{"seconds": 56.17200000002049, "stage": "evaluation", "site": 23, "id": "broad_dev_systemchats_30k_034", "complete": 143}
{"seconds": 56.39100000000326, "stage": "evaluation", "site": 23, "id": "broad_dev_systemchats_30k_039", "complete": 144}
{"seconds": 56.48499999998603, "stage": "complete", "decision": "MIXED_HISTORY_LINEAR_RECONSTRUCTION_BUDGET_FAIL", "sha256": "efd7fb64821a6c46494aaa70a45eb95309f460143a83a2df42961d3a97a49557"}
