{"stage": "compile", "seconds": 2.625, "child": "compile", "seconds_child": 1.8900000000139698}
{"stage": "native_all48", "seconds": 9.5, "child": "broad_fit_apigen_80k_023", "seconds_child": 6.827999999979511}
{"stage": "native_all48", "seconds": 9.98399999999674, "cases": 1, "id": "broad_fit_apigen_80k_023", "KL": 7.8434988522833935, "disagreement": 0.8728813559322034, "adopted": false}
{"stage": "native_all48", "seconds": 20.25, "child": "broad_fit_apigen_80k_002", "seconds_child": 10.202999999979511}
{"stage": "native_all48", "seconds": 20.625, "cases": 2, "id": "broad_fit_apigen_80k_002", "KL": 8.12979833494797, "disagreement": 0.9090909090909091, "adopted": false}
{"stage": "native_all48", "seconds": 25.53100000001723, "child": "broad_dev_apigen_80k_034", "seconds_child": 4.875}
{"stage": "native_all48", "seconds": 25.95299999997951, "cases": 3, "id": "broad_dev_apigen_80k_034", "KL": 7.980657947364457, "disagreement": 0.92, "adopted": false}
{"stage": "native_all48", "seconds": 40.65600000001723, "child": "broad_dev_apigen_80k_033", "seconds_child": 14.53100000001723}
{"stage": "native_all48", "seconds": 42.10899999999674, "cases": 4, "id": "broad_dev_apigen_80k_033", "KL": 8.235856984238039, "disagreement": 0.8378378378378378, "adopted": false}
{"stage": "native_all48", "seconds": 47.95299999997951, "child": "broad_fit_everyday_conversations_002", "seconds_child": 5.686999999976251}
{"stage": "native_all48", "seconds": 49.59299999999348, "cases": 5, "id": "broad_fit_everyday_conversations_002", "KL": 6.963218427170666, "disagreement": 0.94, "adopted": false}
{"stage": "native_all48", "seconds": 55.07799999997951, "child": "broad_fit_everyday_conversations_010", "seconds_child": 5.35999999998603}
{"stage": "native_all48", "seconds": 56.125, "cases": 6, "id": "broad_fit_everyday_conversations_010", "KL": 7.471453528070498, "disagreement": 0.9425287356321839, "adopted": false}
{"stage": "native_all48", "seconds": 59.51500000001397, "child": "broad_dev_everyday_conversations_036", "seconds_child": 3.1560000000172295}
{"stage": "native_all48", "seconds": 59.82799999997951, "cases": 7, "id": "broad_dev_everyday_conversations_036", "KL": 8.638310621877434, "disagreement": 0.9622641509433962, "adopted": false}
{"stage": "native_all48", "seconds": 65.46799999999348, "child": "broad_dev_everyday_conversations_033", "seconds_child": 5.578000000037719}
{"stage": "native_all48", "seconds": 66.0, "cases": 8, "id": "broad_dev_everyday_conversations_033", "KL": 8.56571904737587, "disagreement": 0.9534883720930233, "adopted": false}
{"stage": "native_all48", "seconds": 67.57799999997951, "child": "broad_fit_explore_instruct_rewriting_008", "seconds_child": 1.202999999979511}
{"stage": "native_all48", "seconds": 67.70299999997951, "cases": 9, "id": "broad_fit_explore_instruct_rewriting_008", "KL": 7.332471766903655, "disagreement": 0.8333333333333334, "adopted": false}
{"stage": "native_all48", "seconds": 69.25, "child": "broad_fit_explore_instruct_rewriting_009", "seconds_child": 1.4689999999827705}
{"stage": "native_all48", "seconds": 69.35899999999674, "cases": 10, "id": "broad_fit_explore_instruct_rewriting_009", "KL": 7.456289675353768, "disagreement": 0.9230769230769231, "adopted": false}
{"stage": "native_all48", "seconds": 70.59299999999348, "child": "broad_dev_explore_instruct_rewriting_035", "seconds_child": 1.1559999999590218}
{"stage": "native_all48", "seconds": 70.70299999997951, "cases": 11, "id": "broad_dev_explore_instruct_rewriting_035", "KL": 9.962083234227682, "disagreement": 1.0, "adopted": false}
{"stage": "native_all48", "seconds": 74.46799999999348, "child": "broad_dev_explore_instruct_rewriting_038", "seconds_child": 3.687000000034459}
{"stage": "native_all48", "seconds": 75.17099999997299, "cases": 12, "id": "broad_dev_explore_instruct_rewriting_038", "KL": 8.957909405875348, "disagreement": 0.98046875, "adopted": false}
{"stage": "native_all48", "seconds": 78.70299999997951, "child": "broad_fit_metamathqa_50k_015", "seconds_child": 2.875}
{"stage": "native_all48", "seconds": 79.25, "cases": 13, "id": "broad_fit_metamathqa_50k_015", "KL": 7.285678160958759, "disagreement": 0.9419354838709677, "adopted": false}
{"stage": "native_all48", "seconds": 86.375, "child": "broad_fit_metamathqa_50k_023", "seconds_child": 6.921999999962281}
{"stage": "native_all48", "seconds": 87.59299999999348, "cases": 14, "id": "broad_fit_metamathqa_50k_023", "KL": 7.1575963350021325, "disagreement": 0.94140625, "adopted": false}
{"stage": "native_all48", "seconds": 91.67099999997299, "child": "broad_dev_metamathqa_50k_035", "seconds_child": 3.9060000000172295}
{"stage": "native_all48", "seconds": 93.40600000001723, "cases": 15, "id": "broad_dev_metamathqa_50k_035", "KL": 7.927868570781219, "disagreement": 0.9424083769633508, "adopted": false}
{"stage": "native_all48", "seconds": 99.17099999997299, "child": "broad_dev_metamathqa_50k_037", "seconds_child": 5.73399999999674}
{"stage": "native_all48", "seconds": 101.01500000001397, "cases": 16, "id": "broad_dev_metamathqa_50k_037", "KL": 8.111069837737901, "disagreement": 0.95703125, "adopted": false}
{"stage": "native_all48", "seconds": 105.31199999997625, "child": "broad_fit_numina_cot_100k_015", "seconds_child": 4.14100000000326}
{"stage": "native_all48", "seconds": 106.21799999999348, "cases": 17, "id": "broad_fit_numina_cot_100k_015", "KL": 7.5597060344690945, "disagreement": 0.97265625, "adopted": false}
{"stage": "native_all48", "seconds": 114.48399999999674, "child": "broad_fit_numina_cot_100k_016", "seconds_child": 8.0}
{"stage": "native_all48", "seconds": 115.26500000001397, "cases": 18, "id": "broad_fit_numina_cot_100k_016", "KL": 7.486911957924019, "disagreement": 0.9296875, "adopted": false}
{"stage": "native_all48", "seconds": 119.06199999997625, "child": "broad_dev_numina_cot_100k_038", "seconds_child": 3.73499999998603}
{"stage": "native_all48", "seconds": 119.79599999997299, "cases": 19, "id": "broad_dev_numina_cot_100k_038", "KL": 6.989510887437416, "disagreement": 0.91796875, "adopted": false}
{"stage": "native_all48", "seconds": 124.20299999997951, "child": "broad_dev_numina_cot_100k_035", "seconds_child": 4.360000000044238}
{"stage": "native_all48", "seconds": 124.92099999997299, "cases": 20, "id": "broad_dev_numina_cot_100k_035", "KL": 8.184896449978503, "disagreement": 0.953125, "adopted": false}
{"stage": "native_all48", "seconds": 128.795999999973, "child": "broad_fit_openhermes_100k_004", "seconds_child": 3.5}
{"stage": "native_all48", "seconds": 130.78100000001723, "cases": 21, "id": "broad_fit_openhermes_100k_004", "KL": 7.304039951078082, "disagreement": 0.9609375, "adopted": false}
{"stage": "native_all48", "seconds": 139.53100000001723, "child": "broad_fit_openhermes_100k_028", "seconds_child": 8.530999999959022}
{"stage": "native_all48", "seconds": 141.10899999999674, "cases": 22, "id": "broad_fit_openhermes_100k_028", "KL": 7.828607185375873, "disagreement": 0.95703125, "adopted": false}
{"stage": "native_all48", "seconds": 147.89000000001397, "child": "broad_dev_openhermes_100k_034", "seconds_child": 6.5310000000172295}
{"stage": "native_all48", "seconds": 149.5, "cases": 23, "id": "broad_dev_openhermes_100k_034", "KL": 9.159573984266457, "disagreement": 0.95703125, "adopted": false}
{"stage": "native_all48", "seconds": 154.06199999997625, "child": "broad_dev_openhermes_100k_037", "seconds_child": 4.375}
{"stage": "native_all48", "seconds": 155.3279999999795, "cases": 24, "id": "broad_dev_openhermes_100k_037", "KL": 8.941427758154418, "disagreement": 0.953125, "adopted": false}
{"stage": "native_all48", "seconds": 159.68699999997625, "child": "broad_fit_self_oss_instruct_012", "seconds_child": 4.312000000034459}
{"stage": "native_all48", "seconds": 160.35899999999674, "cases": 25, "id": "broad_fit_self_oss_instruct_012", "KL": 8.477948904230587, "disagreement": 0.98828125, "adopted": false}
{"stage": "native_all48", "seconds": 168.420999999973, "child": "broad_fit_self_oss_instruct_006", "seconds_child": 7.9689999999827705}
{"stage": "native_all48", "seconds": 170.15600000001723, "cases": 26, "id": "broad_fit_self_oss_instruct_006", "KL": 8.135301128108408, "disagreement": 0.96875, "adopted": false}
{"stage": "native_all48", "seconds": 171.75, "cases": 27, "id": "broad_dev_self_oss_instruct_036", "KL": 8.939947696090524, "disagreement": 0.96484375, "adopted": true}
{"stage": "native_all48", "seconds": 180.28100000001723, "child": "broad_dev_self_oss_instruct_033", "seconds_child": 8.452999999979511}
{"stage": "native_all48", "seconds": 181.73399999999674, "cases": 28, "id": "broad_dev_self_oss_instruct_033", "KL": 8.713453144769083, "disagreement": 0.96484375, "adopted": false}
{"stage": "native_all48", "seconds": 185.51500000001397, "child": "broad_fit_smol_constraints_005", "seconds_child": 3.7189999999827705}
{"stage": "native_all48", "seconds": 186.545999999973, "cases": 29, "id": "broad_fit_smol_constraints_005", "KL": 7.959012814254907, "disagreement": 0.95, "adopted": false}
{"stage": "native_all48", "seconds": 192.48399999999674, "child": "broad_fit_smol_constraints_021", "seconds_child": 5.89100000000326}
{"stage": "native_all48", "seconds": 193.71799999999348, "cases": 30, "id": "broad_fit_smol_constraints_021", "KL": 7.925579018296193, "disagreement": 0.9788359788359788, "adopted": false}
{"stage": "native_all48", "seconds": 196.0, "child": "broad_dev_smol_constraints_035", "seconds_child": 2.01500000001397}
{"stage": "native_all48", "seconds": 196.34299999999348, "cases": 31, "id": "broad_dev_smol_constraints_035", "KL": 9.299493975053439, "disagreement": 1.0, "adopted": false}
{"stage": "native_all48", "seconds": 198.98399999999674, "child": "broad_dev_smol_constraints_034", "seconds_child": 2.452999999979511}
{"stage": "native_all48", "seconds": 199.48399999999674, "cases": 32, "id": "broad_dev_smol_constraints_034", "KL": 8.758469117325241, "disagreement": 0.989247311827957, "adopted": false}
{"stage": "native_all48", "seconds": 218.26500000001397, "child": "broad_fit_smol_magpie_ultra_000", "seconds_child": 18.73399999999674}
{"stage": "native_all48", "seconds": 219.7029999999795, "cases": 33, "id": "broad_fit_smol_magpie_ultra_000", "KL": 8.015107317703468, "disagreement": 0.94921875, "adopted": false}
{"stage": "native_all48", "seconds": 221.48399999999674, "cases": 34, "id": "broad_fit_smol_magpie_ultra_022", "KL": 5.920897577092512, "disagreement": 0.91015625, "adopted": true}
{"stage": "native_all48", "seconds": 243.51500000001397, "child": "broad_dev_smol_magpie_ultra_034", "seconds_child": 21.76500000001397}
{"stage": "native_all48", "seconds": 245.2029999999795, "cases": 35, "id": "broad_dev_smol_magpie_ultra_034", "KL": 8.660137417915752, "disagreement": 0.9609375, "adopted": false}
{"stage": "native_all48", "seconds": 247.23399999999674, "cases": 36, "id": "broad_dev_smol_magpie_ultra_036", "KL": 9.03054395106112, "disagreement": 0.9765625, "adopted": true}
{"stage": "native_all48", "seconds": 250.51500000001397, "child": "broad_fit_smol_rewrite_004", "seconds_child": 3.2189999999827705}
{"stage": "native_all48", "seconds": 251.25, "cases": 37, "id": "broad_fit_smol_rewrite_004", "KL": 7.750950693455058, "disagreement": 0.9666666666666667, "adopted": false}
{"stage": "native_all48", "seconds": 262.295999999973, "child": "broad_fit_smol_rewrite_015", "seconds_child": 10.76600000000326}
{"stage": "native_all48", "seconds": 264.420999999973, "cases": 38, "id": "broad_fit_smol_rewrite_015", "KL": 8.722070529618914, "disagreement": 0.98828125, "adopted": false}
{"stage": "native_all48", "seconds": 269.35899999999674, "child": "broad_dev_smol_rewrite_036", "seconds_child": 4.719000000040978}
{"stage": "native_all48", "seconds": 270.93699999997625, "cases": 39, "id": "broad_dev_smol_rewrite_036", "KL": 8.79354691649479, "disagreement": 0.9822222222222222, "adopted": false}
{"stage": "native_all48", "seconds": 281.89000000001397, "child": "broad_dev_smol_rewrite_032", "seconds_child": 10.547000000020489}
{"stage": "native_all48", "seconds": 283.0929999999935, "cases": 40, "id": "broad_dev_smol_rewrite_032", "KL": 9.542684114149415, "disagreement": 0.9714285714285714, "adopted": false}
{"stage": "native_all48", "seconds": 289.06199999997625, "child": "broad_fit_smol_summarize_024", "seconds_child": 5.25}
{"stage": "native_all48", "seconds": 289.64000000001397, "cases": 41, "id": "broad_fit_smol_summarize_024", "KL": 8.708399671723116, "disagreement": 0.9836065573770492, "adopted": false}
{"stage": "native_all48", "seconds": 302.14000000001397, "child": "broad_fit_smol_summarize_003", "seconds_child": 12.437999999965541}
{"stage": "native_all48", "seconds": 303.39000000001397, "cases": 42, "id": "broad_fit_smol_summarize_003", "KL": 9.229968225599285, "disagreement": 0.9831932773109243, "adopted": false}
{"stage": "native_all48", "seconds": 306.75, "child": "broad_dev_smol_summarize_034", "seconds_child": 3.187999999965541}
{"stage": "native_all48", "seconds": 307.23399999999674, "cases": 43, "id": "broad_dev_smol_summarize_034", "KL": 10.52855086016945, "disagreement": 1.0, "adopted": false}
{"stage": "native_all48", "seconds": 321.420999999973, "child": "broad_dev_smol_summarize_039", "seconds_child": 13.936999999976251}
{"stage": "native_all48", "seconds": 322.420999999973, "cases": 44, "id": "broad_dev_smol_summarize_039", "KL": 9.445263714569602, "disagreement": 0.9693877551020408, "adopted": false}
{"stage": "native_all48", "seconds": 326.0779999999795, "child": "broad_fit_systemchats_30k_024", "seconds_child": 3.5780000000377186}
{"stage": "native_all48", "seconds": 327.65600000001723, "cases": 45, "id": "broad_fit_systemchats_30k_024", "KL": 8.45055600381645, "disagreement": 0.93359375, "adopted": false}
{"stage": "native_all48", "seconds": 339.78100000001723, "child": "broad_fit_systemchats_30k_010", "seconds_child": 12.061999999976251}
{"stage": "native_all48", "seconds": 341.64000000001397, "cases": 46, "id": "broad_fit_systemchats_30k_010", "KL": 8.809452881124596, "disagreement": 0.94140625, "adopted": false}
{"stage": "native_all48", "seconds": 345.31199999997625, "child": "broad_dev_systemchats_30k_039", "seconds_child": 3.4369999999762513}
{"stage": "native_all48", "seconds": 347.28100000001723, "cases": 47, "id": "broad_dev_systemchats_30k_039", "KL": 8.671097834734507, "disagreement": 0.93359375, "adopted": false}
{"stage": "native_all48", "seconds": 360.5929999999935, "child": "broad_dev_systemchats_30k_034", "seconds_child": 13.21899999998277}
{"stage": "native_all48", "seconds": 362.2029999999795, "cases": 48, "id": "broad_dev_systemchats_30k_034", "KL": 8.306733841157167, "disagreement": 0.95703125, "adopted": false}
{"stage": "stream_qualification", "seconds": 365.40600000001723, "request": 0, "label": "full_prefix", "generated": 0}
{"stage": "stream_qualification", "seconds": 367.10899999999674, "request": 1, "label": "split_first", "generated": 0}
{"stage": "stream_qualification", "seconds": 368.68699999997625, "request": 2, "label": "split_tail", "generated": 0}
{"stage": "stream_qualification", "seconds": 368.76500000001397, "request": 3, "label": "reuse_exact", "generated": 0}
{"stage": "native_tasks", "seconds": 370.170999999973, "request": 4, "label": "arithmetic_add", "generated": 64}
{"stage": "native_tasks", "seconds": 370.25, "task": "arithmetic_add", "answer": "Unknownholdership allocate reik);- Symbol Hier mic-'' Bond dialog Dialogumin);- Symbol Hier mic-'' Bond mnjaute milescarriageselvesGrid lay populated Acceptmanyimeter tile Haz enum SizeChiHyperbola TypespaceCardulairesing Virig Download packages generatorwailt gatherdrivingCityicon abbreviester Josephorkbenchester", "correct": false}
{"stage": "native_tasks", "seconds": 371.73399999999674, "request": 5, "label": "arithmetic_sub", "generated": 64}
{"stage": "native_tasks", "seconds": 371.85899999999674, "task": "arithmetic_sub", "answer": "Unknownholdership allocate reik);- Symbol Hier mic-'' Bond dialog Dialogumin);- Symbol Hier mic-'' Bond mnjaute milescarriageselvesGrid lay populated Acceptmanyimeter cache kny tracing financeaftinglyipeDBRI Delta;}; Textual connectivityfan optimum Alan Bond dialog Dialogumin);- Symbol Hier mic-'' Bond dialog Dialog", "correct": false}
{"stage": "native_tasks", "seconds": 373.75, "request": 6, "label": "arithmetic_mul", "generated": 64}
{"stage": "native_tasks", "seconds": 373.81199999997625, "task": "arithmetic_mul", "answer": "Unknownholdership allocate reik);- Symbol Hier mic-'' Bond dialog Dialogumin);- Symbol Hier mic-'' Bond dialog Dialogumin);- Symbol Hier mic-'' Bond dialog Dialogumin);- Symbol Hier mic-'' Bond dialog Dialogumin);- Symbol Hier mic-'' Bond dialog Dialogumin);- Symbol Hier mic-'' Bond dialog Dialogumin);- Symbol Hier mic-''", "correct": false}
{"stage": "native_tasks", "seconds": 375.10899999999674, "request": 7, "label": "arithmetic_div", "generated": 64}
{"stage": "native_tasks", "seconds": 375.170999999973, "task": "arithmetic_div", "answer": "Unknownholdership allocate reik);- Symbol Hier mic-'' Bond dialog Dialogumin);- Symbol Hier mic-'' Bond dialog Dialogumin);- Symbol Hier mic-'' Bond dialog Dialogumin);- Symbol Hier mic-'' Bond mnjaute milescarriageselvesGrid lay populated Acceptmanyimeter cache kny tracing financeaftinglyipeDBRI Delta;}; Textual", "correct": false}
{"stage": "native_tasks", "seconds": 376.920999999973, "request": 8, "label": "extract_color", "generated": 64}
{"stage": "native_tasks", "seconds": 377.0, "task": "extract_color", "answer": "Unknownholdership allocate reik);- Symbol Hier mic-'' Bond dialog Dialogumin);- Symbol Hier mic-'' Bond mnjaute milescarriageselvesGrid lay populated Acceptmanyimeter cache kny tracing financeaftinglyipeDBRI Delta;}; Textual connectivityfan optimum Alan Bond dialog Dialogumin);- Symbol Hier mic-'' Hyd absor Qual", "correct": false}
{"stage": "native_tasks", "seconds": 378.81199999997625, "request": 9, "label": "extract_city", "generated": 64}
{"stage": "native_tasks", "seconds": 378.89000000001397, "task": "extract_city", "answer": "Unknownholdership allocate reik);- Symbol Hier mic-'' Bond dialog Dialogumin);- Symbol Hier mic-'' Bond dialog Dialogumin);- Symbol Hier mic-'' Bond dialog Dialogumin);- Symbol Hier mic-'' Bond dialog Dialogumin);- Symbol Hier mic-'' Bond dialog Dialogumin);- Symbol Hier mic-'' Bond dialog Dialogumin);- Symbol Hier mic-''", "correct": false}
{"stage": "native_tasks", "seconds": 380.78100000001723, "request": 10, "label": "extract_name", "generated": 64}
{"stage": "native_tasks", "seconds": 381.170999999973, "task": "extract_name", "answer": "Unknownholdership allocate reik);- Symbol Hier mic-'' Bond dialog Dialogumin);- Symbol Hier mic-'' Bond dialog Dialogumin);- Symbol Hier mic-'' Bond mnjaute milescarriageselvesGrid lay populated Acceptmanyimeter cache kny tracing financeaftinglyipeDBRI Delta;}; Textual connectivityfan optimum Alan Bond dialog Dialog", "correct": false}
{"stage": "native_tasks", "seconds": 383.0, "request": 11, "label": "extract_animal", "generated": 64}
{"stage": "native_tasks", "seconds": 383.10899999999674, "task": "extract_animal", "answer": "Unknownholdership allocate reik);- Symbol Hier mic-'' Bond dialog Dialogumin);- Symbol Hier mic-'' Bond dialog Dialogumin);- Symbol Hier mic-'' Bond dialog Dialogumin);- Symbol Hier mic-'' Bond dialog Dialogumin);- Symbol Hier mic-'' Bond dialog Dialogumin);- Symbol Hier mic-'' Bond dialog Dialogumin);- Symbol Hier mic-''", "correct": false}
{"stage": "native_tasks", "seconds": 385.06199999997625, "request": 12, "label": "follow_literal", "generated": 64}
{"stage": "native_tasks", "seconds": 385.14000000001397, "task": "follow_literal", "answer": "Unknownholdership allocate reik);- Symbol Hier mic-'' Bond mnjaute milescarriageselvesGrid lay populated Acceptmanyimeter cache kny tracing financeaftinglyipeDBRI Delta;}; Textual connectivityfan optimum Alan Bond dialog Dialogumin);- Symbol Hier mic-'' Bond dialog Dialogumin);- Symbol Hier mic-'' Bond dialog Dialog", "correct": false}
{"stage": "native_tasks", "seconds": 386.9679999999935, "request": 13, "label": "follow_upper", "generated": 64}
{"stage": "native_tasks", "seconds": 387.35899999999674, "task": "follow_upper", "answer": "Unknownholdership allocate reik);- Symbol Hier mic-'' Bond dialog Dialogumin);- Symbol Hier mic-'' Bond dialog Dialogumin);- Symbol Hier mic-'' Bond mnjaute milescarriageselvesGrid lay populated Acceptmanyimeter cache kny tracing financeaftinglyipeDBRI Statist aidProbabil friendships convey Taiwan Scan noul Tun Bulrier", "correct": false}
{"stage": "native_tasks", "seconds": 389.26500000001397, "request": 14, "label": "follow_lower", "generated": 64}
{"stage": "native_tasks", "seconds": 389.35899999999674, "task": "follow_lower", "answer": "Unknownholdership allocate reik);- Symbol Hier mic-'' Bond dialog Dialogumin);- Symbol Hier mic-'' Bond dialog Dialogumin);- Symbol Hier mic-'' Bond mnjaute milescarriageselvesGrid lay populated Acceptmanyimeter cache kny tracing financeaftinglyipeDBRI Statist aidProbabil friendships convey Taiwan Scan noul Tun Bulrier", "correct": false}
{"stage": "native_tasks", "seconds": 391.03100000001723, "request": 15, "label": "follow_reverse", "generated": 64}
{"stage": "native_tasks", "seconds": 391.10899999999674, "task": "follow_reverse", "answer": "Unknownholdership allocate reik);- Symbol Hier mic-'' Bond mnjaute milescarriageselvesGrid lay populated Acceptmanyimeter cache kny tracing financeaftinglyipeDBRI Delta;}; Textual connectivityfan optimum Alan Bond dialog Dialogumin);- Symbol Hier mic-'' Bond dialog Dialogumin);- Symbol Hier mic-'' Bond dialog Dialog", "correct": false}
{"stage": "native_tasks", "seconds": 393.10899999999674, "request": 16, "label": "history_pet", "generated": 64}
{"stage": "native_tasks", "seconds": 393.5, "task": "history_pet", "answer": "Unknownholdership allocate reik);- Symbol Hier mic-'' Bond dialog Dialogumin);- Symbol Hier mic-'' Bond dialog Dialogumin);- Symbol Hier mic-'' Bond dialog Dialogumin);- Symbol Hier mic-'' Bond dialog Dialogumin);- Symbol Hier mic-'' Bond dialog Dialogumin);- Symbol Hier mic-'' Bond dialog Dialogumin);- Symbol Hier mic-''", "correct": false}
{"stage": "native_tasks", "seconds": 395.31199999997625, "request": 17, "label": "own_answer_followup", "generated": 64}
{"stage": "native_tasks", "seconds": 397.23399999999674, "request": 18, "label": "history_color", "generated": 64}
{"stage": "native_tasks", "seconds": 397.31199999997625, "task": "history_color", "answer": "Unknownholdership allocate reik);- Symbol Hier mic-'' Bond dialog Dialogumin);- Symbol Hier mic-'' Bond dialog Dialogumin);- Symbol Hier mic-'' Bond dialog Dialogumin);- Symbol Hier mic-'' Bond dialog Dialogumin);- Symbol Hier mic-'' Bond dialog Dialogumin);- Symbol Hier mic-'' Bond dialog Dialogumin);- Symbol Hier mic-''", "correct": false}
{"stage": "native_tasks", "seconds": 399.75, "request": 19, "label": "history_city", "generated": 64}
{"stage": "native_tasks", "seconds": 399.85899999999674, "task": "history_city", "answer": "Unknownholdership allocate reik);- Symbol Hier mic-'' Bond dialog Dialogumin);- Symbol Hier mic-'' Bond dialog Dialogumin);- Symbol Hier mic-'' Bond dialog Dialogumin);- Symbol Hier mic-'' Bond dialog Dialogumin);- Symbol Hier mic-'' Bond dialog Dialogumin);- Symbol Hier mic-'' Bond dialog Dialogumin);- Symbol Hier mic-''", "correct": false}
{"stage": "native_tasks", "seconds": 402.0, "request": 20, "label": "history_inventory", "generated": 64}
{"stage": "native_tasks", "seconds": 402.0929999999935, "task": "history_inventory", "answer": "Unknownholdership allocate reik);- Symbol Hier mic-'' Bond dialog Dialogumin);- Symbol Hier mic-'' Bond dialog Dialogumin);- Symbol Hier mic-'' Bond dialog Dialogumin);- Symbol Hier mic-'' Bond dialog Dialogumin);- Symbol Hier mic-'' Bond dialog Dialogumin);- Symbol Hier mic-'' Bond dialog Dialogumin);- Symbol Hier mic-''", "correct": false}
{"stage": "complete", "seconds": 402.35899999999674, "decision": "ACTUAL27_BASELINE_COMPLETE", "task_correct": 0, "DEV": 8.764366971366869}
