[transformers] The fast path is not available because one of `(selective_state_update, causal_conv1d_fn, causal_conv1d_update)` is None. Falling back to the naive implementation. To install follow https://github.com/state-spaces/mamba/#installation and https://github.com/Dao-AILab/causal-conv1d
Loading weights:   0%|          | 0/411 [00:00<?, ?it/s]Loading weights: 100%|██████████| 411/411 [00:00<00:00, 6471.01it/s]
{"seconds": 9.172000000020489, "stage": "source_loaded", "source_parameters": 411, "basis_orthogonality_max": 7.697597101952169e-07}
{"seconds": 17.06200000003446, "stage": "captured_case", "id": "broad_fit_smol_magpie_ultra_022", "cases": 18, "raw_bytes": 228429824, "projected_bytes": 57107456, "exact_output_witnesses": 108}
{"seconds": 19.04700000002049, "stage": "captured_case", "id": "broad_fit_smol_rewrite_004", "cases": 19, "raw_bytes": 235655168, "projected_bytes": 58913792, "exact_output_witnesses": 114}
{"seconds": 22.70300000003772, "stage": "captured_case", "id": "broad_fit_smol_rewrite_015", "cases": 20, "raw_bytes": 251539456, "projected_bytes": 62884864, "exact_output_witnesses": 120}
{"seconds": 28.98399999999674, "stage": "captured_case", "id": "broad_fit_smol_summarize_003", "cases": 21, "raw_bytes": 273731584, "projected_bytes": 68432896, "exact_output_witnesses": 126}
{"seconds": 31.56200000003446, "stage": "captured_case", "id": "broad_fit_smol_summarize_024", "cases": 22, "raw_bytes": 281300992, "projected_bytes": 70325248, "exact_output_witnesses": 132}
{"seconds": 36.71799999999348, "stage": "captured_case", "id": "broad_fit_systemchats_30k_010", "cases": 23, "raw_bytes": 310546432, "projected_bytes": 77636608, "exact_output_witnesses": 138}
{"seconds": 40.03100000001723, "stage": "captured_case", "id": "broad_fit_systemchats_30k_024", "cases": 24, "raw_bytes": 319635456, "projected_bytes": 79908864, "exact_output_witnesses": 144}
{"seconds": 45.17200000002049, "stage": "captured_case", "id": "broad_dev_apigen_80k_033", "cases": 25, "raw_bytes": 345956352, "projected_bytes": 86489088, "exact_output_witnesses": 150}
{"seconds": 48.75, "stage": "captured_case", "id": "broad_dev_apigen_80k_034", "cases": 26, "raw_bytes": 359202816, "projected_bytes": 89800704, "exact_output_witnesses": 156}
{"seconds": 51.46799999999348, "stage": "captured_case", "id": "broad_dev_everyday_conversations_033", "cases": 27, "raw_bytes": 370040832, "projected_bytes": 92510208, "exact_output_witnesses": 162}
{"seconds": 54.125, "stage": "captured_case", "id": "broad_dev_everyday_conversations_036", "cases": 28, "raw_bytes": 375775232, "projected_bytes": 93943808, "exact_output_witnesses": 168}
{"seconds": 55.65600000001723, "stage": "captured_case", "id": "broad_dev_explore_instruct_rewriting_035", "cases": 29, "raw_bytes": 377524224, "projected_bytes": 94381056, "exact_output_witnesses": 174}
{"seconds": 58.56200000003446, "stage": "captured_case", "id": "broad_dev_explore_instruct_rewriting_038", "cases": 30, "raw_bytes": 386785280, "projected_bytes": 96696320, "exact_output_witnesses": 180}
{"seconds": 61.34299999999348, "stage": "captured_case", "id": "broad_dev_metamathqa_50k_035", "cases": 31, "raw_bytes": 393752576, "projected_bytes": 98438144, "exact_output_witnesses": 186}
{"seconds": 64.10899999999674, "stage": "captured_case", "id": "broad_dev_metamathqa_50k_037", "cases": 32, "raw_bytes": 403845120, "projected_bytes": 100961280, "exact_output_witnesses": 192}
{"seconds": 67.28100000001723, "stage": "captured_case", "id": "broad_dev_numina_cot_100k_035", "cases": 33, "raw_bytes": 414941184, "projected_bytes": 103735296, "exact_output_witnesses": 198}
{"seconds": 70.57800000003772, "stage": "captured_case", "id": "broad_dev_numina_cot_100k_038", "cases": 34, "raw_bytes": 424058880, "projected_bytes": 106014720, "exact_output_witnesses": 204}
{"seconds": 73.18700000003446, "stage": "captured_case", "id": "broad_dev_openhermes_100k_034", "cases": 35, "raw_bytes": 432345088, "projected_bytes": 108086272, "exact_output_witnesses": 210}
{"seconds": 75.95300000003772, "stage": "captured_case", "id": "broad_dev_openhermes_100k_037", "cases": 36, "raw_bytes": 442552320, "projected_bytes": 110638080, "exact_output_witnesses": 216}
{"seconds": 79.84299999999348, "stage": "captured_case", "id": "broad_dev_self_oss_instruct_033", "cases": 37, "raw_bytes": 454537216, "projected_bytes": 113634304, "exact_output_witnesses": 222}
{"seconds": 82.64000000001397, "stage": "captured_case", "id": "broad_dev_self_oss_instruct_036", "cases": 38, "raw_bytes": 464773120, "projected_bytes": 116193280, "exact_output_witnesses": 228}
{"seconds": 85.42200000002049, "stage": "captured_case", "id": "broad_dev_smol_constraints_034", "cases": 39, "raw_bytes": 470163456, "projected_bytes": 117540864, "exact_output_witnesses": 234}
{"seconds": 87.34299999999348, "stage": "captured_case", "id": "broad_dev_smol_constraints_035", "cases": 40, "raw_bytes": 473231360, "projected_bytes": 118307840, "exact_output_witnesses": 240}
{"seconds": 93.79700000002049, "stage": "captured_case", "id": "broad_dev_smol_magpie_ultra_034", "cases": 41, "raw_bytes": 509587456, "projected_bytes": 127396864, "exact_output_witnesses": 246}
{"seconds": 101.70300000003772, "stage": "captured_case", "id": "broad_dev_smol_magpie_ultra_036", "cases": 42, "raw_bytes": 552251392, "projected_bytes": 138062848, "exact_output_witnesses": 252}
{"seconds": 105.125, "stage": "captured_case", "id": "broad_dev_smol_rewrite_032", "cases": 43, "raw_bytes": 566644736, "projected_bytes": 141661184, "exact_output_witnesses": 258}
{"seconds": 110.64000000001397, "stage": "captured_case", "id": "broad_dev_smol_rewrite_036", "cases": 44, "raw_bytes": 577368064, "projected_bytes": 144342016, "exact_output_witnesses": 264}
{"seconds": 113.71799999999348, "stage": "captured_case", "id": "broad_dev_smol_summarize_034", "cases": 45, "raw_bytes": 584335360, "projected_bytes": 146083840, "exact_output_witnesses": 270}
{"seconds": 123.29700000002049, "stage": "captured_case", "id": "broad_dev_smol_summarize_039", "cases": 46, "raw_bytes": 612433920, "projected_bytes": 153108480, "exact_output_witnesses": 276}
{"seconds": 129.21799999999348, "stage": "captured_case", "id": "broad_dev_systemchats_30k_034", "cases": 47, "raw_bytes": 637952000, "projected_bytes": 159488000, "exact_output_witnesses": 282}
{"seconds": 131.95300000003772, "stage": "captured_case", "id": "broad_dev_systemchats_30k_039", "cases": 48, "raw_bytes": 646467584, "projected_bytes": 161616896, "exact_output_witnesses": 288}
{"seconds": 132.10899999999674, "stage": "complete", "result_sha256": "e39d38387f3c787475b4ceec806e86ae7b8af010c1b8b02f35a2083871883989"}
