{"seconds": 3.4060000000172295, "stage": "FIT_moments", "site": 0, "id": "broad_fit_apigen_80k_002"}
{"seconds": 3.5310000000172295, "stage": "FIT_moments", "site": 0, "id": "broad_fit_apigen_80k_023"}
{"seconds": 3.6869999999762513, "stage": "FIT_moments", "site": 0, "id": "broad_fit_everyday_conversations_002"}
{"seconds": 3.7810000000172295, "stage": "FIT_moments", "site": 0, "id": "broad_fit_everyday_conversations_010"}
{"seconds": 3.89000000001397, "stage": "FIT_moments", "site": 0, "id": "broad_fit_explore_instruct_rewriting_008"}
{"seconds": 3.9839999999967404, "stage": "FIT_moments", "site": 0, "id": "broad_fit_explore_instruct_rewriting_009"}
{"seconds": 4.092999999993481, "stage": "FIT_moments", "site": 0, "id": "broad_fit_metamathqa_50k_015"}
{"seconds": 4.186999999976251, "stage": "FIT_moments", "site": 0, "id": "broad_fit_metamathqa_50k_023"}
{"seconds": 4.295999999972992, "stage": "FIT_moments", "site": 0, "id": "broad_fit_numina_cot_100k_015"}
{"seconds": 4.4060000000172295, "stage": "FIT_moments", "site": 0, "id": "broad_fit_numina_cot_100k_016"}
{"seconds": 4.5, "stage": "FIT_moments", "site": 0, "id": "broad_fit_openhermes_100k_004"}
{"seconds": 4.60899999999674, "stage": "FIT_moments", "site": 0, "id": "broad_fit_openhermes_100k_028"}
{"seconds": 4.717999999993481, "stage": "FIT_moments", "site": 0, "id": "broad_fit_self_oss_instruct_006"}
{"seconds": 4.827999999979511, "stage": "FIT_moments", "site": 0, "id": "broad_fit_self_oss_instruct_012"}
{"seconds": 4.920999999972992, "stage": "FIT_moments", "site": 0, "id": "broad_fit_smol_constraints_005"}
{"seconds": 5.01500000001397, "stage": "FIT_moments", "site": 0, "id": "broad_fit_smol_constraints_021"}
{"seconds": 5.561999999976251, "stage": "FIT_moments", "site": 0, "id": "broad_fit_smol_magpie_ultra_000"}
{"seconds": 5.702999999979511, "stage": "FIT_moments", "site": 0, "id": "broad_fit_smol_magpie_ultra_022"}
{"seconds": 5.811999999976251, "stage": "FIT_moments", "site": 0, "id": "broad_fit_smol_rewrite_004"}
{"seconds": 5.920999999972992, "stage": "FIT_moments", "site": 0, "id": "broad_fit_smol_rewrite_015"}
{"seconds": 6.045999999972992, "stage": "FIT_moments", "site": 0, "id": "broad_fit_smol_summarize_003"}
{"seconds": 6.14000000001397, "stage": "FIT_moments", "site": 0, "id": "broad_fit_smol_summarize_024"}
{"seconds": 6.2810000000172295, "stage": "FIT_moments", "site": 0, "id": "broad_fit_systemchats_30k_010"}
{"seconds": 6.39000000001397, "stage": "FIT_moments", "site": 0, "id": "broad_fit_systemchats_30k_024"}
{"seconds": 6.920999999972992, "stage": "FIT_calibration", "site": 0, "id": "broad_fit_apigen_80k_002"}
{"seconds": 6.967999999993481, "stage": "FIT_calibration", "site": 0, "id": "broad_fit_apigen_80k_023"}
{"seconds": 7.0310000000172295, "stage": "FIT_calibration", "site": 0, "id": "broad_fit_everyday_conversations_002"}
{"seconds": 7.077999999979511, "stage": "FIT_calibration", "site": 0, "id": "broad_fit_everyday_conversations_010"}
{"seconds": 7.125, "stage": "FIT_calibration", "site": 0, "id": "broad_fit_explore_instruct_rewriting_008"}
{"seconds": 7.1560000000172295, "stage": "FIT_calibration", "site": 0, "id": "broad_fit_explore_instruct_rewriting_009"}
{"seconds": 7.202999999979511, "stage": "FIT_calibration", "site": 0, "id": "broad_fit_metamathqa_50k_015"}
{"seconds": 7.25, "stage": "FIT_calibration", "site": 0, "id": "broad_fit_metamathqa_50k_023"}
{"seconds": 7.2810000000172295, "stage": "FIT_calibration", "site": 0, "id": "broad_fit_numina_cot_100k_015"}
{"seconds": 7.342999999993481, "stage": "FIT_calibration", "site": 0, "id": "broad_fit_numina_cot_100k_016"}
{"seconds": 7.375, "stage": "FIT_calibration", "site": 0, "id": "broad_fit_openhermes_100k_004"}
{"seconds": 7.420999999972992, "stage": "FIT_calibration", "site": 0, "id": "broad_fit_openhermes_100k_028"}
{"seconds": 7.48399999999674, "stage": "FIT_calibration", "site": 0, "id": "broad_fit_self_oss_instruct_006"}
{"seconds": 7.51500000001397, "stage": "FIT_calibration", "site": 0, "id": "broad_fit_self_oss_instruct_012"}
{"seconds": 7.561999999976251, "stage": "FIT_calibration", "site": 0, "id": "broad_fit_smol_constraints_005"}
{"seconds": 7.60899999999674, "stage": "FIT_calibration", "site": 0, "id": "broad_fit_smol_constraints_021"}
{"seconds": 7.702999999979511, "stage": "FIT_calibration", "site": 0, "id": "broad_fit_smol_magpie_ultra_000"}
{"seconds": 7.827999999979511, "stage": "FIT_calibration", "site": 0, "id": "broad_fit_smol_magpie_ultra_022"}
{"seconds": 7.85899999999674, "stage": "FIT_calibration", "site": 0, "id": "broad_fit_smol_rewrite_004"}
{"seconds": 7.920999999972992, "stage": "FIT_calibration", "site": 0, "id": "broad_fit_smol_rewrite_015"}
{"seconds": 7.98399999999674, "stage": "FIT_calibration", "site": 0, "id": "broad_fit_smol_summarize_003"}
{"seconds": 8.03100000001723, "stage": "FIT_calibration", "site": 0, "id": "broad_fit_smol_summarize_024"}
{"seconds": 8.10899999999674, "stage": "FIT_calibration", "site": 0, "id": "broad_fit_systemchats_30k_010"}
{"seconds": 8.15600000001723, "stage": "FIT_calibration", "site": 0, "id": "broad_fit_systemchats_30k_024"}
{"seconds": 12.76500000001397, "stage": "selection_frozen", "site": 0, "calibration": {"all48_heads_x8": {"subset_RMS_calibrated": {"alpha": 2.1908365582236957, "xx": 4966.80738794807, "xy": 10881.463203172174}, "constant_RMS_calibrated": {"alpha": 1.1350941072200567, "xx": 13345.021603408915, "xy": 15147.85538275381}}, "selected6_heads_x64": {"subset_RMS_calibrated": {"alpha": 1.8648706852251136, "xx": 4127.633464105991, "xy": 7697.502646565449}, "constant_RMS_calibrated": {"alpha": 1.414049500073033, "xx": 5432.407387560817, "xy": 7681.692950573426}}}}
{"seconds": 13.26500000001397, "stage": "evaluation", "site": 0, "id": "broad_fit_apigen_80k_002", "complete": 1}
{"seconds": 13.39000000001397, "stage": "evaluation", "site": 0, "id": "broad_fit_apigen_80k_023", "complete": 2}
{"seconds": 13.53100000001723, "stage": "evaluation", "site": 0, "id": "broad_fit_everyday_conversations_002", "complete": 3}
{"seconds": 13.65600000001723, "stage": "evaluation", "site": 0, "id": "broad_fit_everyday_conversations_010", "complete": 4}
{"seconds": 13.73399999999674, "stage": "evaluation", "site": 0, "id": "broad_fit_explore_instruct_rewriting_008", "complete": 5}
{"seconds": 13.811999999976251, "stage": "evaluation", "site": 0, "id": "broad_fit_explore_instruct_rewriting_009", "complete": 6}
{"seconds": 13.90600000001723, "stage": "evaluation", "site": 0, "id": "broad_fit_metamathqa_50k_015", "complete": 7}
{"seconds": 14.01500000001397, "stage": "evaluation", "site": 0, "id": "broad_fit_metamathqa_50k_023", "complete": 8}
{"seconds": 14.125, "stage": "evaluation", "site": 0, "id": "broad_fit_numina_cot_100k_015", "complete": 9}
{"seconds": 14.23399999999674, "stage": "evaluation", "site": 0, "id": "broad_fit_numina_cot_100k_016", "complete": 10}
{"seconds": 14.311999999976251, "stage": "evaluation", "site": 0, "id": "broad_fit_openhermes_100k_004", "complete": 11}
{"seconds": 14.39000000001397, "stage": "evaluation", "site": 0, "id": "broad_fit_openhermes_100k_028", "complete": 12}
{"seconds": 14.46799999999348, "stage": "evaluation", "site": 0, "id": "broad_fit_self_oss_instruct_006", "complete": 13}
{"seconds": 14.545999999972992, "stage": "evaluation", "site": 0, "id": "broad_fit_self_oss_instruct_012", "complete": 14}
{"seconds": 14.60899999999674, "stage": "evaluation", "site": 0, "id": "broad_fit_smol_constraints_005", "complete": 15}
{"seconds": 14.686999999976251, "stage": "evaluation", "site": 0, "id": "broad_fit_smol_constraints_021", "complete": 16}
{"seconds": 14.78100000001723, "stage": "evaluation", "site": 0, "id": "broad_fit_smol_magpie_ultra_000", "complete": 17}
{"seconds": 14.875, "stage": "evaluation", "site": 0, "id": "broad_fit_smol_magpie_ultra_022", "complete": 18}
{"seconds": 14.952999999979511, "stage": "evaluation", "site": 0, "id": "broad_fit_smol_rewrite_004", "complete": 19}
{"seconds": 15.03100000001723, "stage": "evaluation", "site": 0, "id": "broad_fit_smol_rewrite_015", "complete": 20}
{"seconds": 15.125, "stage": "evaluation", "site": 0, "id": "broad_fit_smol_summarize_003", "complete": 21}
{"seconds": 15.186999999976251, "stage": "evaluation", "site": 0, "id": "broad_fit_smol_summarize_024", "complete": 22}
{"seconds": 15.28100000001723, "stage": "evaluation", "site": 0, "id": "broad_fit_systemchats_30k_010", "complete": 23}
{"seconds": 15.375, "stage": "evaluation", "site": 0, "id": "broad_fit_systemchats_30k_024", "complete": 24}
{"seconds": 15.48399999999674, "stage": "evaluation", "site": 0, "id": "broad_dev_apigen_80k_033", "complete": 25}
{"seconds": 15.577999999979511, "stage": "evaluation", "site": 0, "id": "broad_dev_apigen_80k_034", "complete": 26}
{"seconds": 15.65600000001723, "stage": "evaluation", "site": 0, "id": "broad_dev_everyday_conversations_033", "complete": 27}
{"seconds": 15.75, "stage": "evaluation", "site": 0, "id": "broad_dev_everyday_conversations_036", "complete": 28}
{"seconds": 15.827999999979511, "stage": "evaluation", "site": 0, "id": "broad_dev_explore_instruct_rewriting_035", "complete": 29}
{"seconds": 15.90600000001723, "stage": "evaluation", "site": 0, "id": "broad_dev_explore_instruct_rewriting_038", "complete": 30}
{"seconds": 16.01500000001397, "stage": "evaluation", "site": 0, "id": "broad_dev_metamathqa_50k_035", "complete": 31}
{"seconds": 16.07799999997951, "stage": "evaluation", "site": 0, "id": "broad_dev_metamathqa_50k_037", "complete": 32}
{"seconds": 16.17099999997299, "stage": "evaluation", "site": 0, "id": "broad_dev_numina_cot_100k_035", "complete": 33}
{"seconds": 16.26500000001397, "stage": "evaluation", "site": 0, "id": "broad_dev_numina_cot_100k_038", "complete": 34}
{"seconds": 16.34299999999348, "stage": "evaluation", "site": 0, "id": "broad_dev_openhermes_100k_034", "complete": 35}
{"seconds": 16.43699999997625, "stage": "evaluation", "site": 0, "id": "broad_dev_openhermes_100k_037", "complete": 36}
{"seconds": 16.53100000001723, "stage": "evaluation", "site": 0, "id": "broad_dev_self_oss_instruct_033", "complete": 37}
{"seconds": 16.60899999999674, "stage": "evaluation", "site": 0, "id": "broad_dev_self_oss_instruct_036", "complete": 38}
{"seconds": 16.68699999997625, "stage": "evaluation", "site": 0, "id": "broad_dev_smol_constraints_034", "complete": 39}
{"seconds": 16.76500000001397, "stage": "evaluation", "site": 0, "id": "broad_dev_smol_constraints_035", "complete": 40}
{"seconds": 16.90600000001723, "stage": "evaluation", "site": 0, "id": "broad_dev_smol_magpie_ultra_034", "complete": 41}
{"seconds": 17.06199999997625, "stage": "evaluation", "site": 0, "id": "broad_dev_smol_magpie_ultra_036", "complete": 42}
{"seconds": 17.17099999997299, "stage": "evaluation", "site": 0, "id": "broad_dev_smol_rewrite_032", "complete": 43}
{"seconds": 17.26500000001397, "stage": "evaluation", "site": 0, "id": "broad_dev_smol_rewrite_036", "complete": 44}
{"seconds": 17.34299999999348, "stage": "evaluation", "site": 0, "id": "broad_dev_smol_summarize_034", "complete": 45}
{"seconds": 17.46799999999348, "stage": "evaluation", "site": 0, "id": "broad_dev_smol_summarize_039", "complete": 46}
{"seconds": 17.57799999997951, "stage": "evaluation", "site": 0, "id": "broad_dev_systemchats_30k_034", "complete": 47}
{"seconds": 17.65600000001723, "stage": "evaluation", "site": 0, "id": "broad_dev_systemchats_30k_039", "complete": 48}
{"seconds": 17.79599999997299, "stage": "FIT_moments", "site": 12, "id": "broad_fit_apigen_80k_002"}
{"seconds": 17.90600000001723, "stage": "FIT_moments", "site": 12, "id": "broad_fit_apigen_80k_023"}
{"seconds": 18.03100000001723, "stage": "FIT_moments", "site": 12, "id": "broad_fit_everyday_conversations_002"}
{"seconds": 18.14000000001397, "stage": "FIT_moments", "site": 12, "id": "broad_fit_everyday_conversations_010"}
{"seconds": 18.25, "stage": "FIT_moments", "site": 12, "id": "broad_fit_explore_instruct_rewriting_008"}
{"seconds": 18.35899999999674, "stage": "FIT_moments", "site": 12, "id": "broad_fit_explore_instruct_rewriting_009"}
{"seconds": 18.46799999999348, "stage": "FIT_moments", "site": 12, "id": "broad_fit_metamathqa_50k_015"}
{"seconds": 18.57799999997951, "stage": "FIT_moments", "site": 12, "id": "broad_fit_metamathqa_50k_023"}
{"seconds": 18.68699999997625, "stage": "FIT_moments", "site": 12, "id": "broad_fit_numina_cot_100k_015"}
{"seconds": 18.79599999997299, "stage": "FIT_moments", "site": 12, "id": "broad_fit_numina_cot_100k_016"}
{"seconds": 18.92099999997299, "stage": "FIT_moments", "site": 12, "id": "broad_fit_openhermes_100k_004"}
{"seconds": 19.03100000001723, "stage": "FIT_moments", "site": 12, "id": "broad_fit_openhermes_100k_028"}
{"seconds": 19.14000000001397, "stage": "FIT_moments", "site": 12, "id": "broad_fit_self_oss_instruct_006"}
{"seconds": 19.25, "stage": "FIT_moments", "site": 12, "id": "broad_fit_self_oss_instruct_012"}
{"seconds": 19.34299999999348, "stage": "FIT_moments", "site": 12, "id": "broad_fit_smol_constraints_005"}
{"seconds": 19.45299999997951, "stage": "FIT_moments", "site": 12, "id": "broad_fit_smol_constraints_021"}
{"seconds": 19.60899999999674, "stage": "FIT_moments", "site": 12, "id": "broad_fit_smol_magpie_ultra_000"}
{"seconds": 19.81199999997625, "stage": "FIT_moments", "site": 12, "id": "broad_fit_smol_magpie_ultra_022"}
{"seconds": 19.92099999997299, "stage": "FIT_moments", "site": 12, "id": "broad_fit_smol_rewrite_004"}
{"seconds": 20.04599999997299, "stage": "FIT_moments", "site": 12, "id": "broad_fit_smol_rewrite_015"}
{"seconds": 20.18699999997625, "stage": "FIT_moments", "site": 12, "id": "broad_fit_smol_summarize_003"}
{"seconds": 20.31199999997625, "stage": "FIT_moments", "site": 12, "id": "broad_fit_smol_summarize_024"}
{"seconds": 20.48399999999674, "stage": "FIT_moments", "site": 12, "id": "broad_fit_systemchats_30k_010"}
{"seconds": 20.60899999999674, "stage": "FIT_moments", "site": 12, "id": "broad_fit_systemchats_30k_024"}
{"seconds": 21.14000000001397, "stage": "FIT_calibration", "site": 12, "id": "broad_fit_apigen_80k_002"}
{"seconds": 21.23399999999674, "stage": "FIT_calibration", "site": 12, "id": "broad_fit_apigen_80k_023"}
{"seconds": 21.31199999997625, "stage": "FIT_calibration", "site": 12, "id": "broad_fit_everyday_conversations_002"}
{"seconds": 21.39000000001397, "stage": "FIT_calibration", "site": 12, "id": "broad_fit_everyday_conversations_010"}
{"seconds": 21.43699999997625, "stage": "FIT_calibration", "site": 12, "id": "broad_fit_explore_instruct_rewriting_008"}
{"seconds": 21.46799999999348, "stage": "FIT_calibration", "site": 12, "id": "broad_fit_explore_instruct_rewriting_009"}
{"seconds": 21.53100000001723, "stage": "FIT_calibration", "site": 12, "id": "broad_fit_metamathqa_50k_015"}
{"seconds": 21.60899999999674, "stage": "FIT_calibration", "site": 12, "id": "broad_fit_metamathqa_50k_023"}
{"seconds": 21.67099999997299, "stage": "FIT_calibration", "site": 12, "id": "broad_fit_numina_cot_100k_015"}
{"seconds": 21.75, "stage": "FIT_calibration", "site": 12, "id": "broad_fit_numina_cot_100k_016"}
{"seconds": 21.81199999997625, "stage": "FIT_calibration", "site": 12, "id": "broad_fit_openhermes_100k_004"}
{"seconds": 21.89000000001397, "stage": "FIT_calibration", "site": 12, "id": "broad_fit_openhermes_100k_028"}
{"seconds": 22.0, "stage": "FIT_calibration", "site": 12, "id": "broad_fit_self_oss_instruct_006"}
{"seconds": 22.06199999997625, "stage": "FIT_calibration", "site": 12, "id": "broad_fit_self_oss_instruct_012"}
{"seconds": 22.125, "stage": "FIT_calibration", "site": 12, "id": "broad_fit_smol_constraints_005"}
{"seconds": 22.18699999997625, "stage": "FIT_calibration", "site": 12, "id": "broad_fit_smol_constraints_021"}
{"seconds": 22.34299999999348, "stage": "FIT_calibration", "site": 12, "id": "broad_fit_smol_magpie_ultra_000"}
{"seconds": 22.56199999997625, "stage": "FIT_calibration", "site": 12, "id": "broad_fit_smol_magpie_ultra_022"}
{"seconds": 22.625, "stage": "FIT_calibration", "site": 12, "id": "broad_fit_smol_rewrite_004"}
{"seconds": 22.70299999997951, "stage": "FIT_calibration", "site": 12, "id": "broad_fit_smol_rewrite_015"}
{"seconds": 22.76500000001397, "stage": "FIT_calibration", "site": 12, "id": "broad_fit_smol_summarize_003"}
{"seconds": 22.81199999997625, "stage": "FIT_calibration", "site": 12, "id": "broad_fit_smol_summarize_024"}
{"seconds": 22.89000000001397, "stage": "FIT_calibration", "site": 12, "id": "broad_fit_systemchats_30k_010"}
{"seconds": 22.93699999997625, "stage": "FIT_calibration", "site": 12, "id": "broad_fit_systemchats_30k_024"}
{"seconds": 26.65600000001723, "stage": "selection_frozen", "site": 12, "calibration": {"all48_heads_x8": {"subset_RMS_calibrated": {"alpha": 0.6946022843650753, "xx": 13738.77609677212, "xy": 9542.985261198208}, "constant_RMS_calibrated": {"alpha": 1.007101822873699, "xx": 7174.483273848664, "xy": 7225.435183269853}}, "selected6_heads_x64": {"subset_RMS_calibrated": {"alpha": 0.34759226663028175, "xx": 23113.203343847028, "xy": 8033.9707393743965}, "constant_RMS_calibrated": {"alpha": 1.0560081884530115, "xx": 3369.6199057964723, "xy": 3558.34621249534}}}}
{"seconds": 26.84299999999348, "stage": "evaluation", "site": 12, "id": "broad_fit_apigen_80k_002", "complete": 49}
{"seconds": 26.92099999997299, "stage": "evaluation", "site": 12, "id": "broad_fit_apigen_80k_023", "complete": 50}
{"seconds": 27.0, "stage": "evaluation", "site": 12, "id": "broad_fit_everyday_conversations_002", "complete": 51}
{"seconds": 27.07799999997951, "stage": "evaluation", "site": 12, "id": "broad_fit_everyday_conversations_010", "complete": 52}
{"seconds": 27.14000000001397, "stage": "evaluation", "site": 12, "id": "broad_fit_explore_instruct_rewriting_008", "complete": 53}
{"seconds": 27.21799999999348, "stage": "evaluation", "site": 12, "id": "broad_fit_explore_instruct_rewriting_009", "complete": 54}
{"seconds": 27.28100000001723, "stage": "evaluation", "site": 12, "id": "broad_fit_metamathqa_50k_015", "complete": 55}
{"seconds": 27.34299999999348, "stage": "evaluation", "site": 12, "id": "broad_fit_metamathqa_50k_023", "complete": 56}
{"seconds": 27.40600000001723, "stage": "evaluation", "site": 12, "id": "broad_fit_numina_cot_100k_015", "complete": 57}
{"seconds": 27.48399999999674, "stage": "evaluation", "site": 12, "id": "broad_fit_numina_cot_100k_016", "complete": 58}
{"seconds": 27.54599999997299, "stage": "evaluation", "site": 12, "id": "broad_fit_openhermes_100k_004", "complete": 59}
{"seconds": 27.625, "stage": "evaluation", "site": 12, "id": "broad_fit_openhermes_100k_028", "complete": 60}
{"seconds": 27.68699999997625, "stage": "evaluation", "site": 12, "id": "broad_fit_self_oss_instruct_006", "complete": 61}
{"seconds": 27.76500000001397, "stage": "evaluation", "site": 12, "id": "broad_fit_self_oss_instruct_012", "complete": 62}
{"seconds": 27.82799999997951, "stage": "evaluation", "site": 12, "id": "broad_fit_smol_constraints_005", "complete": 63}
{"seconds": 27.92099999997299, "stage": "evaluation", "site": 12, "id": "broad_fit_smol_constraints_021", "complete": 64}
{"seconds": 28.0, "stage": "evaluation", "site": 12, "id": "broad_fit_smol_magpie_ultra_000", "complete": 65}
{"seconds": 28.09299999999348, "stage": "evaluation", "site": 12, "id": "broad_fit_smol_magpie_ultra_022", "complete": 66}
{"seconds": 28.17099999997299, "stage": "evaluation", "site": 12, "id": "broad_fit_smol_rewrite_004", "complete": 67}
{"seconds": 28.25, "stage": "evaluation", "site": 12, "id": "broad_fit_smol_rewrite_015", "complete": 68}
{"seconds": 28.34299999999348, "stage": "evaluation", "site": 12, "id": "broad_fit_smol_summarize_003", "complete": 69}
{"seconds": 28.42099999997299, "stage": "evaluation", "site": 12, "id": "broad_fit_smol_summarize_024", "complete": 70}
{"seconds": 28.5, "stage": "evaluation", "site": 12, "id": "broad_fit_systemchats_30k_010", "complete": 71}
{"seconds": 28.89000000001397, "stage": "evaluation", "site": 12, "id": "broad_fit_systemchats_30k_024", "complete": 72}
{"seconds": 29.03100000001723, "stage": "evaluation", "site": 12, "id": "broad_dev_apigen_80k_033", "complete": 73}
{"seconds": 29.125, "stage": "evaluation", "site": 12, "id": "broad_dev_apigen_80k_034", "complete": 74}
{"seconds": 29.23399999999674, "stage": "evaluation", "site": 12, "id": "broad_dev_everyday_conversations_033", "complete": 75}
{"seconds": 29.31199999997625, "stage": "evaluation", "site": 12, "id": "broad_dev_everyday_conversations_036", "complete": 76}
{"seconds": 29.40600000001723, "stage": "evaluation", "site": 12, "id": "broad_dev_explore_instruct_rewriting_035", "complete": 77}
{"seconds": 29.5, "stage": "evaluation", "site": 12, "id": "broad_dev_explore_instruct_rewriting_038", "complete": 78}
{"seconds": 29.59299999999348, "stage": "evaluation", "site": 12, "id": "broad_dev_metamathqa_50k_035", "complete": 79}
{"seconds": 29.68699999997625, "stage": "evaluation", "site": 12, "id": "broad_dev_metamathqa_50k_037", "complete": 80}
{"seconds": 29.78100000001723, "stage": "evaluation", "site": 12, "id": "broad_dev_numina_cot_100k_035", "complete": 81}
{"seconds": 29.875, "stage": "evaluation", "site": 12, "id": "broad_dev_numina_cot_100k_038", "complete": 82}
{"seconds": 29.96799999999348, "stage": "evaluation", "site": 12, "id": "broad_dev_openhermes_100k_034", "complete": 83}
{"seconds": 30.06199999997625, "stage": "evaluation", "site": 12, "id": "broad_dev_openhermes_100k_037", "complete": 84}
{"seconds": 30.15600000001723, "stage": "evaluation", "site": 12, "id": "broad_dev_self_oss_instruct_033", "complete": 85}
{"seconds": 30.26500000001397, "stage": "evaluation", "site": 12, "id": "broad_dev_self_oss_instruct_036", "complete": 86}
{"seconds": 30.34299999999348, "stage": "evaluation", "site": 12, "id": "broad_dev_smol_constraints_034", "complete": 87}
{"seconds": 30.43699999997625, "stage": "evaluation", "site": 12, "id": "broad_dev_smol_constraints_035", "complete": 88}
{"seconds": 30.56199999997625, "stage": "evaluation", "site": 12, "id": "broad_dev_smol_magpie_ultra_034", "complete": 89}
{"seconds": 30.75, "stage": "evaluation", "site": 12, "id": "broad_dev_smol_magpie_ultra_036", "complete": 90}
{"seconds": 30.84299999999348, "stage": "evaluation", "site": 12, "id": "broad_dev_smol_rewrite_032", "complete": 91}
{"seconds": 30.93699999997625, "stage": "evaluation", "site": 12, "id": "broad_dev_smol_rewrite_036", "complete": 92}
{"seconds": 31.03100000001723, "stage": "evaluation", "site": 12, "id": "broad_dev_smol_summarize_034", "complete": 93}
{"seconds": 31.15600000001723, "stage": "evaluation", "site": 12, "id": "broad_dev_smol_summarize_039", "complete": 94}
{"seconds": 31.28100000001723, "stage": "evaluation", "site": 12, "id": "broad_dev_systemchats_30k_034", "complete": 95}
{"seconds": 31.375, "stage": "evaluation", "site": 12, "id": "broad_dev_systemchats_30k_039", "complete": 96}
{"seconds": 31.53100000001723, "stage": "FIT_moments", "site": 23, "id": "broad_fit_apigen_80k_002"}
{"seconds": 31.64000000001397, "stage": "FIT_moments", "site": 23, "id": "broad_fit_apigen_80k_023"}
{"seconds": 31.75, "stage": "FIT_moments", "site": 23, "id": "broad_fit_everyday_conversations_002"}
{"seconds": 31.84299999999348, "stage": "FIT_moments", "site": 23, "id": "broad_fit_everyday_conversations_010"}
{"seconds": 31.93699999997625, "stage": "FIT_moments", "site": 23, "id": "broad_fit_explore_instruct_rewriting_008"}
{"seconds": 32.03100000001723, "stage": "FIT_moments", "site": 23, "id": "broad_fit_explore_instruct_rewriting_009"}
{"seconds": 32.125, "stage": "FIT_moments", "site": 23, "id": "broad_fit_metamathqa_50k_015"}
{"seconds": 32.21799999999348, "stage": "FIT_moments", "site": 23, "id": "broad_fit_metamathqa_50k_023"}
{"seconds": 32.32799999997951, "stage": "FIT_moments", "site": 23, "id": "broad_fit_numina_cot_100k_015"}
{"seconds": 32.42099999997299, "stage": "FIT_moments", "site": 23, "id": "broad_fit_numina_cot_100k_016"}
{"seconds": 32.53100000001723, "stage": "FIT_moments", "site": 23, "id": "broad_fit_openhermes_100k_004"}
{"seconds": 32.65600000001723, "stage": "FIT_moments", "site": 23, "id": "broad_fit_openhermes_100k_028"}
{"seconds": 32.75, "stage": "FIT_moments", "site": 23, "id": "broad_fit_self_oss_instruct_006"}
{"seconds": 32.85899999999674, "stage": "FIT_moments", "site": 23, "id": "broad_fit_self_oss_instruct_012"}
{"seconds": 32.96799999999348, "stage": "FIT_moments", "site": 23, "id": "broad_fit_smol_constraints_005"}
{"seconds": 33.06199999997625, "stage": "FIT_moments", "site": 23, "id": "broad_fit_smol_constraints_021"}
{"seconds": 33.21799999999348, "stage": "FIT_moments", "site": 23, "id": "broad_fit_smol_magpie_ultra_000"}
{"seconds": 33.39000000001397, "stage": "FIT_moments", "site": 23, "id": "broad_fit_smol_magpie_ultra_022"}
{"seconds": 33.5, "stage": "FIT_moments", "site": 23, "id": "broad_fit_smol_rewrite_004"}
{"seconds": 33.625, "stage": "FIT_moments", "site": 23, "id": "broad_fit_smol_rewrite_015"}
{"seconds": 33.76500000001397, "stage": "FIT_moments", "site": 23, "id": "broad_fit_smol_summarize_003"}
{"seconds": 33.89000000001397, "stage": "FIT_moments", "site": 23, "id": "broad_fit_smol_summarize_024"}
{"seconds": 34.07799999997951, "stage": "FIT_moments", "site": 23, "id": "broad_fit_systemchats_30k_010"}
{"seconds": 34.18699999997625, "stage": "FIT_moments", "site": 23, "id": "broad_fit_systemchats_30k_024"}
{"seconds": 34.64000000001397, "stage": "FIT_calibration", "site": 23, "id": "broad_fit_apigen_80k_002"}
{"seconds": 34.73399999999674, "stage": "FIT_calibration", "site": 23, "id": "broad_fit_apigen_80k_023"}
{"seconds": 34.82799999997951, "stage": "FIT_calibration", "site": 23, "id": "broad_fit_everyday_conversations_002"}
{"seconds": 34.92099999997299, "stage": "FIT_calibration", "site": 23, "id": "broad_fit_everyday_conversations_010"}
{"seconds": 34.96799999999348, "stage": "FIT_calibration", "site": 23, "id": "broad_fit_explore_instruct_rewriting_008"}
{"seconds": 35.01500000001397, "stage": "FIT_calibration", "site": 23, "id": "broad_fit_explore_instruct_rewriting_009"}
{"seconds": 35.07799999997951, "stage": "FIT_calibration", "site": 23, "id": "broad_fit_metamathqa_50k_015"}
{"seconds": 35.15600000001723, "stage": "FIT_calibration", "site": 23, "id": "broad_fit_metamathqa_50k_023"}
{"seconds": 35.25, "stage": "FIT_calibration", "site": 23, "id": "broad_fit_numina_cot_100k_015"}
{"seconds": 35.35899999999674, "stage": "FIT_calibration", "site": 23, "id": "broad_fit_numina_cot_100k_016"}
{"seconds": 35.42099999997299, "stage": "FIT_calibration", "site": 23, "id": "broad_fit_openhermes_100k_004"}
{"seconds": 35.51500000001397, "stage": "FIT_calibration", "site": 23, "id": "broad_fit_openhermes_100k_028"}
{"seconds": 35.60899999999674, "stage": "FIT_calibration", "site": 23, "id": "broad_fit_self_oss_instruct_006"}
{"seconds": 35.67099999997299, "stage": "FIT_calibration", "site": 23, "id": "broad_fit_self_oss_instruct_012"}
{"seconds": 35.75, "stage": "FIT_calibration", "site": 23, "id": "broad_fit_smol_constraints_005"}
{"seconds": 35.81199999997625, "stage": "FIT_calibration", "site": 23, "id": "broad_fit_smol_constraints_021"}
{"seconds": 35.98399999999674, "stage": "FIT_calibration", "site": 23, "id": "broad_fit_smol_magpie_ultra_000"}
{"seconds": 36.20299999997951, "stage": "FIT_calibration", "site": 23, "id": "broad_fit_smol_magpie_ultra_022"}
{"seconds": 36.25, "stage": "FIT_calibration", "site": 23, "id": "broad_fit_smol_rewrite_004"}
{"seconds": 36.34299999999348, "stage": "FIT_calibration", "site": 23, "id": "broad_fit_smol_rewrite_015"}
{"seconds": 36.40600000001723, "stage": "FIT_calibration", "site": 23, "id": "broad_fit_smol_summarize_003"}
{"seconds": 36.45299999997951, "stage": "FIT_calibration", "site": 23, "id": "broad_fit_smol_summarize_024"}
{"seconds": 36.54599999997299, "stage": "FIT_calibration", "site": 23, "id": "broad_fit_systemchats_30k_010"}
{"seconds": 36.59299999999348, "stage": "FIT_calibration", "site": 23, "id": "broad_fit_systemchats_30k_024"}
{"seconds": 40.23399999999674, "stage": "selection_frozen", "site": 23, "calibration": {"all48_heads_x8": {"subset_RMS_calibrated": {"alpha": 2.1483424074942965, "xx": 261272.42199720387, "xy": 561302.6240853388}, "constant_RMS_calibrated": {"alpha": 1.0043775729822948, "xx": 1091596.6807064319, "xy": 1096375.224843455}}, "selected6_heads_x64": {"subset_RMS_calibrated": {"alpha": 1.4012710733268106, "xx": 357724.8642043713, "xy": 501269.5044193469}, "constant_RMS_calibrated": {"alpha": 1.0441064869474108, "xx": 588447.6439547151, "xy": 614402.0022820384}}}}
{"seconds": 40.32799999997951, "stage": "evaluation", "site": 23, "id": "broad_fit_apigen_80k_002", "complete": 97}
{"seconds": 40.39000000001397, "stage": "evaluation", "site": 23, "id": "broad_fit_apigen_80k_023", "complete": 98}
{"seconds": 40.48399999999674, "stage": "evaluation", "site": 23, "id": "broad_fit_everyday_conversations_002", "complete": 99}
{"seconds": 40.57799999997951, "stage": "evaluation", "site": 23, "id": "broad_fit_everyday_conversations_010", "complete": 100}
{"seconds": 40.65600000001723, "stage": "evaluation", "site": 23, "id": "broad_fit_explore_instruct_rewriting_008", "complete": 101}
{"seconds": 40.73399999999674, "stage": "evaluation", "site": 23, "id": "broad_fit_explore_instruct_rewriting_009", "complete": 102}
{"seconds": 40.78100000001723, "stage": "evaluation", "site": 23, "id": "broad_fit_metamathqa_50k_015", "complete": 103}
{"seconds": 40.85899999999674, "stage": "evaluation", "site": 23, "id": "broad_fit_metamathqa_50k_023", "complete": 104}
{"seconds": 40.93699999997625, "stage": "evaluation", "site": 23, "id": "broad_fit_numina_cot_100k_015", "complete": 105}
{"seconds": 41.01500000001397, "stage": "evaluation", "site": 23, "id": "broad_fit_numina_cot_100k_016", "complete": 106}
{"seconds": 41.09299999999348, "stage": "evaluation", "site": 23, "id": "broad_fit_openhermes_100k_004", "complete": 107}
{"seconds": 41.17099999997299, "stage": "evaluation", "site": 23, "id": "broad_fit_openhermes_100k_028", "complete": 108}
{"seconds": 41.25, "stage": "evaluation", "site": 23, "id": "broad_fit_self_oss_instruct_006", "complete": 109}
{"seconds": 41.31199999997625, "stage": "evaluation", "site": 23, "id": "broad_fit_self_oss_instruct_012", "complete": 110}
{"seconds": 41.39000000001397, "stage": "evaluation", "site": 23, "id": "broad_fit_smol_constraints_005", "complete": 111}
{"seconds": 41.48399999999674, "stage": "evaluation", "site": 23, "id": "broad_fit_smol_constraints_021", "complete": 112}
{"seconds": 41.57799999997951, "stage": "evaluation", "site": 23, "id": "broad_fit_smol_magpie_ultra_000", "complete": 113}
{"seconds": 41.65600000001723, "stage": "evaluation", "site": 23, "id": "broad_fit_smol_magpie_ultra_022", "complete": 114}
{"seconds": 41.73399999999674, "stage": "evaluation", "site": 23, "id": "broad_fit_smol_rewrite_004", "complete": 115}
{"seconds": 41.82799999997951, "stage": "evaluation", "site": 23, "id": "broad_fit_smol_rewrite_015", "complete": 116}
{"seconds": 41.90600000001723, "stage": "evaluation", "site": 23, "id": "broad_fit_smol_summarize_003", "complete": 117}
{"seconds": 41.96799999999348, "stage": "evaluation", "site": 23, "id": "broad_fit_smol_summarize_024", "complete": 118}
{"seconds": 42.03100000001723, "stage": "evaluation", "site": 23, "id": "broad_fit_systemchats_30k_010", "complete": 119}
{"seconds": 42.10899999999674, "stage": "evaluation", "site": 23, "id": "broad_fit_systemchats_30k_024", "complete": 120}
{"seconds": 42.20299999997951, "stage": "evaluation", "site": 23, "id": "broad_dev_apigen_80k_033", "complete": 121}
{"seconds": 42.29599999997299, "stage": "evaluation", "site": 23, "id": "broad_dev_apigen_80k_034", "complete": 122}
{"seconds": 42.375, "stage": "evaluation", "site": 23, "id": "broad_dev_everyday_conversations_033", "complete": 123}
{"seconds": 42.45299999997951, "stage": "evaluation", "site": 23, "id": "broad_dev_everyday_conversations_036", "complete": 124}
{"seconds": 42.54599999997299, "stage": "evaluation", "site": 23, "id": "broad_dev_explore_instruct_rewriting_035", "complete": 125}
{"seconds": 42.64000000001397, "stage": "evaluation", "site": 23, "id": "broad_dev_explore_instruct_rewriting_038", "complete": 126}
{"seconds": 42.70299999997951, "stage": "evaluation", "site": 23, "id": "broad_dev_metamathqa_50k_035", "complete": 127}
{"seconds": 42.79599999997299, "stage": "evaluation", "site": 23, "id": "broad_dev_metamathqa_50k_037", "complete": 128}
{"seconds": 42.875, "stage": "evaluation", "site": 23, "id": "broad_dev_numina_cot_100k_035", "complete": 129}
{"seconds": 42.95299999997951, "stage": "evaluation", "site": 23, "id": "broad_dev_numina_cot_100k_038", "complete": 130}
{"seconds": 43.03100000001723, "stage": "evaluation", "site": 23, "id": "broad_dev_openhermes_100k_034", "complete": 131}
{"seconds": 43.10899999999674, "stage": "evaluation", "site": 23, "id": "broad_dev_openhermes_100k_037", "complete": 132}
{"seconds": 43.18699999997625, "stage": "evaluation", "site": 23, "id": "broad_dev_self_oss_instruct_033", "complete": 133}
{"seconds": 43.28100000001723, "stage": "evaluation", "site": 23, "id": "broad_dev_self_oss_instruct_036", "complete": 134}
{"seconds": 43.35899999999674, "stage": "evaluation", "site": 23, "id": "broad_dev_smol_constraints_034", "complete": 135}
{"seconds": 43.43699999997625, "stage": "evaluation", "site": 23, "id": "broad_dev_smol_constraints_035", "complete": 136}
{"seconds": 43.53100000001723, "stage": "evaluation", "site": 23, "id": "broad_dev_smol_magpie_ultra_034", "complete": 137}
{"seconds": 43.67099999997299, "stage": "evaluation", "site": 23, "id": "broad_dev_smol_magpie_ultra_036", "complete": 138}
{"seconds": 43.76500000001397, "stage": "evaluation", "site": 23, "id": "broad_dev_smol_rewrite_032", "complete": 139}
{"seconds": 43.85899999999674, "stage": "evaluation", "site": 23, "id": "broad_dev_smol_rewrite_036", "complete": 140}
{"seconds": 43.93699999997625, "stage": "evaluation", "site": 23, "id": "broad_dev_smol_summarize_034", "complete": 141}
{"seconds": 44.04599999997299, "stage": "evaluation", "site": 23, "id": "broad_dev_smol_summarize_039", "complete": 142}
{"seconds": 44.18699999997625, "stage": "evaluation", "site": 23, "id": "broad_dev_systemchats_30k_034", "complete": 143}
{"seconds": 44.26500000001397, "stage": "evaluation", "site": 23, "id": "broad_dev_systemchats_30k_039", "complete": 144}
{"seconds": 44.34299999999348, "stage": "complete", "decision": "CHANNEL_HEAD_REPRESENTATION_BUDGET_FAIL", "sha256": "f936551337e861ec24d21d90c86e814c391eb4013faa2506372cfaaaed2f3692"}
