{"seconds": 3.0469999999622814, "stage": "loaded", "labels": 72, "uniform_mean": 10.626555398093345}
{"seconds": 3.3119999999762513, "stage": "solve", "arm": 0, "scale": 1.0, "iteration": 0, "upper_mean": 10.626555398093345, "lower_mean": 0.0, "max_gap": 11.09030268670162, "mean_gap": 10.626555398093345, "converged_labels": 0}
{"seconds": 6.3439999999827705, "stage": "solve", "arm": 0, "scale": 1.0, "iteration": 16, "upper_mean": 1.3215298005031362, "lower_mean": 0.5198933621633802, "max_gap": 4.294288712119231, "mean_gap": 0.801636438339756, "converged_labels": 0}
{"seconds": 9.530999999959022, "stage": "solve", "arm": 0, "scale": 1.0, "iteration": 32, "upper_mean": 0.8503133810927761, "lower_mean": 0.594555411162354, "max_gap": 2.3475789639620777, "mean_gap": 0.2557579699304222, "converged_labels": 6}
{"seconds": 12.421999999962281, "stage": "solve", "arm": 0, "scale": 1.0, "iteration": 48, "upper_mean": 0.7114628236777862, "lower_mean": 0.6326265807530387, "max_gap": 1.3369909559798003, "mean_gap": 0.07883624292474752, "converged_labels": 9}
{"seconds": 15.436999999976251, "stage": "solve", "arm": 0, "scale": 1.0, "iteration": 64, "upper_mean": 0.6894540095482188, "lower_mean": 0.6387831224827513, "max_gap": 0.7361932805575315, "mean_gap": 0.05067088706546768, "converged_labels": 12}
{"seconds": 18.32799999997951, "stage": "solve", "arm": 0, "scale": 1.0, "iteration": 80, "upper_mean": 0.6766768909716973, "lower_mean": 0.646957173512325, "max_gap": 0.2856634569787162, "mean_gap": 0.02971971745937226, "converged_labels": 13}
{"seconds": 21.35899999999674, "stage": "solve", "arm": 0, "scale": 1.0, "iteration": 96, "upper_mean": 0.6718823282948345, "lower_mean": 0.6490645849302958, "max_gap": 0.15539141638099774, "mean_gap": 0.022817743364538668, "converged_labels": 15}
{"seconds": 24.20299999997951, "stage": "solve", "arm": 0, "scale": 1.0, "iteration": 112, "upper_mean": 0.6694707097746148, "lower_mean": 0.6515296579943506, "max_gap": 0.10566317690155197, "mean_gap": 0.01794105178026426, "converged_labels": 15}
{"seconds": 27.09399999998277, "stage": "solve", "arm": 0, "scale": 1.0, "iteration": 128, "upper_mean": 0.6678166012814575, "lower_mean": 0.6530107462143651, "max_gap": 0.09180274490028142, "mean_gap": 0.014805855067092463, "converged_labels": 16}
{"seconds": 29.98399999999674, "stage": "solve", "arm": 0, "scale": 1.0, "iteration": 144, "upper_mean": 0.6666536068521829, "lower_mean": 0.6541583100210153, "max_gap": 0.08374548323566544, "mean_gap": 0.012495296831167462, "converged_labels": 16}
{"seconds": 32.96899999998277, "stage": "solve", "arm": 0, "scale": 1.0, "iteration": 160, "upper_mean": 0.6657488218785874, "lower_mean": 0.6549120666283832, "max_gap": 0.07586971969773942, "mean_gap": 0.010836755250204283, "converged_labels": 17}
{"seconds": 35.81199999997625, "stage": "solve", "arm": 0, "scale": 1.0, "iteration": 176, "upper_mean": 0.6650603251913649, "lower_mean": 0.6558731413938828, "max_gap": 0.07055195573556328, "mean_gap": 0.009187183797482196, "converged_labels": 26}
{"seconds": 38.75, "stage": "solve", "arm": 0, "scale": 1.0, "iteration": 192, "upper_mean": 0.664486592066023, "lower_mean": 0.6563946729104188, "max_gap": 0.0670518835641224, "mean_gap": 0.008091919155604237, "converged_labels": 31}
{"seconds": 41.625, "stage": "solve", "arm": 0, "scale": 1.0, "iteration": 208, "upper_mean": 0.6640391179835595, "lower_mean": 0.6572316084698625, "max_gap": 0.06373262350140807, "mean_gap": 0.006807509513696858, "converged_labels": 32}
{"seconds": 44.56199999997625, "stage": "solve", "arm": 0, "scale": 1.0, "iteration": 224, "upper_mean": 0.6636912573261999, "lower_mean": 0.657742349584682, "max_gap": 0.06035942802551564, "mean_gap": 0.00594890774151781, "converged_labels": 33}
{"seconds": 47.5, "stage": "solve", "arm": 0, "scale": 1.0, "iteration": 240, "upper_mean": 0.6633904795454101, "lower_mean": 0.6580203348067661, "max_gap": 0.05749391428539019, "mean_gap": 0.0053701447386438625, "converged_labels": 34}
{"seconds": 50.42199999996228, "stage": "solve", "arm": 0, "scale": 1.0, "iteration": 256, "upper_mean": 0.663144021293662, "lower_mean": 0.6582905571189092, "max_gap": 0.05487265866540103, "mean_gap": 0.004853464174752861, "converged_labels": 34}
{"seconds": 53.40599999995902, "stage": "solve", "arm": 0, "scale": 1.0, "iteration": 272, "upper_mean": 0.6629398497859361, "lower_mean": 0.6584383215167885, "max_gap": 0.05270175529230048, "mean_gap": 0.004501528269147624, "converged_labels": 34}
{"seconds": 56.29699999996228, "stage": "solve", "arm": 0, "scale": 1.0, "iteration": 288, "upper_mean": 0.662769992241099, "lower_mean": 0.6585709104933485, "max_gap": 0.05127658941225477, "mean_gap": 0.004199081747750443, "converged_labels": 34}
{"seconds": 59.28099999995902, "stage": "solve", "arm": 0, "scale": 1.0, "iteration": 304, "upper_mean": 0.6626286565416877, "lower_mean": 0.6587275933744124, "max_gap": 0.04709830462635661, "mean_gap": 0.003901063167275229, "converged_labels": 34}
{"seconds": 62.125, "stage": "solve", "arm": 0, "scale": 1.0, "iteration": 320, "upper_mean": 0.6625081362981076, "lower_mean": 0.6589208959292372, "max_gap": 0.040398023924310356, "mean_gap": 0.00358724036887035, "converged_labels": 34}
{"seconds": 65.03099999995902, "stage": "solve", "arm": 0, "scale": 1.0, "iteration": 336, "upper_mean": 0.6624011546016291, "lower_mean": 0.6590300682921282, "max_gap": 0.03725236640775248, "mean_gap": 0.0033710863095007286, "converged_labels": 35}
{"seconds": 67.92199999996228, "stage": "solve", "arm": 0, "scale": 1.0, "iteration": 352, "upper_mean": 0.6623045929976062, "lower_mean": 0.6591865375251171, "max_gap": 0.034015458067755855, "mean_gap": 0.0031180554724891435, "converged_labels": 36}
{"seconds": 70.84399999998277, "stage": "solve", "arm": 0, "scale": 1.0, "iteration": 368, "upper_mean": 0.6622192068505949, "lower_mean": 0.6593179548491772, "max_gap": 0.03336691686940685, "mean_gap": 0.002901252001417658, "converged_labels": 36}
{"seconds": 73.68699999997625, "stage": "solve", "arm": 0, "scale": 1.0, "iteration": 384, "upper_mean": 0.6621415743652815, "lower_mean": 0.6594096447082793, "max_gap": 0.03279435368283967, "mean_gap": 0.0027319296570021056, "converged_labels": 37}
{"seconds": 76.67199999996228, "stage": "solve", "arm": 0, "scale": 1.0, "iteration": 400, "upper_mean": 0.6620727756386892, "lower_mean": 0.6594948039480061, "max_gap": 0.03221189923229173, "mean_gap": 0.002577971690683146, "converged_labels": 38}
{"seconds": 79.67199999996228, "stage": "solve", "arm": 0, "scale": 1.0, "iteration": 416, "upper_mean": 0.6620118410385717, "lower_mean": 0.6595736378433447, "max_gap": 0.03164050393872109, "mean_gap": 0.002438203195227064, "converged_labels": 40}
{"seconds": 82.57799999997951, "stage": "solve", "arm": 0, "scale": 1.0, "iteration": 432, "upper_mean": 0.6619574738068833, "lower_mean": 0.6596335478049102, "max_gap": 0.031113699451678523, "mean_gap": 0.002323926001972965, "converged_labels": 40}
{"seconds": 85.34399999998277, "stage": "solve", "arm": 0, "scale": 1.0, "iteration": 448, "upper_mean": 0.6619073366953587, "lower_mean": 0.659691361666418, "max_gap": 0.030614437509143277, "mean_gap": 0.0022159750289409232, "converged_labels": 40}
{"seconds": 88.18699999997625, "stage": "solve", "arm": 0, "scale": 1.0, "iteration": 464, "upper_mean": 0.6618605613838415, "lower_mean": 0.6597401285321302, "max_gap": 0.03010656202640749, "mean_gap": 0.0021204328517114854, "converged_labels": 40}
{"seconds": 91.03099999995902, "stage": "solve", "arm": 0, "scale": 1.0, "iteration": 480, "upper_mean": 0.6618179237338684, "lower_mean": 0.65978216117585, "max_gap": 0.029621286727616214, "mean_gap": 0.0020357625580184366, "converged_labels": 40}
{"seconds": 93.85899999999674, "stage": "solve", "arm": 0, "scale": 1.0, "iteration": 496, "upper_mean": 0.6617804094941481, "lower_mean": 0.6598176955397961, "max_gap": 0.029142855904803144, "mean_gap": 0.0019627139543518654, "converged_labels": 40}
{"seconds": 96.65599999995902, "stage": "solve", "arm": 0, "scale": 1.0, "iteration": 512, "upper_mean": 0.6617438241218091, "lower_mean": 0.6598627633531695, "max_gap": 0.028700270856647836, "mean_gap": 0.0018810607686395924, "converged_labels": 40}
{"seconds": 96.71899999998277, "stage": "arm_done", "arm": 0, "upper": 0.6617438241218091, "lower": 0.6598627633531695, "calls": 2605}
{"seconds": 96.76499999995576, "stage": "solve", "arm": 1, "scale": 2.8284271247461903, "iteration": 0, "upper_mean": 10.626555398093345, "lower_mean": 0.0, "max_gap": 11.09030268670162, "mean_gap": 10.626555398093345, "converged_labels": 0}
{"seconds": 99.85899999999674, "stage": "solve", "arm": 1, "scale": 2.8284271247461903, "iteration": 16, "upper_mean": 1.321623873869284, "lower_mean": 0.0, "max_gap": 7.25027077056065, "mean_gap": 1.321623873869284, "converged_labels": 0}
{"seconds": 102.98399999999674, "stage": "solve", "arm": 1, "scale": 2.8284271247461903, "iteration": 32, "upper_mean": 0.8376656166533465, "lower_mean": 0.0, "max_gap": 6.1937503898264765, "mean_gap": 0.8376656166533465, "converged_labels": 1}
{"seconds": 106.06199999997625, "stage": "solve", "arm": 1, "scale": 2.8284271247461903, "iteration": 48, "upper_mean": 0.5565825133311034, "lower_mean": 0.0, "max_gap": 5.459691494808945, "mean_gap": 0.5565825133311034, "converged_labels": 2}
{"seconds": 109.07799999997951, "stage": "solve", "arm": 1, "scale": 2.8284271247461903, "iteration": 64, "upper_mean": 0.3551632965559684, "lower_mean": 0.0, "max_gap": 4.88343812693093, "mean_gap": 0.3551632965559684, "converged_labels": 2}
{"seconds": 112.04699999996228, "stage": "solve", "arm": 1, "scale": 2.8284271247461903, "iteration": 80, "upper_mean": 0.23030402449841364, "lower_mean": 0.0, "max_gap": 4.405255043322169, "mean_gap": 0.23030402449841364, "converged_labels": 2}
{"seconds": 115.06199999997625, "stage": "solve", "arm": 1, "scale": 2.8284271247461903, "iteration": 96, "upper_mean": 0.16876171421767125, "lower_mean": 1.6954598338911682e-08, "max_gap": 4.011900196463635, "mean_gap": 0.1687616972630729, "converged_labels": 2}
{"seconds": 117.92199999996228, "stage": "solve", "arm": 1, "scale": 2.8284271247461903, "iteration": 112, "upper_mean": 0.13966692077701287, "lower_mean": 0.004778581842484602, "max_gap": 3.6697762738304713, "mean_gap": 0.13488833893452828, "converged_labels": 3}
{"seconds": 120.875, "stage": "solve", "arm": 1, "scale": 2.8284271247461903, "iteration": 128, "upper_mean": 0.12445820317143551, "lower_mean": 0.010968482110138778, "max_gap": 3.3771526972348496, "mean_gap": 0.11348972106129672, "converged_labels": 3}
{"seconds": 123.76499999995576, "stage": "solve", "arm": 1, "scale": 2.8284271247461903, "iteration": 144, "upper_mean": 0.1139249221767486, "lower_mean": 0.015926583365266152, "max_gap": 3.1226665223981995, "mean_gap": 0.09799833881148245, "converged_labels": 5}
{"seconds": 126.78099999995902, "stage": "solve", "arm": 1, "scale": 2.8284271247461903, "iteration": 160, "upper_mean": 0.10610099115868464, "lower_mean": 0.01796891902700114, "max_gap": 2.8966277736282025, "mean_gap": 0.08813207213168349, "converged_labels": 5}
{"seconds": 129.63999999995576, "stage": "solve", "arm": 1, "scale": 2.8284271247461903, "iteration": 176, "upper_mean": 0.09944900294102774, "lower_mean": 0.02120156443432248, "max_gap": 2.53312715399792, "mean_gap": 0.07824743850670525, "converged_labels": 5}
{"seconds": 132.67199999996228, "stage": "solve", "arm": 1, "scale": 2.8284271247461903, "iteration": 192, "upper_mean": 0.09392894391023865, "lower_mean": 0.023704494822176427, "max_gap": 2.2677137265349505, "mean_gap": 0.07022444908806223, "converged_labels": 5}
{"seconds": 135.48399999999674, "stage": "solve", "arm": 1, "scale": 2.8284271247461903, "iteration": 208, "upper_mean": 0.08932074424005033, "lower_mean": 0.027140325186678162, "max_gap": 1.9601080726368014, "mean_gap": 0.062180419053372175, "converged_labels": 5}
{"seconds": 138.34399999998277, "stage": "solve", "arm": 1, "scale": 2.8284271247461903, "iteration": 224, "upper_mean": 0.08561232575403001, "lower_mean": 0.03018998892828456, "max_gap": 1.7231649859053615, "mean_gap": 0.055422336825745454, "converged_labels": 5}
{"seconds": 141.17199999996228, "stage": "solve", "arm": 1, "scale": 2.8284271247461903, "iteration": 240, "upper_mean": 0.08241846982576005, "lower_mean": 0.03118453988833969, "max_gap": 1.585786241259083, "mean_gap": 0.05123392993742036, "converged_labels": 5}
{"seconds": 144.09399999998277, "stage": "solve", "arm": 1, "scale": 2.8284271247461903, "iteration": 256, "upper_mean": 0.07949246440502535, "lower_mean": 0.032454046689528164, "max_gap": 1.4145824516607717, "mean_gap": 0.04703841771549717, "converged_labels": 5}
{"seconds": 146.96899999998277, "stage": "solve", "arm": 1, "scale": 2.8284271247461903, "iteration": 272, "upper_mean": 0.07700472396014768, "lower_mean": 0.03415596114294301, "max_gap": 1.237362846902983, "mean_gap": 0.04284876281720467, "converged_labels": 5}
{"seconds": 149.9529999999795, "stage": "solve", "arm": 1, "scale": 2.8284271247461903, "iteration": 288, "upper_mean": 0.07482304213172934, "lower_mean": 0.03563550661221116, "max_gap": 1.1028009922725022, "mean_gap": 0.039187535519518174, "converged_labels": 6}
{"seconds": 152.8279999999795, "stage": "solve", "arm": 1, "scale": 2.8284271247461903, "iteration": 304, "upper_mean": 0.07289334410472909, "lower_mean": 0.03656119682681199, "max_gap": 0.9901072643993714, "mean_gap": 0.03633214727791708, "converged_labels": 6}
{"seconds": 155.71899999998277, "stage": "solve", "arm": 1, "scale": 2.8284271247461903, "iteration": 320, "upper_mean": 0.07112229963913491, "lower_mean": 0.03708521210910265, "max_gap": 0.8996938315547087, "mean_gap": 0.03403708753003227, "converged_labels": 7}
{"seconds": 158.56199999997625, "stage": "solve", "arm": 1, "scale": 2.8284271247461903, "iteration": 336, "upper_mean": 0.0695032705485611, "lower_mean": 0.037448401917105585, "max_gap": 0.8257988013694879, "mean_gap": 0.03205486863145552, "converged_labels": 8}
{"seconds": 161.5, "stage": "solve", "arm": 1, "scale": 2.8284271247461903, "iteration": 352, "upper_mean": 0.0680284252328064, "lower_mean": 0.03829066942854626, "max_gap": 0.7127928176485496, "mean_gap": 0.02973775580426014, "converged_labels": 8}
{"seconds": 164.38999999995576, "stage": "solve", "arm": 1, "scale": 2.8284271247461903, "iteration": 368, "upper_mean": 0.06667187503013756, "lower_mean": 0.03855010509211965, "max_gap": 0.6420272940275451, "mean_gap": 0.028121769938017915, "converged_labels": 8}
{"seconds": 167.25, "stage": "solve", "arm": 1, "scale": 2.8284271247461903, "iteration": 384, "upper_mean": 0.06541569831223146, "lower_mean": 0.03927943393734335, "max_gap": 0.5390790273846204, "mean_gap": 0.02613626437488809, "converged_labels": 8}
{"seconds": 170.23399999999674, "stage": "solve", "arm": 1, "scale": 2.8284271247461903, "iteration": 400, "upper_mean": 0.06426417952554357, "lower_mean": 0.03936597933300011, "max_gap": 0.48559739141691116, "mean_gap": 0.024898200192543466, "converged_labels": 9}
{"seconds": 173.34399999998277, "stage": "solve", "arm": 1, "scale": 2.8284271247461903, "iteration": 416, "upper_mean": 0.06317259349558929, "lower_mean": 0.03942613764298383, "max_gap": 0.4400913496905736, "mean_gap": 0.02374645585260546, "converged_labels": 9}
{"seconds": 176.17199999996228, "stage": "solve", "arm": 1, "scale": 2.8284271247461903, "iteration": 432, "upper_mean": 0.062177005894335106, "lower_mean": 0.03953467969317493, "max_gap": 0.4338105241787735, "mean_gap": 0.022642326201160176, "converged_labels": 11}
{"seconds": 179.09399999998277, "stage": "solve", "arm": 1, "scale": 2.8284271247461903, "iteration": 448, "upper_mean": 0.061252005074478255, "lower_mean": 0.039573029037518206, "max_gap": 0.4282223889748433, "mean_gap": 0.02167897603696005, "converged_labels": 11}
{"seconds": 181.96899999998277, "stage": "solve", "arm": 1, "scale": 2.8284271247461903, "iteration": 464, "upper_mean": 0.06041892344294725, "lower_mean": 0.041259897384947064, "max_gap": 0.42247523055342695, "mean_gap": 0.019159026058000194, "converged_labels": 11}
{"seconds": 184.84399999998277, "stage": "solve", "arm": 1, "scale": 2.8284271247461903, "iteration": 480, "upper_mean": 0.06008017002645172, "lower_mean": 0.04198312747010402, "max_gap": 0.41727941496607457, "mean_gap": 0.018097042556347684, "converged_labels": 11}
{"seconds": 187.68699999997625, "stage": "solve", "arm": 1, "scale": 2.8284271247461903, "iteration": 496, "upper_mean": 0.05976456788316622, "lower_mean": 0.04234736457371333, "max_gap": 0.41252708759751755, "mean_gap": 0.017417203309452893, "converged_labels": 12}
{"seconds": 190.56199999997625, "stage": "solve", "arm": 1, "scale": 2.8284271247461903, "iteration": 512, "upper_mean": 0.05946808352476845, "lower_mean": 0.042593994690662856, "max_gap": 0.4076895064697714, "mean_gap": 0.016874088834105596, "converged_labels": 12}
{"seconds": 190.60899999999674, "stage": "arm_done", "arm": 1, "upper": 0.05946808352476845, "lower": 0.042593994690662856, "calls": 2619}
{"seconds": 190.68699999997625, "stage": "complete", "decision_flags": {"current_feasible_mean_KL_le_1": true, "current_fixed_image_mean_KL_gt_1": false, "scaled_feasible_loss_le_75pct_current_lower": true}, "result_sha256": "26f590955aada522ee22d7ab1be2e3d1fdde21700d85c2c43908bfa31c5f6b8b"}
