{"stage": "compile_all_labels", "id": "broad_fit_apigen_80k_023", "labels_compiled": 118}
{"stage": "compile_all_labels", "id": "broad_fit_apigen_80k_002", "labels_compiled": 151}
{"stage": "compile_all_labels", "id": "broad_dev_apigen_80k_034", "labels_compiled": 251}
{"stage": "compile_all_labels", "id": "broad_dev_apigen_80k_033", "labels_compiled": 362}
{"stage": "compile_all_labels", "id": "broad_fit_everyday_conversations_002", "labels_compiled": 562}
{"stage": "compile_all_labels", "id": "broad_fit_everyday_conversations_010", "labels_compiled": 736}
{"stage": "compile_all_labels", "id": "broad_dev_everyday_conversations_036", "labels_compiled": 789}
{"stage": "compile_all_labels", "id": "broad_dev_everyday_conversations_033", "labels_compiled": 961}
{"stage": "compile_all_labels", "id": "broad_fit_explore_instruct_rewriting_008", "labels_compiled": 979}
{"stage": "compile_all_labels", "id": "broad_fit_explore_instruct_rewriting_009", "labels_compiled": 992}
{"stage": "compile_all_labels", "id": "broad_dev_explore_instruct_rewriting_035", "labels_compiled": 1004}
{"stage": "compile_all_labels", "id": "broad_dev_explore_instruct_rewriting_038", "labels_compiled": 1260}
{"stage": "compile_all_labels", "id": "broad_fit_metamathqa_50k_015", "labels_compiled": 1415}
{"stage": "compile_all_labels", "id": "broad_fit_metamathqa_50k_023", "labels_compiled": 1671}
{"stage": "compile_all_labels", "id": "broad_dev_metamathqa_50k_035", "labels_compiled": 1862}
{"stage": "compile_all_labels", "id": "broad_dev_metamathqa_50k_037", "labels_compiled": 2118}
{"stage": "compile_all_labels", "id": "broad_fit_numina_cot_100k_015", "labels_compiled": 2374}
{"stage": "compile_all_labels", "id": "broad_fit_numina_cot_100k_016", "labels_compiled": 2630}
{"stage": "compile_all_labels", "id": "broad_dev_numina_cot_100k_038", "labels_compiled": 2886}
{"stage": "compile_all_labels", "id": "broad_dev_numina_cot_100k_035", "labels_compiled": 3142}
{"stage": "compile_all_labels", "id": "broad_fit_openhermes_100k_004", "labels_compiled": 3398}
{"stage": "compile_all_labels", "id": "broad_fit_openhermes_100k_028", "labels_compiled": 3654}
{"stage": "compile_all_labels", "id": "broad_dev_openhermes_100k_034", "labels_compiled": 3910}
{"stage": "compile_all_labels", "id": "broad_dev_openhermes_100k_037", "labels_compiled": 4166}
{"stage": "compile_all_labels", "id": "broad_fit_self_oss_instruct_012", "labels_compiled": 4422}
{"stage": "compile_all_labels", "id": "broad_fit_self_oss_instruct_006", "labels_compiled": 4678}
{"stage": "compile_all_labels", "id": "broad_dev_self_oss_instruct_036", "labels_compiled": 4934}
{"stage": "compile_all_labels", "id": "broad_dev_self_oss_instruct_033", "labels_compiled": 5190}
{"stage": "compile_all_labels", "id": "broad_fit_smol_constraints_005", "labels_compiled": 5370}
{"stage": "compile_all_labels", "id": "broad_fit_smol_constraints_021", "labels_compiled": 5559}
{"stage": "compile_all_labels", "id": "broad_dev_smol_constraints_035", "labels_compiled": 5609}
{"stage": "compile_all_labels", "id": "broad_dev_smol_constraints_034", "labels_compiled": 5702}
{"stage": "compile_all_labels", "id": "broad_fit_smol_magpie_ultra_000", "labels_compiled": 5958}
{"stage": "compile_all_labels", "id": "broad_fit_smol_magpie_ultra_022", "labels_compiled": 6214}
{"stage": "compile_all_labels", "id": "broad_dev_smol_magpie_ultra_034", "labels_compiled": 6470}
{"stage": "compile_all_labels", "id": "broad_dev_smol_magpie_ultra_036", "labels_compiled": 6726}
{"stage": "compile_all_labels", "id": "broad_fit_smol_rewrite_004", "labels_compiled": 6816}
{"stage": "compile_all_labels", "id": "broad_fit_smol_rewrite_015", "labels_compiled": 7072}
{"stage": "compile_all_labels", "id": "broad_dev_smol_rewrite_036", "labels_compiled": 7297}
{"stage": "compile_all_labels", "id": "broad_dev_smol_rewrite_032", "labels_compiled": 7472}
{"stage": "compile_all_labels", "id": "broad_fit_smol_summarize_024", "labels_compiled": 7533}
{"stage": "compile_all_labels", "id": "broad_fit_smol_summarize_003", "labels_compiled": 7652}
{"stage": "compile_all_labels", "id": "broad_dev_smol_summarize_034", "labels_compiled": 7686}
{"stage": "compile_all_labels", "id": "broad_dev_smol_summarize_039", "labels_compiled": 7784}
{"stage": "compile_all_labels", "id": "broad_fit_systemchats_30k_024", "labels_compiled": 8040}
{"stage": "compile_all_labels", "id": "broad_fit_systemchats_30k_010", "labels_compiled": 8296}
{"stage": "compile_all_labels", "id": "broad_dev_systemchats_30k_039", "labels_compiled": 8552}
{"stage": "compile_all_labels", "id": "broad_dev_systemchats_30k_034", "labels_compiled": 8808}
{"decision": "LOSS_COMPILED_PENDING_AUDIT", "witness_metrics": {"loss_absolute_delta": 5.0363765892111334e-14, "gradient_absolute_delta": 5.15773946989373e-13, "scalar_loss_absolute_delta": 1.2434497875801753e-14, "target_probability_mass_error": 7.771561172376096e-16, "scalar_moment_absolute_delta": 0.0, "scalar_gradient_absolute_delta": 0.0}, "seconds": 76.21799999999712}
