{"seconds": 9.187999999965541, "stage": "FIT_moments", "site": 0, "id": "broad_fit_apigen_80k_002"}
{"seconds": 9.296999999962281, "stage": "FIT_moments", "site": 0, "id": "broad_fit_apigen_80k_023"}
{"seconds": 9.35999999998603, "stage": "FIT_moments", "site": 0, "id": "broad_fit_everyday_conversations_002"}
{"seconds": 9.405999999959022, "stage": "FIT_moments", "site": 0, "id": "broad_fit_everyday_conversations_010"}
{"seconds": 9.421999999962281, "stage": "FIT_moments", "site": 0, "id": "broad_fit_explore_instruct_rewriting_008"}
{"seconds": 9.452999999979511, "stage": "FIT_moments", "site": 0, "id": "broad_fit_explore_instruct_rewriting_009"}
{"seconds": 9.48499999998603, "stage": "FIT_moments", "site": 0, "id": "broad_fit_metamathqa_50k_015"}
{"seconds": 9.530999999959022, "stage": "FIT_moments", "site": 0, "id": "broad_fit_metamathqa_50k_023"}
{"seconds": 9.577999999979511, "stage": "FIT_moments", "site": 0, "id": "broad_fit_numina_cot_100k_015"}
{"seconds": 9.64100000000326, "stage": "FIT_moments", "site": 0, "id": "broad_fit_numina_cot_100k_016"}
{"seconds": 9.671999999962281, "stage": "FIT_moments", "site": 0, "id": "broad_fit_openhermes_100k_004"}
{"seconds": 9.73499999998603, "stage": "FIT_moments", "site": 0, "id": "broad_fit_openhermes_100k_028"}
{"seconds": 9.796999999962281, "stage": "FIT_moments", "site": 0, "id": "broad_fit_self_oss_instruct_006"}
{"seconds": 9.84399999998277, "stage": "FIT_moments", "site": 0, "id": "broad_fit_self_oss_instruct_012"}
{"seconds": 9.875, "stage": "FIT_moments", "site": 0, "id": "broad_fit_smol_constraints_005"}
{"seconds": 9.921999999962281, "stage": "FIT_moments", "site": 0, "id": "broad_fit_smol_constraints_021"}
{"seconds": 10.046999999962281, "stage": "FIT_moments", "site": 0, "id": "broad_fit_smol_magpie_ultra_000"}
{"seconds": 10.202999999979511, "stage": "FIT_moments", "site": 0, "id": "broad_fit_smol_magpie_ultra_022"}
{"seconds": 10.25, "stage": "FIT_moments", "site": 0, "id": "broad_fit_smol_rewrite_004"}
{"seconds": 10.312999999965541, "stage": "FIT_moments", "site": 0, "id": "broad_fit_smol_rewrite_015"}
{"seconds": 10.405999999959022, "stage": "FIT_moments", "site": 0, "id": "broad_fit_smol_summarize_003"}
{"seconds": 10.452999999979511, "stage": "FIT_moments", "site": 0, "id": "broad_fit_smol_summarize_024"}
{"seconds": 10.562999999965541, "stage": "FIT_moments", "site": 0, "id": "broad_fit_systemchats_30k_010"}
{"seconds": 10.625, "stage": "FIT_moments", "site": 0, "id": "broad_fit_systemchats_30k_024"}
{"seconds": 10.73499999998603, "stage": "FIT_solve", "site": 0, "layout": "all48_heads_x8", "mode": "full_source_denominator", "normal_residual": 2.5817542796206315e-15}
{"seconds": 10.84399999998277, "stage": "FIT_solve", "site": 0, "layout": "all48_heads_x8", "mode": "subset_RMS_calibrated", "normal_residual": 2.217408210409594e-15}
{"seconds": 10.98499999998603, "stage": "FIT_solve", "site": 0, "layout": "all48_heads_x8", "mode": "constant_RMS_calibrated", "normal_residual": 3.632082505841253e-15}
{"seconds": 11.10999999998603, "stage": "FIT_solve", "site": 0, "layout": "selected6_heads_x64", "mode": "full_source_denominator", "normal_residual": 7.935445973598859e-15}
{"seconds": 11.21899999998277, "stage": "FIT_solve", "site": 0, "layout": "selected6_heads_x64", "mode": "subset_RMS_calibrated", "normal_residual": 1.0311878811207574e-14}
{"seconds": 11.48499999998603, "stage": "FIT_solve", "site": 0, "layout": "selected6_heads_x64", "mode": "constant_RMS_calibrated", "normal_residual": 8.509426969108862e-15}
{"seconds": 14.702999999979511, "stage": "evaluation", "site": 0, "id": "broad_fit_apigen_80k_002", "complete": 1}
{"seconds": 15.71899999998277, "stage": "evaluation", "site": 0, "id": "broad_fit_apigen_80k_023", "complete": 2}
{"seconds": 15.921999999962281, "stage": "evaluation", "site": 0, "id": "broad_fit_everyday_conversations_002", "complete": 3}
{"seconds": 16.14100000000326, "stage": "evaluation", "site": 0, "id": "broad_fit_everyday_conversations_010", "complete": 4}
{"seconds": 16.29699999996228, "stage": "evaluation", "site": 0, "id": "broad_fit_explore_instruct_rewriting_008", "complete": 5}
{"seconds": 16.51600000000326, "stage": "evaluation", "site": 0, "id": "broad_fit_explore_instruct_rewriting_009", "complete": 6}
{"seconds": 16.70299999997951, "stage": "evaluation", "site": 0, "id": "broad_fit_metamathqa_50k_015", "complete": 7}
{"seconds": 16.92199999996228, "stage": "evaluation", "site": 0, "id": "broad_fit_metamathqa_50k_023", "complete": 8}
{"seconds": 17.09399999998277, "stage": "evaluation", "site": 0, "id": "broad_fit_numina_cot_100k_015", "complete": 9}
{"seconds": 17.26600000000326, "stage": "evaluation", "site": 0, "id": "broad_fit_numina_cot_100k_016", "complete": 10}
{"seconds": 17.48499999998603, "stage": "evaluation", "site": 0, "id": "broad_fit_openhermes_100k_004", "complete": 11}
{"seconds": 17.68799999996554, "stage": "evaluation", "site": 0, "id": "broad_fit_openhermes_100k_028", "complete": 12}
{"seconds": 17.85999999998603, "stage": "evaluation", "site": 0, "id": "broad_fit_self_oss_instruct_006", "complete": 13}
{"seconds": 18.01600000000326, "stage": "evaluation", "site": 0, "id": "broad_fit_self_oss_instruct_012", "complete": 14}
{"seconds": 18.280999999959022, "stage": "evaluation", "site": 0, "id": "broad_fit_smol_constraints_005", "complete": 15}
{"seconds": 18.625, "stage": "evaluation", "site": 0, "id": "broad_fit_smol_constraints_021", "complete": 16}
{"seconds": 18.82799999997951, "stage": "evaluation", "site": 0, "id": "broad_fit_smol_magpie_ultra_000", "complete": 17}
{"seconds": 19.030999999959022, "stage": "evaluation", "site": 0, "id": "broad_fit_smol_magpie_ultra_022", "complete": 18}
{"seconds": 19.54699999996228, "stage": "evaluation", "site": 0, "id": "broad_fit_smol_rewrite_004", "complete": 19}
{"seconds": 20.23499999998603, "stage": "evaluation", "site": 0, "id": "broad_fit_smol_rewrite_015", "complete": 20}
{"seconds": 20.76600000000326, "stage": "evaluation", "site": 0, "id": "broad_fit_smol_summarize_003", "complete": 21}
{"seconds": 21.155999999959022, "stage": "evaluation", "site": 0, "id": "broad_fit_smol_summarize_024", "complete": 22}
{"seconds": 21.45299999997951, "stage": "evaluation", "site": 0, "id": "broad_fit_systemchats_30k_010", "complete": 23}
{"seconds": 21.73499999998603, "stage": "evaluation", "site": 0, "id": "broad_fit_systemchats_30k_024", "complete": 24}
{"seconds": 22.07799999997951, "stage": "evaluation", "site": 0, "id": "broad_dev_apigen_80k_033", "complete": 25}
{"seconds": 22.625, "stage": "evaluation", "site": 0, "id": "broad_dev_apigen_80k_034", "complete": 26}
{"seconds": 23.20299999997951, "stage": "evaluation", "site": 0, "id": "broad_dev_everyday_conversations_033", "complete": 27}
{"seconds": 23.60999999998603, "stage": "evaluation", "site": 0, "id": "broad_dev_everyday_conversations_036", "complete": 28}
{"seconds": 23.84399999998277, "stage": "evaluation", "site": 0, "id": "broad_dev_explore_instruct_rewriting_035", "complete": 29}
{"seconds": 24.35999999998603, "stage": "evaluation", "site": 0, "id": "broad_dev_explore_instruct_rewriting_038", "complete": 30}
{"seconds": 24.84399999998277, "stage": "evaluation", "site": 0, "id": "broad_dev_metamathqa_50k_035", "complete": 31}
{"seconds": 25.75, "stage": "evaluation", "site": 0, "id": "broad_dev_metamathqa_50k_037", "complete": 32}
{"seconds": 26.155999999959022, "stage": "evaluation", "site": 0, "id": "broad_dev_numina_cot_100k_035", "complete": 33}
{"seconds": 26.43799999996554, "stage": "evaluation", "site": 0, "id": "broad_dev_numina_cot_100k_038", "complete": 34}
{"seconds": 26.85999999998603, "stage": "evaluation", "site": 0, "id": "broad_dev_openhermes_100k_034", "complete": 35}
{"seconds": 27.42199999996228, "stage": "evaluation", "site": 0, "id": "broad_dev_openhermes_100k_037", "complete": 36}
{"seconds": 27.780999999959022, "stage": "evaluation", "site": 0, "id": "broad_dev_self_oss_instruct_033", "complete": 37}
{"seconds": 28.29699999996228, "stage": "evaluation", "site": 0, "id": "broad_dev_self_oss_instruct_036", "complete": 38}
{"seconds": 28.64100000000326, "stage": "evaluation", "site": 0, "id": "broad_dev_smol_constraints_034", "complete": 39}
{"seconds": 29.23499999998603, "stage": "evaluation", "site": 0, "id": "broad_dev_smol_constraints_035", "complete": 40}
{"seconds": 29.655999999959022, "stage": "evaluation", "site": 0, "id": "broad_dev_smol_magpie_ultra_034", "complete": 41}
{"seconds": 31.17199999996228, "stage": "evaluation", "site": 0, "id": "broad_dev_smol_magpie_ultra_036", "complete": 42}
{"seconds": 31.655999999959022, "stage": "evaluation", "site": 0, "id": "broad_dev_smol_rewrite_032", "complete": 43}
{"seconds": 31.84399999998277, "stage": "evaluation", "site": 0, "id": "broad_dev_smol_rewrite_036", "complete": 44}
{"seconds": 32.29699999996228, "stage": "evaluation", "site": 0, "id": "broad_dev_smol_summarize_034", "complete": 45}
{"seconds": 32.60999999998603, "stage": "evaluation", "site": 0, "id": "broad_dev_smol_summarize_039", "complete": 46}
{"seconds": 33.01600000000326, "stage": "evaluation", "site": 0, "id": "broad_dev_systemchats_30k_034", "complete": 47}
{"seconds": 33.45299999997951, "stage": "evaluation", "site": 0, "id": "broad_dev_systemchats_30k_039", "complete": 48}
{"seconds": 33.78099999995902, "stage": "FIT_moments", "site": 12, "id": "broad_fit_apigen_80k_002"}
{"seconds": 33.84399999998277, "stage": "FIT_moments", "site": 12, "id": "broad_fit_apigen_80k_023"}
{"seconds": 33.89100000000326, "stage": "FIT_moments", "site": 12, "id": "broad_fit_everyday_conversations_002"}
{"seconds": 33.96899999998277, "stage": "FIT_moments", "site": 12, "id": "broad_fit_everyday_conversations_010"}
{"seconds": 33.98499999998603, "stage": "FIT_moments", "site": 12, "id": "broad_fit_explore_instruct_rewriting_008"}
{"seconds": 34.01600000000326, "stage": "FIT_moments", "site": 12, "id": "broad_fit_explore_instruct_rewriting_009"}
{"seconds": 34.04699999996228, "stage": "FIT_moments", "site": 12, "id": "broad_fit_metamathqa_50k_015"}
{"seconds": 34.09399999998277, "stage": "FIT_moments", "site": 12, "id": "broad_fit_metamathqa_50k_023"}
{"seconds": 34.14100000000326, "stage": "FIT_moments", "site": 12, "id": "broad_fit_numina_cot_100k_015"}
{"seconds": 34.18799999996554, "stage": "FIT_moments", "site": 12, "id": "broad_fit_numina_cot_100k_016"}
{"seconds": 34.23499999998603, "stage": "FIT_moments", "site": 12, "id": "broad_fit_openhermes_100k_004"}
{"seconds": 34.29699999996228, "stage": "FIT_moments", "site": 12, "id": "broad_fit_openhermes_100k_028"}
{"seconds": 34.35999999998603, "stage": "FIT_moments", "site": 12, "id": "broad_fit_self_oss_instruct_006"}
{"seconds": 34.40599999995902, "stage": "FIT_moments", "site": 12, "id": "broad_fit_self_oss_instruct_012"}
{"seconds": 34.45299999997951, "stage": "FIT_moments", "site": 12, "id": "broad_fit_smol_constraints_005"}
{"seconds": 34.48499999998603, "stage": "FIT_moments", "site": 12, "id": "broad_fit_smol_constraints_021"}
{"seconds": 34.60999999998603, "stage": "FIT_moments", "site": 12, "id": "broad_fit_smol_magpie_ultra_000"}
{"seconds": 34.76600000000326, "stage": "FIT_moments", "site": 12, "id": "broad_fit_smol_magpie_ultra_022"}
{"seconds": 34.81299999996554, "stage": "FIT_moments", "site": 12, "id": "broad_fit_smol_rewrite_004"}
{"seconds": 34.89100000000326, "stage": "FIT_moments", "site": 12, "id": "broad_fit_smol_rewrite_015"}
{"seconds": 34.96899999998277, "stage": "FIT_moments", "site": 12, "id": "broad_fit_smol_summarize_003"}
{"seconds": 35.01600000000326, "stage": "FIT_moments", "site": 12, "id": "broad_fit_smol_summarize_024"}
{"seconds": 35.125, "stage": "FIT_moments", "site": 12, "id": "broad_fit_systemchats_30k_010"}
{"seconds": 35.17199999996228, "stage": "FIT_moments", "site": 12, "id": "broad_fit_systemchats_30k_024"}
{"seconds": 35.28099999995902, "stage": "FIT_solve", "site": 12, "layout": "all48_heads_x8", "mode": "full_source_denominator", "normal_residual": 2.7701100106251355e-15}
{"seconds": 35.39100000000326, "stage": "FIT_solve", "site": 12, "layout": "all48_heads_x8", "mode": "subset_RMS_calibrated", "normal_residual": 3.0540773875599737e-15}
{"seconds": 35.5, "stage": "FIT_solve", "site": 12, "layout": "all48_heads_x8", "mode": "constant_RMS_calibrated", "normal_residual": 2.6835579309259394e-15}
{"seconds": 35.60999999998603, "stage": "FIT_solve", "site": 12, "layout": "selected6_heads_x64", "mode": "full_source_denominator", "normal_residual": 3.0171771935282265e-15}
{"seconds": 35.71899999998277, "stage": "FIT_solve", "site": 12, "layout": "selected6_heads_x64", "mode": "subset_RMS_calibrated", "normal_residual": 2.8679509417680655e-15}
{"seconds": 35.81299999996554, "stage": "FIT_solve", "site": 12, "layout": "selected6_heads_x64", "mode": "constant_RMS_calibrated", "normal_residual": 3.129352310754653e-15}
{"seconds": 37.09399999998277, "stage": "evaluation", "site": 12, "id": "broad_fit_apigen_80k_002", "complete": 49}
{"seconds": 37.29699999996228, "stage": "evaluation", "site": 12, "id": "broad_fit_apigen_80k_023", "complete": 50}
{"seconds": 37.5, "stage": "evaluation", "site": 12, "id": "broad_fit_everyday_conversations_002", "complete": 51}
{"seconds": 37.68799999996554, "stage": "evaluation", "site": 12, "id": "broad_fit_everyday_conversations_010", "complete": 52}
{"seconds": 37.875, "stage": "evaluation", "site": 12, "id": "broad_fit_explore_instruct_rewriting_008", "complete": 53}
{"seconds": 38.04699999996228, "stage": "evaluation", "site": 12, "id": "broad_fit_explore_instruct_rewriting_009", "complete": 54}
{"seconds": 38.35999999998603, "stage": "evaluation", "site": 12, "id": "broad_fit_metamathqa_50k_015", "complete": 55}
{"seconds": 38.48499999998603, "stage": "evaluation", "site": 12, "id": "broad_fit_metamathqa_50k_023", "complete": 56}
{"seconds": 38.59399999998277, "stage": "evaluation", "site": 12, "id": "broad_fit_numina_cot_100k_015", "complete": 57}
{"seconds": 38.70299999997951, "stage": "evaluation", "site": 12, "id": "broad_fit_numina_cot_100k_016", "complete": 58}
{"seconds": 38.81299999996554, "stage": "evaluation", "site": 12, "id": "broad_fit_openhermes_100k_004", "complete": 59}
{"seconds": 38.95299999997951, "stage": "evaluation", "site": 12, "id": "broad_fit_openhermes_100k_028", "complete": 60}
{"seconds": 39.06299999996554, "stage": "evaluation", "site": 12, "id": "broad_fit_self_oss_instruct_006", "complete": 61}
{"seconds": 39.17199999996228, "stage": "evaluation", "site": 12, "id": "broad_fit_self_oss_instruct_012", "complete": 62}
{"seconds": 39.28099999995902, "stage": "evaluation", "site": 12, "id": "broad_fit_smol_constraints_005", "complete": 63}
{"seconds": 39.39100000000326, "stage": "evaluation", "site": 12, "id": "broad_fit_smol_constraints_021", "complete": 64}
{"seconds": 39.57799999997951, "stage": "evaluation", "site": 12, "id": "broad_fit_smol_magpie_ultra_000", "complete": 65}
{"seconds": 39.73499999998603, "stage": "evaluation", "site": 12, "id": "broad_fit_smol_magpie_ultra_022", "complete": 66}
{"seconds": 39.81299999996554, "stage": "evaluation", "site": 12, "id": "broad_fit_smol_rewrite_004", "complete": 67}
{"seconds": 39.875, "stage": "evaluation", "site": 12, "id": "broad_fit_smol_rewrite_015", "complete": 68}
{"seconds": 39.95299999997951, "stage": "evaluation", "site": 12, "id": "broad_fit_smol_summarize_003", "complete": 69}
{"seconds": 40.03099999995902, "stage": "evaluation", "site": 12, "id": "broad_fit_smol_summarize_024", "complete": 70}
{"seconds": 40.10999999998603, "stage": "evaluation", "site": 12, "id": "broad_fit_systemchats_30k_010", "complete": 71}
{"seconds": 40.18799999996554, "stage": "evaluation", "site": 12, "id": "broad_fit_systemchats_30k_024", "complete": 72}
{"seconds": 40.29699999996228, "stage": "evaluation", "site": 12, "id": "broad_dev_apigen_80k_033", "complete": 73}
{"seconds": 40.35999999998603, "stage": "evaluation", "site": 12, "id": "broad_dev_apigen_80k_034", "complete": 74}
{"seconds": 40.45299999997951, "stage": "evaluation", "site": 12, "id": "broad_dev_everyday_conversations_033", "complete": 75}
{"seconds": 40.53099999995902, "stage": "evaluation", "site": 12, "id": "broad_dev_everyday_conversations_036", "complete": 76}
{"seconds": 40.59399999998277, "stage": "evaluation", "site": 12, "id": "broad_dev_explore_instruct_rewriting_035", "complete": 77}
{"seconds": 40.67199999996228, "stage": "evaluation", "site": 12, "id": "broad_dev_explore_instruct_rewriting_038", "complete": 78}
{"seconds": 40.76600000000326, "stage": "evaluation", "site": 12, "id": "broad_dev_metamathqa_50k_035", "complete": 79}
{"seconds": 40.84399999998277, "stage": "evaluation", "site": 12, "id": "broad_dev_metamathqa_50k_037", "complete": 80}
{"seconds": 40.93799999996554, "stage": "evaluation", "site": 12, "id": "broad_dev_numina_cot_100k_035", "complete": 81}
{"seconds": 41.03099999995902, "stage": "evaluation", "site": 12, "id": "broad_dev_numina_cot_100k_038", "complete": 82}
{"seconds": 41.125, "stage": "evaluation", "site": 12, "id": "broad_dev_openhermes_100k_034", "complete": 83}
{"seconds": 41.20299999997951, "stage": "evaluation", "site": 12, "id": "broad_dev_openhermes_100k_037", "complete": 84}
{"seconds": 41.29699999996228, "stage": "evaluation", "site": 12, "id": "broad_dev_self_oss_instruct_033", "complete": 85}
{"seconds": 41.39100000000326, "stage": "evaluation", "site": 12, "id": "broad_dev_self_oss_instruct_036", "complete": 86}
{"seconds": 41.46899999998277, "stage": "evaluation", "site": 12, "id": "broad_dev_smol_constraints_034", "complete": 87}
{"seconds": 41.53099999995902, "stage": "evaluation", "site": 12, "id": "broad_dev_smol_constraints_035", "complete": 88}
{"seconds": 41.65599999995902, "stage": "evaluation", "site": 12, "id": "broad_dev_smol_magpie_ultra_034", "complete": 89}
{"seconds": 41.81299999996554, "stage": "evaluation", "site": 12, "id": "broad_dev_smol_magpie_ultra_036", "complete": 90}
{"seconds": 41.92199999996228, "stage": "evaluation", "site": 12, "id": "broad_dev_smol_rewrite_032", "complete": 91}
{"seconds": 42.0, "stage": "evaluation", "site": 12, "id": "broad_dev_smol_rewrite_036", "complete": 92}
{"seconds": 42.09399999998277, "stage": "evaluation", "site": 12, "id": "broad_dev_smol_summarize_034", "complete": 93}
{"seconds": 42.20299999997951, "stage": "evaluation", "site": 12, "id": "broad_dev_smol_summarize_039", "complete": 94}
{"seconds": 42.31299999996554, "stage": "evaluation", "site": 12, "id": "broad_dev_systemchats_30k_034", "complete": 95}
{"seconds": 42.40599999995902, "stage": "evaluation", "site": 12, "id": "broad_dev_systemchats_30k_039", "complete": 96}
{"seconds": 42.67199999996228, "stage": "FIT_moments", "site": 23, "id": "broad_fit_apigen_80k_002"}
{"seconds": 42.73499999998603, "stage": "FIT_moments", "site": 23, "id": "broad_fit_apigen_80k_023"}
{"seconds": 42.79699999996228, "stage": "FIT_moments", "site": 23, "id": "broad_fit_everyday_conversations_002"}
{"seconds": 42.84399999998277, "stage": "FIT_moments", "site": 23, "id": "broad_fit_everyday_conversations_010"}
{"seconds": 42.85999999998603, "stage": "FIT_moments", "site": 23, "id": "broad_fit_explore_instruct_rewriting_008"}
{"seconds": 42.89100000000326, "stage": "FIT_moments", "site": 23, "id": "broad_fit_explore_instruct_rewriting_009"}
{"seconds": 42.93799999996554, "stage": "FIT_moments", "site": 23, "id": "broad_fit_metamathqa_50k_015"}
{"seconds": 42.98499999998603, "stage": "FIT_moments", "site": 23, "id": "broad_fit_metamathqa_50k_023"}
{"seconds": 43.03099999995902, "stage": "FIT_moments", "site": 23, "id": "broad_fit_numina_cot_100k_015"}
{"seconds": 43.07799999997951, "stage": "FIT_moments", "site": 23, "id": "broad_fit_numina_cot_100k_016"}
{"seconds": 43.125, "stage": "FIT_moments", "site": 23, "id": "broad_fit_openhermes_100k_004"}
{"seconds": 43.18799999996554, "stage": "FIT_moments", "site": 23, "id": "broad_fit_openhermes_100k_028"}
{"seconds": 43.25, "stage": "FIT_moments", "site": 23, "id": "broad_fit_self_oss_instruct_006"}
{"seconds": 43.29699999996228, "stage": "FIT_moments", "site": 23, "id": "broad_fit_self_oss_instruct_012"}
{"seconds": 43.34399999998277, "stage": "FIT_moments", "site": 23, "id": "broad_fit_smol_constraints_005"}
{"seconds": 43.39100000000326, "stage": "FIT_moments", "site": 23, "id": "broad_fit_smol_constraints_021"}
{"seconds": 43.5, "stage": "FIT_moments", "site": 23, "id": "broad_fit_smol_magpie_ultra_000"}
{"seconds": 43.65599999995902, "stage": "FIT_moments", "site": 23, "id": "broad_fit_smol_magpie_ultra_022"}
{"seconds": 43.70299999997951, "stage": "FIT_moments", "site": 23, "id": "broad_fit_smol_rewrite_004"}
{"seconds": 43.76600000000326, "stage": "FIT_moments", "site": 23, "id": "broad_fit_smol_rewrite_015"}
{"seconds": 43.85999999998603, "stage": "FIT_moments", "site": 23, "id": "broad_fit_smol_summarize_003"}
{"seconds": 43.90599999995902, "stage": "FIT_moments", "site": 23, "id": "broad_fit_smol_summarize_024"}
{"seconds": 44.01600000000326, "stage": "FIT_moments", "site": 23, "id": "broad_fit_systemchats_30k_010"}
{"seconds": 44.06299999996554, "stage": "FIT_moments", "site": 23, "id": "broad_fit_systemchats_30k_024"}
{"seconds": 44.17199999996228, "stage": "FIT_solve", "site": 23, "layout": "all48_heads_x8", "mode": "full_source_denominator", "normal_residual": 2.076349965307466e-15}
{"seconds": 44.28099999995902, "stage": "FIT_solve", "site": 23, "layout": "all48_heads_x8", "mode": "subset_RMS_calibrated", "normal_residual": 1.7553421483164289e-15}
{"seconds": 44.42199999996228, "stage": "FIT_solve", "site": 23, "layout": "all48_heads_x8", "mode": "constant_RMS_calibrated", "normal_residual": 1.9130112102562383e-15}
{"seconds": 44.53099999995902, "stage": "FIT_solve", "site": 23, "layout": "selected6_heads_x64", "mode": "full_source_denominator", "normal_residual": 4.3198512974568205e-15}
{"seconds": 44.64100000000326, "stage": "FIT_solve", "site": 23, "layout": "selected6_heads_x64", "mode": "subset_RMS_calibrated", "normal_residual": 8.476268408718084e-15}
{"seconds": 44.75, "stage": "FIT_solve", "site": 23, "layout": "selected6_heads_x64", "mode": "constant_RMS_calibrated", "normal_residual": 3.187157694453905e-15}
{"seconds": 46.29699999996228, "stage": "evaluation", "site": 23, "id": "broad_fit_apigen_80k_002", "complete": 97}
{"seconds": 46.43799999996554, "stage": "evaluation", "site": 23, "id": "broad_fit_apigen_80k_023", "complete": 98}
{"seconds": 46.53099999995902, "stage": "evaluation", "site": 23, "id": "broad_fit_everyday_conversations_002", "complete": 99}
{"seconds": 46.65599999995902, "stage": "evaluation", "site": 23, "id": "broad_fit_everyday_conversations_010", "complete": 100}
{"seconds": 46.73499999998603, "stage": "evaluation", "site": 23, "id": "broad_fit_explore_instruct_rewriting_008", "complete": 101}
{"seconds": 46.81299999996554, "stage": "evaluation", "site": 23, "id": "broad_fit_explore_instruct_rewriting_009", "complete": 102}
{"seconds": 47.06299999996554, "stage": "evaluation", "site": 23, "id": "broad_fit_metamathqa_50k_015", "complete": 103}
{"seconds": 47.39100000000326, "stage": "evaluation", "site": 23, "id": "broad_fit_metamathqa_50k_023", "complete": 104}
{"seconds": 47.73499999998603, "stage": "evaluation", "site": 23, "id": "broad_fit_numina_cot_100k_015", "complete": 105}
{"seconds": 48.78099999995902, "stage": "evaluation", "site": 23, "id": "broad_fit_numina_cot_100k_016", "complete": 106}
{"seconds": 49.31299999996554, "stage": "evaluation", "site": 23, "id": "broad_fit_openhermes_100k_004", "complete": 107}
{"seconds": 49.70299999997951, "stage": "evaluation", "site": 23, "id": "broad_fit_openhermes_100k_028", "complete": 108}
{"seconds": 49.98499999998603, "stage": "evaluation", "site": 23, "id": "broad_fit_self_oss_instruct_006", "complete": 109}
{"seconds": 50.21899999998277, "stage": "evaluation", "site": 23, "id": "broad_fit_self_oss_instruct_012", "complete": 110}
{"seconds": 50.53099999995902, "stage": "evaluation", "site": 23, "id": "broad_fit_smol_constraints_005", "complete": 111}
{"seconds": 50.82799999997951, "stage": "evaluation", "site": 23, "id": "broad_fit_smol_constraints_021", "complete": 112}
{"seconds": 51.18799999996554, "stage": "evaluation", "site": 23, "id": "broad_fit_smol_magpie_ultra_000", "complete": 113}
{"seconds": 51.46899999998277, "stage": "evaluation", "site": 23, "id": "broad_fit_smol_magpie_ultra_022", "complete": 114}
{"seconds": 51.65599999995902, "stage": "evaluation", "site": 23, "id": "broad_fit_smol_rewrite_004", "complete": 115}
{"seconds": 51.93799999996554, "stage": "evaluation", "site": 23, "id": "broad_fit_smol_rewrite_015", "complete": 116}
{"seconds": 52.15599999995902, "stage": "evaluation", "site": 23, "id": "broad_fit_smol_summarize_003", "complete": 117}
{"seconds": 52.28099999995902, "stage": "evaluation", "site": 23, "id": "broad_fit_smol_summarize_024", "complete": 118}
{"seconds": 52.5, "stage": "evaluation", "site": 23, "id": "broad_fit_systemchats_30k_010", "complete": 119}
{"seconds": 52.65599999995902, "stage": "evaluation", "site": 23, "id": "broad_fit_systemchats_30k_024", "complete": 120}
{"seconds": 52.85999999998603, "stage": "evaluation", "site": 23, "id": "broad_dev_apigen_80k_033", "complete": 121}
{"seconds": 53.125, "stage": "evaluation", "site": 23, "id": "broad_dev_apigen_80k_034", "complete": 122}
{"seconds": 53.92199999996228, "stage": "evaluation", "site": 23, "id": "broad_dev_everyday_conversations_033", "complete": 123}
{"seconds": 54.23499999998603, "stage": "evaluation", "site": 23, "id": "broad_dev_everyday_conversations_036", "complete": 124}
{"seconds": 54.48499999998603, "stage": "evaluation", "site": 23, "id": "broad_dev_explore_instruct_rewriting_035", "complete": 125}
{"seconds": 54.82799999997951, "stage": "evaluation", "site": 23, "id": "broad_dev_explore_instruct_rewriting_038", "complete": 126}
{"seconds": 55.04699999996228, "stage": "evaluation", "site": 23, "id": "broad_dev_metamathqa_50k_035", "complete": 127}
{"seconds": 55.26600000000326, "stage": "evaluation", "site": 23, "id": "broad_dev_metamathqa_50k_037", "complete": 128}
{"seconds": 55.64100000000326, "stage": "evaluation", "site": 23, "id": "broad_dev_numina_cot_100k_035", "complete": 129}
{"seconds": 55.92199999996228, "stage": "evaluation", "site": 23, "id": "broad_dev_numina_cot_100k_038", "complete": 130}
{"seconds": 56.53099999995902, "stage": "evaluation", "site": 23, "id": "broad_dev_openhermes_100k_034", "complete": 131}
{"seconds": 56.84399999998277, "stage": "evaluation", "site": 23, "id": "broad_dev_openhermes_100k_037", "complete": 132}
{"seconds": 57.15599999995902, "stage": "evaluation", "site": 23, "id": "broad_dev_self_oss_instruct_033", "complete": 133}
{"seconds": 57.46899999998277, "stage": "evaluation", "site": 23, "id": "broad_dev_self_oss_instruct_036", "complete": 134}
{"seconds": 57.875, "stage": "evaluation", "site": 23, "id": "broad_dev_smol_constraints_034", "complete": 135}
{"seconds": 58.48499999998603, "stage": "evaluation", "site": 23, "id": "broad_dev_smol_constraints_035", "complete": 136}
{"seconds": 59.23499999998603, "stage": "evaluation", "site": 23, "id": "broad_dev_smol_magpie_ultra_034", "complete": 137}
{"seconds": 59.57799999997951, "stage": "evaluation", "site": 23, "id": "broad_dev_smol_magpie_ultra_036", "complete": 138}
{"seconds": 59.90599999995902, "stage": "evaluation", "site": 23, "id": "broad_dev_smol_rewrite_032", "complete": 139}
{"seconds": 60.23499999998603, "stage": "evaluation", "site": 23, "id": "broad_dev_smol_rewrite_036", "complete": 140}
{"seconds": 60.625, "stage": "evaluation", "site": 23, "id": "broad_dev_smol_summarize_034", "complete": 141}
{"seconds": 60.95299999997951, "stage": "evaluation", "site": 23, "id": "broad_dev_smol_summarize_039", "complete": 142}
{"seconds": 61.39100000000326, "stage": "evaluation", "site": 23, "id": "broad_dev_systemchats_30k_034", "complete": 143}
{"seconds": 61.875, "stage": "evaluation", "site": 23, "id": "broad_dev_systemchats_30k_039", "complete": 144}
{"seconds": 62.125, "stage": "complete", "decision": "CHANNEL_READOUT_REFIT_BUDGET_FAIL", "sha256": "10bb2ccd9364782bdb57115c4422bc899987c8e19cc5a58eda660a263e8e1eb2"}
