{"seconds": 7.85999999998603, "stage": "FIT_basis", "site": 0, "id": "broad_fit_apigen_80k_002"}
{"seconds": 7.89100000000326, "stage": "FIT_basis", "site": 0, "id": "broad_fit_apigen_80k_023"}
{"seconds": 7.922000000020489, "stage": "FIT_basis", "site": 0, "id": "broad_fit_everyday_conversations_002"}
{"seconds": 7.952999999979511, "stage": "FIT_basis", "site": 0, "id": "broad_fit_everyday_conversations_010"}
{"seconds": 7.952999999979511, "stage": "FIT_basis", "site": 0, "id": "broad_fit_explore_instruct_rewriting_008"}
{"seconds": 8.0, "stage": "FIT_basis", "site": 0, "id": "broad_fit_explore_instruct_rewriting_009"}
{"seconds": 8.01600000000326, "stage": "FIT_basis", "site": 0, "id": "broad_fit_metamathqa_50k_015"}
{"seconds": 8.03200000000652, "stage": "FIT_basis", "site": 0, "id": "broad_fit_metamathqa_50k_023"}
{"seconds": 8.063000000023749, "stage": "FIT_basis", "site": 0, "id": "broad_fit_numina_cot_100k_015"}
{"seconds": 8.077999999979511, "stage": "FIT_basis", "site": 0, "id": "broad_fit_numina_cot_100k_016"}
{"seconds": 8.125, "stage": "FIT_basis", "site": 0, "id": "broad_fit_openhermes_100k_004"}
{"seconds": 8.14100000000326, "stage": "FIT_basis", "site": 0, "id": "broad_fit_openhermes_100k_028"}
{"seconds": 8.188000000023749, "stage": "FIT_basis", "site": 0, "id": "broad_fit_self_oss_instruct_006"}
{"seconds": 8.202999999979511, "stage": "FIT_basis", "site": 0, "id": "broad_fit_self_oss_instruct_012"}
{"seconds": 8.21899999998277, "stage": "FIT_basis", "site": 0, "id": "broad_fit_smol_constraints_005"}
{"seconds": 8.25, "stage": "FIT_basis", "site": 0, "id": "broad_fit_smol_constraints_021"}
{"seconds": 8.28200000000652, "stage": "FIT_basis", "site": 0, "id": "broad_fit_smol_magpie_ultra_000"}
{"seconds": 8.34399999998277, "stage": "FIT_basis", "site": 0, "id": "broad_fit_smol_magpie_ultra_022"}
{"seconds": 8.35999999998603, "stage": "FIT_basis", "site": 0, "id": "broad_fit_smol_rewrite_004"}
{"seconds": 8.40700000000652, "stage": "FIT_basis", "site": 0, "id": "broad_fit_smol_rewrite_015"}
{"seconds": 8.452999999979511, "stage": "FIT_basis", "site": 0, "id": "broad_fit_smol_summarize_003"}
{"seconds": 8.46899999998277, "stage": "FIT_basis", "site": 0, "id": "broad_fit_smol_summarize_024"}
{"seconds": 8.51600000000326, "stage": "FIT_basis", "site": 0, "id": "broad_fit_systemchats_30k_010"}
{"seconds": 8.547000000020489, "stage": "FIT_basis", "site": 0, "id": "broad_fit_systemchats_30k_024"}
{"seconds": 10.438000000023749, "stage": "basis_frozen", "site": 0, "adaptive_ranks": [8, 10, 8, 7, 8, 8, 6, 7, 9, 12, 13, 10, 2, 11, 10, 8, 8, 9, 7, 8, 3, 7, 9, 13, 9, 5, 9, 9, 8, 12, 11, 6, 5, 3, 9, 7, 9, 7, 8, 9, 6, 8, 8, 6, 8, 5, 9, 7]}
{"seconds": 10.48499999998603, "stage": "FIT_basis", "site": 12, "id": "broad_fit_apigen_80k_002"}
{"seconds": 10.53200000000652, "stage": "FIT_basis", "site": 12, "id": "broad_fit_apigen_80k_023"}
{"seconds": 10.563000000023749, "stage": "FIT_basis", "site": 12, "id": "broad_fit_everyday_conversations_002"}
{"seconds": 10.59399999998277, "stage": "FIT_basis", "site": 12, "id": "broad_fit_everyday_conversations_010"}
{"seconds": 10.60999999998603, "stage": "FIT_basis", "site": 12, "id": "broad_fit_explore_instruct_rewriting_008"}
{"seconds": 10.64100000000326, "stage": "FIT_basis", "site": 12, "id": "broad_fit_explore_instruct_rewriting_009"}
{"seconds": 10.65700000000652, "stage": "FIT_basis", "site": 12, "id": "broad_fit_metamathqa_50k_015"}
{"seconds": 10.688000000023749, "stage": "FIT_basis", "site": 12, "id": "broad_fit_metamathqa_50k_023"}
{"seconds": 10.702999999979511, "stage": "FIT_basis", "site": 12, "id": "broad_fit_numina_cot_100k_015"}
{"seconds": 10.73499999998603, "stage": "FIT_basis", "site": 12, "id": "broad_fit_numina_cot_100k_016"}
{"seconds": 10.75, "stage": "FIT_basis", "site": 12, "id": "broad_fit_openhermes_100k_004"}
{"seconds": 10.78200000000652, "stage": "FIT_basis", "site": 12, "id": "broad_fit_openhermes_100k_028"}
{"seconds": 10.813000000023749, "stage": "FIT_basis", "site": 12, "id": "broad_fit_self_oss_instruct_006"}
{"seconds": 10.827999999979511, "stage": "FIT_basis", "site": 12, "id": "broad_fit_self_oss_instruct_012"}
{"seconds": 10.85999999998603, "stage": "FIT_basis", "site": 12, "id": "broad_fit_smol_constraints_005"}
{"seconds": 10.85999999998603, "stage": "FIT_basis", "site": 12, "id": "broad_fit_smol_constraints_021"}
{"seconds": 10.922000000020489, "stage": "FIT_basis", "site": 12, "id": "broad_fit_smol_magpie_ultra_000"}
{"seconds": 10.96899999998277, "stage": "FIT_basis", "site": 12, "id": "broad_fit_smol_magpie_ultra_022"}
{"seconds": 11.0, "stage": "FIT_basis", "site": 12, "id": "broad_fit_smol_rewrite_004"}
{"seconds": 11.03200000000652, "stage": "FIT_basis", "site": 12, "id": "broad_fit_smol_rewrite_015"}
{"seconds": 11.063000000023749, "stage": "FIT_basis", "site": 12, "id": "broad_fit_smol_summarize_003"}
{"seconds": 11.09399999998277, "stage": "FIT_basis", "site": 12, "id": "broad_fit_smol_summarize_024"}
{"seconds": 11.125, "stage": "FIT_basis", "site": 12, "id": "broad_fit_systemchats_30k_010"}
{"seconds": 11.14100000000326, "stage": "FIT_basis", "site": 12, "id": "broad_fit_systemchats_30k_024"}
{"seconds": 13.422000000020489, "stage": "basis_frozen", "site": 12, "adaptive_ranks": [9, 5, 10, 7, 6, 6, 9, 9, 4, 6, 8, 4, 14, 9, 11, 12, 7, 10, 5, 7, 4, 5, 15, 18, 6, 9, 6, 7, 4, 10, 7, 5, 4, 10, 7, 10, 5, 5, 13, 7, 16, 7, 8, 9, 11, 5, 7, 6]}
{"seconds": 13.46899999998277, "stage": "FIT_basis", "site": 23, "id": "broad_fit_apigen_80k_002"}
{"seconds": 13.5, "stage": "FIT_basis", "site": 23, "id": "broad_fit_apigen_80k_023"}
{"seconds": 13.53200000000652, "stage": "FIT_basis", "site": 23, "id": "broad_fit_everyday_conversations_002"}
{"seconds": 13.547000000020489, "stage": "FIT_basis", "site": 23, "id": "broad_fit_everyday_conversations_010"}
{"seconds": 13.577999999979511, "stage": "FIT_basis", "site": 23, "id": "broad_fit_explore_instruct_rewriting_008"}
{"seconds": 13.59399999998277, "stage": "FIT_basis", "site": 23, "id": "broad_fit_explore_instruct_rewriting_009"}
{"seconds": 13.625, "stage": "FIT_basis", "site": 23, "id": "broad_fit_metamathqa_50k_015"}
{"seconds": 13.64100000000326, "stage": "FIT_basis", "site": 23, "id": "broad_fit_metamathqa_50k_023"}
{"seconds": 13.65700000000652, "stage": "FIT_basis", "site": 23, "id": "broad_fit_numina_cot_100k_015"}
{"seconds": 13.688000000023749, "stage": "FIT_basis", "site": 23, "id": "broad_fit_numina_cot_100k_016"}
{"seconds": 13.702999999979511, "stage": "FIT_basis", "site": 23, "id": "broad_fit_openhermes_100k_004"}
{"seconds": 13.73499999998603, "stage": "FIT_basis", "site": 23, "id": "broad_fit_openhermes_100k_028"}
{"seconds": 13.76600000000326, "stage": "FIT_basis", "site": 23, "id": "broad_fit_self_oss_instruct_006"}
{"seconds": 13.78200000000652, "stage": "FIT_basis", "site": 23, "id": "broad_fit_self_oss_instruct_012"}
{"seconds": 13.813000000023749, "stage": "FIT_basis", "site": 23, "id": "broad_fit_smol_constraints_005"}
{"seconds": 13.827999999979511, "stage": "FIT_basis", "site": 23, "id": "broad_fit_smol_constraints_021"}
{"seconds": 13.85999999998603, "stage": "FIT_basis", "site": 23, "id": "broad_fit_smol_magpie_ultra_000"}
{"seconds": 13.90700000000652, "stage": "FIT_basis", "site": 23, "id": "broad_fit_smol_magpie_ultra_022"}
{"seconds": 13.938000000023749, "stage": "FIT_basis", "site": 23, "id": "broad_fit_smol_rewrite_004"}
{"seconds": 13.96899999998277, "stage": "FIT_basis", "site": 23, "id": "broad_fit_smol_rewrite_015"}
{"seconds": 14.0, "stage": "FIT_basis", "site": 23, "id": "broad_fit_smol_summarize_003"}
{"seconds": 14.01600000000326, "stage": "FIT_basis", "site": 23, "id": "broad_fit_smol_summarize_024"}
{"seconds": 14.063000000023749, "stage": "FIT_basis", "site": 23, "id": "broad_fit_systemchats_30k_010"}
{"seconds": 14.09399999998277, "stage": "FIT_basis", "site": 23, "id": "broad_fit_systemchats_30k_024"}
{"seconds": 16.375, "stage": "basis_frozen", "site": 23, "adaptive_ranks": [7, 8, 9, 8, 8, 9, 15, 9, 7, 8, 6, 7, 5, 9, 4, 8, 7, 12, 9, 7, 8, 7, 10, 6, 8, 7, 8, 7, 8, 9, 6, 12, 10, 10, 10, 6, 10, 9, 7, 8, 8, 6, 8, 4, 8, 7, 7, 8]}
{"seconds": 17.51600000000326, "stage": "evaluation", "site": 0, "id": "broad_fit_apigen_80k_002", "complete": 1}
{"seconds": 17.92200000002049, "stage": "evaluation", "site": 0, "id": "broad_fit_apigen_80k_023", "complete": 2}
{"seconds": 18.23499999998603, "stage": "evaluation", "site": 0, "id": "broad_fit_everyday_conversations_002", "complete": 3}
{"seconds": 18.56300000002375, "stage": "evaluation", "site": 0, "id": "broad_fit_everyday_conversations_010", "complete": 4}
{"seconds": 18.85999999998603, "stage": "evaluation", "site": 0, "id": "broad_fit_explore_instruct_rewriting_008", "complete": 5}
{"seconds": 19.125, "stage": "evaluation", "site": 0, "id": "broad_fit_explore_instruct_rewriting_009", "complete": 6}
{"seconds": 19.71899999998277, "stage": "evaluation", "site": 0, "id": "broad_fit_metamathqa_50k_015", "complete": 7}
{"seconds": 20.07799999997951, "stage": "evaluation", "site": 0, "id": "broad_fit_metamathqa_50k_023", "complete": 8}
{"seconds": 20.40700000000652, "stage": "evaluation", "site": 0, "id": "broad_fit_numina_cot_100k_015", "complete": 9}
{"seconds": 20.84399999998277, "stage": "evaluation", "site": 0, "id": "broad_fit_numina_cot_100k_016", "complete": 10}
{"seconds": 21.28200000000652, "stage": "evaluation", "site": 0, "id": "broad_fit_openhermes_100k_004", "complete": 11}
{"seconds": 21.65700000000652, "stage": "evaluation", "site": 0, "id": "broad_fit_openhermes_100k_028", "complete": 12}
{"seconds": 22.125, "stage": "evaluation", "site": 0, "id": "broad_fit_self_oss_instruct_006", "complete": 13}
{"seconds": 22.57799999997951, "stage": "evaluation", "site": 0, "id": "broad_fit_self_oss_instruct_012", "complete": 14}
{"seconds": 22.875, "stage": "evaluation", "site": 0, "id": "broad_fit_smol_constraints_005", "complete": 15}
{"seconds": 23.21899999998277, "stage": "evaluation", "site": 0, "id": "broad_fit_smol_constraints_021", "complete": 16}
{"seconds": 23.79700000002049, "stage": "evaluation", "site": 0, "id": "broad_fit_smol_magpie_ultra_000", "complete": 17}
{"seconds": 24.90700000000652, "stage": "evaluation", "site": 0, "id": "broad_fit_smol_magpie_ultra_022", "complete": 18}
{"seconds": 25.34399999998277, "stage": "evaluation", "site": 0, "id": "broad_fit_smol_rewrite_004", "complete": 19}
{"seconds": 25.84399999998277, "stage": "evaluation", "site": 0, "id": "broad_fit_smol_rewrite_015", "complete": 20}
{"seconds": 26.34399999998277, "stage": "evaluation", "site": 0, "id": "broad_fit_smol_summarize_003", "complete": 21}
{"seconds": 26.71899999998277, "stage": "evaluation", "site": 0, "id": "broad_fit_smol_summarize_024", "complete": 22}
{"seconds": 27.28200000000652, "stage": "evaluation", "site": 0, "id": "broad_fit_systemchats_30k_010", "complete": 23}
{"seconds": 27.70299999997951, "stage": "evaluation", "site": 0, "id": "broad_fit_systemchats_30k_024", "complete": 24}
{"seconds": 28.28200000000652, "stage": "evaluation", "site": 0, "id": "broad_dev_apigen_80k_033", "complete": 25}
{"seconds": 28.73499999998603, "stage": "evaluation", "site": 0, "id": "broad_dev_apigen_80k_034", "complete": 26}
{"seconds": 29.15700000000652, "stage": "evaluation", "site": 0, "id": "broad_dev_everyday_conversations_033", "complete": 27}
{"seconds": 29.5, "stage": "evaluation", "site": 0, "id": "broad_dev_everyday_conversations_036", "complete": 28}
{"seconds": 29.76600000000326, "stage": "evaluation", "site": 0, "id": "broad_dev_explore_instruct_rewriting_035", "complete": 29}
{"seconds": 30.18800000002375, "stage": "evaluation", "site": 0, "id": "broad_dev_explore_instruct_rewriting_038", "complete": 30}
{"seconds": 30.5, "stage": "evaluation", "site": 0, "id": "broad_dev_metamathqa_50k_035", "complete": 31}
{"seconds": 30.93800000002375, "stage": "evaluation", "site": 0, "id": "broad_dev_metamathqa_50k_037", "complete": 32}
{"seconds": 31.32799999997951, "stage": "evaluation", "site": 0, "id": "broad_dev_numina_cot_100k_035", "complete": 33}
{"seconds": 31.73499999998603, "stage": "evaluation", "site": 0, "id": "broad_dev_numina_cot_100k_038", "complete": 34}
{"seconds": 32.10999999998603, "stage": "evaluation", "site": 0, "id": "broad_dev_openhermes_100k_034", "complete": 35}
{"seconds": 32.5, "stage": "evaluation", "site": 0, "id": "broad_dev_openhermes_100k_037", "complete": 36}
{"seconds": 32.90700000000652, "stage": "evaluation", "site": 0, "id": "broad_dev_self_oss_instruct_033", "complete": 37}
{"seconds": 33.28200000000652, "stage": "evaluation", "site": 0, "id": "broad_dev_self_oss_instruct_036", "complete": 38}
{"seconds": 33.60999999998603, "stage": "evaluation", "site": 0, "id": "broad_dev_smol_constraints_034", "complete": 39}
{"seconds": 33.95299999997951, "stage": "evaluation", "site": 0, "id": "broad_dev_smol_constraints_035", "complete": 40}
{"seconds": 34.57799999997951, "stage": "evaluation", "site": 0, "id": "broad_dev_smol_magpie_ultra_034", "complete": 41}
{"seconds": 35.23499999998603, "stage": "evaluation", "site": 0, "id": "broad_dev_smol_magpie_ultra_036", "complete": 42}
{"seconds": 35.65700000000652, "stage": "evaluation", "site": 0, "id": "broad_dev_smol_rewrite_032", "complete": 43}
{"seconds": 36.07799999997951, "stage": "evaluation", "site": 0, "id": "broad_dev_smol_rewrite_036", "complete": 44}
{"seconds": 36.40700000000652, "stage": "evaluation", "site": 0, "id": "broad_dev_smol_summarize_034", "complete": 45}
{"seconds": 36.95299999997951, "stage": "evaluation", "site": 0, "id": "broad_dev_smol_summarize_039", "complete": 46}
{"seconds": 37.48499999998603, "stage": "evaluation", "site": 0, "id": "broad_dev_systemchats_30k_034", "complete": 47}
{"seconds": 37.89100000000326, "stage": "evaluation", "site": 0, "id": "broad_dev_systemchats_30k_039", "complete": 48}
{"seconds": 38.40700000000652, "stage": "evaluation", "site": 12, "id": "broad_fit_apigen_80k_002", "complete": 49}
{"seconds": 38.79700000002049, "stage": "evaluation", "site": 12, "id": "broad_fit_apigen_80k_023", "complete": 50}
{"seconds": 39.32799999997951, "stage": "evaluation", "site": 12, "id": "broad_fit_everyday_conversations_002", "complete": 51}
{"seconds": 39.89100000000326, "stage": "evaluation", "site": 12, "id": "broad_fit_everyday_conversations_010", "complete": 52}
{"seconds": 40.56300000002375, "stage": "evaluation", "site": 12, "id": "broad_fit_explore_instruct_rewriting_008", "complete": 53}
{"seconds": 40.90700000000652, "stage": "evaluation", "site": 12, "id": "broad_fit_explore_instruct_rewriting_009", "complete": 54}
{"seconds": 41.28200000000652, "stage": "evaluation", "site": 12, "id": "broad_fit_metamathqa_50k_015", "complete": 55}
{"seconds": 41.68800000002375, "stage": "evaluation", "site": 12, "id": "broad_fit_metamathqa_50k_023", "complete": 56}
{"seconds": 42.06300000002375, "stage": "evaluation", "site": 12, "id": "broad_fit_numina_cot_100k_015", "complete": 57}
{"seconds": 42.46899999998277, "stage": "evaluation", "site": 12, "id": "broad_fit_numina_cot_100k_016", "complete": 58}
{"seconds": 42.84399999998277, "stage": "evaluation", "site": 12, "id": "broad_fit_openhermes_100k_004", "complete": 59}
{"seconds": 43.28200000000652, "stage": "evaluation", "site": 12, "id": "broad_fit_openhermes_100k_028", "complete": 60}
{"seconds": 43.70299999997951, "stage": "evaluation", "site": 12, "id": "broad_fit_self_oss_instruct_006", "complete": 61}
{"seconds": 44.06300000002375, "stage": "evaluation", "site": 12, "id": "broad_fit_self_oss_instruct_012", "complete": 62}
{"seconds": 44.40700000000652, "stage": "evaluation", "site": 12, "id": "broad_fit_smol_constraints_005", "complete": 63}
{"seconds": 44.76600000000326, "stage": "evaluation", "site": 12, "id": "broad_fit_smol_constraints_021", "complete": 64}
{"seconds": 45.26600000000326, "stage": "evaluation", "site": 12, "id": "broad_fit_smol_magpie_ultra_000", "complete": 65}
{"seconds": 46.06300000002375, "stage": "evaluation", "site": 12, "id": "broad_fit_smol_magpie_ultra_022", "complete": 66}
{"seconds": 46.43800000002375, "stage": "evaluation", "site": 12, "id": "broad_fit_smol_rewrite_004", "complete": 67}
{"seconds": 46.89100000000326, "stage": "evaluation", "site": 12, "id": "broad_fit_smol_rewrite_015", "complete": 68}
{"seconds": 47.43800000002375, "stage": "evaluation", "site": 12, "id": "broad_fit_smol_summarize_003", "complete": 69}
{"seconds": 47.76600000000326, "stage": "evaluation", "site": 12, "id": "broad_fit_smol_summarize_024", "complete": 70}
{"seconds": 48.32799999997951, "stage": "evaluation", "site": 12, "id": "broad_fit_systemchats_30k_010", "complete": 71}
{"seconds": 48.73499999998603, "stage": "evaluation", "site": 12, "id": "broad_fit_systemchats_30k_024", "complete": 72}
{"seconds": 49.29700000002049, "stage": "evaluation", "site": 12, "id": "broad_dev_apigen_80k_033", "complete": 73}
{"seconds": 49.68800000002375, "stage": "evaluation", "site": 12, "id": "broad_dev_apigen_80k_034", "complete": 74}
{"seconds": 50.14100000000326, "stage": "evaluation", "site": 12, "id": "broad_dev_everyday_conversations_033", "complete": 75}
{"seconds": 50.43800000002375, "stage": "evaluation", "site": 12, "id": "broad_dev_everyday_conversations_036", "complete": 76}
{"seconds": 50.71899999998277, "stage": "evaluation", "site": 12, "id": "broad_dev_explore_instruct_rewriting_035", "complete": 77}
{"seconds": 51.06300000002375, "stage": "evaluation", "site": 12, "id": "broad_dev_explore_instruct_rewriting_038", "complete": 78}
{"seconds": 51.35999999998603, "stage": "evaluation", "site": 12, "id": "broad_dev_metamathqa_50k_035", "complete": 79}
{"seconds": 51.75, "stage": "evaluation", "site": 12, "id": "broad_dev_metamathqa_50k_037", "complete": 80}
{"seconds": 52.18800000002375, "stage": "evaluation", "site": 12, "id": "broad_dev_numina_cot_100k_035", "complete": 81}
{"seconds": 52.57799999997951, "stage": "evaluation", "site": 12, "id": "broad_dev_numina_cot_100k_038", "complete": 82}
{"seconds": 52.96899999998277, "stage": "evaluation", "site": 12, "id": "broad_dev_openhermes_100k_034", "complete": 83}
{"seconds": 53.375, "stage": "evaluation", "site": 12, "id": "broad_dev_openhermes_100k_037", "complete": 84}
{"seconds": 53.79700000002049, "stage": "evaluation", "site": 12, "id": "broad_dev_self_oss_instruct_033", "complete": 85}
{"seconds": 54.25, "stage": "evaluation", "site": 12, "id": "broad_dev_self_oss_instruct_036", "complete": 86}
{"seconds": 54.59399999998277, "stage": "evaluation", "site": 12, "id": "broad_dev_smol_constraints_034", "complete": 87}
{"seconds": 54.96899999998277, "stage": "evaluation", "site": 12, "id": "broad_dev_smol_constraints_035", "complete": 88}
{"seconds": 55.81300000002375, "stage": "evaluation", "site": 12, "id": "broad_dev_smol_magpie_ultra_034", "complete": 89}
{"seconds": 56.93800000002375, "stage": "evaluation", "site": 12, "id": "broad_dev_smol_magpie_ultra_036", "complete": 90}
{"seconds": 57.35999999998603, "stage": "evaluation", "site": 12, "id": "broad_dev_smol_rewrite_032", "complete": 91}
{"seconds": 57.78200000000652, "stage": "evaluation", "site": 12, "id": "broad_dev_smol_rewrite_036", "complete": 92}
{"seconds": 58.18800000002375, "stage": "evaluation", "site": 12, "id": "broad_dev_smol_summarize_034", "complete": 93}
{"seconds": 58.78200000000652, "stage": "evaluation", "site": 12, "id": "broad_dev_smol_summarize_039", "complete": 94}
{"seconds": 59.31300000002375, "stage": "evaluation", "site": 12, "id": "broad_dev_systemchats_30k_034", "complete": 95}
{"seconds": 59.73499999998603, "stage": "evaluation", "site": 12, "id": "broad_dev_systemchats_30k_039", "complete": 96}
{"seconds": 60.25, "stage": "evaluation", "site": 23, "id": "broad_fit_apigen_80k_002", "complete": 97}
{"seconds": 60.73499999998603, "stage": "evaluation", "site": 23, "id": "broad_fit_apigen_80k_023", "complete": 98}
{"seconds": 61.15700000000652, "stage": "evaluation", "site": 23, "id": "broad_fit_everyday_conversations_002", "complete": 99}
{"seconds": 61.54700000002049, "stage": "evaluation", "site": 23, "id": "broad_fit_everyday_conversations_010", "complete": 100}
{"seconds": 61.875, "stage": "evaluation", "site": 23, "id": "broad_fit_explore_instruct_rewriting_008", "complete": 101}
{"seconds": 62.125, "stage": "evaluation", "site": 23, "id": "broad_fit_explore_instruct_rewriting_009", "complete": 102}
{"seconds": 62.40700000000652, "stage": "evaluation", "site": 23, "id": "broad_fit_metamathqa_50k_015", "complete": 103}
{"seconds": 62.82799999997951, "stage": "evaluation", "site": 23, "id": "broad_fit_metamathqa_50k_023", "complete": 104}
{"seconds": 63.23499999998603, "stage": "evaluation", "site": 23, "id": "broad_fit_numina_cot_100k_015", "complete": 105}
{"seconds": 63.56300000002375, "stage": "evaluation", "site": 23, "id": "broad_fit_numina_cot_100k_016", "complete": 106}
{"seconds": 63.95299999997951, "stage": "evaluation", "site": 23, "id": "broad_fit_openhermes_100k_004", "complete": 107}
{"seconds": 64.34399999998277, "stage": "evaluation", "site": 23, "id": "broad_fit_openhermes_100k_028", "complete": 108}
{"seconds": 64.76600000000326, "stage": "evaluation", "site": 23, "id": "broad_fit_self_oss_instruct_006", "complete": 109}
{"seconds": 65.17200000002049, "stage": "evaluation", "site": 23, "id": "broad_fit_self_oss_instruct_012", "complete": 110}
{"seconds": 65.56300000002375, "stage": "evaluation", "site": 23, "id": "broad_fit_smol_constraints_005", "complete": 111}
{"seconds": 65.89100000000326, "stage": "evaluation", "site": 23, "id": "broad_fit_smol_constraints_021", "complete": 112}
{"seconds": 66.46899999998277, "stage": "evaluation", "site": 23, "id": "broad_fit_smol_magpie_ultra_000", "complete": 113}
{"seconds": 67.25, "stage": "evaluation", "site": 23, "id": "broad_fit_smol_magpie_ultra_022", "complete": 114}
{"seconds": 67.56300000002375, "stage": "evaluation", "site": 23, "id": "broad_fit_smol_rewrite_004", "complete": 115}
{"seconds": 68.0, "stage": "evaluation", "site": 23, "id": "broad_fit_smol_rewrite_015", "complete": 116}
{"seconds": 68.48499999998603, "stage": "evaluation", "site": 23, "id": "broad_fit_smol_summarize_003", "complete": 117}
{"seconds": 68.84399999998277, "stage": "evaluation", "site": 23, "id": "broad_fit_smol_summarize_024", "complete": 118}
{"seconds": 69.45299999997951, "stage": "evaluation", "site": 23, "id": "broad_fit_systemchats_30k_010", "complete": 119}
{"seconds": 69.96899999998277, "stage": "evaluation", "site": 23, "id": "broad_fit_systemchats_30k_024", "complete": 120}
{"seconds": 70.89100000000326, "stage": "evaluation", "site": 23, "id": "broad_dev_apigen_80k_033", "complete": 121}
{"seconds": 71.29700000002049, "stage": "evaluation", "site": 23, "id": "broad_dev_apigen_80k_034", "complete": 122}
{"seconds": 71.68800000002375, "stage": "evaluation", "site": 23, "id": "broad_dev_everyday_conversations_033", "complete": 123}
{"seconds": 72.03200000000652, "stage": "evaluation", "site": 23, "id": "broad_dev_everyday_conversations_036", "complete": 124}
{"seconds": 72.26600000000326, "stage": "evaluation", "site": 23, "id": "broad_dev_explore_instruct_rewriting_035", "complete": 125}
{"seconds": 72.64100000000326, "stage": "evaluation", "site": 23, "id": "broad_dev_explore_instruct_rewriting_038", "complete": 126}
{"seconds": 72.98499999998603, "stage": "evaluation", "site": 23, "id": "broad_dev_metamathqa_50k_035", "complete": 127}
{"seconds": 73.35999999998603, "stage": "evaluation", "site": 23, "id": "broad_dev_metamathqa_50k_037", "complete": 128}
{"seconds": 73.76600000000326, "stage": "evaluation", "site": 23, "id": "broad_dev_numina_cot_100k_035", "complete": 129}
{"seconds": 74.17200000002049, "stage": "evaluation", "site": 23, "id": "broad_dev_numina_cot_100k_038", "complete": 130}
{"seconds": 74.54700000002049, "stage": "evaluation", "site": 23, "id": "broad_dev_openhermes_100k_034", "complete": 131}
{"seconds": 74.93800000002375, "stage": "evaluation", "site": 23, "id": "broad_dev_openhermes_100k_037", "complete": 132}
{"seconds": 75.32799999997951, "stage": "evaluation", "site": 23, "id": "broad_dev_self_oss_instruct_033", "complete": 133}
{"seconds": 75.71899999998277, "stage": "evaluation", "site": 23, "id": "broad_dev_self_oss_instruct_036", "complete": 134}
{"seconds": 76.01600000000326, "stage": "evaluation", "site": 23, "id": "broad_dev_smol_constraints_034", "complete": 135}
{"seconds": 76.28200000000652, "stage": "evaluation", "site": 23, "id": "broad_dev_smol_constraints_035", "complete": 136}
{"seconds": 76.93800000002375, "stage": "evaluation", "site": 23, "id": "broad_dev_smol_magpie_ultra_034", "complete": 137}
{"seconds": 77.64100000000326, "stage": "evaluation", "site": 23, "id": "broad_dev_smol_magpie_ultra_036", "complete": 138}
{"seconds": 78.04700000002049, "stage": "evaluation", "site": 23, "id": "broad_dev_smol_rewrite_032", "complete": 139}
{"seconds": 78.42200000002049, "stage": "evaluation", "site": 23, "id": "broad_dev_smol_rewrite_036", "complete": 140}
{"seconds": 78.70299999997951, "stage": "evaluation", "site": 23, "id": "broad_dev_smol_summarize_034", "complete": 141}
{"seconds": 79.28200000000652, "stage": "evaluation", "site": 23, "id": "broad_dev_smol_summarize_039", "complete": 142}
{"seconds": 79.79700000002049, "stage": "evaluation", "site": 23, "id": "broad_dev_systemchats_30k_034", "complete": 143}
{"seconds": 80.15700000000652, "stage": "evaluation", "site": 23, "id": "broad_dev_systemchats_30k_039", "complete": 144}
{"seconds": 80.28200000000652, "stage": "complete", "decision": "BALANCED_HEADS_LINEAR_RECONSTRUCTION_BUDGET_FAIL", "sha256": "37ccf69de18996e0b1aa514e40bba34677f7d33436d705dcc0501c09e8a535c7"}
