{"stage": "FIT_statistics", "seconds": 6.610000000000582}
{"stage": "pair_frozen_before_FIT_scores", "gain": 4.328941201436105, "rho": 1.0, "max_FIT_phi_norm": 34.63152961148884, "covariance_rank": 2047, "covariance_discarded_energy_relative": 2.0543769566925417e-13, "covariance_smallest": 2.3848896591282714e-06, "covariance_largest": 11399484.877744516, "covariance_retained_condition": 125419923482.62593, "rank_smallest": 3.0724950171552566e-20, "rank_largest": 9.900445397877862, "whitening_relative": 3.5964676084582814e-12, "encoder_root_relative": 1.0133631612049394e-14, "expected_surrogate": 0.35160991716072854, "total_source_surrogate": 17.159117509079024, "metric_blocks": 17, "decoder_fit_blocks": 17, "eigenvector_sign": "Largest absolute coordinate positive; first coordinate breaks ties.", "optimum_scope": "Constrained covariance support; discarded metric trace plus rank-metric tail, not a global KL optimum.", "seconds": 24.46900000000096}
{"stage": "case_complete", "id": "broad_fit_apigen_80k_023", "completed": 1, "real_KL": 0.06072205132840462, "native_KL": 0.060722007952649384, "real_disagreement": 0.0, "native_disagreement": 0.0, "seconds": 29.188000000000102}
{"stage": "case_complete", "id": "broad_fit_apigen_80k_002", "completed": 2, "real_KL": 0.0010485337067308396, "native_KL": 0.0010485363397397997, "real_disagreement": 0.0, "native_disagreement": 0.0, "seconds": 30.96900000000096}
{"stage": "case_complete", "id": "broad_fit_everyday_conversations_002", "completed": 3, "real_KL": 1.1593276233079144, "native_KL": 1.1593278295860485, "real_disagreement": 0.375, "native_disagreement": 0.375, "seconds": 39.28100000000086}
{"stage": "case_complete", "id": "broad_fit_everyday_conversations_010", "completed": 4, "real_KL": 0.9235869427352564, "native_KL": 0.923587052613819, "real_disagreement": 0.25862068965517243, "native_disagreement": 0.25862068965517243, "seconds": 45.86000000000058}
{"stage": "case_complete", "id": "broad_fit_explore_instruct_rewriting_008", "completed": 5, "real_KL": 0.03275968276080715, "native_KL": 0.032759683607035094, "real_disagreement": 0.0, "native_disagreement": 0.0, "seconds": 46.96900000000096}
{"stage": "case_complete", "id": "broad_fit_explore_instruct_rewriting_009", "completed": 6, "real_KL": 0.014724885671977812, "native_KL": 0.014724957332397684, "real_disagreement": 0.0, "native_disagreement": 0.0, "seconds": 47.84400000000096}
{"stage": "case_complete", "id": "broad_fit_metamathqa_50k_015", "completed": 7, "real_KL": 0.32663980377603047, "native_KL": 0.32663980932490433, "real_disagreement": 0.1032258064516129, "native_disagreement": 0.1032258064516129, "seconds": 54.39100000000144}
{"stage": "case_complete", "id": "broad_fit_metamathqa_50k_023", "completed": 8, "real_KL": 0.35167786711079574, "native_KL": 0.35167787005226053, "real_disagreement": 0.08203125, "native_disagreement": 0.08203125, "seconds": 64.25}
{"stage": "case_complete", "id": "broad_fit_numina_cot_100k_015", "completed": 9, "real_KL": 0.41935672039090444, "native_KL": 0.419356701201856, "real_disagreement": 0.0859375, "native_disagreement": 0.0859375, "seconds": 74.0}
{"stage": "case_complete", "id": "broad_fit_numina_cot_100k_016", "completed": 10, "real_KL": 0.6739735541394845, "native_KL": 0.6739734765284073, "real_disagreement": 0.1640625, "native_disagreement": 0.1640625, "seconds": 84.75}
{"stage": "case_complete", "id": "broad_fit_openhermes_100k_004", "completed": 11, "real_KL": 0.5851728906654294, "native_KL": 0.5851729433477444, "real_disagreement": 0.15234375, "native_disagreement": 0.15234375, "seconds": 93.86000000000058}
{"stage": "case_complete", "id": "broad_fit_openhermes_100k_028", "completed": 12, "real_KL": 0.5946071534286927, "native_KL": 0.5946071412313798, "real_disagreement": 0.125, "native_disagreement": 0.125, "seconds": 103.40600000000086}
{"stage": "case_complete", "id": "broad_fit_self_oss_instruct_012", "completed": 13, "real_KL": 0.6186336410030053, "native_KL": 0.6186335988929983, "real_disagreement": 0.1640625, "native_disagreement": 0.1640625, "seconds": 112.57800000000134}
{"stage": "case_complete", "id": "broad_fit_self_oss_instruct_006", "completed": 14, "real_KL": 0.8892133963829167, "native_KL": 0.8892134029569824, "real_disagreement": 0.1875, "native_disagreement": 0.1875, "seconds": 122.84400000000096}
{"stage": "case_complete", "id": "broad_fit_smol_constraints_005", "completed": 15, "real_KL": 1.0290692177604595, "native_KL": 1.0290691532434773, "real_disagreement": 0.2833333333333333, "native_disagreement": 0.2833333333333333, "seconds": 129.98500000000058}
{"stage": "case_complete", "id": "broad_fit_smol_constraints_021", "completed": 16, "real_KL": 1.345213831915881, "native_KL": 1.3452137508810296, "real_disagreement": 0.37566137566137564, "native_disagreement": 0.37566137566137564, "seconds": 137.04700000000048}
{"stage": "case_complete", "id": "broad_fit_smol_magpie_ultra_000", "completed": 17, "real_KL": 1.431001800233012, "native_KL": 1.4310018570329326, "real_disagreement": 0.3359375, "native_disagreement": 0.3359375, "seconds": 151.15600000000086}
{"stage": "case_complete", "id": "broad_fit_smol_magpie_ultra_022", "completed": 18, "real_KL": 1.6305769234337868, "native_KL": 1.6305770665004364, "real_disagreement": 0.47265625, "native_disagreement": 0.47265625, "seconds": 162.28100000000086}
{"stage": "case_complete", "id": "broad_fit_smol_rewrite_004", "completed": 19, "real_KL": 0.8056291264768929, "native_KL": 0.8056289951609465, "real_disagreement": 0.35555555555555557, "native_disagreement": 0.35555555555555557, "seconds": 166.0630000000001}
{"stage": "case_complete", "id": "broad_fit_smol_rewrite_015", "completed": 20, "real_KL": 1.938693223553071, "native_KL": 1.9386931736715325, "real_disagreement": 0.46875, "native_disagreement": 0.46875, "seconds": 175.48500000000058}
{"stage": "case_complete", "id": "broad_fit_smol_summarize_024", "completed": 21, "real_KL": 0.5080521336348761, "native_KL": 0.50805224660406, "real_disagreement": 0.3442622950819672, "native_disagreement": 0.3442622950819672, "seconds": 178.26600000000144}
{"stage": "case_complete", "id": "broad_fit_smol_summarize_003", "completed": 22, "real_KL": 1.0273628874148097, "native_KL": 1.0273628468360374, "real_disagreement": 0.25210084033613445, "native_disagreement": 0.25210084033613445, "seconds": 183.125}
{"stage": "case_complete", "id": "broad_fit_systemchats_30k_024", "completed": 23, "real_KL": 1.7895542357981034, "native_KL": 1.7895541424422738, "real_disagreement": 0.4375, "native_disagreement": 0.4375, "seconds": 193.0630000000001}
{"stage": "case_complete", "id": "broad_fit_systemchats_30k_010", "completed": 24, "real_KL": 1.142310794605243, "native_KL": 1.142310663033242, "real_disagreement": 0.296875, "native_disagreement": 0.296875, "seconds": 202.98500000000058}
{"stage": "complete", "decision": "PAIRED_CODEC_FIT_QUALITY_FAIL", "numeric_flags": {"whitening": true, "encoder_root": true, "surrogate_identity": true, "native_norm": true, "native_scores": true, "native_mean_KL_to_real": true, "native_every_case_disagreement_to_real": true}, "seconds": 203.14100000000144}
