{"stage": "stored_case_audited", "id": "broad_fit_apigen_80k_023", "completed": 1, "seconds": 33.35899999999856}
{"stage": "stored_case_audited", "id": "broad_fit_apigen_80k_002", "completed": 2, "seconds": 34.125}
{"stage": "stored_case_audited", "id": "broad_fit_everyday_conversations_002", "completed": 3, "seconds": 38.54699999999866}
{"stage": "stored_case_audited", "id": "broad_fit_everyday_conversations_010", "completed": 4, "seconds": 42.40599999999904}
{"stage": "stored_case_audited", "id": "broad_fit_explore_instruct_rewriting_008", "completed": 5, "seconds": 42.90599999999904}
{"stage": "stored_case_audited", "id": "broad_fit_explore_instruct_rewriting_009", "completed": 6, "seconds": 43.20299999999952}
{"stage": "stored_case_audited", "id": "broad_fit_metamathqa_50k_015", "completed": 7, "seconds": 46.5}
{"stage": "stored_case_audited", "id": "broad_fit_metamathqa_50k_023", "completed": 8, "seconds": 52.0619999999999}
{"stage": "stored_case_audited", "id": "broad_fit_numina_cot_100k_015", "completed": 9, "seconds": 57.51499999999942}
{"stage": "stored_case_audited", "id": "broad_fit_numina_cot_100k_016", "completed": 10, "seconds": 63.01499999999942}
{"stage": "stored_case_audited", "id": "broad_fit_openhermes_100k_004", "completed": 11, "seconds": 68.60899999999856}
{"stage": "stored_case_audited", "id": "broad_fit_openhermes_100k_028", "completed": 12, "seconds": 74.26499999999942}
{"stage": "stored_case_audited", "id": "broad_fit_self_oss_instruct_012", "completed": 13, "seconds": 79.73399999999856}
{"stage": "stored_case_audited", "id": "broad_fit_self_oss_instruct_006", "completed": 14, "seconds": 85.25}
{"stage": "stored_case_audited", "id": "broad_fit_smol_constraints_005", "completed": 15, "seconds": 89.15599999999904}
{"stage": "stored_case_audited", "id": "broad_fit_smol_constraints_021", "completed": 16, "seconds": 93.21899999999914}
{"stage": "stored_case_audited", "id": "broad_fit_smol_magpie_ultra_000", "completed": 17, "seconds": 98.79699999999866}
{"stage": "stored_case_audited", "id": "broad_fit_smol_magpie_ultra_022", "completed": 18, "seconds": 104.26499999999942}
{"stage": "stored_case_audited", "id": "broad_fit_smol_rewrite_004", "completed": 19, "seconds": 106.3119999999999}
{"stage": "stored_case_audited", "id": "broad_fit_smol_rewrite_015", "completed": 20, "seconds": 111.76499999999942}
{"stage": "stored_case_audited", "id": "broad_fit_smol_summarize_024", "completed": 21, "seconds": 113.10899999999856}
{"stage": "stored_case_audited", "id": "broad_fit_smol_summarize_003", "completed": 22, "seconds": 115.73399999999856}
{"stage": "stored_case_audited", "id": "broad_fit_systemchats_30k_024", "completed": 23, "seconds": 121.13999999999942}
{"stage": "stored_case_audited", "id": "broad_fit_systemchats_30k_010", "completed": 24, "seconds": 126.65599999999904}
{"audit": "D:\\_THINGS\\Progetti\\SiliconLLM\\docs\\research\\NATIVE_EXPERT_SCALING_20260925\\paired_output_codec_stored_adjudication_20261010.json", "decision": "PAIRED_CODEC_FIT_QUALITY_FAIL", "seconds": 127.26499999999942}
