[transformers] The fast path is not available because one of `(selective_state_update, causal_conv1d_fn, causal_conv1d_update)` is None. Falling back to the naive implementation. To install follow https://github.com/state-spaces/mamba/#installation and https://github.com/Dao-AILab/causal-conv1d
Loading weights:   0%|          | 0/411 [00:00<?, ?it/s]Loading weights: 100%|██████████| 411/411 [00:00<00:00, 6552.08it/s]
{"stage": "source_loaded", "parameters": 411, "seconds": 9.703999999999724}
{"stage": "case_complete", "id": "broad_fit_apigen_80k_023", "completed": 1, "labels": 118, "gates": {"tokens_exact": true, "old_logits_exact": true, "paired_norm_exact": true, "paired_head_exact": true}, "seconds": 25.328999999999724}
{"stage": "case_complete", "id": "broad_fit_apigen_80k_002", "completed": 2, "labels": 33, "gates": {"tokens_exact": true, "old_logits_exact": true, "paired_norm_exact": true, "paired_head_exact": true}, "seconds": 32.5}
{"stage": "case_complete", "id": "broad_fit_everyday_conversations_002", "completed": 3, "labels": 200, "gates": {"tokens_exact": true, "old_logits_exact": true, "paired_norm_exact": true, "paired_head_exact": true}, "seconds": 55.57899999999972}
{"stage": "case_complete", "id": "broad_fit_everyday_conversations_010", "completed": 4, "labels": 174, "gates": {"tokens_exact": true, "old_logits_exact": true, "paired_norm_exact": true, "paired_head_exact": true}, "seconds": 76.20399999999972}
{"stage": "case_complete", "id": "broad_fit_explore_instruct_rewriting_008", "completed": 5, "labels": 18, "gates": {"tokens_exact": true, "old_logits_exact": true, "paired_norm_exact": true, "paired_head_exact": true}, "seconds": 79.65699999999924}
{"stage": "case_complete", "id": "broad_fit_explore_instruct_rewriting_009", "completed": 6, "labels": 13, "gates": {"tokens_exact": true, "old_logits_exact": true, "paired_norm_exact": true, "paired_head_exact": true}, "seconds": 82.09399999999914}
{"stage": "case_complete", "id": "broad_fit_metamathqa_50k_015", "completed": 7, "labels": 155, "gates": {"tokens_exact": true, "old_logits_exact": true, "paired_norm_exact": true, "paired_head_exact": true}, "seconds": 100.42200000000048}
{"stage": "case_complete", "id": "broad_fit_metamathqa_50k_023", "completed": 8, "labels": 256, "gates": {"tokens_exact": true, "old_logits_exact": true, "paired_norm_exact": true, "paired_head_exact": true}, "seconds": 130.26599999999962}
{"stage": "case_complete", "id": "broad_fit_numina_cot_100k_015", "completed": 9, "labels": 256, "gates": {"tokens_exact": true, "old_logits_exact": true, "paired_norm_exact": true, "paired_head_exact": true}, "seconds": 162.82899999999972}
{"stage": "case_complete", "id": "broad_fit_numina_cot_100k_016", "completed": 10, "labels": 256, "gates": {"tokens_exact": true, "old_logits_exact": true, "paired_norm_exact": true, "paired_head_exact": true}, "seconds": 195.15699999999924}
{"stage": "case_complete", "id": "broad_fit_openhermes_100k_004", "completed": 11, "labels": 256, "gates": {"tokens_exact": true, "old_logits_exact": true, "paired_norm_exact": true, "paired_head_exact": true}, "seconds": 225.32899999999972}
{"stage": "case_complete", "id": "broad_fit_openhermes_100k_028", "completed": 12, "labels": 256, "gates": {"tokens_exact": true, "old_logits_exact": true, "paired_norm_exact": true, "paired_head_exact": true}, "seconds": 256.6100000000006}
{"stage": "case_complete", "id": "broad_fit_self_oss_instruct_012", "completed": 13, "labels": 256, "gates": {"tokens_exact": true, "old_logits_exact": true, "paired_norm_exact": true, "paired_head_exact": true}, "seconds": 289.8909999999996}
{"stage": "case_complete", "id": "broad_fit_self_oss_instruct_006", "completed": 14, "labels": 256, "gates": {"tokens_exact": true, "old_logits_exact": true, "paired_norm_exact": true, "paired_head_exact": true}, "seconds": 327.1880000000001}
{"stage": "case_complete", "id": "broad_fit_smol_constraints_005", "completed": 15, "labels": 180, "gates": {"tokens_exact": true, "old_logits_exact": true, "paired_norm_exact": true, "paired_head_exact": true}, "seconds": 350.78199999999924}
{"stage": "case_complete", "id": "broad_fit_smol_constraints_021", "completed": 16, "labels": 189, "gates": {"tokens_exact": true, "old_logits_exact": true, "paired_norm_exact": true, "paired_head_exact": true}, "seconds": 375.5470000000005}
{"stage": "case_complete", "id": "broad_fit_smol_magpie_ultra_000", "completed": 17, "labels": 256, "gates": {"tokens_exact": true, "old_logits_exact": true, "paired_norm_exact": true, "paired_head_exact": true}, "seconds": 412.6100000000006}
{"stage": "case_complete", "id": "broad_fit_smol_magpie_ultra_022", "completed": 18, "labels": 256, "gates": {"tokens_exact": true, "old_logits_exact": true, "paired_norm_exact": true, "paired_head_exact": true}, "seconds": 449.2659999999996}
{"stage": "case_complete", "id": "broad_fit_smol_rewrite_004", "completed": 19, "labels": 90, "gates": {"tokens_exact": true, "old_logits_exact": true, "paired_norm_exact": true, "paired_head_exact": true}, "seconds": 462.6409999999996}
{"stage": "case_complete", "id": "broad_fit_smol_rewrite_015", "completed": 20, "labels": 256, "gates": {"tokens_exact": true, "old_logits_exact": true, "paired_norm_exact": true, "paired_head_exact": true}, "seconds": 501.875}
{"stage": "case_complete", "id": "broad_fit_smol_summarize_024", "completed": 21, "labels": 61, "gates": {"tokens_exact": true, "old_logits_exact": true, "paired_norm_exact": true, "paired_head_exact": true}, "seconds": 513.8439999999991}
{"stage": "case_complete", "id": "broad_fit_smol_summarize_003", "completed": 22, "labels": 119, "gates": {"tokens_exact": true, "old_logits_exact": true, "paired_norm_exact": true, "paired_head_exact": true}, "seconds": 535.7970000000005}
{"stage": "case_complete", "id": "broad_fit_systemchats_30k_024", "completed": 23, "labels": 256, "gates": {"tokens_exact": true, "old_logits_exact": true, "paired_norm_exact": true, "paired_head_exact": true}, "seconds": 573.7659999999996}
{"stage": "case_complete", "id": "broad_fit_systemchats_30k_010", "completed": 24, "labels": 256, "gates": {"tokens_exact": true, "old_logits_exact": true, "paired_norm_exact": true, "paired_head_exact": true}, "seconds": 611.3439999999991}
{"stage": "complete", "decision": "PAIRED_CACHED_FIT_PASS", "seconds": 624.0}
