{"stage": "head_contractions", "id": "broad_fit_apigen_80k_023", "completed": 1, "labels": 118, "seconds": 13.984999999998763}
{"stage": "head_contractions", "id": "broad_fit_apigen_80k_002", "completed": 2, "labels": 151, "seconds": 16.76599999999962}
{"stage": "head_contractions", "id": "broad_dev_apigen_80k_034", "completed": 3, "labels": 251, "seconds": 26.39099999999962}
{"stage": "head_contractions", "id": "broad_dev_apigen_80k_033", "completed": 4, "labels": 362, "seconds": 36.40699999999924}
{"stage": "head_contractions", "id": "broad_fit_everyday_conversations_002", "completed": 5, "labels": 562, "seconds": 53.17199999999866}
{"stage": "head_contractions", "id": "broad_fit_everyday_conversations_010", "completed": 6, "labels": 736, "seconds": 68.375}
{"stage": "head_contractions", "id": "broad_dev_everyday_conversations_036", "completed": 7, "labels": 789, "seconds": 73.28199999999924}
{"stage": "head_contractions", "id": "broad_dev_everyday_conversations_033", "completed": 8, "labels": 961, "seconds": 89.4380000000001}
{"stage": "head_contractions", "id": "broad_fit_explore_instruct_rewriting_008", "completed": 9, "labels": 979, "seconds": 92.3130000000001}
{"stage": "head_contractions", "id": "broad_fit_explore_instruct_rewriting_009", "completed": 10, "labels": 992, "seconds": 94.32799999999952}
{"stage": "head_contractions", "id": "broad_dev_explore_instruct_rewriting_035", "completed": 11, "labels": 1004, "seconds": 95.84399999999914}
{"stage": "head_contractions", "id": "broad_dev_explore_instruct_rewriting_038", "completed": 12, "labels": 1260, "seconds": 117.17199999999866}
{"stage": "head_contractions", "id": "broad_fit_metamathqa_50k_015", "completed": 13, "labels": 1415, "seconds": 131.09399999999914}
{"stage": "head_contractions", "id": "broad_fit_metamathqa_50k_023", "completed": 14, "labels": 1671, "seconds": 153.10999999999876}
{"stage": "head_contractions", "id": "broad_dev_metamathqa_50k_035", "completed": 15, "labels": 1862, "seconds": 171.48499999999876}
{"stage": "head_contractions", "id": "broad_dev_metamathqa_50k_037", "completed": 16, "labels": 2118, "seconds": 193.25}
{"stage": "head_contractions", "id": "broad_fit_numina_cot_100k_015", "completed": 17, "labels": 2374, "seconds": 206.82799999999952}
{"stage": "head_contractions", "id": "broad_fit_numina_cot_100k_016", "completed": 18, "labels": 2630, "seconds": 220.51599999999962}
{"stage": "head_contractions", "id": "broad_dev_numina_cot_100k_038", "completed": 19, "labels": 2886, "seconds": 234.70299999999952}
{"stage": "head_contractions", "id": "broad_dev_numina_cot_100k_035", "completed": 20, "labels": 3142, "seconds": 248.8130000000001}
{"stage": "head_contractions", "id": "broad_fit_openhermes_100k_004", "completed": 21, "labels": 3398, "seconds": 265.29699999999866}
{"stage": "head_contractions", "id": "broad_fit_openhermes_100k_028", "completed": 22, "labels": 3654, "seconds": 279.6409999999996}
{"stage": "head_contractions", "id": "broad_dev_openhermes_100k_034", "completed": 23, "labels": 3910, "seconds": 294.34399999999914}
{"stage": "head_contractions", "id": "broad_dev_openhermes_100k_037", "completed": 24, "labels": 4166, "seconds": 307.67199999999866}
{"stage": "head_contractions", "id": "broad_fit_self_oss_instruct_012", "completed": 25, "labels": 4422, "seconds": 320.875}
{"stage": "head_contractions", "id": "broad_fit_self_oss_instruct_006", "completed": 26, "labels": 4678, "seconds": 334.8909999999996}
{"stage": "head_contractions", "id": "broad_dev_self_oss_instruct_036", "completed": 27, "labels": 4934, "seconds": 347.98499999999876}
{"stage": "head_contractions", "id": "broad_dev_self_oss_instruct_033", "completed": 28, "labels": 5190, "seconds": 361.8279999999995}
{"stage": "head_contractions", "id": "broad_fit_smol_constraints_005", "completed": 29, "labels": 5370, "seconds": 371.6880000000001}
{"stage": "head_contractions", "id": "broad_fit_smol_constraints_021", "completed": 30, "labels": 5559, "seconds": 381.7659999999996}
{"stage": "head_contractions", "id": "broad_dev_smol_constraints_035", "completed": 31, "labels": 5609, "seconds": 384.90699999999924}
{"stage": "head_contractions", "id": "broad_dev_smol_constraints_034", "completed": 32, "labels": 5702, "seconds": 390.10999999999876}
{"stage": "head_contractions", "id": "broad_fit_smol_magpie_ultra_000", "completed": 33, "labels": 5958, "seconds": 404.0779999999995}
{"stage": "head_contractions", "id": "broad_fit_smol_magpie_ultra_022", "completed": 34, "labels": 6214, "seconds": 418.34399999999914}
{"stage": "head_contractions", "id": "broad_dev_smol_magpie_ultra_034", "completed": 35, "labels": 6470, "seconds": 430.59399999999914}
{"stage": "head_contractions", "id": "broad_dev_smol_magpie_ultra_036", "completed": 36, "labels": 6726, "seconds": 446.85999999999876}
{"stage": "head_contractions", "id": "broad_fit_smol_rewrite_004", "completed": 37, "labels": 6816, "seconds": 453.6880000000001}
{"stage": "head_contractions", "id": "broad_fit_smol_rewrite_015", "completed": 38, "labels": 7072, "seconds": 467.4529999999995}
{"stage": "head_contractions", "id": "broad_dev_smol_rewrite_036", "completed": 39, "labels": 7297, "seconds": 481.3279999999995}
{"stage": "head_contractions", "id": "broad_dev_smol_rewrite_032", "completed": 40, "labels": 7472, "seconds": 491.0630000000001}
{"stage": "head_contractions", "id": "broad_fit_smol_summarize_024", "completed": 41, "labels": 7533, "seconds": 494.85999999999876}
{"stage": "head_contractions", "id": "broad_fit_smol_summarize_003", "completed": 42, "labels": 7652, "seconds": 501.53199999999924}
{"stage": "head_contractions", "id": "broad_dev_smol_summarize_034", "completed": 43, "labels": 7686, "seconds": 504.125}
{"stage": "head_contractions", "id": "broad_dev_smol_summarize_039", "completed": 44, "labels": 7784, "seconds": 509.9529999999995}
{"stage": "head_contractions", "id": "broad_fit_systemchats_30k_024", "completed": 45, "labels": 8040, "seconds": 526.2029999999995}
{"stage": "head_contractions", "id": "broad_fit_systemchats_30k_010", "completed": 46, "labels": 8296, "seconds": 544.4069999999992}
{"stage": "head_contractions", "id": "broad_dev_systemchats_30k_039", "completed": 47, "labels": 8552, "seconds": 559.3439999999991}
{"stage": "head_contractions", "id": "broad_dev_systemchats_30k_034", "completed": 48, "labels": 8808, "seconds": 572.5779999999995}
{"stage": "complete", "decision": "SOURCE_STATE_LABEL_ALIGNMENT_FAIL", "seconds": 572.6099999999988}
