==============================================================================
PLANTED CONTROL -- the tool must FIRE on a known-positive before its nulls count
==============================================================================

[C1] known-positive: the project's own 8.3M sandbox engine
     target = 2400 KB/token, counted in-engine, docs/SIZING.md
     predicted streamed ternary bytes/token = 2457600 B = 2400.0 KB
     independent count                      = 2457600 B = 2400.0 KB
     error = +0.0000%
     C1 PASS
     decomposition: 6 layers x top-8 x 51200 B/expert (50.0 KB: 49152 B codes + 2048 B per-row scales)

[C2] minimal significant perturbation: num_experts_per_tok 8 -> 7 (one field, one step)
     predicted = 2150400 B = 2100.0 KB ; expected 2150400 B = 2100.0 KB
     moved by -307200 B (-12.50%), expected -307200 B (-12.50%)
     C2 PASS -- right direction, right magnitude

[C3] refusal: a config missing a field the tool needs must raise a NAMED error
     removed 'num_hidden_layers' -> MissingConfigField: num_hidden_layers (required for: n_layers)   OK
     removed 'hidden_size' -> MissingConfigField: hidden_size (required for: hidden_size)   OK
     removed 'vocab_size' -> MissingConfigField: vocab_size (required for: vocab)   OK
     unperturbed config -> no refusal   OK (guard exercised in both directions)

ALL CONTROLS PASS
