== E39: the same ten billion, put somewhere else ==
  SPEED ONLY and the weights are NOISE -- same limit as E36, stated in the brief s0.
  have  A10B  <- D:/_ktmp/e36/e36_a10b.bin  (E36's own artifact, not rebuilt)
  have  R512   e39_r512.bin
  have  R0     e39_r0.bin
  have  R4096  e39_r4096.bin

  G-E39A  A10B 9999220736 == R512 9999220736 == 9999220736 ?  -> FIRES
  G-E39B  charged == 419430400 + 36962304*k at every k, zero tolerance -> FIRES

  timing: 8 arms x 5 reps x 40 tokens, reps OUTERMOST, order reversed
    rep 1  R4096  k=3     30.45 tok/s
    rep 1  R0     k=3     46.79 tok/s
    rep 1  A10B   k=3     48.64 tok/s
    rep 1  R512   k=6     65.56 tok/s
    rep 1  R512   k=4     74.03 tok/s
    rep 1  R512   k=3     82.82 tok/s
    rep 1  R512   k=2     86.65 tok/s
    rep 1  R512   k=1     90.60 tok/s
         box 11.0% busy, peak core 29.0%
    rep 2  R4096  k=3     31.99 tok/s
    rep 2  R0     k=3     46.91 tok/s
    rep 2  A10B   k=3     48.01 tok/s
    rep 2  R512   k=6     66.50 tok/s
    rep 2  R512   k=4     74.80 tok/s
    rep 2  R512   k=3     79.23 tok/s
    rep 2  R512   k=2     84.46 tok/s
    rep 2  R512   k=1     91.50 tok/s
         box 2.2% busy, peak core 6.0%
    rep 3  R4096  k=3     32.47 tok/s
    rep 3  R0     k=3     49.16 tok/s
    rep 3  A10B   k=3     50.24 tok/s
    rep 3  R512   k=6     66.28 tok/s
    rep 3  R512   k=4     74.29 tok/s
    rep 3  R512   k=3     79.57 tok/s
    rep 3  R512   k=2     85.16 tok/s
    rep 3  R512   k=1     93.89 tok/s
         box 6.7% busy, peak core 11.0%
    rep 4  R4096  k=3     32.87 tok/s
    rep 4  R0     k=3     50.78 tok/s
    rep 4  A10B   k=3     49.05 tok/s
    rep 4  R512   k=6     69.22 tok/s
    rep 4  R512   k=4     77.81 tok/s
    rep 4  R512   k=3     81.39 tok/s
    rep 4  R512   k=2     91.35 tok/s
    rep 4  R512   k=1     88.81 tok/s
         box 10.5% busy, peak core 25.0%
    rep 5  R4096  k=3     30.52 tok/s
    rep 5  R0     k=3     50.04 tok/s
    rep 5  A10B   k=3     48.50 tok/s
    rep 5  R512   k=6     67.46 tok/s
    rep 5  R512   k=4     75.62 tok/s
    rep 5  R512   k=3     79.73 tok/s
    rep 5  R512   k=2     83.96 tok/s
    rep 5  R512   k=1     95.18 tok/s
         box 14.0% busy, peak core 35.0%

  G-E39C  rank 4096 31.66 tok/s < dense q/o 48.74 tok/s ? -> FIRES
  session check  A10B k=3 now 48.89 vs E36's 49.96  (-2.1%) -> comparable

  VERDICT  R512 k=3 = 80.55 tok/s  (1.61x A10B's 49.96) -> TEN-B-NEAR-HUNDRED
  slope    time = 9.996 ms + 0.8184 ms/group   base 42.0 G-w/s, group 45.2, penalty 1.076
  CROSSING 100 tok/s at k* = 0.005  (1 of 48128 neurons a layer)

  wrote D:\_THINGS\Progetti\SiliconLLM\benchmarks\donor_adaptation\engine\results\e39_same_ten_billion_order_reversed.json  [133s]
