== E40: after every attention lever, how much FFN can 50 tok/s buy? ==
  SPEED ONLY and the weights are NOISE -- same limit as E36 and E39, brief s0.
  have  R512  <- D:/_ktmp/e39/e39_r512.bin  (E39's own artifact, not rebuilt)
  have  NKV2  e40_nkv2.bin
  have  R128  e40_r128.bin

  G-E40A  NKV2 9999220736 == R128 9999220736 == R512 9999220736 == 9999220736 ?  -> FIRES
  G-E40B  charged == the runner's own closed form at every k, zero tolerance -> FIRES

  timing: 15 arms x 5 reps x 40 tokens, reps OUTERMOST, order reversed
    rep 1  R128  k=6     89.65 tok/s
    rep 1  R128  k=4    107.11 tok/s
    rep 1  R128  k=3     84.24 tok/s
    rep 1  R128  k=2    138.29 tok/s
    rep 1  R128  k=1    151.42 tok/s
    rep 1  NKV2  k=6     70.14 tok/s
    rep 1  NKV2  k=4     89.51 tok/s
    rep 1  NKV2  k=3     98.40 tok/s
    rep 1  NKV2  k=2    107.59 tok/s
    rep 1  NKV2  k=1    114.34 tok/s
    rep 1  R512  k=6     69.33 tok/s
    rep 1  R512  k=4     76.82 tok/s
    rep 1  R512  k=3     85.56 tok/s
    rep 1  R512  k=2     88.08 tok/s
    rep 1  R512  k=1     83.74 tok/s
         box 5.0% busy, peak core 15.0%
    rep 2  R128  k=6     95.27 tok/s
    rep 2  R128  k=4    107.91 tok/s
    rep 2  R128  k=3    121.41 tok/s
    rep 2  R128  k=2    132.45 tok/s
    rep 2  R128  k=1    154.90 tok/s
    rep 2  NKV2  k=6     58.68 tok/s
    rep 2  NKV2  k=4     74.00 tok/s
    rep 2  NKV2  k=3     77.42 tok/s
    rep 2  NKV2  k=2     85.09 tok/s
    rep 2  NKV2  k=1     93.97 tok/s
    rep 2  R512  k=6     52.82 tok/s
    rep 2  R512  k=4     65.14 tok/s
    rep 2  R512  k=3     69.73 tok/s
    rep 2  R512  k=2     81.18 tok/s
    rep 2  R512  k=1     88.49 tok/s
         box 3.2% busy, peak core 17.0%
    rep 3  R128  k=6     93.41 tok/s
    rep 3  R128  k=4    100.41 tok/s
    rep 3  R128  k=3    118.25 tok/s
    rep 3  R128  k=2    133.64 tok/s
    rep 3  R128  k=1    149.27 tok/s
    rep 3  NKV2  k=6     76.68 tok/s
    rep 3  NKV2  k=4     87.53 tok/s
    rep 3  NKV2  k=3     95.81 tok/s
    rep 3  NKV2  k=2    101.28 tok/s
    rep 3  NKV2  k=1    111.52 tok/s
    rep 3  R512  k=6     65.21 tok/s
    rep 3  R512  k=4     74.12 tok/s
    rep 3  R512  k=3     76.67 tok/s
    rep 3  R512  k=2     86.27 tok/s
    rep 3  R512  k=1     85.41 tok/s
         box 19.3% busy, peak core 33.0%
    rep 4  R128  k=6     88.69 tok/s
    rep 4  R128  k=4    102.71 tok/s
    rep 4  R128  k=3    105.24 tok/s
    rep 4  R128  k=2    126.39 tok/s
    rep 4  R128  k=1    147.47 tok/s
    rep 4  NKV2  k=6     57.17 tok/s
    rep 4  NKV2  k=4     80.16 tok/s
    rep 4  NKV2  k=3     76.95 tok/s
    rep 4  NKV2  k=2    101.40 tok/s
    rep 4  NKV2  k=1    114.62 tok/s
    rep 4  R512  k=6     59.55 tok/s
    rep 4  R512  k=4     69.84 tok/s
    rep 4  R512  k=3     72.16 tok/s
    rep 4  R512  k=2     80.56 tok/s
    rep 4  R512  k=1     61.99 tok/s
         box 18.8% busy, peak core 59.0%
    rep 5  R128  k=6     88.52 tok/s
    rep 5  R128  k=4     90.04 tok/s
    rep 5  R128  k=3    103.04 tok/s
    rep 5  R128  k=2    127.17 tok/s
    rep 5  R128  k=1    151.14 tok/s
    rep 5  NKV2  k=6     74.79 tok/s
    rep 5  NKV2  k=4     83.80 tok/s
    rep 5  NKV2  k=3     89.37 tok/s
    rep 5  NKV2  k=2     91.77 tok/s
    rep 5  NKV2  k=1    110.32 tok/s
    rep 5  R512  k=6     60.95 tok/s
    rep 5  R512  k=4     74.57 tok/s
    rep 5  R512  k=3     77.98 tok/s
    rep 5  R512  k=2     77.92 tok/s
    rep 5  R512  k=1     74.87 tok/s
         box 22.5% busy, peak core 36.0%

  G-E40C  NKV2 faster than R512 at every k ? -> FIRES  (k1:+ k2:+ k3:+ k4:+ k6:+)
  session check  R512 k=3 now 76.42 vs E39's 78.46  (-2.6%) -> comparable
  R512  time = 11.086 ms + 0.7823 ms/group   floor   90.2 tok/s   base 37.8 G-w/s, group 47.2
        50 tok/s buys   4.45% of F   |   100 tok/s buys  -0.54%
  NKV2  time = 8.013 ms + 1.1035 ms/group   floor  124.8 tok/s   base 39.8 G-w/s, group 33.9
        50 tok/s buys   4.24% of F   |   100 tok/s buys   0.70%
  R128  time = 6.073 ms + 0.8798 ms/group   floor  164.7 tok/s   base 35.9 G-w/s, group 42.9
        50 tok/s buys   6.18% of F   |   100 tok/s buys   1.74%

  VERDICT  R128 buys 6.18% FFN activation at 50 tok/s -> LEVERS-NEARLY-EXHAUSTED
           (E38: the value of selection PEAKS at 25%% and reads 3.597 BPB at 6.25%%)

  wrote D:\_THINGS\Progetti\SiliconLLM\benchmarks\donor_adaptation\engine\results\e40_levers_exhausted_order_reversed.json  [233s]
