== E40: after every attention lever, how much FFN can 50 tok/s buy? ==
  SPEED ONLY and the weights are NOISE -- same limit as E36 and E39, brief s0.
  have  R512  <- D:/_ktmp/e39/e39_r512.bin  (E39's own artifact, not rebuilt)
  have  NKV2  e40_nkv2.bin
  have  R128  e40_r128.bin

  G-E40A  NKV2 9999220736 == R128 9999220736 == R512 9999220736 == 9999220736 ?  -> FIRES
  G-E40B  charged == the runner's own closed form at every k, zero tolerance -> FIRES

  timing: 15 arms x 5 reps x 40 tokens, reps OUTERMOST, order forward
    rep 1  R512  k=1     90.42 tok/s
    rep 1  R512  k=2     80.28 tok/s
    rep 1  R512  k=3     75.26 tok/s
    rep 1  R512  k=4     72.12 tok/s
    rep 1  R512  k=6     64.77 tok/s
    rep 1  NKV2  k=1    106.68 tok/s
    rep 1  NKV2  k=2     98.46 tok/s
    rep 1  NKV2  k=3     99.27 tok/s
    rep 1  NKV2  k=4     82.71 tok/s
    rep 1  NKV2  k=6     72.76 tok/s
    rep 1  R128  k=1    134.85 tok/s
    rep 1  R128  k=2    113.21 tok/s
    rep 1  R128  k=3    105.27 tok/s
    rep 1  R128  k=4     61.62 tok/s
    rep 1  R128  k=6     85.69 tok/s
         box 5.8% busy, peak core 17.0%
    rep 2  R512  k=1     89.31 tok/s
    rep 2  R512  k=2     78.79 tok/s
    rep 2  R512  k=3     79.13 tok/s
    rep 2  R512  k=4     61.31 tok/s
    rep 2  R512  k=6     66.45 tok/s
    rep 2  NKV2  k=1    110.23 tok/s
    rep 2  NKV2  k=2    106.21 tok/s
    rep 2  NKV2  k=3     98.36 tok/s
    rep 2  NKV2  k=4     86.85 tok/s
    rep 2  NKV2  k=6     75.85 tok/s
    rep 2  R128  k=1    148.35 tok/s
    rep 2  R128  k=2    132.98 tok/s
    rep 2  R128  k=3    118.18 tok/s
    rep 2  R128  k=4    108.66 tok/s
    rep 2  R128  k=6     89.11 tok/s
         box 12.7% busy, peak core 23.0%
    rep 3  R512  k=1     88.37 tok/s
    rep 3  R512  k=2     73.98 tok/s
    rep 3  R512  k=3     72.94 tok/s
    rep 3  R512  k=4     63.90 tok/s
    rep 3  R512  k=6     59.83 tok/s
    rep 3  NKV2  k=1    112.73 tok/s
    rep 3  NKV2  k=2    114.50 tok/s
    rep 3  NKV2  k=3     75.35 tok/s
    rep 3  NKV2  k=4     85.64 tok/s
    rep 3  NKV2  k=6     71.93 tok/s
    rep 3  R128  k=1    150.31 tok/s
    rep 3  R128  k=2    128.55 tok/s
    rep 3  R128  k=3    119.41 tok/s
    rep 3  R128  k=4    105.72 tok/s
    rep 3  R128  k=6     89.27 tok/s
         box 10.0% busy, peak core 33.0%
    rep 4  R512  k=1     90.74 tok/s
    rep 4  R512  k=2     83.99 tok/s
    rep 4  R512  k=3     78.56 tok/s
    rep 4  R512  k=4     70.38 tok/s
    rep 4  R512  k=6     64.88 tok/s
    rep 4  NKV2  k=1    116.21 tok/s
    rep 4  NKV2  k=2    103.87 tok/s
    rep 4  NKV2  k=3     91.96 tok/s
    rep 4  NKV2  k=4     87.01 tok/s
    rep 4  NKV2  k=6     71.16 tok/s
    rep 4  R128  k=1    139.64 tok/s
    rep 4  R128  k=2    130.78 tok/s
    rep 4  R128  k=3    104.21 tok/s
    rep 4  R128  k=4     98.74 tok/s
    rep 4  R128  k=6     89.82 tok/s
         box 9.0% busy, peak core 18.0%
    rep 5  R512  k=1     92.19 tok/s
    rep 5  R512  k=2     76.16 tok/s
    rep 5  R512  k=3     79.46 tok/s
    rep 5  R512  k=4     73.97 tok/s
    rep 5  R512  k=6     60.91 tok/s
    rep 5  NKV2  k=1    114.16 tok/s
    rep 5  NKV2  k=2    102.90 tok/s
    rep 5  NKV2  k=3     92.23 tok/s
    rep 5  NKV2  k=4     82.13 tok/s
    rep 5  NKV2  k=6     67.24 tok/s
    rep 5  R128  k=1    138.30 tok/s
    rep 5  R128  k=2    134.85 tok/s
    rep 5  R128  k=3    116.59 tok/s
    rep 5  R128  k=4    106.32 tok/s
    rep 5  R128  k=6     88.99 tok/s
         box 11.5% busy, peak core 27.0%

  G-E40C  NKV2 faster than R512 at every k ? -> FIRES  (k1:+ k2:+ k3:+ k4:+ k6:+)
  session check  R512 k=3 now 77.07 vs E39's 78.46  (-1.8%) -> comparable
  R512  time = 10.487 ms + 0.9223 ms/group   floor   95.4 tok/s   base 40.0 G-w/s, group 40.1
        50 tok/s buys   4.03% of F   |   100 tok/s buys  -0.21%
  NKV2  time = 7.732 ms + 1.0265 ms/group   floor  129.3 tok/s   base 41.2 G-w/s, group 36.4
        50 tok/s buys   4.67% of F   |   100 tok/s buys   0.86%

  wrote D:\_THINGS\Progetti\SiliconLLM\benchmarks\donor_adaptation\engine\results\e40_levers_exhausted.json  [207s]
