== E43 phase TIME: 4 arms x 5 reps x 40 tokens, reps OUTERMOST, order forward ==
    rep 1  V2048    k=1    232.76 tok/s
    rep 1  V2048    k=2    197.37 tok/s
    rep 1  V2048    k=3    158.50 tok/s
    rep 1  V2048    k=4    133.29 tok/s
    rep 1  V2048    k=6    106.52 tok/s
    rep 1  V8192    k=1    174.89 tok/s
    rep 1  V8192    k=2    162.72 tok/s
    rep 1  V8192    k=3    148.88 tok/s
    rep 1  V8192    k=4    112.50 tok/s
    rep 1  V8192    k=6     98.88 tok/s
    rep 1  V32768   k=1    117.64 tok/s
    rep 1  V32768   k=2    128.56 tok/s
    rep 1  V32768   k=3    115.82 tok/s
    rep 1  V32768   k=4    110.18 tok/s
    rep 1  V32768   k=6     85.68 tok/s
    rep 1  V131072  k=1     70.01 tok/s
    rep 1  V131072  k=2     62.10 tok/s
    rep 1  V131072  k=3     62.54 tok/s
    rep 1  V131072  k=4     56.04 tok/s
    rep 1  V131072  k=6     55.73 tok/s
         box 8.2% busy, peak core 11.0%
    rep 2  V2048    k=1    232.86 tok/s
    rep 2  V2048    k=2    196.76 tok/s
    rep 2  V2048    k=3    171.62 tok/s
    rep 2  V2048    k=4    134.74 tok/s
    rep 2  V2048    k=6    115.49 tok/s
    rep 2  V8192    k=1    211.75 tok/s
    rep 2  V8192    k=2    173.45 tok/s
    rep 2  V8192    k=3    149.80 tok/s
    rep 2  V8192    k=4    129.65 tok/s
    rep 2  V8192    k=6     98.68 tok/s
    rep 2  V32768   k=1    147.75 tok/s
    rep 2  V32768   k=2    130.16 tok/s
    rep 2  V32768   k=3    114.20 tok/s
    rep 2  V32768   k=4    102.30 tok/s
    rep 2  V32768   k=6     69.86 tok/s
    rep 2  V131072  k=1     70.81 tok/s
    rep 2  V131072  k=2     61.72 tok/s
    rep 2  V131072  k=3     53.74 tok/s
    rep 2  V131072  k=4     54.59 tok/s
    rep 2  V131072  k=6     55.87 tok/s
         box 12.8% busy, peak core 33.0%
    rep 3  V2048    k=1    223.73 tok/s
    rep 3  V2048    k=2    186.66 tok/s
    rep 3  V2048    k=3    133.32 tok/s
    rep 3  V2048    k=4    142.46 tok/s
    rep 3  V2048    k=6     95.95 tok/s
    rep 3  V8192    k=1    199.07 tok/s
    rep 3  V8192    k=2    162.21 tok/s
    rep 3  V8192    k=3    138.67 tok/s
    rep 3  V8192    k=4    110.63 tok/s
    rep 3  V8192    k=6     67.21 tok/s
    rep 3  V32768   k=1     97.67 tok/s
    rep 3  V32768   k=2    123.13 tok/s
    rep 3  V32768   k=3     38.26 tok/s
    rep 3  V32768   k=4     64.74 tok/s
    rep 3  V32768   k=6     39.95 tok/s
    rep 3  V131072  k=1     44.51 tok/s
    rep 3  V131072  k=2     37.40 tok/s
    rep 3  V131072  k=3     22.15 tok/s
    rep 3  V131072  k=4     31.36 tok/s
    rep 3  V131072  k=6     36.28 tok/s
         box 19.7% busy, peak core 51.0%
    rep 4  V2048    k=1    121.73 tok/s
    rep 4  V2048    k=2    113.98 tok/s
    rep 4  V2048    k=3     95.06 tok/s
    rep 4  V2048    k=4     77.28 tok/s
    rep 4  V2048    k=6     71.48 tok/s
    rep 4  V8192    k=1    123.88 tok/s
    rep 4  V8192    k=2     91.32 tok/s
    rep 4  V8192    k=3     94.97 tok/s
    rep 4  V8192    k=4     73.17 tok/s
    rep 4  V8192    k=6     71.10 tok/s
    rep 4  V32768   k=1     99.01 tok/s
    rep 4  V32768   k=2     66.48 tok/s
    rep 4  V32768   k=3     75.06 tok/s
    rep 4  V32768   k=4     61.67 tok/s
    rep 4  V32768   k=6     28.12 tok/s
    rep 4  V131072  k=1     38.58 tok/s
    rep 4  V131072  k=2     42.96 tok/s
    rep 4  V131072  k=3     33.58 tok/s
    rep 4  V131072  k=4     33.70 tok/s
    rep 4  V131072  k=6     34.65 tok/s
         box 42.8% busy, peak core 48.0%
    rep 5  V2048    k=1    129.02 tok/s
    rep 5  V2048    k=2    115.15 tok/s
    rep 5  V2048    k=3     91.29 tok/s
    rep 5  V2048    k=4     90.70 tok/s
    rep 5  V2048    k=6     74.24 tok/s
    rep 5  V8192    k=1    132.50 tok/s
    rep 5  V8192    k=2    128.68 tok/s
    rep 5  V8192    k=3     88.62 tok/s
    rep 5  V8192    k=4     83.79 tok/s
    rep 5  V8192    k=6     69.70 tok/s
    rep 5  V32768   k=1     97.42 tok/s
    rep 5  V32768   k=2     81.16 tok/s
    rep 5  V32768   k=3     53.01 tok/s
    rep 5  V32768   k=4     69.47 tok/s
    rep 5  V32768   k=6     30.27 tok/s
    rep 5  V131072  k=1     39.43 tok/s
    rep 5  V131072  k=2     38.66 tok/s
    rep 5  V131072  k=3     32.17 tok/s
    rep 5  V131072  k=4     35.65 tok/s
    rep 5  V131072  k=6     32.10 tok/s
         box 45.0% busy, peak core 57.0%

  G-E43A  V32768 k=3 now 79.27 vs E40 run 1's 112.73  (-29.7%, bar +-5%) -> VOID
          the sessions are not comparable.  NO RATE IN E43 COUNTS.
  V2048    time = 4.164 ms + 1.1122 ms/group   floor   240.2 tok/s   base 22.2 G-w/s
  V8192    time = 4.436 ms + 1.3068 ms/group   floor   225.4 tok/s   base 26.5 G-w/s
  V32768   time = 5.792 ms + 2.1232 ms/group   floor   172.6 tok/s   base 37.7 G-w/s
  V131072  time = 19.441 ms + 0.8634 ms/group   floor    51.4 tok/s   base 31.9 G-w/s

  arm             V  tok/s k=3        B/tok      BYTES/s    floor tok/s
  V2048        2048     129.96      2.64737        344.0          240.2
  V8192        8192     124.19      3.31036        411.1          225.4
  V32768      32768      79.27      3.86311        306.2          172.6
  V131072    131072      40.84      4.12354        168.4           51.4

  VERDICT  peak is V8192 (V=8192) at 411.1 B/s vs the control's 306.2  ->  cell 1.3425  -> VOCABULARY-IS-A-LEVER
  CELL 2   V=32768 is ABOVE the peak of the measured curve (ordinal, no tolerance)
  ...and G-E43A is VOID, so none of this counts (brief s6).

  wrote D:\_THINGS\Progetti\SiliconLLM\benchmarks\donor_adaptation\engine\results\e43_vocabulary.json  [329s]
