== E43 phase TIME: 4 arms x 5 reps x 40 tokens, reps OUTERMOST, order reversed ==
    rep 1  V131072  k=6     58.62 tok/s
    rep 1  V131072  k=4     63.99 tok/s
    rep 1  V131072  k=3     71.08 tok/s
    rep 1  V131072  k=2     67.14 tok/s
    rep 1  V131072  k=1     73.66 tok/s
    rep 1  V32768   k=6     92.11 tok/s
    rep 1  V32768   k=4    110.15 tok/s
    rep 1  V32768   k=3    120.42 tok/s
    rep 1  V32768   k=2    136.16 tok/s
    rep 1  V32768   k=1    160.53 tok/s
    rep 1  V8192    k=6    114.02 tok/s
    rep 1  V8192    k=4    141.51 tok/s
    rep 1  V8192    k=3    162.29 tok/s
    rep 1  V8192    k=2    181.08 tok/s
    rep 1  V8192    k=1    237.37 tok/s
    rep 1  V2048    k=6    128.18 tok/s
    rep 1  V2048    k=4    150.92 tok/s
    rep 1  V2048    k=3    174.33 tok/s
    rep 1  V2048    k=2    212.51 tok/s
    rep 1  V2048    k=1    265.73 tok/s
         box 6.5% busy, peak core 14.0%
    rep 2  V131072  k=6     65.35 tok/s
    rep 2  V131072  k=4     62.73 tok/s
    rep 2  V131072  k=3     70.12 tok/s
    rep 2  V131072  k=2     77.00 tok/s
    rep 2  V131072  k=1     78.79 tok/s
    rep 2  V32768   k=6     96.46 tok/s
    rep 2  V32768   k=4    119.78 tok/s
    rep 2  V32768   k=3    131.98 tok/s
    rep 2  V32768   k=2    142.65 tok/s
    rep 2  V32768   k=1    159.17 tok/s
    rep 2  V8192    k=6    122.22 tok/s
    rep 2  V8192    k=4    141.80 tok/s
    rep 2  V8192    k=3    172.01 tok/s
    rep 2  V8192    k=2    186.42 tok/s
    rep 2  V8192    k=1    214.75 tok/s
    rep 2  V2048    k=6    129.24 tok/s
    rep 2  V2048    k=4    163.10 tok/s
    rep 2  V2048    k=3    168.61 tok/s
    rep 2  V2048    k=2    206.90 tok/s
    rep 2  V2048    k=1    257.54 tok/s
         box 5.5% busy, peak core 15.0%
    rep 3  V131072  k=6     56.31 tok/s
    rep 3  V131072  k=4     63.56 tok/s
    rep 3  V131072  k=3     71.07 tok/s
    rep 3  V131072  k=2     67.76 tok/s
    rep 3  V131072  k=1     75.21 tok/s
    rep 3  V32768   k=6     92.85 tok/s
    rep 3  V32768   k=4    109.39 tok/s
    rep 3  V32768   k=3    125.60 tok/s
    rep 3  V32768   k=2    144.70 tok/s
    rep 3  V32768   k=1    154.01 tok/s
    rep 3  V8192    k=6    112.73 tok/s
    rep 3  V8192    k=4    140.11 tok/s
    rep 3  V8192    k=3    168.61 tok/s
    rep 3  V8192    k=2    195.67 tok/s
    rep 3  V8192    k=1    223.95 tok/s
    rep 3  V2048    k=6    117.36 tok/s
    rep 3  V2048    k=4    152.36 tok/s
    rep 3  V2048    k=3    167.87 tok/s
    rep 3  V2048    k=2    202.82 tok/s
    rep 3  V2048    k=1    269.47 tok/s
         box 1.0% busy, peak core 5.0%
    rep 4  V131072  k=6     58.18 tok/s
    rep 4  V131072  k=4     62.04 tok/s
    rep 4  V131072  k=3     70.18 tok/s
    rep 4  V131072  k=2     71.48 tok/s
    rep 4  V131072  k=1     76.81 tok/s
    rep 4  V32768   k=6    101.00 tok/s
    rep 4  V32768   k=4    114.72 tok/s
    rep 4  V32768   k=3    123.99 tok/s
    rep 4  V32768   k=2    141.46 tok/s
    rep 4  V32768   k=1    162.90 tok/s
    rep 4  V8192    k=6    115.74 tok/s
    rep 4  V8192    k=4    143.62 tok/s
    rep 4  V8192    k=3    181.32 tok/s
    rep 4  V8192    k=2    184.23 tok/s
    rep 4  V8192    k=1    224.06 tok/s
    rep 4  V2048    k=6    122.85 tok/s
    rep 4  V2048    k=4    154.86 tok/s
    rep 4  V2048    k=3    170.27 tok/s
    rep 4  V2048    k=2    205.56 tok/s
    rep 4  V2048    k=1    251.29 tok/s
         box 9.2% busy, peak core 24.0%
    rep 5  V131072  k=6     63.64 tok/s
    rep 5  V131072  k=4     65.92 tok/s
    rep 5  V131072  k=3     67.73 tok/s
    rep 5  V131072  k=2     76.82 tok/s
    rep 5  V131072  k=1     75.20 tok/s
    rep 5  V32768   k=6     95.69 tok/s
    rep 5  V32768   k=4    111.25 tok/s
    rep 5  V32768   k=3    149.51 tok/s
    rep 5  V32768   k=2    159.82 tok/s
    rep 5  V32768   k=1    153.24 tok/s
    rep 5  V8192    k=6    122.30 tok/s
    rep 5  V8192    k=4    149.29 tok/s
    rep 5  V8192    k=3    159.31 tok/s
    rep 5  V8192    k=2    195.14 tok/s
    rep 5  V8192    k=1    225.55 tok/s
    rep 5  V2048    k=6    129.35 tok/s
    rep 5  V2048    k=4    145.30 tok/s
    rep 5  V2048    k=3    176.77 tok/s
    rep 5  V2048    k=2    200.33 tok/s
    rep 5  V2048    k=1    241.30 tok/s
         box 5.7% busy, peak core 13.0%

  rule 3  5 of 5 reps survive the 25% box bar

  G-E43A  V32768 k=3 now 130.30 vs E40 run 1's 112.73  (+15.6%, bar +-5%) -> VOID
          the sessions are not comparable.  NO RATE IN E43 COUNTS.
  V2048    time = 3.224 ms + 0.8100 ms/group   floor   310.2 tok/s   base 28.6 G-w/s
  V8192    time = 3.616 ms + 0.8183 ms/group   floor   276.6 tok/s   base 32.5 G-w/s
  V32768   time = 5.313 ms + 0.8526 ms/group   floor   188.2 tok/s   base 41.1 G-w/s
  V131072  time = 12.464 ms + 0.7044 ms/group   floor    80.2 tok/s   base 49.8 G-w/s

  arm             V  tok/s k=3        B/tok      BYTES/s    floor tok/s
  V2048        2048     171.57      2.64737        454.2          310.2
  V8192        8192     168.71      3.31036        558.5          276.6
  V32768      32768     130.30      3.86311        503.4          188.2
  V131072    131072      70.04      4.12354        288.8           80.2

  VERDICT  peak is V8192 (V=8192) at 558.5 B/s vs the control's 503.4  ->  cell 1.1095  -> VOCABULARY-IS-A-SMALL-LEVER
  CELL 2   V=32768 is ABOVE the peak of the measured curve (ordinal, no tolerance)
  ...and G-E43A is VOID, so none of this counts (brief s6).

  wrote D:\_THINGS\Progetti\SiliconLLM\benchmarks\donor_adaptation\engine\results\e43_vocabulary_order_reversed.json  [244s]
