== E43 phase TIME: 4 arms x 5 reps x 40 tokens, reps OUTERMOST, order forward ==
    rep 1  V2048    k=1    243.85 tok/s
    rep 1  V2048    k=2    202.32 tok/s
    rep 1  V2048    k=3    174.73 tok/s
    rep 1  V2048    k=4    155.33 tok/s
    rep 1  V2048    k=6    121.74 tok/s
    rep 1  V8192    k=1    221.07 tok/s
    rep 1  V8192    k=2    183.71 tok/s
    rep 1  V8192    k=3    154.67 tok/s
    rep 1  V8192    k=4    140.78 tok/s
    rep 1  V8192    k=6    115.42 tok/s
    rep 1  V32768   k=1    158.73 tok/s
    rep 1  V32768   k=2    149.48 tok/s
    rep 1  V32768   k=3    128.02 tok/s
    rep 1  V32768   k=4    110.71 tok/s
    rep 1  V32768   k=6    101.04 tok/s
    rep 1  V131072  k=1     75.14 tok/s
    rep 1  V131072  k=2     70.46 tok/s
    rep 1  V131072  k=3     71.37 tok/s
    rep 1  V131072  k=4     62.37 tok/s
    rep 1  V131072  k=6     60.34 tok/s
         box 6.8% busy, peak core 18.0%
    rep 2  V2048    k=1    255.59 tok/s
    rep 2  V2048    k=2    208.94 tok/s
    rep 2  V2048    k=3    178.57 tok/s
    rep 2  V2048    k=4    147.75 tok/s
    rep 2  V2048    k=6    117.47 tok/s
    rep 2  V8192    k=1    219.85 tok/s
    rep 2  V8192    k=2    191.63 tok/s
    rep 2  V8192    k=3    164.51 tok/s
    rep 2  V8192    k=4    137.26 tok/s
    rep 2  V8192    k=6    114.33 tok/s
    rep 2  V32768   k=1    163.74 tok/s
    rep 2  V32768   k=2    139.66 tok/s
    rep 2  V32768   k=3    122.20 tok/s
    rep 2  V32768   k=4    108.55 tok/s
    rep 2  V32768   k=6    103.54 tok/s
    rep 2  V131072  k=1     72.45 tok/s
    rep 2  V131072  k=2     64.38 tok/s
    rep 2  V131072  k=3     63.94 tok/s
    rep 2  V131072  k=4     63.24 tok/s
    rep 2  V131072  k=6     56.75 tok/s
         box 10.2% busy, peak core 15.0%
    rep 3  V2048    k=1    266.47 tok/s
    rep 3  V2048    k=2    201.25 tok/s
    rep 3  V2048    k=3    168.38 tok/s
    rep 3  V2048    k=4    168.55 tok/s
    rep 3  V2048    k=6    117.55 tok/s
    rep 3  V8192    k=1    210.08 tok/s
    rep 3  V8192    k=2    205.59 tok/s
    rep 3  V8192    k=3    163.14 tok/s
    rep 3  V8192    k=4    130.62 tok/s
    rep 3  V8192    k=6    118.09 tok/s
    rep 3  V32768   k=1    156.59 tok/s
    rep 3  V32768   k=2    136.79 tok/s
    rep 3  V32768   k=3    126.47 tok/s
    rep 3  V32768   k=4    119.02 tok/s
    rep 3  V32768   k=6     96.07 tok/s
    rep 3  V131072  k=1     69.63 tok/s
    rep 3  V131072  k=2     69.69 tok/s
    rep 3  V131072  k=3     67.26 tok/s
    rep 3  V131072  k=4     64.59 tok/s
    rep 3  V131072  k=6     57.52 tok/s
         box 8.5% busy, peak core 14.0%
    rep 4  V2048    k=1    244.89 tok/s
    rep 4  V2048    k=2    219.55 tok/s
    rep 4  V2048    k=3    166.20 tok/s
    rep 4  V2048    k=4    150.26 tok/s
    rep 4  V2048    k=6    130.42 tok/s
    rep 4  V8192    k=1    232.55 tok/s
    rep 4  V8192    k=2    201.10 tok/s
    rep 4  V8192    k=3    159.80 tok/s
    rep 4  V8192    k=4    141.53 tok/s
    rep 4  V8192    k=6    119.33 tok/s
    rep 4  V32768   k=1    175.25 tok/s
    rep 4  V32768   k=2    145.83 tok/s
    rep 4  V32768   k=3    117.00 tok/s
    rep 4  V32768   k=4    113.14 tok/s
    rep 4  V32768   k=6     98.09 tok/s
    rep 4  V131072  k=1     69.01 tok/s
    rep 4  V131072  k=2     66.32 tok/s
    rep 4  V131072  k=3     64.30 tok/s
    rep 4  V131072  k=4     63.81 tok/s
    rep 4  V131072  k=6     55.70 tok/s
         box 5.2% busy, peak core 18.0%
    rep 5  V2048    k=1    238.05 tok/s
    rep 5  V2048    k=2    191.19 tok/s
    rep 5  V2048    k=3    184.10 tok/s
    rep 5  V2048    k=4    148.44 tok/s
    rep 5  V2048    k=6    124.36 tok/s
    rep 5  V8192    k=1    220.61 tok/s
    rep 5  V8192    k=2    189.76 tok/s
    rep 5  V8192    k=3    145.08 tok/s
    rep 5  V8192    k=4    146.94 tok/s
    rep 5  V8192    k=6    109.03 tok/s
    rep 5  V32768   k=1    145.87 tok/s
    rep 5  V32768   k=2    126.94 tok/s
    rep 5  V32768   k=3    122.95 tok/s
    rep 5  V32768   k=4    106.10 tok/s
    rep 5  V32768   k=6     95.66 tok/s
    rep 5  V131072  k=1     68.88 tok/s
    rep 5  V131072  k=2     65.69 tok/s
    rep 5  V131072  k=3     66.52 tok/s
    rep 5  V131072  k=4     63.28 tok/s
    rep 5  V131072  k=6     55.38 tok/s
         box 13.3% busy, peak core 18.0%

  rule 3  5 of 5 reps survive the 25% box bar

  G-E43A  V32768 k=3 now 123.33 vs E40 run 1's 112.73  (+9.4%, bar +-5%) -> VOID
          the sessions are not comparable.  NO RATE IN E43 COUNTS.
  V2048    time = 3.206 ms + 0.8289 ms/group   floor   311.9 tok/s   base 28.8 G-w/s
  V8192    time = 3.645 ms + 0.8533 ms/group   floor   274.4 tok/s   base 32.2 G-w/s
  V32768   time = 5.625 ms + 0.7794 ms/group   floor   177.8 tok/s   base 38.8 G-w/s
  V131072  time = 13.319 ms + 0.6626 ms/group   floor    75.1 tok/s   base 46.6 G-w/s

  arm             V  tok/s k=3        B/tok      BYTES/s    floor tok/s
  V2048        2048     174.40      2.64737        461.7          311.9
  V8192        8192     157.44      3.31036        521.2          274.4
  V32768      32768     123.33      3.86311        476.4          177.8
  V131072    131072      66.68      4.12354        274.9           75.1

  VERDICT  peak is V8192 (V=8192) at 521.2 B/s vs the control's 476.4  ->  cell 1.0939  -> VOCABULARY-IS-A-SMALL-LEVER
  CELL 2   V=32768 is ABOVE the peak of the measured curve (ordinal, no tolerance)
  ...and G-E43A is VOID, so none of this counts (brief s6).

  wrote D:\_THINGS\Progetti\SiliconLLM\benchmarks\donor_adaptation\engine\results\e43_vocabulary.json  [253s]
