  L01 p=0.0500 block12  id=0.5412 rnd=0.5405[0.5393,0.5413] co=0.6259 ref=0.5404 FFN_active=0.5828
  L01 p=0.1000 block12  id=0.2829 rnd=0.2825[0.2809,0.2836] co=0.3941 ref=0.2824 FFN_active=0.7373
  L01 p=0.2000 block12  id=0.0686 rnd=0.0687[0.0678,0.0693] co=0.1332 ref=0.0687 FFN_active=0.9112
  L01 done 251s  {'rss_gb': 1.489, 'peak_rss_gb': 2.746}
  L07 p=0.0500 block12  id=0.5406 rnd=0.5401[0.5392,0.5406] co=0.5772 ref=0.5404 FFN_active=0.6152
  L07 p=0.1000 block12  id=0.2823 rnd=0.2822[0.2810,0.2828] co=0.3129 ref=0.2824 FFN_active=0.7914
  L07 p=0.2000 block12  id=0.0685 rnd=0.0686[0.0682,0.0689] co=0.0809 ref=0.0687 FFN_active=0.9461
  L07 done 264s  {'rss_gb': 1.49, 'peak_rss_gb': 2.747}
  L14 p=0.0500 block12  id=0.5397 rnd=0.5401[0.5392,0.5407] co=0.5805 ref=0.5404 FFN_active=0.6130
  L14 p=0.1000 block12  id=0.2816 rnd=0.2821[0.2812,0.2828] co=0.3169 ref=0.2824 FFN_active=0.7887
  L14 p=0.2000 block12  id=0.0684 rnd=0.0686[0.0681,0.0690] co=0.0854 ref=0.0687 FFN_active=0.9431
  L14 done 326s  {'rss_gb': 1.49, 'peak_rss_gb': 2.748}
  L21 p=0.0500 block12  id=0.5404 rnd=0.5395[0.5380,0.5411] co=0.6475 ref=0.5404 FFN_active=0.5684
  L21 p=0.1000 block12  id=0.2825 rnd=0.2814[0.2801,0.2831] co=0.3784 ref=0.2824 FFN_active=0.7478
  L21 p=0.2000 block12  id=0.0685 rnd=0.0682[0.0675,0.0690] co=0.1067 ref=0.0687 FFN_active=0.9289
  L21 done 295s  {'rss_gb': 1.491, 'peak_rss_gb': 2.749}
  L27 p=0.0500 block12  id=0.5401 rnd=0.5405[0.5364,0.5427] co=0.7125 ref=0.5404 FFN_active=0.5250
  L27 p=0.1000 block12  id=0.2821 rnd=0.2833[0.2782,0.2856] co=0.5214 ref=0.2824 FFN_active=0.6524
  L27 p=0.2000 block12  id=0.0682 rnd=0.0692[0.0669,0.0711] co=0.2049 ref=0.0687 FFN_active=0.8634
  L27 done 252s  {'rss_gb': 1.492, 'peak_rss_gb': 2.749}

-- depth sweep: all 28 layers, p=0.1, E=64 --
  L00 id=0.0000 rnd=0.0000 co=0.0001 expert_active(full)=0.9996 expert_active(95%)=0.9099
  L01 id=0.0000 rnd=0.0000 co=0.0021 expert_active(full)=0.9973 expert_active(95%)=0.8500
  L02 id=0.0000 rnd=0.0000 co=0.0013 expert_active(full)=0.9966 expert_active(95%)=0.8403
  L03 id=0.0000 rnd=0.0000 co=0.0077 expert_active(full)=0.9826 expert_active(95%)=0.8032
  L04 id=0.0000 rnd=0.0000 co=0.0045 expert_active(full)=0.9922 expert_active(95%)=0.8657
  L05 id=0.0000 rnd=0.0000 co=0.0018 expert_active(full)=0.9957 expert_active(95%)=0.8380
  L06 id=0.0000 rnd=0.0000 co=0.0000 expert_active(full)=0.9999 expert_active(95%)=0.9186
  L07 id=0.0000 rnd=0.0000 co=0.0000 expert_active(full)=0.9993 expert_active(95%)=0.9196
  L08 id=0.0000 rnd=0.0000 co=0.0000 expert_active(full)=1.0000 expert_active(95%)=0.9156
  L09 id=0.0000 rnd=0.0000 co=0.0000 expert_active(full)=1.0000 expert_active(95%)=0.9145
  L10 id=0.0000 rnd=0.0000 co=0.0000 expert_active(full)=0.9999 expert_active(95%)=0.9122
  L11 id=0.0000 rnd=0.0000 co=0.0000 expert_active(full)=0.9998 expert_active(95%)=0.9032
  L12 id=0.0000 rnd=0.0000 co=0.0000 expert_active(full)=0.9998 expert_active(95%)=0.9057
  L13 id=0.0000 rnd=0.0000 co=0.0000 expert_active(full)=0.9999 expert_active(95%)=0.9028
  L14 id=0.0000 rnd=0.0000 co=0.0001 expert_active(full)=0.9996 expert_active(95%)=0.8916
  L15 id=0.0000 rnd=0.0000 co=0.0000 expert_active(full)=0.9998 expert_active(95%)=0.9060
  L16 id=0.0000 rnd=0.0000 co=0.0000 expert_active(full)=0.9998 expert_active(95%)=0.8983
  L17 id=0.0000 rnd=0.0000 co=0.0001 expert_active(full)=0.9998 expert_active(95%)=0.8911
  L18 id=0.0000 rnd=0.0000 co=0.0001 expert_active(full)=0.9998 expert_active(95%)=0.8932
  L19 id=0.0000 rnd=0.0000 co=0.0003 expert_active(full)=0.9991 expert_active(95%)=0.8641
  L20 id=0.0000 rnd=0.0000 co=0.0000 expert_active(full)=0.9998 expert_active(95%)=0.8889
  L21 id=0.0000 rnd=0.0000 co=0.0002 expert_active(full)=0.9994 expert_active(95%)=0.8722
  L22 id=0.0000 rnd=0.0000 co=0.0003 expert_active(full)=0.9993 expert_active(95%)=0.8672
  L23 id=0.0000 rnd=0.0000 co=0.0002 expert_active(full)=0.9997 expert_active(95%)=0.8815
  L24 id=0.0000 rnd=0.0000 co=0.0001 expert_active(full)=0.9996 expert_active(95%)=0.8803
  L25 id=0.0000 rnd=0.0000 co=0.0003 expert_active(full)=0.9992 expert_active(95%)=0.8716
  L26 id=0.0000 rnd=0.0000 co=0.0015 expert_active(full)=0.9980 expert_active(95%)=0.8413
  L27 id=0.0000 rnd=0.0000 co=0.0373 expert_active(full)=0.9541 expert_active(95%)=0.6596
wrote D:\_THINGS\Progetti\SiliconLLM\benchmarks\donor_adaptation\density\results\d0_coactivation.json
