determinism after repair: ARI=1.0000 identical=True
  L01 seed=7   done 20s
  L01 seed=11  done 38s
  L01 seed=22  done 57s
  L01 seed=33  done 76s
  L01 seed=44  done 95s
  L01 seed=55  done 112s
  L01 seed=66  done 129s
  L01 seed=77  done 147s
L01 DONE 147s  sd@bs12=0.00266 sd@bs21=0.00238 sd@bs64=0.00117 sd@bs140=0.00029  ARI=0.493
  L07 seed=7   done 19s
  L07 seed=11  done 37s
  L07 seed=22  done 54s
  L07 seed=33  done 72s
  L07 seed=44  done 89s
  L07 seed=55  done 106s
  L07 seed=66  done 122s
  L07 seed=77  done 140s
L07 DONE 140s  sd@bs12=0.00083 sd@bs21=0.00073 sd@bs64=0.00013 sd@bs140=0.00003  ARI=0.529
  L14 seed=7   done 19s
  L14 seed=11  done 35s
  L14 seed=22  done 53s
  L14 seed=33  done 70s
  L14 seed=44  done 87s
  L14 seed=55  done 116s
  L14 seed=66  done 148s
  L14 seed=77  done 183s
L14 DONE 183s  sd@bs12=0.00173 sd@bs21=0.00160 sd@bs64=0.00018 sd@bs140=0.00003  ARI=0.424
  L21 seed=7   done 36s
  L21 seed=11  done 72s
  L21 seed=22  done 106s
  L21 seed=33  done 201s
  L21 seed=44  done 253s
  L21 seed=55  done 284s
  L21 seed=66  done 316s
  L21 seed=77  done 369s
L21 DONE 369s  sd@bs12=0.00351 sd@bs21=0.00328 sd@bs64=0.00057 sd@bs140=0.00002  ARI=0.514
  L27 seed=7   done 57s
  L27 seed=11  done 250s
  L27 seed=22  done 375s
  L27 seed=33  done 442s
  L27 seed=44  done 490s
  L27 seed=55  done 523s
  L27 seed=66  done 559s
  L27 seed=77  done 596s
L27 DONE 596s  sd@bs12=0.00434 sd@bs21=0.00486 sd@bs64=0.00341 sd@bs140=0.00518  ARI=0.448
wrote D:\_THINGS\Progetti\SiliconLLM\benchmarks\donor_adaptation\density\results\d0_b3_treatment_spread.json
